2026/01/04 17:06:41 - mmengine - INFO - 
------------------------------------------------------------
System environment:
    sys.platform: linux
    Python: 3.8.20 (default, Oct  3 2024, 15:24:27) [GCC 11.2.0]
    CUDA available: True
    MUSA available: False
    numpy_random_seed: 1970540306
    GPU 0,1: NVIDIA GeForce RTX 3090
    CUDA_HOME: /usr/local/cuda
    NVCC: Cuda compilation tools, release 11.1, V11.1.105
    GCC: gcc (Ubuntu 9.4.0-1ubuntu1~20.04.2) 9.4.0
    PyTorch: 1.10.2+cu111
    PyTorch compiling details: PyTorch built with:
  - GCC 7.3
  - C++ Version: 201402
  - Intel(R) Math Kernel Library Version 2020.0.0 Product Build 20191122 for Intel(R) 64 architecture applications
  - Intel(R) MKL-DNN v2.2.3 (Git Hash 7336ca9f055cf1bfa13efb658fe15dc9b41f0740)
  - OpenMP 201511 (a.k.a. OpenMP 4.5)
  - LAPACK is enabled (usually provided by MKL)
  - NNPACK is enabled
  - CPU capability usage: AVX2
  - CUDA Runtime 11.1
  - NVCC architecture flags: -gencode;arch=compute_37,code=sm_37;-gencode;arch=compute_50,code=sm_50;-gencode;arch=compute_60,code=sm_60;-gencode;arch=compute_70,code=sm_70;-gencode;arch=compute_75,code=sm_75;-gencode;arch=compute_80,code=sm_80;-gencode;arch=compute_86,code=sm_86
  - CuDNN 8.0.5
  - Magma 2.5.2
  - Build settings: BLAS_INFO=mkl, BUILD_TYPE=Release, CUDA_VERSION=11.1, CUDNN_VERSION=8.0.5, CXX_COMPILER=/opt/rh/devtoolset-7/root/usr/bin/c++, CXX_FLAGS= -Wno-deprecated -fvisibility-inlines-hidden -DUSE_PTHREADPOOL -fopenmp -DNDEBUG -DUSE_KINETO -DUSE_FBGEMM -DUSE_QNNPACK -DUSE_PYTORCH_QNNPACK -DUSE_XNNPACK -DSYMBOLICATE_MOBILE_DEBUG_HANDLE -DEDGE_PROFILER_USE_KINETO -O2 -fPIC -Wno-narrowing -Wall -Wextra -Werror=return-type -Wno-missing-field-initializers -Wno-type-limits -Wno-array-bounds -Wno-unknown-pragmas -Wno-sign-compare -Wno-unused-parameter -Wno-unused-variable -Wno-unused-function -Wno-unused-result -Wno-unused-local-typedefs -Wno-strict-overflow -Wno-strict-aliasing -Wno-error=deprecated-declarations -Wno-stringop-overflow -Wno-psabi -Wno-error=pedantic -Wno-error=redundant-decls -Wno-error=old-style-cast -fdiagnostics-color=always -faligned-new -Wno-unused-but-set-variable -Wno-maybe-uninitialized -fno-math-errno -fno-trapping-math -Werror=format -Wno-stringop-overflow, LAPACK_INFO=mkl, PERF_WITH_AVX=1, PERF_WITH_AVX2=1, PERF_WITH_AVX512=1, TORCH_VERSION=1.10.2, USE_CUDA=ON, USE_CUDNN=ON, USE_EXCEPTION_PTR=1, USE_GFLAGS=OFF, USE_GLOG=OFF, USE_MKL=ON, USE_MKLDNN=ON, USE_MPI=OFF, USE_NCCL=ON, USE_NNPACK=ON, USE_OPENMP=ON, 

    TorchVision: 0.11.3+cu111
    OpenCV: 4.12.0
    MMEngine: 0.10.7

Runtime environment:
    cudnn_benchmark: True
    mp_cfg: {'mp_start_method': 'fork', 'opencv_num_threads': 0}
    dist_cfg: {'backend': 'nccl'}
    seed: 1970540306
    Distributed launcher: pytorch
    Distributed training: True
    GPU number: 2
------------------------------------------------------------

2026/01/04 17:06:41 - mmengine - INFO - Config:
auto_scale_lr = dict(base_batch_size=256, enable=True)
default_hooks = dict(
    checkpoint=dict(
        interval=1,
        max_keep_ckpts=3,
        rule='greater',
        save_best='Fudan/recog/word_acc',
        type='CheckpointHook'),
    logger=dict(interval=50, type='LoggerHook'),
    param_scheduler=dict(type='ParamSchedulerHook'),
    sampler_seed=dict(type='DistSamplerSeedHook'),
    sync_buffer=dict(type='SyncBuffersHook'),
    timer=dict(type='IterTimerHook'),
    visualization=dict(
        draw_gt=False,
        draw_pred=False,
        enable=False,
        interval=1,
        show=False,
        type='VisualizationHook'))
default_scope = 'mmocr'
dictionary = dict(
    dict_file='data/charset/charset_rec_cn_en.txt',
    type='Dictionary',
    with_padding=True,
    with_unknown=True)
env_cfg = dict(
    cudnn_benchmark=True,
    dist_cfg=dict(backend='nccl'),
    mp_cfg=dict(mp_start_method='fork', opencv_num_threads=0))
fudan_scene_rec_root = 'data/fudan/scene'
fudan_scene_test_dataloader = dict(
    batch_size=64,
    dataset=dict(
        ann_file='scene_test',
        data_root='data/fudan/scene',
        pipeline=None,
        type='RecogLMDBDataset'),
    num_workers=8,
    persistent_workers=True,
    pin_memory=True,
    sampler=dict(shuffle=False, type='DefaultSampler'))
fudan_scene_textrecog_test = dict(
    ann_file='scene_test',
    data_root='data/fudan/scene',
    pipeline=None,
    type='RecogLMDBDataset')
fudan_scene_textrecog_train = dict(
    ann_file='scene_train',
    data_root='data/fudan/scene',
    pipeline=None,
    type='RecogLMDBDataset')
fudan_scene_textrecog_val = dict(
    ann_file='scene_val',
    data_root='data/fudan/scene',
    pipeline=None,
    type='RecogLMDBDataset')
fudan_scene_train_dataloader = dict(
    batch_size=64,
    dataset=dict(
        ann_file='scene_train',
        data_root='data/fudan/scene',
        pipeline=None,
        type='RecogLMDBDataset'),
    num_workers=8,
    persistent_workers=True,
    pin_memory=True,
    sampler=dict(shuffle=True, type='DefaultSampler'))
fudan_scene_val_dataloader = dict(
    batch_size=64,
    dataset=dict(
        ann_file='scene_val',
        data_root='data/fudan/scene',
        pipeline=None,
        type='RecogLMDBDataset'),
    num_workers=8,
    persistent_workers=True,
    pin_memory=True,
    sampler=dict(shuffle=False, type='DefaultSampler'))
launcher = 'pytorch'
load_from = None
log_level = 'INFO'
log_processor = dict(by_epoch=True, type='LogProcessor', window_size=10)
model = dict(
    data_preprocessor=dict(
        mean=[
            127.5,
        ], std=[
            127.5,
        ], type='TextRecogDataPreprocessor'),
    decoder=dict(
        dictionary=dict(
            dict_file='data/charset/charset_rec_cn_en.txt',
            type='Dictionary',
            with_padding=True,
            with_unknown=True),
        in_channels=384,
        max_seq_len=40,
        module_loss=dict(
            letter_case='lower', type='CTCModuleLoss', zero_infinity=True),
        postprocessor=dict(type='CTCPostProcessor'),
        type='SVTRDecoder'),
    encoder=dict(
        depth=[
            3,
            9,
            9,
        ],
        embed_dims=[
            192,
            256,
            512,
        ],
        img_size=[
            48,
            160,
        ],
        in_channels=3,
        max_seq_len=40,
        merging_types='Conv',
        mixer_types=[
            'Local',
            'Local',
            'Local',
            'Local',
            'Local',
            'Local',
            'Local',
            'Local',
            'Local',
            'Local',
            'Global',
            'Global',
            'Global',
            'Global',
            'Global',
            'Global',
            'Global',
            'Global',
            'Global',
            'Global',
            'Global',
        ],
        num_heads=[
            6,
            8,
            16,
        ],
        out_channels=384,
        prenorm=False,
        type='SVTREncoder',
        window_size=[
            [
                7,
                11,
            ],
            [
                7,
                11,
            ],
            [
                7,
                11,
            ],
        ]),
    preprocessor=dict(
        in_channels=3,
        margins=[
            0.05,
            0.05,
        ],
        num_control_points=20,
        output_image_size=(
            48,
            160,
        ),
        resized_image_size=(
            32,
            64,
        ),
        type='STN'),
    type='SVTR')
optim_wrapper = dict(
    loss_scale='dynamic',
    optimizer=dict(
        betas=(
            0.9,
            0.99,
        ),
        eps=8e-08,
        lr=0.00025,
        type='AdamW',
        weight_decay=0.05),
    type='AmpOptimWrapper')
param_scheduler = [
    dict(
        convert_to_iter_based=True,
        end=2,
        end_factor=1.0,
        start_factor=0.5,
        type='LinearLR',
        verbose=False),
    dict(
        T_max=29,
        begin=2,
        convert_to_iter_based=True,
        end=30,
        type='CosineAnnealingLR',
        verbose=False),
]
randomness = dict(seed=None)
resume = True
test_cfg = dict(type='TestLoop')
test_dataloader = dict(
    batch_size=64,
    dataset=dict(
        ann_file='scene_test',
        data_root='data/fudan/scene',
        pipeline=[
            dict(type='LoadImageFromNDArray'),
            dict(scale=(
                256,
                64,
            ), type='Resize'),
            dict(type='LoadOCRAnnotations', with_text=True),
            dict(
                meta_keys=(
                    'img_path',
                    'ori_shape',
                    'img_shape',
                    'valid_ratio',
                ),
                type='PackTextRecogInputs'),
        ],
        type='RecogLMDBDataset'),
    num_workers=4,
    persistent_workers=True,
    pin_memory=True,
    prefetch_factor=2,
    sampler=dict(shuffle=False, type='DefaultSampler'))
test_evaluator = dict(
    dataset_prefixes=[
        'Fudan',
    ],
    metrics=[
        dict(mode=[
            'exact',
        ], type='WordMetric'),
        dict(type='OneMinusNEDMetric'),
    ],
    type='MultiDatasetsEvaluator')
test_pipeline = [
    dict(type='LoadImageFromNDArray'),
    dict(scale=(
        256,
        64,
    ), type='Resize'),
    dict(type='LoadOCRAnnotations', with_text=True),
    dict(
        meta_keys=(
            'img_path',
            'ori_shape',
            'img_shape',
            'valid_ratio',
        ),
        type='PackTextRecogInputs'),
]
train_cfg = dict(max_epochs=30, type='EpochBasedTrainLoop', val_interval=1)
train_dataloader = dict(
    batch_size=128,
    dataset=dict(
        ann_file='scene_train',
        data_root='data/fudan/scene',
        pipeline=[
            dict(ignore_empty=True, min_size=5, type='LoadImageFromNDArray'),
            dict(type='LoadOCRAnnotations', with_text=True),
            dict(
                prob=0.4,
                transforms=[
                    dict(type='TextRecogGeneralAug'),
                ],
                type='RandomApply'),
            dict(
                prob=0.4,
                transforms=[
                    dict(type='CropHeight'),
                ],
                type='RandomApply'),
            dict(
                condition='min(results["img_shape"])>10',
                true_transforms=dict(
                    prob=0.4,
                    transforms=[
                        dict(
                            kernel_size=5,
                            op='GaussianBlur',
                            sigma=1,
                            type='TorchVisionWrapper'),
                    ],
                    type='RandomApply'),
                type='ConditionApply'),
            dict(
                prob=0.4,
                transforms=[
                    dict(
                        brightness=0.5,
                        contrast=0.5,
                        hue=0.1,
                        op='ColorJitter',
                        saturation=0.5,
                        type='TorchVisionWrapper'),
                ],
                type='RandomApply'),
            dict(
                prob=0.4,
                transforms=[
                    dict(type='ImageContentJitter'),
                ],
                type='RandomApply'),
            dict(
                prob=0.4,
                transforms=[
                    dict(
                        args=[
                            dict(
                                cls='AdditiveGaussianNoise',
                                scale=0.31622776601683794),
                        ],
                        type='ImgAugWrapper'),
                ],
                type='RandomApply'),
            dict(
                prob=0.4,
                transforms=[
                    dict(type='ReversePixels'),
                ],
                type='RandomApply'),
            dict(scale=(
                256,
                64,
            ), type='Resize'),
            dict(
                meta_keys=(
                    'img_path',
                    'ori_shape',
                    'img_shape',
                    'valid_ratio',
                ),
                type='PackTextRecogInputs'),
        ],
        type='RecogLMDBDataset'),
    num_workers=4,
    persistent_workers=True,
    pin_memory=True,
    prefetch_factor=2,
    sampler=dict(shuffle=True, type='DefaultSampler'))
train_pipeline = [
    dict(ignore_empty=True, min_size=5, type='LoadImageFromNDArray'),
    dict(type='LoadOCRAnnotations', with_text=True),
    dict(
        prob=0.4,
        transforms=[
            dict(type='TextRecogGeneralAug'),
        ],
        type='RandomApply'),
    dict(prob=0.4, transforms=[
        dict(type='CropHeight'),
    ], type='RandomApply'),
    dict(
        condition='min(results["img_shape"])>10',
        true_transforms=dict(
            prob=0.4,
            transforms=[
                dict(
                    kernel_size=5,
                    op='GaussianBlur',
                    sigma=1,
                    type='TorchVisionWrapper'),
            ],
            type='RandomApply'),
        type='ConditionApply'),
    dict(
        prob=0.4,
        transforms=[
            dict(
                brightness=0.5,
                contrast=0.5,
                hue=0.1,
                op='ColorJitter',
                saturation=0.5,
                type='TorchVisionWrapper'),
        ],
        type='RandomApply'),
    dict(
        prob=0.4,
        transforms=[
            dict(type='ImageContentJitter'),
        ],
        type='RandomApply'),
    dict(
        prob=0.4,
        transforms=[
            dict(
                args=[
                    dict(
                        cls='AdditiveGaussianNoise',
                        scale=0.31622776601683794),
                ],
                type='ImgAugWrapper'),
        ],
        type='RandomApply'),
    dict(
        prob=0.4,
        transforms=[
            dict(type='ReversePixels'),
        ],
        type='RandomApply'),
    dict(scale=(
        256,
        64,
    ), type='Resize'),
    dict(
        meta_keys=(
            'img_path',
            'ori_shape',
            'img_shape',
            'valid_ratio',
        ),
        type='PackTextRecogInputs'),
]
tta_model = dict(type='EncoderDecoderRecognizerTTAModel')
tta_pipeline = [
    dict(type='LoadImageFromNDArray'),
    dict(
        transforms=[
            [
                dict(
                    condition="results['img_shape'][1]<results['img_shape'][0]",
                    true_transforms=[
                        dict(
                            args=[
                                dict(cls='Rot90', k=0, keep_size=False),
                            ],
                            type='ImgAugWrapper'),
                    ],
                    type='ConditionApply'),
                dict(
                    condition="results['img_shape'][1]<results['img_shape'][0]",
                    true_transforms=[
                        dict(
                            args=[
                                dict(cls='Rot90', k=1, keep_size=False),
                            ],
                            type='ImgAugWrapper'),
                    ],
                    type='ConditionApply'),
                dict(
                    condition="results['img_shape'][1]<results['img_shape'][0]",
                    true_transforms=[
                        dict(
                            args=[
                                dict(cls='Rot90', k=3, keep_size=False),
                            ],
                            type='ImgAugWrapper'),
                    ],
                    type='ConditionApply'),
            ],
            [
                dict(scale=(
                    256,
                    64,
                ), type='Resize'),
            ],
            [
                dict(type='LoadOCRAnnotations', with_text=True),
            ],
            [
                dict(
                    meta_keys=(
                        'img_path',
                        'ori_shape',
                        'img_shape',
                        'valid_ratio',
                    ),
                    type='PackTextRecogInputs'),
            ],
        ],
        type='TestTimeAug'),
]
val_cfg = dict(type='ValLoop')
val_dataloader = dict(
    batch_size=64,
    dataset=dict(
        ann_file='scene_val',
        data_root='data/fudan/scene',
        pipeline=[
            dict(type='LoadImageFromNDArray'),
            dict(scale=(
                256,
                64,
            ), type='Resize'),
            dict(type='LoadOCRAnnotations', with_text=True),
            dict(
                meta_keys=(
                    'img_path',
                    'ori_shape',
                    'img_shape',
                    'valid_ratio',
                ),
                type='PackTextRecogInputs'),
        ],
        type='RecogLMDBDataset'),
    num_workers=4,
    persistent_workers=True,
    pin_memory=True,
    prefetch_factor=2,
    sampler=dict(shuffle=False, type='DefaultSampler'))
val_evaluator = dict(
    dataset_prefixes=[
        'Fudan',
    ],
    metrics=[
        dict(mode=[
            'exact',
        ], type='WordMetric'),
        dict(type='OneMinusNEDMetric'),
    ],
    type='MultiDatasetsEvaluator')
vis_backends = [
    dict(type='LocalVisBackend'),
]
visualizer = dict(
    name='visualizer',
    type='TextRecogLocalVisualizer',
    vis_backends=[
        dict(type='LocalVisBackend'),
    ])
work_dir = 'work_dirs/svtr_direct_fudan_scene'

2026/01/04 17:06:42 - mmengine - INFO - Hooks will be executed in the following order:
before_run:
(VERY_HIGH   ) RuntimeInfoHook                    
(BELOW_NORMAL) LoggerHook                         
 -------------------- 
before_train:
(VERY_HIGH   ) RuntimeInfoHook                    
(NORMAL      ) IterTimerHook                      
(VERY_LOW    ) CheckpointHook                     
 -------------------- 
before_train_epoch:
(VERY_HIGH   ) RuntimeInfoHook                    
(NORMAL      ) IterTimerHook                      
(NORMAL      ) DistSamplerSeedHook                
 -------------------- 
before_train_iter:
(VERY_HIGH   ) RuntimeInfoHook                    
(NORMAL      ) IterTimerHook                      
 -------------------- 
after_train_iter:
(VERY_HIGH   ) RuntimeInfoHook                    
(NORMAL      ) IterTimerHook                      
(BELOW_NORMAL) LoggerHook                         
(LOW         ) ParamSchedulerHook                 
(VERY_LOW    ) CheckpointHook                     
 -------------------- 
after_train_epoch:
(NORMAL      ) IterTimerHook                      
(NORMAL      ) SyncBuffersHook                    
(LOW         ) ParamSchedulerHook                 
(VERY_LOW    ) CheckpointHook                     
 -------------------- 
before_val:
(VERY_HIGH   ) RuntimeInfoHook                    
 -------------------- 
before_val_epoch:
(NORMAL      ) IterTimerHook                      
(NORMAL      ) SyncBuffersHook                    
 -------------------- 
before_val_iter:
(NORMAL      ) IterTimerHook                      
 -------------------- 
after_val_iter:
(NORMAL      ) IterTimerHook                      
(NORMAL      ) VisualizationHook                  
(BELOW_NORMAL) LoggerHook                         
 -------------------- 
after_val_epoch:
(VERY_HIGH   ) RuntimeInfoHook                    
(NORMAL      ) IterTimerHook                      
(BELOW_NORMAL) LoggerHook                         
(LOW         ) ParamSchedulerHook                 
(VERY_LOW    ) CheckpointHook                     
 -------------------- 
after_val:
(VERY_HIGH   ) RuntimeInfoHook                    
 -------------------- 
after_train:
(VERY_HIGH   ) RuntimeInfoHook                    
(VERY_LOW    ) CheckpointHook                     
 -------------------- 
before_test:
(VERY_HIGH   ) RuntimeInfoHook                    
 -------------------- 
before_test_epoch:
(NORMAL      ) IterTimerHook                      
 -------------------- 
before_test_iter:
(NORMAL      ) IterTimerHook                      
 -------------------- 
after_test_iter:
(NORMAL      ) IterTimerHook                      
(NORMAL      ) VisualizationHook                  
(BELOW_NORMAL) LoggerHook                         
 -------------------- 
after_test_epoch:
(VERY_HIGH   ) RuntimeInfoHook                    
(NORMAL      ) IterTimerHook                      
(BELOW_NORMAL) LoggerHook                         
 -------------------- 
after_test:
(VERY_HIGH   ) RuntimeInfoHook                    
 -------------------- 
after_run:
(BELOW_NORMAL) LoggerHook                         
 -------------------- 
2026/01/04 17:06:49 - mmengine - INFO - LR is set based on batch size of 256 and the current batch size is 256. Scaling the original LR by 1.0.
Name of parameter - Initialization information

preprocessor.stn_convnet.0.conv.weight - torch.Size([32, 3, 3, 3]): 
XavierInit: gain=1, distribution=normal, bias=0 

preprocessor.stn_convnet.0.bn.weight - torch.Size([32]): 
The value is the same before and after calling `init_weights` of SVTR  

preprocessor.stn_convnet.0.bn.bias - torch.Size([32]): 
The value is the same before and after calling `init_weights` of SVTR  

preprocessor.stn_convnet.2.conv.weight - torch.Size([64, 32, 3, 3]): 
XavierInit: gain=1, distribution=normal, bias=0 

preprocessor.stn_convnet.2.bn.weight - torch.Size([64]): 
The value is the same before and after calling `init_weights` of SVTR  

preprocessor.stn_convnet.2.bn.bias - torch.Size([64]): 
The value is the same before and after calling `init_weights` of SVTR  

preprocessor.stn_convnet.4.conv.weight - torch.Size([128, 64, 3, 3]): 
XavierInit: gain=1, distribution=normal, bias=0 

preprocessor.stn_convnet.4.bn.weight - torch.Size([128]): 
The value is the same before and after calling `init_weights` of SVTR  

preprocessor.stn_convnet.4.bn.bias - torch.Size([128]): 
The value is the same before and after calling `init_weights` of SVTR  

preprocessor.stn_convnet.6.conv.weight - torch.Size([256, 128, 3, 3]): 
XavierInit: gain=1, distribution=normal, bias=0 

preprocessor.stn_convnet.6.bn.weight - torch.Size([256]): 
The value is the same before and after calling `init_weights` of SVTR  

preprocessor.stn_convnet.6.bn.bias - torch.Size([256]): 
The value is the same before and after calling `init_weights` of SVTR  

preprocessor.stn_convnet.8.conv.weight - torch.Size([256, 256, 3, 3]): 
XavierInit: gain=1, distribution=normal, bias=0 

preprocessor.stn_convnet.8.bn.weight - torch.Size([256]): 
The value is the same before and after calling `init_weights` of SVTR  

preprocessor.stn_convnet.8.bn.bias - torch.Size([256]): 
The value is the same before and after calling `init_weights` of SVTR  

preprocessor.stn_convnet.10.conv.weight - torch.Size([256, 256, 3, 3]): 
XavierInit: gain=1, distribution=normal, bias=0 

preprocessor.stn_convnet.10.bn.weight - torch.Size([256]): 
The value is the same before and after calling `init_weights` of SVTR  

preprocessor.stn_convnet.10.bn.bias - torch.Size([256]): 
The value is the same before and after calling `init_weights` of SVTR  

preprocessor.stn_fc1.0.weight - torch.Size([512, 512]): 
The value is the same before and after calling `init_weights` of SVTR  

preprocessor.stn_fc1.0.bias - torch.Size([512]): 
The value is the same before and after calling `init_weights` of SVTR  

preprocessor.stn_fc1.1.weight - torch.Size([512]): 
The value is the same before and after calling `init_weights` of SVTR  

preprocessor.stn_fc1.1.bias - torch.Size([512]): 
The value is the same before and after calling `init_weights` of SVTR  

preprocessor.stn_fc2.weight - torch.Size([40, 512]): 
The value is the same before and after calling `init_weights` of SVTR  

preprocessor.stn_fc2.bias - torch.Size([40]): 
The value is the same before and after calling `init_weights` of SVTR  

encoder.absolute_pos_embed - torch.Size([1, 480, 192]): 
The value is the same before and after calling `init_weights` of SVTR  

encoder.patch_embed.net.ConvModule0.conv.weight - torch.Size([96, 3, 3, 3]): 
The value is the same before and after calling `init_weights` of SVTR  

encoder.patch_embed.net.ConvModule0.bn.weight - torch.Size([96]): 
The value is the same before and after calling `init_weights` of SVTR  

encoder.patch_embed.net.ConvModule0.bn.bias - torch.Size([96]): 
The value is the same before and after calling `init_weights` of SVTR  

encoder.patch_embed.net.ConvModule1.conv.weight - torch.Size([192, 96, 3, 3]): 
The value is the same before and after calling `init_weights` of SVTR  

encoder.patch_embed.net.ConvModule1.bn.weight - torch.Size([192]): 
The value is the same before and after calling `init_weights` of SVTR  

encoder.patch_embed.net.ConvModule1.bn.bias - torch.Size([192]): 
The value is the same before and after calling `init_weights` of SVTR  

encoder.blocks1.0.norm1.weight - torch.Size([192]): 
The value is the same before and after calling `init_weights` of SVTR  

encoder.blocks1.0.norm1.bias - torch.Size([192]): 
The value is the same before and after calling `init_weights` of SVTR  

encoder.blocks1.0.mixer.qkv.weight - torch.Size([576, 192]): 
The value is the same before and after calling `init_weights` of SVTR  

encoder.blocks1.0.mixer.qkv.bias - torch.Size([576]): 
The value is the same before and after calling `init_weights` of SVTR  

encoder.blocks1.0.mixer.proj.weight - torch.Size([192, 192]): 
The value is the same before and after calling `init_weights` of SVTR  

encoder.blocks1.0.mixer.proj.bias - torch.Size([192]): 
The value is the same before and after calling `init_weights` of SVTR  

encoder.blocks1.0.norm2.weight - torch.Size([192]): 
The value is the same before and after calling `init_weights` of SVTR  

encoder.blocks1.0.norm2.bias - torch.Size([192]): 
The value is the same before and after calling `init_weights` of SVTR  

encoder.blocks1.0.mlp.fc1.weight - torch.Size([768, 192]): 
The value is the same before and after calling `init_weights` of SVTR  

encoder.blocks1.0.mlp.fc1.bias - torch.Size([768]): 
The value is the same before and after calling `init_weights` of SVTR  

encoder.blocks1.0.mlp.fc2.weight - torch.Size([192, 768]): 
The value is the same before and after calling `init_weights` of SVTR  

encoder.blocks1.0.mlp.fc2.bias - torch.Size([192]): 
The value is the same before and after calling `init_weights` of SVTR  

encoder.blocks1.1.norm1.weight - torch.Size([192]): 
The value is the same before and after calling `init_weights` of SVTR  

encoder.blocks1.1.norm1.bias - torch.Size([192]): 
The value is the same before and after calling `init_weights` of SVTR  

encoder.blocks1.1.mixer.qkv.weight - torch.Size([576, 192]): 
The value is the same before and after calling `init_weights` of SVTR  

encoder.blocks1.1.mixer.qkv.bias - torch.Size([576]): 
The value is the same before and after calling `init_weights` of SVTR  

encoder.blocks1.1.mixer.proj.weight - torch.Size([192, 192]): 
The value is the same before and after calling `init_weights` of SVTR  

encoder.blocks1.1.mixer.proj.bias - torch.Size([192]): 
The value is the same before and after calling `init_weights` of SVTR  

encoder.blocks1.1.norm2.weight - torch.Size([192]): 
The value is the same before and after calling `init_weights` of SVTR  

encoder.blocks1.1.norm2.bias - torch.Size([192]): 
The value is the same before and after calling `init_weights` of SVTR  

encoder.blocks1.1.mlp.fc1.weight - torch.Size([768, 192]): 
The value is the same before and after calling `init_weights` of SVTR  

encoder.blocks1.1.mlp.fc1.bias - torch.Size([768]): 
The value is the same before and after calling `init_weights` of SVTR  

encoder.blocks1.1.mlp.fc2.weight - torch.Size([192, 768]): 
The value is the same before and after calling `init_weights` of SVTR  

encoder.blocks1.1.mlp.fc2.bias - torch.Size([192]): 
The value is the same before and after calling `init_weights` of SVTR  

encoder.blocks1.2.norm1.weight - torch.Size([192]): 
The value is the same before and after calling `init_weights` of SVTR  

encoder.blocks1.2.norm1.bias - torch.Size([192]): 
The value is the same before and after calling `init_weights` of SVTR  

encoder.blocks1.2.mixer.qkv.weight - torch.Size([576, 192]): 
The value is the same before and after calling `init_weights` of SVTR  

encoder.blocks1.2.mixer.qkv.bias - torch.Size([576]): 
The value is the same before and after calling `init_weights` of SVTR  

encoder.blocks1.2.mixer.proj.weight - torch.Size([192, 192]): 
The value is the same before and after calling `init_weights` of SVTR  

encoder.blocks1.2.mixer.proj.bias - torch.Size([192]): 
The value is the same before and after calling `init_weights` of SVTR  

encoder.blocks1.2.norm2.weight - torch.Size([192]): 
The value is the same before and after calling `init_weights` of SVTR  

encoder.blocks1.2.norm2.bias - torch.Size([192]): 
The value is the same before and after calling `init_weights` of SVTR  

encoder.blocks1.2.mlp.fc1.weight - torch.Size([768, 192]): 
The value is the same before and after calling `init_weights` of SVTR  

encoder.blocks1.2.mlp.fc1.bias - torch.Size([768]): 
The value is the same before and after calling `init_weights` of SVTR  

encoder.blocks1.2.mlp.fc2.weight - torch.Size([192, 768]): 
The value is the same before and after calling `init_weights` of SVTR  

encoder.blocks1.2.mlp.fc2.bias - torch.Size([192]): 
The value is the same before and after calling `init_weights` of SVTR  

encoder.downsample1.conv.weight - torch.Size([256, 192, 3, 3]): 
The value is the same before and after calling `init_weights` of SVTR  

encoder.downsample1.conv.bias - torch.Size([256]): 
The value is the same before and after calling `init_weights` of SVTR  

encoder.downsample1.norm.weight - torch.Size([256]): 
The value is the same before and after calling `init_weights` of SVTR  

encoder.downsample1.norm.bias - torch.Size([256]): 
The value is the same before and after calling `init_weights` of SVTR  

encoder.blocks2.0.norm1.weight - torch.Size([256]): 
The value is the same before and after calling `init_weights` of SVTR  

encoder.blocks2.0.norm1.bias - torch.Size([256]): 
The value is the same before and after calling `init_weights` of SVTR  

encoder.blocks2.0.mixer.qkv.weight - torch.Size([768, 256]): 
The value is the same before and after calling `init_weights` of SVTR  

encoder.blocks2.0.mixer.qkv.bias - torch.Size([768]): 
The value is the same before and after calling `init_weights` of SVTR  

encoder.blocks2.0.mixer.proj.weight - torch.Size([256, 256]): 
The value is the same before and after calling `init_weights` of SVTR  

encoder.blocks2.0.mixer.proj.bias - torch.Size([256]): 
The value is the same before and after calling `init_weights` of SVTR  

encoder.blocks2.0.norm2.weight - torch.Size([256]): 
The value is the same before and after calling `init_weights` of SVTR  

encoder.blocks2.0.norm2.bias - torch.Size([256]): 
The value is the same before and after calling `init_weights` of SVTR  

encoder.blocks2.0.mlp.fc1.weight - torch.Size([1024, 256]): 
The value is the same before and after calling `init_weights` of SVTR  

encoder.blocks2.0.mlp.fc1.bias - torch.Size([1024]): 
The value is the same before and after calling `init_weights` of SVTR  

encoder.blocks2.0.mlp.fc2.weight - torch.Size([256, 1024]): 
The value is the same before and after calling `init_weights` of SVTR  

encoder.blocks2.0.mlp.fc2.bias - torch.Size([256]): 
The value is the same before and after calling `init_weights` of SVTR  

encoder.blocks2.1.norm1.weight - torch.Size([256]): 
The value is the same before and after calling `init_weights` of SVTR  

encoder.blocks2.1.norm1.bias - torch.Size([256]): 
The value is the same before and after calling `init_weights` of SVTR  

encoder.blocks2.1.mixer.qkv.weight - torch.Size([768, 256]): 
The value is the same before and after calling `init_weights` of SVTR  

encoder.blocks2.1.mixer.qkv.bias - torch.Size([768]): 
The value is the same before and after calling `init_weights` of SVTR  

encoder.blocks2.1.mixer.proj.weight - torch.Size([256, 256]): 
The value is the same before and after calling `init_weights` of SVTR  

encoder.blocks2.1.mixer.proj.bias - torch.Size([256]): 
The value is the same before and after calling `init_weights` of SVTR  

encoder.blocks2.1.norm2.weight - torch.Size([256]): 
The value is the same before and after calling `init_weights` of SVTR  

encoder.blocks2.1.norm2.bias - torch.Size([256]): 
The value is the same before and after calling `init_weights` of SVTR  

encoder.blocks2.1.mlp.fc1.weight - torch.Size([1024, 256]): 
The value is the same before and after calling `init_weights` of SVTR  

encoder.blocks2.1.mlp.fc1.bias - torch.Size([1024]): 
The value is the same before and after calling `init_weights` of SVTR  

encoder.blocks2.1.mlp.fc2.weight - torch.Size([256, 1024]): 
The value is the same before and after calling `init_weights` of SVTR  

encoder.blocks2.1.mlp.fc2.bias - torch.Size([256]): 
The value is the same before and after calling `init_weights` of SVTR  

encoder.blocks2.2.norm1.weight - torch.Size([256]): 
The value is the same before and after calling `init_weights` of SVTR  

encoder.blocks2.2.norm1.bias - torch.Size([256]): 
The value is the same before and after calling `init_weights` of SVTR  

encoder.blocks2.2.mixer.qkv.weight - torch.Size([768, 256]): 
The value is the same before and after calling `init_weights` of SVTR  

encoder.blocks2.2.mixer.qkv.bias - torch.Size([768]): 
The value is the same before and after calling `init_weights` of SVTR  

encoder.blocks2.2.mixer.proj.weight - torch.Size([256, 256]): 
The value is the same before and after calling `init_weights` of SVTR  

encoder.blocks2.2.mixer.proj.bias - torch.Size([256]): 
The value is the same before and after calling `init_weights` of SVTR  

encoder.blocks2.2.norm2.weight - torch.Size([256]): 
The value is the same before and after calling `init_weights` of SVTR  

encoder.blocks2.2.norm2.bias - torch.Size([256]): 
The value is the same before and after calling `init_weights` of SVTR  

encoder.blocks2.2.mlp.fc1.weight - torch.Size([1024, 256]): 
The value is the same before and after calling `init_weights` of SVTR  

encoder.blocks2.2.mlp.fc1.bias - torch.Size([1024]): 
The value is the same before and after calling `init_weights` of SVTR  

encoder.blocks2.2.mlp.fc2.weight - torch.Size([256, 1024]): 
The value is the same before and after calling `init_weights` of SVTR  

encoder.blocks2.2.mlp.fc2.bias - torch.Size([256]): 
The value is the same before and after calling `init_weights` of SVTR  

encoder.blocks2.3.norm1.weight - torch.Size([256]): 
The value is the same before and after calling `init_weights` of SVTR  

encoder.blocks2.3.norm1.bias - torch.Size([256]): 
The value is the same before and after calling `init_weights` of SVTR  

encoder.blocks2.3.mixer.qkv.weight - torch.Size([768, 256]): 
The value is the same before and after calling `init_weights` of SVTR  

encoder.blocks2.3.mixer.qkv.bias - torch.Size([768]): 
The value is the same before and after calling `init_weights` of SVTR  

encoder.blocks2.3.mixer.proj.weight - torch.Size([256, 256]): 
The value is the same before and after calling `init_weights` of SVTR  

encoder.blocks2.3.mixer.proj.bias - torch.Size([256]): 
The value is the same before and after calling `init_weights` of SVTR  

encoder.blocks2.3.norm2.weight - torch.Size([256]): 
The value is the same before and after calling `init_weights` of SVTR  

encoder.blocks2.3.norm2.bias - torch.Size([256]): 
The value is the same before and after calling `init_weights` of SVTR  

encoder.blocks2.3.mlp.fc1.weight - torch.Size([1024, 256]): 
The value is the same before and after calling `init_weights` of SVTR  

encoder.blocks2.3.mlp.fc1.bias - torch.Size([1024]): 
The value is the same before and after calling `init_weights` of SVTR  

encoder.blocks2.3.mlp.fc2.weight - torch.Size([256, 1024]): 
The value is the same before and after calling `init_weights` of SVTR  

encoder.blocks2.3.mlp.fc2.bias - torch.Size([256]): 
The value is the same before and after calling `init_weights` of SVTR  

encoder.blocks2.4.norm1.weight - torch.Size([256]): 
The value is the same before and after calling `init_weights` of SVTR  

encoder.blocks2.4.norm1.bias - torch.Size([256]): 
The value is the same before and after calling `init_weights` of SVTR  

encoder.blocks2.4.mixer.qkv.weight - torch.Size([768, 256]): 
The value is the same before and after calling `init_weights` of SVTR  

encoder.blocks2.4.mixer.qkv.bias - torch.Size([768]): 
The value is the same before and after calling `init_weights` of SVTR  

encoder.blocks2.4.mixer.proj.weight - torch.Size([256, 256]): 
The value is the same before and after calling `init_weights` of SVTR  

encoder.blocks2.4.mixer.proj.bias - torch.Size([256]): 
The value is the same before and after calling `init_weights` of SVTR  

encoder.blocks2.4.norm2.weight - torch.Size([256]): 
The value is the same before and after calling `init_weights` of SVTR  

encoder.blocks2.4.norm2.bias - torch.Size([256]): 
The value is the same before and after calling `init_weights` of SVTR  

encoder.blocks2.4.mlp.fc1.weight - torch.Size([1024, 256]): 
The value is the same before and after calling `init_weights` of SVTR  

encoder.blocks2.4.mlp.fc1.bias - torch.Size([1024]): 
The value is the same before and after calling `init_weights` of SVTR  

encoder.blocks2.4.mlp.fc2.weight - torch.Size([256, 1024]): 
The value is the same before and after calling `init_weights` of SVTR  

encoder.blocks2.4.mlp.fc2.bias - torch.Size([256]): 
The value is the same before and after calling `init_weights` of SVTR  

encoder.blocks2.5.norm1.weight - torch.Size([256]): 
The value is the same before and after calling `init_weights` of SVTR  

encoder.blocks2.5.norm1.bias - torch.Size([256]): 
The value is the same before and after calling `init_weights` of SVTR  

encoder.blocks2.5.mixer.qkv.weight - torch.Size([768, 256]): 
The value is the same before and after calling `init_weights` of SVTR  

encoder.blocks2.5.mixer.qkv.bias - torch.Size([768]): 
The value is the same before and after calling `init_weights` of SVTR  

encoder.blocks2.5.mixer.proj.weight - torch.Size([256, 256]): 
The value is the same before and after calling `init_weights` of SVTR  

encoder.blocks2.5.mixer.proj.bias - torch.Size([256]): 
The value is the same before and after calling `init_weights` of SVTR  

encoder.blocks2.5.norm2.weight - torch.Size([256]): 
The value is the same before and after calling `init_weights` of SVTR  

encoder.blocks2.5.norm2.bias - torch.Size([256]): 
The value is the same before and after calling `init_weights` of SVTR  

encoder.blocks2.5.mlp.fc1.weight - torch.Size([1024, 256]): 
The value is the same before and after calling `init_weights` of SVTR  

encoder.blocks2.5.mlp.fc1.bias - torch.Size([1024]): 
The value is the same before and after calling `init_weights` of SVTR  

encoder.blocks2.5.mlp.fc2.weight - torch.Size([256, 1024]): 
The value is the same before and after calling `init_weights` of SVTR  

encoder.blocks2.5.mlp.fc2.bias - torch.Size([256]): 
The value is the same before and after calling `init_weights` of SVTR  

encoder.blocks2.6.norm1.weight - torch.Size([256]): 
The value is the same before and after calling `init_weights` of SVTR  

encoder.blocks2.6.norm1.bias - torch.Size([256]): 
The value is the same before and after calling `init_weights` of SVTR  

encoder.blocks2.6.mixer.qkv.weight - torch.Size([768, 256]): 
The value is the same before and after calling `init_weights` of SVTR  

encoder.blocks2.6.mixer.qkv.bias - torch.Size([768]): 
The value is the same before and after calling `init_weights` of SVTR  

encoder.blocks2.6.mixer.proj.weight - torch.Size([256, 256]): 
The value is the same before and after calling `init_weights` of SVTR  

encoder.blocks2.6.mixer.proj.bias - torch.Size([256]): 
The value is the same before and after calling `init_weights` of SVTR  

encoder.blocks2.6.norm2.weight - torch.Size([256]): 
The value is the same before and after calling `init_weights` of SVTR  

encoder.blocks2.6.norm2.bias - torch.Size([256]): 
The value is the same before and after calling `init_weights` of SVTR  

encoder.blocks2.6.mlp.fc1.weight - torch.Size([1024, 256]): 
The value is the same before and after calling `init_weights` of SVTR  

encoder.blocks2.6.mlp.fc1.bias - torch.Size([1024]): 
The value is the same before and after calling `init_weights` of SVTR  

encoder.blocks2.6.mlp.fc2.weight - torch.Size([256, 1024]): 
The value is the same before and after calling `init_weights` of SVTR  

encoder.blocks2.6.mlp.fc2.bias - torch.Size([256]): 
The value is the same before and after calling `init_weights` of SVTR  

encoder.blocks2.7.norm1.weight - torch.Size([256]): 
The value is the same before and after calling `init_weights` of SVTR  

encoder.blocks2.7.norm1.bias - torch.Size([256]): 
The value is the same before and after calling `init_weights` of SVTR  

encoder.blocks2.7.mixer.qkv.weight - torch.Size([768, 256]): 
The value is the same before and after calling `init_weights` of SVTR  

encoder.blocks2.7.mixer.qkv.bias - torch.Size([768]): 
The value is the same before and after calling `init_weights` of SVTR  

encoder.blocks2.7.mixer.proj.weight - torch.Size([256, 256]): 
The value is the same before and after calling `init_weights` of SVTR  

encoder.blocks2.7.mixer.proj.bias - torch.Size([256]): 
The value is the same before and after calling `init_weights` of SVTR  

encoder.blocks2.7.norm2.weight - torch.Size([256]): 
The value is the same before and after calling `init_weights` of SVTR  

encoder.blocks2.7.norm2.bias - torch.Size([256]): 
The value is the same before and after calling `init_weights` of SVTR  

encoder.blocks2.7.mlp.fc1.weight - torch.Size([1024, 256]): 
The value is the same before and after calling `init_weights` of SVTR  

encoder.blocks2.7.mlp.fc1.bias - torch.Size([1024]): 
The value is the same before and after calling `init_weights` of SVTR  

encoder.blocks2.7.mlp.fc2.weight - torch.Size([256, 1024]): 
The value is the same before and after calling `init_weights` of SVTR  

encoder.blocks2.7.mlp.fc2.bias - torch.Size([256]): 
The value is the same before and after calling `init_weights` of SVTR  

encoder.blocks2.8.norm1.weight - torch.Size([256]): 
The value is the same before and after calling `init_weights` of SVTR  

encoder.blocks2.8.norm1.bias - torch.Size([256]): 
The value is the same before and after calling `init_weights` of SVTR  

encoder.blocks2.8.mixer.qkv.weight - torch.Size([768, 256]): 
The value is the same before and after calling `init_weights` of SVTR  

encoder.blocks2.8.mixer.qkv.bias - torch.Size([768]): 
The value is the same before and after calling `init_weights` of SVTR  

encoder.blocks2.8.mixer.proj.weight - torch.Size([256, 256]): 
The value is the same before and after calling `init_weights` of SVTR  

encoder.blocks2.8.mixer.proj.bias - torch.Size([256]): 
The value is the same before and after calling `init_weights` of SVTR  

encoder.blocks2.8.norm2.weight - torch.Size([256]): 
The value is the same before and after calling `init_weights` of SVTR  

encoder.blocks2.8.norm2.bias - torch.Size([256]): 
The value is the same before and after calling `init_weights` of SVTR  

encoder.blocks2.8.mlp.fc1.weight - torch.Size([1024, 256]): 
The value is the same before and after calling `init_weights` of SVTR  

encoder.blocks2.8.mlp.fc1.bias - torch.Size([1024]): 
The value is the same before and after calling `init_weights` of SVTR  

encoder.blocks2.8.mlp.fc2.weight - torch.Size([256, 1024]): 
The value is the same before and after calling `init_weights` of SVTR  

encoder.blocks2.8.mlp.fc2.bias - torch.Size([256]): 
The value is the same before and after calling `init_weights` of SVTR  

encoder.downsample2.conv.weight - torch.Size([512, 256, 3, 3]): 
The value is the same before and after calling `init_weights` of SVTR  

encoder.downsample2.conv.bias - torch.Size([512]): 
The value is the same before and after calling `init_weights` of SVTR  

encoder.downsample2.norm.weight - torch.Size([512]): 
The value is the same before and after calling `init_weights` of SVTR  

encoder.downsample2.norm.bias - torch.Size([512]): 
The value is the same before and after calling `init_weights` of SVTR  

encoder.blocks3.0.norm1.weight - torch.Size([512]): 
The value is the same before and after calling `init_weights` of SVTR  

encoder.blocks3.0.norm1.bias - torch.Size([512]): 
The value is the same before and after calling `init_weights` of SVTR  

encoder.blocks3.0.mixer.qkv.weight - torch.Size([1536, 512]): 
The value is the same before and after calling `init_weights` of SVTR  

encoder.blocks3.0.mixer.qkv.bias - torch.Size([1536]): 
The value is the same before and after calling `init_weights` of SVTR  

encoder.blocks3.0.mixer.proj.weight - torch.Size([512, 512]): 
The value is the same before and after calling `init_weights` of SVTR  

encoder.blocks3.0.mixer.proj.bias - torch.Size([512]): 
The value is the same before and after calling `init_weights` of SVTR  

encoder.blocks3.0.norm2.weight - torch.Size([512]): 
The value is the same before and after calling `init_weights` of SVTR  

encoder.blocks3.0.norm2.bias - torch.Size([512]): 
The value is the same before and after calling `init_weights` of SVTR  

encoder.blocks3.0.mlp.fc1.weight - torch.Size([2048, 512]): 
The value is the same before and after calling `init_weights` of SVTR  

encoder.blocks3.0.mlp.fc1.bias - torch.Size([2048]): 
The value is the same before and after calling `init_weights` of SVTR  

encoder.blocks3.0.mlp.fc2.weight - torch.Size([512, 2048]): 
The value is the same before and after calling `init_weights` of SVTR  

encoder.blocks3.0.mlp.fc2.bias - torch.Size([512]): 
The value is the same before and after calling `init_weights` of SVTR  

encoder.blocks3.1.norm1.weight - torch.Size([512]): 
The value is the same before and after calling `init_weights` of SVTR  

encoder.blocks3.1.norm1.bias - torch.Size([512]): 
The value is the same before and after calling `init_weights` of SVTR  

encoder.blocks3.1.mixer.qkv.weight - torch.Size([1536, 512]): 
The value is the same before and after calling `init_weights` of SVTR  

encoder.blocks3.1.mixer.qkv.bias - torch.Size([1536]): 
The value is the same before and after calling `init_weights` of SVTR  

encoder.blocks3.1.mixer.proj.weight - torch.Size([512, 512]): 
The value is the same before and after calling `init_weights` of SVTR  

encoder.blocks3.1.mixer.proj.bias - torch.Size([512]): 
The value is the same before and after calling `init_weights` of SVTR  

encoder.blocks3.1.norm2.weight - torch.Size([512]): 
The value is the same before and after calling `init_weights` of SVTR  

encoder.blocks3.1.norm2.bias - torch.Size([512]): 
The value is the same before and after calling `init_weights` of SVTR  

encoder.blocks3.1.mlp.fc1.weight - torch.Size([2048, 512]): 
The value is the same before and after calling `init_weights` of SVTR  

encoder.blocks3.1.mlp.fc1.bias - torch.Size([2048]): 
The value is the same before and after calling `init_weights` of SVTR  

encoder.blocks3.1.mlp.fc2.weight - torch.Size([512, 2048]): 
The value is the same before and after calling `init_weights` of SVTR  

encoder.blocks3.1.mlp.fc2.bias - torch.Size([512]): 
The value is the same before and after calling `init_weights` of SVTR  

encoder.blocks3.2.norm1.weight - torch.Size([512]): 
The value is the same before and after calling `init_weights` of SVTR  

encoder.blocks3.2.norm1.bias - torch.Size([512]): 
The value is the same before and after calling `init_weights` of SVTR  

encoder.blocks3.2.mixer.qkv.weight - torch.Size([1536, 512]): 
The value is the same before and after calling `init_weights` of SVTR  

encoder.blocks3.2.mixer.qkv.bias - torch.Size([1536]): 
The value is the same before and after calling `init_weights` of SVTR  

encoder.blocks3.2.mixer.proj.weight - torch.Size([512, 512]): 
The value is the same before and after calling `init_weights` of SVTR  

encoder.blocks3.2.mixer.proj.bias - torch.Size([512]): 
The value is the same before and after calling `init_weights` of SVTR  

encoder.blocks3.2.norm2.weight - torch.Size([512]): 
The value is the same before and after calling `init_weights` of SVTR  

encoder.blocks3.2.norm2.bias - torch.Size([512]): 
The value is the same before and after calling `init_weights` of SVTR  

encoder.blocks3.2.mlp.fc1.weight - torch.Size([2048, 512]): 
The value is the same before and after calling `init_weights` of SVTR  

encoder.blocks3.2.mlp.fc1.bias - torch.Size([2048]): 
The value is the same before and after calling `init_weights` of SVTR  

encoder.blocks3.2.mlp.fc2.weight - torch.Size([512, 2048]): 
The value is the same before and after calling `init_weights` of SVTR  

encoder.blocks3.2.mlp.fc2.bias - torch.Size([512]): 
The value is the same before and after calling `init_weights` of SVTR  

encoder.blocks3.3.norm1.weight - torch.Size([512]): 
The value is the same before and after calling `init_weights` of SVTR  

encoder.blocks3.3.norm1.bias - torch.Size([512]): 
The value is the same before and after calling `init_weights` of SVTR  

encoder.blocks3.3.mixer.qkv.weight - torch.Size([1536, 512]): 
The value is the same before and after calling `init_weights` of SVTR  

encoder.blocks3.3.mixer.qkv.bias - torch.Size([1536]): 
The value is the same before and after calling `init_weights` of SVTR  

encoder.blocks3.3.mixer.proj.weight - torch.Size([512, 512]): 
The value is the same before and after calling `init_weights` of SVTR  

encoder.blocks3.3.mixer.proj.bias - torch.Size([512]): 
The value is the same before and after calling `init_weights` of SVTR  

encoder.blocks3.3.norm2.weight - torch.Size([512]): 
The value is the same before and after calling `init_weights` of SVTR  

encoder.blocks3.3.norm2.bias - torch.Size([512]): 
The value is the same before and after calling `init_weights` of SVTR  

encoder.blocks3.3.mlp.fc1.weight - torch.Size([2048, 512]): 
The value is the same before and after calling `init_weights` of SVTR  

encoder.blocks3.3.mlp.fc1.bias - torch.Size([2048]): 
The value is the same before and after calling `init_weights` of SVTR  

encoder.blocks3.3.mlp.fc2.weight - torch.Size([512, 2048]): 
The value is the same before and after calling `init_weights` of SVTR  

encoder.blocks3.3.mlp.fc2.bias - torch.Size([512]): 
The value is the same before and after calling `init_weights` of SVTR  

encoder.blocks3.4.norm1.weight - torch.Size([512]): 
The value is the same before and after calling `init_weights` of SVTR  

encoder.blocks3.4.norm1.bias - torch.Size([512]): 
The value is the same before and after calling `init_weights` of SVTR  

encoder.blocks3.4.mixer.qkv.weight - torch.Size([1536, 512]): 
The value is the same before and after calling `init_weights` of SVTR  

encoder.blocks3.4.mixer.qkv.bias - torch.Size([1536]): 
The value is the same before and after calling `init_weights` of SVTR  

encoder.blocks3.4.mixer.proj.weight - torch.Size([512, 512]): 
The value is the same before and after calling `init_weights` of SVTR  

encoder.blocks3.4.mixer.proj.bias - torch.Size([512]): 
The value is the same before and after calling `init_weights` of SVTR  

encoder.blocks3.4.norm2.weight - torch.Size([512]): 
The value is the same before and after calling `init_weights` of SVTR  

encoder.blocks3.4.norm2.bias - torch.Size([512]): 
The value is the same before and after calling `init_weights` of SVTR  

encoder.blocks3.4.mlp.fc1.weight - torch.Size([2048, 512]): 
The value is the same before and after calling `init_weights` of SVTR  

encoder.blocks3.4.mlp.fc1.bias - torch.Size([2048]): 
The value is the same before and after calling `init_weights` of SVTR  

encoder.blocks3.4.mlp.fc2.weight - torch.Size([512, 2048]): 
The value is the same before and after calling `init_weights` of SVTR  

encoder.blocks3.4.mlp.fc2.bias - torch.Size([512]): 
The value is the same before and after calling `init_weights` of SVTR  

encoder.blocks3.5.norm1.weight - torch.Size([512]): 
The value is the same before and after calling `init_weights` of SVTR  

encoder.blocks3.5.norm1.bias - torch.Size([512]): 
The value is the same before and after calling `init_weights` of SVTR  

encoder.blocks3.5.mixer.qkv.weight - torch.Size([1536, 512]): 
The value is the same before and after calling `init_weights` of SVTR  

encoder.blocks3.5.mixer.qkv.bias - torch.Size([1536]): 
The value is the same before and after calling `init_weights` of SVTR  

encoder.blocks3.5.mixer.proj.weight - torch.Size([512, 512]): 
The value is the same before and after calling `init_weights` of SVTR  

encoder.blocks3.5.mixer.proj.bias - torch.Size([512]): 
The value is the same before and after calling `init_weights` of SVTR  

encoder.blocks3.5.norm2.weight - torch.Size([512]): 
The value is the same before and after calling `init_weights` of SVTR  

encoder.blocks3.5.norm2.bias - torch.Size([512]): 
The value is the same before and after calling `init_weights` of SVTR  

encoder.blocks3.5.mlp.fc1.weight - torch.Size([2048, 512]): 
The value is the same before and after calling `init_weights` of SVTR  

encoder.blocks3.5.mlp.fc1.bias - torch.Size([2048]): 
The value is the same before and after calling `init_weights` of SVTR  

encoder.blocks3.5.mlp.fc2.weight - torch.Size([512, 2048]): 
The value is the same before and after calling `init_weights` of SVTR  

encoder.blocks3.5.mlp.fc2.bias - torch.Size([512]): 
The value is the same before and after calling `init_weights` of SVTR  

encoder.blocks3.6.norm1.weight - torch.Size([512]): 
The value is the same before and after calling `init_weights` of SVTR  

encoder.blocks3.6.norm1.bias - torch.Size([512]): 
The value is the same before and after calling `init_weights` of SVTR  

encoder.blocks3.6.mixer.qkv.weight - torch.Size([1536, 512]): 
The value is the same before and after calling `init_weights` of SVTR  

encoder.blocks3.6.mixer.qkv.bias - torch.Size([1536]): 
The value is the same before and after calling `init_weights` of SVTR  

encoder.blocks3.6.mixer.proj.weight - torch.Size([512, 512]): 
The value is the same before and after calling `init_weights` of SVTR  

encoder.blocks3.6.mixer.proj.bias - torch.Size([512]): 
The value is the same before and after calling `init_weights` of SVTR  

encoder.blocks3.6.norm2.weight - torch.Size([512]): 
The value is the same before and after calling `init_weights` of SVTR  

encoder.blocks3.6.norm2.bias - torch.Size([512]): 
The value is the same before and after calling `init_weights` of SVTR  

encoder.blocks3.6.mlp.fc1.weight - torch.Size([2048, 512]): 
The value is the same before and after calling `init_weights` of SVTR  

encoder.blocks3.6.mlp.fc1.bias - torch.Size([2048]): 
The value is the same before and after calling `init_weights` of SVTR  

encoder.blocks3.6.mlp.fc2.weight - torch.Size([512, 2048]): 
The value is the same before and after calling `init_weights` of SVTR  

encoder.blocks3.6.mlp.fc2.bias - torch.Size([512]): 
The value is the same before and after calling `init_weights` of SVTR  

encoder.blocks3.7.norm1.weight - torch.Size([512]): 
The value is the same before and after calling `init_weights` of SVTR  

encoder.blocks3.7.norm1.bias - torch.Size([512]): 
The value is the same before and after calling `init_weights` of SVTR  

encoder.blocks3.7.mixer.qkv.weight - torch.Size([1536, 512]): 
The value is the same before and after calling `init_weights` of SVTR  

encoder.blocks3.7.mixer.qkv.bias - torch.Size([1536]): 
The value is the same before and after calling `init_weights` of SVTR  

encoder.blocks3.7.mixer.proj.weight - torch.Size([512, 512]): 
The value is the same before and after calling `init_weights` of SVTR  

encoder.blocks3.7.mixer.proj.bias - torch.Size([512]): 
The value is the same before and after calling `init_weights` of SVTR  

encoder.blocks3.7.norm2.weight - torch.Size([512]): 
The value is the same before and after calling `init_weights` of SVTR  

encoder.blocks3.7.norm2.bias - torch.Size([512]): 
The value is the same before and after calling `init_weights` of SVTR  

encoder.blocks3.7.mlp.fc1.weight - torch.Size([2048, 512]): 
The value is the same before and after calling `init_weights` of SVTR  

encoder.blocks3.7.mlp.fc1.bias - torch.Size([2048]): 
The value is the same before and after calling `init_weights` of SVTR  

encoder.blocks3.7.mlp.fc2.weight - torch.Size([512, 2048]): 
The value is the same before and after calling `init_weights` of SVTR  

encoder.blocks3.7.mlp.fc2.bias - torch.Size([512]): 
The value is the same before and after calling `init_weights` of SVTR  

encoder.blocks3.8.norm1.weight - torch.Size([512]): 
The value is the same before and after calling `init_weights` of SVTR  

encoder.blocks3.8.norm1.bias - torch.Size([512]): 
The value is the same before and after calling `init_weights` of SVTR  

encoder.blocks3.8.mixer.qkv.weight - torch.Size([1536, 512]): 
The value is the same before and after calling `init_weights` of SVTR  

encoder.blocks3.8.mixer.qkv.bias - torch.Size([1536]): 
The value is the same before and after calling `init_weights` of SVTR  

encoder.blocks3.8.mixer.proj.weight - torch.Size([512, 512]): 
The value is the same before and after calling `init_weights` of SVTR  

encoder.blocks3.8.mixer.proj.bias - torch.Size([512]): 
The value is the same before and after calling `init_weights` of SVTR  

encoder.blocks3.8.norm2.weight - torch.Size([512]): 
The value is the same before and after calling `init_weights` of SVTR  

encoder.blocks3.8.norm2.bias - torch.Size([512]): 
The value is the same before and after calling `init_weights` of SVTR  

encoder.blocks3.8.mlp.fc1.weight - torch.Size([2048, 512]): 
The value is the same before and after calling `init_weights` of SVTR  

encoder.blocks3.8.mlp.fc1.bias - torch.Size([2048]): 
The value is the same before and after calling `init_weights` of SVTR  

encoder.blocks3.8.mlp.fc2.weight - torch.Size([512, 2048]): 
The value is the same before and after calling `init_weights` of SVTR  

encoder.blocks3.8.mlp.fc2.bias - torch.Size([512]): 
The value is the same before and after calling `init_weights` of SVTR  

encoder.layer_norm.weight - torch.Size([512]): 
The value is the same before and after calling `init_weights` of SVTR  

encoder.layer_norm.bias - torch.Size([512]): 
The value is the same before and after calling `init_weights` of SVTR  

encoder.last_conv.weight - torch.Size([384, 512, 1, 1]): 
The value is the same before and after calling `init_weights` of SVTR  

decoder.decoder.weight - torch.Size([5885, 384]): 
The value is the same before and after calling `init_weights` of SVTR  

decoder.decoder.bias - torch.Size([5885]): 
The value is the same before and after calling `init_weights` of SVTR  
2026/01/04 17:06:50 - mmengine - INFO - Auto resumed from the latest checkpoint /root/lanyun-tmp/mmocr/work_dirs/svtr_direct_fudan_scene/epoch_6.pth.
2026/01/04 17:06:51 - mmengine - INFO - Load checkpoint from /root/lanyun-tmp/mmocr/work_dirs/svtr_direct_fudan_scene/epoch_6.pth
2026/01/04 17:06:51 - mmengine - INFO - resumed epoch: 6, iter: 11934
2026/01/04 17:06:51 - mmengine - WARNING - "FileClient" will be deprecated in future. Please use io functions in https://mmengine.readthedocs.io/en/latest/api/fileio.html#file-io
2026/01/04 17:06:51 - mmengine - WARNING - "HardDiskBackend" is the alias of "LocalBackend" and the former will be deprecated in future.
2026/01/04 17:06:51 - mmengine - INFO - Checkpoints will be saved to /root/lanyun-tmp/mmocr/work_dirs/svtr_direct_fudan_scene.
2026/01/04 17:07:27 - mmengine - INFO - Epoch(train)  [7][  50/1989]  lr: 2.3831e-04  eta: 9:26:23  time: 0.7388  data_time: 0.2889  memory: 18271  loss: 2.0774  loss_ctc: 2.0774
2026/01/04 17:07:38 - mmengine - INFO - Exp name: svtr-large_fudan_scene_baseline_20260104_170633
2026/01/04 17:07:59 - mmengine - INFO - Epoch(train)  [7][ 100/1989]  lr: 2.3816e-04  eta: 8:56:30  time: 0.6498  data_time: 0.2063  memory: 18271  loss: 2.0133  loss_ctc: 2.0133
2026/01/04 17:08:34 - mmengine - INFO - Epoch(train)  [7][ 150/1989]  lr: 2.3802e-04  eta: 9:02:11  time: 0.5033  data_time: 0.0021  memory: 18271  loss: 2.0488  loss_ctc: 2.0488
2026/01/04 17:09:12 - mmengine - INFO - Epoch(train)  [7][ 200/1989]  lr: 2.3787e-04  eta: 9:15:52  time: 0.7848  data_time: 0.3154  memory: 18271  loss: 2.0141  loss_ctc: 2.0141
2026/01/04 17:09:49 - mmengine - INFO - Epoch(train)  [7][ 250/1989]  lr: 2.3772e-04  eta: 9:23:46  time: 0.8143  data_time: 0.1130  memory: 18271  loss: 2.0516  loss_ctc: 2.0516
2026/01/04 17:10:27 - mmengine - INFO - Epoch(train)  [7][ 300/1989]  lr: 2.3758e-04  eta: 9:27:43  time: 0.7495  data_time: 0.2221  memory: 18271  loss: 2.0843  loss_ctc: 2.0843
2026/01/04 17:10:59 - mmengine - INFO - Epoch(train)  [7][ 350/1989]  lr: 2.3743e-04  eta: 9:19:57  time: 0.6328  data_time: 0.1479  memory: 18271  loss: 2.0815  loss_ctc: 2.0815
2026/01/04 17:11:35 - mmengine - INFO - Epoch(train)  [7][ 400/1989]  lr: 2.3728e-04  eta: 9:19:34  time: 0.9840  data_time: 0.2085  memory: 18271  loss: 2.1236  loss_ctc: 2.1236
2026/01/04 17:12:11 - mmengine - INFO - Epoch(train)  [7][ 450/1989]  lr: 2.3713e-04  eta: 9:19:59  time: 0.8153  data_time: 0.0020  memory: 18271  loss: 2.0690  loss_ctc: 2.0690
2026/01/04 17:12:46 - mmengine - INFO - Epoch(train)  [7][ 500/1989]  lr: 2.3698e-04  eta: 9:18:38  time: 0.8981  data_time: 0.1563  memory: 18271  loss: 2.0668  loss_ctc: 2.0668
2026/01/04 17:13:23 - mmengine - INFO - Epoch(train)  [7][ 550/1989]  lr: 2.3683e-04  eta: 9:20:38  time: 0.9111  data_time: 0.2540  memory: 18271  loss: 1.9517  loss_ctc: 1.9517
2026/01/04 17:14:01 - mmengine - INFO - Epoch(train)  [7][ 600/1989]  lr: 2.3667e-04  eta: 9:22:29  time: 0.6713  data_time: 0.2317  memory: 18271  loss: 1.9754  loss_ctc: 1.9754
2026/01/04 17:14:38 - mmengine - INFO - Epoch(train)  [7][ 650/1989]  lr: 2.3652e-04  eta: 9:22:52  time: 0.6647  data_time: 0.1540  memory: 18271  loss: 2.1578  loss_ctc: 2.1578
2026/01/04 17:15:11 - mmengine - INFO - Epoch(train)  [7][ 700/1989]  lr: 2.3637e-04  eta: 9:19:43  time: 0.6129  data_time: 0.1755  memory: 18271  loss: 2.0407  loss_ctc: 2.0407
2026/01/04 17:15:43 - mmengine - INFO - Epoch(train)  [7][ 750/1989]  lr: 2.3621e-04  eta: 9:15:00  time: 0.5655  data_time: 0.0018  memory: 18271  loss: 2.0344  loss_ctc: 2.0344
2026/01/04 17:16:18 - mmengine - INFO - Epoch(train)  [7][ 800/1989]  lr: 2.3606e-04  eta: 9:13:49  time: 0.9037  data_time: 0.1766  memory: 18271  loss: 1.9459  loss_ctc: 1.9459
2026/01/04 17:16:56 - mmengine - INFO - Epoch(train)  [7][ 850/1989]  lr: 2.3590e-04  eta: 9:15:59  time: 0.5329  data_time: 0.1009  memory: 18271  loss: 1.9472  loss_ctc: 1.9472
2026/01/04 17:17:28 - mmengine - INFO - Epoch(train)  [7][ 900/1989]  lr: 2.3574e-04  eta: 9:11:50  time: 0.4994  data_time: 0.0549  memory: 18271  loss: 1.9128  loss_ctc: 1.9128
2026/01/04 17:18:08 - mmengine - INFO - Epoch(train)  [7][ 950/1989]  lr: 2.3558e-04  eta: 9:15:42  time: 0.7733  data_time: 0.0745  memory: 18271  loss: 1.9543  loss_ctc: 1.9543
2026/01/04 17:18:46 - mmengine - INFO - Epoch(train)  [7][1000/1989]  lr: 2.3542e-04  eta: 9:16:43  time: 0.8365  data_time: 0.2463  memory: 18271  loss: 1.9481  loss_ctc: 1.9481
2026/01/04 17:19:21 - mmengine - INFO - Epoch(train)  [7][1050/1989]  lr: 2.3526e-04  eta: 9:15:31  time: 0.9729  data_time: 0.3608  memory: 18271  loss: 1.9482  loss_ctc: 1.9482
2026/01/04 17:19:31 - mmengine - INFO - Exp name: svtr-large_fudan_scene_baseline_20260104_170633
2026/01/04 17:19:59 - mmengine - INFO - Epoch(train)  [7][1100/1989]  lr: 2.3510e-04  eta: 9:16:54  time: 0.9344  data_time: 0.3678  memory: 18271  loss: 2.0273  loss_ctc: 2.0273
2026/01/04 17:20:39 - mmengine - INFO - Epoch(train)  [7][1150/1989]  lr: 2.3494e-04  eta: 9:18:35  time: 0.9753  data_time: 0.5454  memory: 18271  loss: 1.8643  loss_ctc: 1.8643
2026/01/04 17:21:13 - mmengine - INFO - Epoch(train)  [7][1200/1989]  lr: 2.3478e-04  eta: 9:17:02  time: 0.7268  data_time: 0.0022  memory: 18271  loss: 1.9402  loss_ctc: 1.9402
2026/01/04 17:21:48 - mmengine - INFO - Epoch(train)  [7][1250/1989]  lr: 2.3462e-04  eta: 9:15:50  time: 1.0332  data_time: 0.5828  memory: 18271  loss: 1.8532  loss_ctc: 1.8532
2026/01/04 17:22:25 - mmengine - INFO - Epoch(train)  [7][1300/1989]  lr: 2.3445e-04  eta: 9:15:47  time: 0.6529  data_time: 0.0805  memory: 18271  loss: 2.0133  loss_ctc: 2.0133
2026/01/04 17:23:02 - mmengine - INFO - Epoch(train)  [7][1350/1989]  lr: 2.3429e-04  eta: 9:15:52  time: 0.8018  data_time: 0.3694  memory: 18271  loss: 1.9445  loss_ctc: 1.9445
2026/01/04 17:23:37 - mmengine - INFO - Epoch(train)  [7][1400/1989]  lr: 2.3412e-04  eta: 9:14:52  time: 0.5550  data_time: 0.1126  memory: 18271  loss: 1.9155  loss_ctc: 1.9155
2026/01/04 17:24:13 - mmengine - INFO - Epoch(train)  [7][1450/1989]  lr: 2.3396e-04  eta: 9:13:57  time: 0.5748  data_time: 0.1259  memory: 18271  loss: 2.0639  loss_ctc: 2.0639
2026/01/04 17:24:45 - mmengine - INFO - Epoch(train)  [7][1500/1989]  lr: 2.3379e-04  eta: 9:11:34  time: 0.7233  data_time: 0.1411  memory: 18271  loss: 1.8925  loss_ctc: 1.8925
2026/01/04 17:25:22 - mmengine - INFO - Epoch(train)  [7][1550/1989]  lr: 2.3362e-04  eta: 9:11:36  time: 0.5853  data_time: 0.0281  memory: 18271  loss: 1.9630  loss_ctc: 1.9630
2026/01/04 17:25:58 - mmengine - INFO - Epoch(train)  [7][1600/1989]  lr: 2.3345e-04  eta: 9:10:53  time: 0.4701  data_time: 0.0017  memory: 18271  loss: 1.9126  loss_ctc: 1.9126
2026/01/04 17:26:32 - mmengine - INFO - Epoch(train)  [7][1650/1989]  lr: 2.3328e-04  eta: 9:09:26  time: 0.6887  data_time: 0.1015  memory: 18271  loss: 1.7689  loss_ctc: 1.7689
2026/01/04 17:27:04 - mmengine - INFO - Epoch(train)  [7][1700/1989]  lr: 2.3311e-04  eta: 9:07:11  time: 0.6764  data_time: 0.0769  memory: 18271  loss: 1.8880  loss_ctc: 1.8880
2026/01/04 17:27:40 - mmengine - INFO - Epoch(train)  [7][1750/1989]  lr: 2.3294e-04  eta: 9:07:02  time: 0.6379  data_time: 0.1852  memory: 18271  loss: 2.0517  loss_ctc: 2.0517
2026/01/04 17:28:14 - mmengine - INFO - Epoch(train)  [7][1800/1989]  lr: 2.3277e-04  eta: 9:05:37  time: 0.6460  data_time: 0.0144  memory: 18271  loss: 2.0266  loss_ctc: 2.0266
2026/01/04 17:28:54 - mmengine - INFO - Epoch(train)  [7][1850/1989]  lr: 2.3260e-04  eta: 9:06:34  time: 0.6716  data_time: 0.2313  memory: 18271  loss: 2.0325  loss_ctc: 2.0325
2026/01/04 17:29:37 - mmengine - INFO - Epoch(train)  [7][1900/1989]  lr: 2.3242e-04  eta: 9:08:53  time: 0.7868  data_time: 0.3515  memory: 18271  loss: 1.9549  loss_ctc: 1.9549
2026/01/04 17:30:12 - mmengine - INFO - Epoch(train)  [7][1950/1989]  lr: 2.3225e-04  eta: 9:07:59  time: 0.7078  data_time: 0.1610  memory: 18271  loss: 2.0267  loss_ctc: 2.0267
2026/01/04 17:30:37 - mmengine - INFO - Exp name: svtr-large_fudan_scene_baseline_20260104_170633
2026/01/04 17:30:37 - mmengine - INFO - Saving checkpoint at 7 epochs
2026/01/04 17:30:49 - mmengine - INFO - Epoch(val)  [7][ 50/498]    eta: 0:01:20  time: 0.1669  data_time: 0.0005  memory: 18271  
2026/01/04 17:30:57 - mmengine - INFO - Epoch(val)  [7][100/498]    eta: 0:01:09  time: 0.1670  data_time: 0.0005  memory: 1666  
2026/01/04 17:31:06 - mmengine - INFO - Epoch(val)  [7][150/498]    eta: 0:01:00  time: 0.1718  data_time: 0.0005  memory: 1666  
2026/01/04 17:31:14 - mmengine - INFO - Epoch(val)  [7][200/498]    eta: 0:00:51  time: 0.1682  data_time: 0.0005  memory: 1666  
2026/01/04 17:31:23 - mmengine - INFO - Epoch(val)  [7][250/498]    eta: 0:00:42  time: 0.1694  data_time: 0.0005  memory: 1666  
2026/01/04 17:31:31 - mmengine - INFO - Epoch(val)  [7][300/498]    eta: 0:00:33  time: 0.1689  data_time: 0.0005  memory: 1666  
2026/01/04 17:31:40 - mmengine - INFO - Epoch(val)  [7][350/498]    eta: 0:00:25  time: 0.1700  data_time: 0.0005  memory: 1666  
2026/01/04 17:31:48 - mmengine - INFO - Epoch(val)  [7][400/498]    eta: 0:00:16  time: 0.1696  data_time: 0.0005  memory: 1666  
2026/01/04 17:31:57 - mmengine - INFO - Epoch(val)  [7][450/498]    eta: 0:00:08  time: 0.1680  data_time: 0.0005  memory: 1666  
2026/01/04 17:32:06 - mmengine - INFO - Epoch(val) [7][498/498]    Fudan/recog/word_acc: 0.5278  Fudan/recog/1-N.E.D: 0.7405  data_time: 0.0015  time: 0.1710
2026/01/04 17:32:06 - mmengine - INFO - The previous best checkpoint /root/lanyun-tmp/mmocr/work_dirs/svtr_direct_fudan_scene/best_Fudan_recog_word_acc_epoch_6.pth is removed
2026/01/04 17:32:07 - mmengine - INFO - The best checkpoint with 0.5278 Fudan/recog/word_acc at 7 epoch is saved to best_Fudan_recog_word_acc_epoch_7.pth.
2026/01/04 17:32:44 - mmengine - INFO - Epoch(train)  [8][  50/1989]  lr: 2.3193e-04  eta: 9:05:21  time: 0.6325  data_time: 0.1841  memory: 18271  loss: 1.8117  loss_ctc: 1.8117
2026/01/04 17:33:02 - mmengine - INFO - Exp name: svtr-large_fudan_scene_baseline_20260104_170633
2026/01/04 17:33:18 - mmengine - INFO - Epoch(train)  [8][ 100/1989]  lr: 2.3176e-04  eta: 9:03:53  time: 0.7650  data_time: 0.3005  memory: 18271  loss: 1.8610  loss_ctc: 1.8610
2026/01/04 17:33:53 - mmengine - INFO - Epoch(train)  [8][ 150/1989]  lr: 2.3158e-04  eta: 9:02:53  time: 0.5685  data_time: 0.0194  memory: 18271  loss: 1.6719  loss_ctc: 1.6719
2026/01/04 17:34:30 - mmengine - INFO - Epoch(train)  [8][ 200/1989]  lr: 2.3140e-04  eta: 9:02:57  time: 0.8115  data_time: 0.0021  memory: 18271  loss: 1.8291  loss_ctc: 1.8291
2026/01/04 17:35:05 - mmengine - INFO - Epoch(train)  [8][ 250/1989]  lr: 2.3122e-04  eta: 9:01:57  time: 0.8600  data_time: 0.3737  memory: 18271  loss: 1.8912  loss_ctc: 1.8912
2026/01/04 17:35:41 - mmengine - INFO - Epoch(train)  [8][ 300/1989]  lr: 2.3104e-04  eta: 9:01:35  time: 0.6417  data_time: 0.0699  memory: 18271  loss: 1.8285  loss_ctc: 1.8285
2026/01/04 17:36:14 - mmengine - INFO - Epoch(train)  [8][ 350/1989]  lr: 2.3086e-04  eta: 9:00:02  time: 0.6826  data_time: 0.1096  memory: 18271  loss: 1.9264  loss_ctc: 1.9264
2026/01/04 17:36:49 - mmengine - INFO - Epoch(train)  [8][ 400/1989]  lr: 2.3068e-04  eta: 8:59:20  time: 0.7950  data_time: 0.0662  memory: 18271  loss: 1.7628  loss_ctc: 1.7628
2026/01/04 17:37:21 - mmengine - INFO - Epoch(train)  [8][ 450/1989]  lr: 2.3050e-04  eta: 8:57:28  time: 0.5407  data_time: 0.0918  memory: 18271  loss: 1.9066  loss_ctc: 1.9066
2026/01/04 17:37:58 - mmengine - INFO - Epoch(train)  [8][ 500/1989]  lr: 2.3032e-04  eta: 8:57:19  time: 0.7034  data_time: 0.0298  memory: 18271  loss: 1.8790  loss_ctc: 1.8790
2026/01/04 17:38:35 - mmengine - INFO - Epoch(train)  [8][ 550/1989]  lr: 2.3013e-04  eta: 8:57:02  time: 1.0483  data_time: 0.1392  memory: 18271  loss: 1.8159  loss_ctc: 1.8159
2026/01/04 17:39:12 - mmengine - INFO - Epoch(train)  [8][ 600/1989]  lr: 2.2995e-04  eta: 8:56:49  time: 0.7951  data_time: 0.2305  memory: 18271  loss: 1.8411  loss_ctc: 1.8411
2026/01/04 17:39:44 - mmengine - INFO - Epoch(train)  [8][ 650/1989]  lr: 2.2976e-04  eta: 8:55:19  time: 0.4834  data_time: 0.0019  memory: 18271  loss: 1.8633  loss_ctc: 1.8633
2026/01/04 17:40:20 - mmengine - INFO - Epoch(train)  [8][ 700/1989]  lr: 2.2958e-04  eta: 8:54:46  time: 0.7357  data_time: 0.0684  memory: 18271  loss: 1.8495  loss_ctc: 1.8495
2026/01/04 17:41:05 - mmengine - INFO - Epoch(train)  [8][ 750/1989]  lr: 2.2939e-04  eta: 8:56:44  time: 1.0252  data_time: 0.2801  memory: 18271  loss: 1.7443  loss_ctc: 1.7443
2026/01/04 17:41:36 - mmengine - INFO - Epoch(train)  [8][ 800/1989]  lr: 2.2920e-04  eta: 8:54:58  time: 0.8270  data_time: 0.3993  memory: 18271  loss: 1.9334  loss_ctc: 1.9334
2026/01/04 17:42:08 - mmengine - INFO - Epoch(train)  [8][ 850/1989]  lr: 2.2901e-04  eta: 8:53:24  time: 0.5104  data_time: 0.0218  memory: 18271  loss: 1.7420  loss_ctc: 1.7420
2026/01/04 17:42:47 - mmengine - INFO - Epoch(train)  [8][ 900/1989]  lr: 2.2882e-04  eta: 8:53:28  time: 1.0080  data_time: 0.0020  memory: 18271  loss: 1.7295  loss_ctc: 1.7295
2026/01/04 17:43:23 - mmengine - INFO - Epoch(train)  [8][ 950/1989]  lr: 2.2863e-04  eta: 8:53:08  time: 0.8500  data_time: 0.0019  memory: 18271  loss: 1.7826  loss_ctc: 1.7826
2026/01/04 17:43:52 - mmengine - INFO - Epoch(train)  [8][1000/1989]  lr: 2.2844e-04  eta: 8:50:56  time: 0.5197  data_time: 0.0020  memory: 18271  loss: 1.7500  loss_ctc: 1.7500
2026/01/04 17:44:24 - mmengine - INFO - Epoch(train)  [8][1050/1989]  lr: 2.2825e-04  eta: 8:49:23  time: 0.5546  data_time: 0.1217  memory: 18271  loss: 1.8006  loss_ctc: 1.8006
2026/01/04 17:44:42 - mmengine - INFO - Exp name: svtr-large_fudan_scene_baseline_20260104_170633
2026/01/04 17:45:00 - mmengine - INFO - Epoch(train)  [8][1100/1989]  lr: 2.2806e-04  eta: 8:48:45  time: 0.7345  data_time: 0.2458  memory: 18271  loss: 1.9054  loss_ctc: 1.9054
2026/01/04 17:45:38 - mmengine - INFO - Epoch(train)  [8][1150/1989]  lr: 2.2787e-04  eta: 8:48:50  time: 0.7750  data_time: 0.0018  memory: 18271  loss: 1.7740  loss_ctc: 1.7740
2026/01/04 17:46:12 - mmengine - INFO - Epoch(train)  [8][1200/1989]  lr: 2.2767e-04  eta: 8:47:49  time: 0.6990  data_time: 0.0018  memory: 18271  loss: 1.8789  loss_ctc: 1.8789
2026/01/04 17:46:52 - mmengine - INFO - Epoch(train)  [8][1250/1989]  lr: 2.2748e-04  eta: 8:48:13  time: 1.5121  data_time: 1.0633  memory: 18271  loss: 1.7751  loss_ctc: 1.7751
2026/01/04 17:47:24 - mmengine - INFO - Epoch(train)  [8][1300/1989]  lr: 2.2728e-04  eta: 8:46:55  time: 0.4808  data_time: 0.0492  memory: 18271  loss: 1.8921  loss_ctc: 1.8921
2026/01/04 17:47:59 - mmengine - INFO - Epoch(train)  [8][1350/1989]  lr: 2.2709e-04  eta: 8:46:09  time: 0.6358  data_time: 0.0724  memory: 18271  loss: 1.7438  loss_ctc: 1.7438
2026/01/04 17:48:34 - mmengine - INFO - Epoch(train)  [8][1400/1989]  lr: 2.2689e-04  eta: 8:45:22  time: 0.7021  data_time: 0.2623  memory: 18271  loss: 1.7296  loss_ctc: 1.7296
2026/01/04 17:49:08 - mmengine - INFO - Epoch(train)  [8][1450/1989]  lr: 2.2669e-04  eta: 8:44:31  time: 0.9435  data_time: 0.0947  memory: 18271  loss: 1.7650  loss_ctc: 1.7650
2026/01/04 17:49:43 - mmengine - INFO - Epoch(train)  [8][1500/1989]  lr: 2.2649e-04  eta: 8:43:47  time: 0.7064  data_time: 0.0018  memory: 18271  loss: 1.7468  loss_ctc: 1.7468
2026/01/04 17:50:21 - mmengine - INFO - Epoch(train)  [8][1550/1989]  lr: 2.2630e-04  eta: 8:43:43  time: 0.6853  data_time: 0.2520  memory: 18271  loss: 1.7242  loss_ctc: 1.7242
2026/01/04 17:50:57 - mmengine - INFO - Epoch(train)  [8][1600/1989]  lr: 2.2610e-04  eta: 8:43:20  time: 0.9014  data_time: 0.4586  memory: 18271  loss: 1.8373  loss_ctc: 1.8373
2026/01/04 17:51:32 - mmengine - INFO - Epoch(train)  [8][1650/1989]  lr: 2.2590e-04  eta: 8:42:36  time: 0.5151  data_time: 0.0020  memory: 18271  loss: 1.7497  loss_ctc: 1.7497
2026/01/04 17:52:07 - mmengine - INFO - Epoch(train)  [8][1700/1989]  lr: 2.2569e-04  eta: 8:41:50  time: 0.6665  data_time: 0.1460  memory: 18271  loss: 1.6685  loss_ctc: 1.6685
2026/01/04 17:52:48 - mmengine - INFO - Epoch(train)  [8][1750/1989]  lr: 2.2549e-04  eta: 8:42:19  time: 0.8674  data_time: 0.0021  memory: 18271  loss: 1.6967  loss_ctc: 1.6967
2026/01/04 17:53:21 - mmengine - INFO - Epoch(train)  [8][1800/1989]  lr: 2.2529e-04  eta: 8:41:12  time: 0.6615  data_time: 0.2220  memory: 18271  loss: 1.8302  loss_ctc: 1.8302
2026/01/04 17:54:00 - mmengine - INFO - Epoch(train)  [8][1850/1989]  lr: 2.2509e-04  eta: 8:41:14  time: 0.7715  data_time: 0.0019  memory: 18271  loss: 1.5888  loss_ctc: 1.5888
2026/01/04 17:54:31 - mmengine - INFO - Epoch(train)  [8][1900/1989]  lr: 2.2488e-04  eta: 8:39:44  time: 0.6385  data_time: 0.1357  memory: 18271  loss: 1.8419  loss_ctc: 1.8419
2026/01/04 17:55:06 - mmengine - INFO - Epoch(train)  [8][1950/1989]  lr: 2.2468e-04  eta: 8:39:10  time: 0.7327  data_time: 0.0021  memory: 18271  loss: 1.8993  loss_ctc: 1.8993
2026/01/04 17:55:30 - mmengine - INFO - Exp name: svtr-large_fudan_scene_baseline_20260104_170633
2026/01/04 17:55:30 - mmengine - INFO - Saving checkpoint at 8 epochs
2026/01/04 17:55:42 - mmengine - INFO - Epoch(val)  [8][ 50/498]    eta: 0:01:20  time: 0.1756  data_time: 0.0006  memory: 18271  
2026/01/04 17:55:50 - mmengine - INFO - Epoch(val)  [8][100/498]    eta: 0:01:10  time: 0.1698  data_time: 0.0005  memory: 1667  
2026/01/04 17:55:59 - mmengine - INFO - Epoch(val)  [8][150/498]    eta: 0:01:00  time: 0.1694  data_time: 0.0005  memory: 1667  
2026/01/04 17:56:08 - mmengine - INFO - Epoch(val)  [8][200/498]    eta: 0:00:51  time: 0.1696  data_time: 0.0005  memory: 1667  
2026/01/04 17:56:16 - mmengine - INFO - Epoch(val)  [8][250/498]    eta: 0:00:43  time: 0.1691  data_time: 0.0005  memory: 1667  
2026/01/04 17:56:25 - mmengine - INFO - Epoch(val)  [8][300/498]    eta: 0:00:34  time: 0.1694  data_time: 0.0005  memory: 1667  
2026/01/04 17:56:33 - mmengine - INFO - Epoch(val)  [8][350/498]    eta: 0:00:25  time: 0.1692  data_time: 0.0005  memory: 1667  
2026/01/04 17:56:42 - mmengine - INFO - Epoch(val)  [8][400/498]    eta: 0:00:16  time: 0.1703  data_time: 0.0005  memory: 1667  
2026/01/04 17:56:50 - mmengine - INFO - Epoch(val)  [8][450/498]    eta: 0:00:08  time: 0.1689  data_time: 0.0005  memory: 1667  
2026/01/04 17:56:59 - mmengine - INFO - Epoch(val) [8][498/498]    Fudan/recog/word_acc: 0.5483  Fudan/recog/1-N.E.D: 0.7586  data_time: 0.0009  time: 0.1720
2026/01/04 17:56:59 - mmengine - INFO - The previous best checkpoint /root/lanyun-tmp/mmocr/work_dirs/svtr_direct_fudan_scene/best_Fudan_recog_word_acc_epoch_7.pth is removed
2026/01/04 17:57:00 - mmengine - INFO - The best checkpoint with 0.5483 Fudan/recog/word_acc at 8 epoch is saved to best_Fudan_recog_word_acc_epoch_8.pth.
2026/01/04 17:57:45 - mmengine - INFO - Epoch(train)  [9][  50/1989]  lr: 2.2431e-04  eta: 8:38:28  time: 0.5619  data_time: 0.0957  memory: 18271  loss: 1.7734  loss_ctc: 1.7734
2026/01/04 17:58:10 - mmengine - INFO - Exp name: svtr-large_fudan_scene_baseline_20260104_170633
2026/01/04 17:58:19 - mmengine - INFO - Epoch(train)  [9][ 100/1989]  lr: 2.2410e-04  eta: 8:37:41  time: 0.7037  data_time: 0.0078  memory: 18271  loss: 1.8149  loss_ctc: 1.8149
2026/01/04 17:58:58 - mmengine - INFO - Epoch(train)  [9][ 150/1989]  lr: 2.2389e-04  eta: 8:37:34  time: 0.7942  data_time: 0.0624  memory: 18271  loss: 1.8273  loss_ctc: 1.8273
2026/01/04 17:59:32 - mmengine - INFO - Epoch(train)  [9][ 200/1989]  lr: 2.2369e-04  eta: 8:36:42  time: 0.5745  data_time: 0.1454  memory: 18271  loss: 1.8260  loss_ctc: 1.8260
2026/01/04 18:00:10 - mmengine - INFO - Epoch(train)  [9][ 250/1989]  lr: 2.2348e-04  eta: 8:36:36  time: 0.8481  data_time: 0.0022  memory: 18271  loss: 1.5423  loss_ctc: 1.5423
2026/01/04 18:00:45 - mmengine - INFO - Epoch(train)  [9][ 300/1989]  lr: 2.2327e-04  eta: 8:35:53  time: 0.7709  data_time: 0.0018  memory: 18271  loss: 1.6358  loss_ctc: 1.6358
2026/01/04 18:01:23 - mmengine - INFO - Epoch(train)  [9][ 350/1989]  lr: 2.2306e-04  eta: 8:35:41  time: 0.6061  data_time: 0.0019  memory: 18271  loss: 1.6275  loss_ctc: 1.6275
2026/01/04 18:01:58 - mmengine - INFO - Epoch(train)  [9][ 400/1989]  lr: 2.2284e-04  eta: 8:34:57  time: 0.6837  data_time: 0.2355  memory: 18271  loss: 1.6264  loss_ctc: 1.6264
2026/01/04 18:02:34 - mmengine - INFO - Epoch(train)  [9][ 450/1989]  lr: 2.2263e-04  eta: 8:34:30  time: 0.8277  data_time: 0.0694  memory: 18271  loss: 1.6747  loss_ctc: 1.6747
2026/01/04 18:03:12 - mmengine - INFO - Epoch(train)  [9][ 500/1989]  lr: 2.2242e-04  eta: 8:34:18  time: 0.5905  data_time: 0.0628  memory: 18271  loss: 1.6335  loss_ctc: 1.6335
2026/01/04 18:03:50 - mmengine - INFO - Epoch(train)  [9][ 550/1989]  lr: 2.2221e-04  eta: 8:33:57  time: 0.9631  data_time: 0.0019  memory: 18271  loss: 1.7596  loss_ctc: 1.7596
2026/01/04 18:04:22 - mmengine - INFO - Epoch(train)  [9][ 600/1989]  lr: 2.2199e-04  eta: 8:32:54  time: 0.7967  data_time: 0.0387  memory: 18271  loss: 1.6880  loss_ctc: 1.6880
2026/01/04 18:04:55 - mmengine - INFO - Epoch(train)  [9][ 650/1989]  lr: 2.2178e-04  eta: 8:31:49  time: 0.5782  data_time: 0.0019  memory: 18271  loss: 1.7442  loss_ctc: 1.7442
2026/01/04 18:05:25 - mmengine - INFO - Epoch(train)  [9][ 700/1989]  lr: 2.2156e-04  eta: 8:30:27  time: 0.6029  data_time: 0.0797  memory: 18271  loss: 1.7196  loss_ctc: 1.7196
2026/01/04 18:06:00 - mmengine - INFO - Epoch(train)  [9][ 750/1989]  lr: 2.2134e-04  eta: 8:29:41  time: 0.7705  data_time: 0.0130  memory: 18271  loss: 1.6872  loss_ctc: 1.6872
2026/01/04 18:06:37 - mmengine - INFO - Epoch(train)  [9][ 800/1989]  lr: 2.2113e-04  eta: 8:29:17  time: 0.5810  data_time: 0.1429  memory: 18271  loss: 1.5921  loss_ctc: 1.5921
2026/01/04 18:07:10 - mmengine - INFO - Epoch(train)  [9][ 850/1989]  lr: 2.2091e-04  eta: 8:28:25  time: 0.7678  data_time: 0.0372  memory: 18271  loss: 1.6534  loss_ctc: 1.6534
2026/01/04 18:07:52 - mmengine - INFO - Epoch(train)  [9][ 900/1989]  lr: 2.2069e-04  eta: 8:28:42  time: 0.7036  data_time: 0.0019  memory: 18271  loss: 1.6163  loss_ctc: 1.6163
2026/01/04 18:08:24 - mmengine - INFO - Epoch(train)  [9][ 950/1989]  lr: 2.2047e-04  eta: 8:27:32  time: 0.7349  data_time: 0.3021  memory: 18271  loss: 1.6131  loss_ctc: 1.6131
2026/01/04 18:08:58 - mmengine - INFO - Epoch(train)  [9][1000/1989]  lr: 2.2025e-04  eta: 8:26:49  time: 0.6532  data_time: 0.1597  memory: 18271  loss: 1.6488  loss_ctc: 1.6488
2026/01/04 18:09:35 - mmengine - INFO - Epoch(train)  [9][1050/1989]  lr: 2.2003e-04  eta: 8:26:27  time: 0.6980  data_time: 0.0018  memory: 18271  loss: 1.5982  loss_ctc: 1.5982
2026/01/04 18:10:05 - mmengine - INFO - Exp name: svtr-large_fudan_scene_baseline_20260104_170633
2026/01/04 18:10:16 - mmengine - INFO - Epoch(train)  [9][1100/1989]  lr: 2.1981e-04  eta: 8:26:33  time: 1.0454  data_time: 0.0019  memory: 18271  loss: 1.6246  loss_ctc: 1.6246
2026/01/04 18:10:48 - mmengine - INFO - Epoch(train)  [9][1150/1989]  lr: 2.1959e-04  eta: 8:25:27  time: 0.6448  data_time: 0.2103  memory: 18271  loss: 1.6631  loss_ctc: 1.6631
2026/01/04 18:11:24 - mmengine - INFO - Epoch(train)  [9][1200/1989]  lr: 2.1936e-04  eta: 8:24:58  time: 0.6941  data_time: 0.1504  memory: 18271  loss: 1.8406  loss_ctc: 1.8406
2026/01/04 18:12:00 - mmengine - INFO - Epoch(train)  [9][1250/1989]  lr: 2.1914e-04  eta: 8:24:24  time: 0.7131  data_time: 0.2813  memory: 18271  loss: 1.6322  loss_ctc: 1.6322
2026/01/04 18:12:37 - mmengine - INFO - Epoch(train)  [9][1300/1989]  lr: 2.1892e-04  eta: 8:23:56  time: 0.5433  data_time: 0.0951  memory: 18271  loss: 1.5932  loss_ctc: 1.5932
2026/01/04 18:13:09 - mmengine - INFO - Epoch(train)  [9][1350/1989]  lr: 2.1869e-04  eta: 8:22:52  time: 0.6972  data_time: 0.2469  memory: 18271  loss: 1.7593  loss_ctc: 1.7593
