2026/01/09 00:22:54 - mmengine - INFO - 
------------------------------------------------------------
System environment:
    sys.platform: linux
    Python: 3.8.20 (default, Oct  3 2024, 15:24:27) [GCC 11.2.0]
    CUDA available: False
    MUSA available: False
    numpy_random_seed: 793097546
    GCC: gcc (Ubuntu 9.4.0-1ubuntu1~20.04.2) 9.4.0
    PyTorch: 1.10.2+cu111
    PyTorch compiling details: PyTorch built with:
  - GCC 7.3
  - C++ Version: 201402
  - Intel(R) Math Kernel Library Version 2020.0.0 Product Build 20191122 for Intel(R) 64 architecture applications
  - Intel(R) MKL-DNN v2.2.3 (Git Hash 7336ca9f055cf1bfa13efb658fe15dc9b41f0740)
  - OpenMP 201511 (a.k.a. OpenMP 4.5)
  - LAPACK is enabled (usually provided by MKL)
  - NNPACK is enabled
  - CPU capability usage: AVX2
  - Build settings: BLAS_INFO=mkl, BUILD_TYPE=Release, CUDA_VERSION=11.1, CUDNN_VERSION=8.0.5, CXX_COMPILER=/opt/rh/devtoolset-7/root/usr/bin/c++, CXX_FLAGS= -Wno-deprecated -fvisibility-inlines-hidden -DUSE_PTHREADPOOL -fopenmp -DNDEBUG -DUSE_KINETO -DUSE_FBGEMM -DUSE_QNNPACK -DUSE_PYTORCH_QNNPACK -DUSE_XNNPACK -DSYMBOLICATE_MOBILE_DEBUG_HANDLE -DEDGE_PROFILER_USE_KINETO -O2 -fPIC -Wno-narrowing -Wall -Wextra -Werror=return-type -Wno-missing-field-initializers -Wno-type-limits -Wno-array-bounds -Wno-unknown-pragmas -Wno-sign-compare -Wno-unused-parameter -Wno-unused-variable -Wno-unused-function -Wno-unused-result -Wno-unused-local-typedefs -Wno-strict-overflow -Wno-strict-aliasing -Wno-error=deprecated-declarations -Wno-stringop-overflow -Wno-psabi -Wno-error=pedantic -Wno-error=redundant-decls -Wno-error=old-style-cast -fdiagnostics-color=always -faligned-new -Wno-unused-but-set-variable -Wno-maybe-uninitialized -fno-math-errno -fno-trapping-math -Werror=format -Wno-stringop-overflow, LAPACK_INFO=mkl, PERF_WITH_AVX=1, PERF_WITH_AVX2=1, PERF_WITH_AVX512=1, TORCH_VERSION=1.10.2, USE_CUDA=ON, USE_CUDNN=ON, USE_EXCEPTION_PTR=1, USE_GFLAGS=OFF, USE_GLOG=OFF, USE_MKL=ON, USE_MKLDNN=ON, USE_MPI=OFF, USE_NCCL=ON, USE_NNPACK=ON, USE_OPENMP=ON, 

    TorchVision: 0.11.3+cu111
    OpenCV: 4.12.0
    MMEngine: 0.10.7

Runtime environment:
    cudnn_benchmark: True
    mp_cfg: {'mp_start_method': 'fork', 'opencv_num_threads': 0}
    dist_cfg: {'backend': 'nccl'}
    seed: 793097546
    Distributed launcher: none
    Distributed training: False
    GPU number: 1
------------------------------------------------------------

2026/01/09 00:22:55 - mmengine - INFO - Config:
_t = dict(
    transforms=[
        [
            dict(
                condition="results['img_shape'][1]<results['img_shape'][0]",
                true_transforms=[
                    dict(
                        args=[
                            dict(cls='Rot90', k=0, keep_size=False),
                        ],
                        type='ImgAugWrapper'),
                ],
                type='ConditionApply'),
            dict(
                condition="results['img_shape'][1]<results['img_shape'][0]",
                true_transforms=[
                    dict(
                        args=[
                            dict(cls='Rot90', k=1, keep_size=False),
                        ],
                        type='ImgAugWrapper'),
                ],
                type='ConditionApply'),
            dict(
                condition="results['img_shape'][1]<results['img_shape'][0]",
                true_transforms=[
                    dict(
                        args=[
                            dict(cls='Rot90', k=3, keep_size=False),
                        ],
                        type='ImgAugWrapper'),
                ],
                type='ConditionApply'),
        ],
        [
            dict(scale=(
                256,
                64,
            ), type='Resize'),
        ],
        [
            dict(type='LoadOCRAnnotations', with_text=True),
        ],
        [
            dict(
                meta_keys=(
                    'img_path',
                    'ori_shape',
                    'img_shape',
                    'valid_ratio',
                ),
                type='PackTextRecogInputs'),
        ],
    ],
    type='TestTimeAug')
auto_scale_lr = dict(base_batch_size=256)
default_hooks = dict(
    checkpoint=dict(
        interval=999999,
        max_keep_ckpts=3,
        rule='greater',
        save_best='Fudan/recog/word_acc',
        type='CheckpointHook'),
    logger=dict(interval=1, type='LoggerHook'),
    param_scheduler=dict(type='ParamSchedulerHook'),
    sampler_seed=dict(type='DistSamplerSeedHook'),
    sync_buffer=dict(type='SyncBuffersHook'),
    timer=dict(type='IterTimerHook'),
    visualization=dict(
        draw_gt=False,
        draw_pred=False,
        enable=False,
        interval=1,
        show=False,
        type='VisualizationHook'))
default_scope = 'mmocr'
dictionary = dict(
    dict_file='data/charset/charset_rec_cn_en.txt',
    type='Dictionary',
    with_padding=True,
    with_unknown=True)
env_cfg = dict(
    cudnn_benchmark=True,
    dist_cfg=dict(backend='nccl'),
    mp_cfg=dict(mp_start_method='fork', opencv_num_threads=0))
fudan_scene_rec_root = 'data/fudan/scene'
fudan_scene_test_dataloader = dict(
    batch_size=64,
    dataset=dict(
        ann_file='scene_test',
        data_root='data/fudan/scene',
        pipeline=None,
        type='RecogLMDBDataset'),
    num_workers=8,
    persistent_workers=True,
    pin_memory=True,
    sampler=dict(shuffle=False, type='DefaultSampler'))
fudan_scene_textrecog_test = dict(
    ann_file='scene_test',
    data_root='data/fudan/scene',
    pipeline=None,
    type='RecogLMDBDataset')
fudan_scene_textrecog_train = dict(
    ann_file='scene_train',
    data_root='data/fudan/scene',
    pipeline=None,
    type='RecogLMDBDataset')
fudan_scene_textrecog_val = dict(
    ann_file='scene_val',
    data_root='data/fudan/scene',
    pipeline=None,
    type='RecogLMDBDataset')
fudan_scene_train_dataloader = dict(
    batch_size=64,
    dataset=dict(
        ann_file='scene_train',
        data_root='data/fudan/scene',
        pipeline=None,
        type='RecogLMDBDataset'),
    num_workers=8,
    persistent_workers=True,
    pin_memory=True,
    sampler=dict(shuffle=True, type='DefaultSampler'))
fudan_scene_val_dataloader = dict(
    batch_size=64,
    dataset=dict(
        ann_file='scene_val',
        data_root='data/fudan/scene',
        pipeline=None,
        type='RecogLMDBDataset'),
    num_workers=8,
    persistent_workers=True,
    pin_memory=True,
    sampler=dict(shuffle=False, type='DefaultSampler'))
launcher = 'none'
load_from = None
log_level = 'INFO'
log_processor = dict(by_epoch=True, type='LogProcessor', window_size=10)
model = dict(
    data_preprocessor=dict(
        mean=[
            127.5,
        ], std=[
            127.5,
        ], type='TextRecogDataPreprocessor'),
    decoder=dict(
        dictionary=dict(
            dict_file='data/charset/charset_rec_cn_en.txt',
            type='Dictionary',
            with_padding=True,
            with_unknown=True),
        frm=dict(enabled=True, type='FeatureRearrangementModule'),
        in_channels=384,
        max_seq_len=40,
        module_loss=dict(
            letter_case='lower', type='CTCModuleLoss', zero_infinity=True),
        postprocessor=dict(type='CTCPostProcessor'),
        sgm=dict(
            detach_visual=False,
            drop_path_rate=0.1,
            enabled=False,
            loss_weight=0.1,
            num_layer=1,
            sub_str_len=5,
            type='SemanticGuidanceModule'),
        type='SVTRv2CTCDecoder'),
    encoder=dict(
        svtr_encoder=dict(
            depth=[
                3,
                9,
                9,
            ],
            embed_dims=[
                192,
                256,
                512,
            ],
            img_size=[
                48,
                160,
            ],
            in_channels=3,
            max_seq_len=40,
            merging_types='Conv',
            mixer_types=[
                'Local',
                'Local',
                'Local',
                'Local',
                'Local',
                'Local',
                'Local',
                'Local',
                'Local',
                'Local',
                'Global',
                'Global',
                'Global',
                'Global',
                'Global',
                'Global',
                'Global',
                'Global',
                'Global',
                'Global',
                'Global',
            ],
            num_heads=[
                6,
                8,
                16,
            ],
            out_channels=384,
            prenorm=False,
            type='SVTREncoder',
            window_size=[
                [
                    7,
                    11,
                ],
                [
                    7,
                    11,
                ],
                [
                    7,
                    11,
                ],
            ]),
        svtrv2_encoder=dict(
            depths=[
                6,
                6,
                6,
            ],
            dims=[
                128,
                256,
                384,
            ],
            feat2d=True,
            in_channels=3,
            kernel_sizes=[
                [
                    3,
                    3,
                    3,
                    3,
                    3,
                    3,
                ],
                [
                    3,
                    3,
                    3,
                    3,
                    3,
                    3,
                ],
                [
                    3,
                    3,
                    3,
                    3,
                    3,
                    3,
                ],
            ],
            last_stage=False,
            max_sz=[
                64,
                384,
            ],
            mixer=[
                [
                    'Conv',
                    'Conv',
                    'Conv',
                    'Conv',
                    'Conv',
                    'Conv',
                ],
                [
                    'Conv',
                    'Conv',
                    'FGlobal',
                    'Global',
                    'Global',
                    'Global',
                ],
                [
                    'Global',
                    'Global',
                    'Global',
                    'Global',
                    'Global',
                    'Global',
                ],
            ],
            num_convs=[
                [
                    2,
                    2,
                    2,
                    2,
                    2,
                    2,
                ],
                [
                    2,
                    2,
                    3,
                    3,
                    3,
                    3,
                ],
                [
                    3,
                    3,
                    3,
                    3,
                    3,
                    3,
                ],
            ],
            num_heads=[
                4,
                8,
                12,
            ],
            sub_k=[
                [
                    1,
                    1,
                ],
                [
                    2,
                    1,
                ],
                [
                    1,
                    1,
                ],
            ],
            type='SVTRv2Backbone',
            use_pos_embed=False),
        type='SVTRFlexibleEncoder',
        use_svtrv2_backbone=True),
    preprocessor=None,
    type='SVTR')
msr_base_h = 32
msr_base_shape = [
    [
        64,
        64,
    ],
    [
        96,
        48,
    ],
    [
        112,
        40,
    ],
    [
        128,
        32,
    ],
]
msr_max_ratio = 12
msr_max_size = None
msr_pad_to_max = True
optim_wrapper = dict(
    optimizer=dict(
        betas=(
            0.9,
            0.99,
        ),
        eps=8e-08,
        lr=0.00025,
        type='AdamW',
        weight_decay=0.05),
    type='OptimWrapper')
param_scheduler = [
    dict(
        convert_to_iter_based=True,
        end=2,
        end_factor=1.0,
        start_factor=0.5,
        type='LinearLR',
        verbose=False),
    dict(
        T_max=29,
        begin=2,
        convert_to_iter_based=True,
        end=30,
        type='CosineAnnealingLR',
        verbose=False),
]
randomness = dict(seed=None)
rectifier = None
resume = False
svtr_encoder = dict(
    depth=[
        3,
        9,
        9,
    ],
    embed_dims=[
        192,
        256,
        512,
    ],
    img_size=[
        48,
        160,
    ],
    in_channels=3,
    max_seq_len=40,
    merging_types='Conv',
    mixer_types=[
        'Local',
        'Local',
        'Local',
        'Local',
        'Local',
        'Local',
        'Local',
        'Local',
        'Local',
        'Local',
        'Global',
        'Global',
        'Global',
        'Global',
        'Global',
        'Global',
        'Global',
        'Global',
        'Global',
        'Global',
        'Global',
    ],
    num_heads=[
        6,
        8,
        16,
    ],
    out_channels=384,
    prenorm=False,
    type='SVTREncoder',
    window_size=[
        [
            7,
            11,
        ],
        [
            7,
            11,
        ],
        [
            7,
            11,
        ],
    ])
svtrv2_encoder = dict(
    depths=[
        6,
        6,
        6,
    ],
    dims=[
        128,
        256,
        384,
    ],
    feat2d=True,
    in_channels=3,
    kernel_sizes=[
        [
            3,
            3,
            3,
            3,
            3,
            3,
        ],
        [
            3,
            3,
            3,
            3,
            3,
            3,
        ],
        [
            3,
            3,
            3,
            3,
            3,
            3,
        ],
    ],
    last_stage=False,
    max_sz=[
        64,
        384,
    ],
    mixer=[
        [
            'Conv',
            'Conv',
            'Conv',
            'Conv',
            'Conv',
            'Conv',
        ],
        [
            'Conv',
            'Conv',
            'FGlobal',
            'Global',
            'Global',
            'Global',
        ],
        [
            'Global',
            'Global',
            'Global',
            'Global',
            'Global',
            'Global',
        ],
    ],
    num_convs=[
        [
            2,
            2,
            2,
            2,
            2,
            2,
        ],
        [
            2,
            2,
            3,
            3,
            3,
            3,
        ],
        [
            3,
            3,
            3,
            3,
            3,
            3,
        ],
    ],
    num_heads=[
        4,
        8,
        12,
    ],
    sub_k=[
        [
            1,
            1,
        ],
        [
            2,
            1,
        ],
        [
            1,
            1,
        ],
    ],
    type='SVTRv2Backbone',
    use_pos_embed=False)
test_cfg = dict(type='TestLoop')
test_dataloader = dict(
    batch_size=64,
    dataset=dict(
        ann_file='scene_test',
        data_root='data/fudan/scene',
        pipeline=[
            dict(type='LoadImageFromNDArray'),
            dict(
                base_h=32,
                base_shape=[
                    [
                        64,
                        64,
                    ],
                    [
                        96,
                        48,
                    ],
                    [
                        112,
                        40,
                    ],
                    [
                        128,
                        32,
                    ],
                ],
                interpolation='bicubic',
                max_ratio=12,
                max_size=None,
                pad_to_max=True,
                padding=False,
                random_resize_factor=False,
                scale=(
                    256,
                    64,
                ),
                type='SVTRv2AdaptiveResize',
                use_msr=True),
            dict(type='LoadOCRAnnotations', with_text=True),
            dict(
                meta_keys=(
                    'img_path',
                    'ori_shape',
                    'img_shape',
                    'valid_ratio',
                ),
                type='PackTextRecogInputs'),
        ],
        type='RecogLMDBDataset'),
    num_workers=4,
    persistent_workers=True,
    pin_memory=True,
    prefetch_factor=2,
    sampler=dict(shuffle=False, type='DefaultSampler'))
test_evaluator = dict(
    dataset_prefixes=[
        'Fudan',
    ],
    metrics=[
        dict(mode=[
            'exact',
        ], type='WordMetric'),
        dict(type='OneMinusNEDMetric'),
    ],
    type='MultiDatasetsEvaluator')
test_pipeline = [
    dict(type='LoadImageFromNDArray'),
    dict(
        base_h=32,
        base_shape=[
            [
                64,
                64,
            ],
            [
                96,
                48,
            ],
            [
                112,
                40,
            ],
            [
                128,
                32,
            ],
        ],
        interpolation='bicubic',
        max_ratio=12,
        max_size=None,
        pad_to_max=True,
        padding=False,
        random_resize_factor=False,
        scale=(
            256,
            64,
        ),
        type='SVTRv2AdaptiveResize',
        use_msr=True),
    dict(type='LoadOCRAnnotations', with_text=True),
    dict(
        meta_keys=(
            'img_path',
            'ori_shape',
            'img_shape',
            'valid_ratio',
        ),
        type='PackTextRecogInputs'),
]
train_cfg = dict(max_epochs=1, type='EpochBasedTrainLoop', val_interval=1)
train_dataloader = dict(
    batch_size=2,
    dataset=dict(
        ann_file='scene_train',
        data_root='data/fudan/scene',
        indices=10,
        pipeline=[
            dict(ignore_empty=True, min_size=5, type='LoadImageFromNDArray'),
            dict(type='LoadOCRAnnotations', with_text=True),
            dict(
                prob=0.4,
                transforms=[
                    dict(type='TextRecogGeneralAug'),
                ],
                type='RandomApply'),
            dict(
                prob=0.4,
                transforms=[
                    dict(type='CropHeight'),
                ],
                type='RandomApply'),
            dict(
                condition='min(results["img_shape"])>10',
                true_transforms=dict(
                    prob=0.4,
                    transforms=[
                        dict(
                            kernel_size=5,
                            op='GaussianBlur',
                            sigma=1,
                            type='TorchVisionWrapper'),
                    ],
                    type='RandomApply'),
                type='ConditionApply'),
            dict(
                prob=0.4,
                transforms=[
                    dict(
                        brightness=0.5,
                        contrast=0.5,
                        hue=0.1,
                        op='ColorJitter',
                        saturation=0.5,
                        type='TorchVisionWrapper'),
                ],
                type='RandomApply'),
            dict(
                prob=0.4,
                transforms=[
                    dict(type='ImageContentJitter'),
                ],
                type='RandomApply'),
            dict(
                prob=0.4,
                transforms=[
                    dict(
                        args=[
                            dict(
                                cls='AdditiveGaussianNoise',
                                scale=0.31622776601683794),
                        ],
                        type='ImgAugWrapper'),
                ],
                type='RandomApply'),
            dict(
                prob=0.4,
                transforms=[
                    dict(type='ReversePixels'),
                ],
                type='RandomApply'),
            dict(
                base_h=32,
                base_shape=[
                    [
                        64,
                        64,
                    ],
                    [
                        96,
                        48,
                    ],
                    [
                        112,
                        40,
                    ],
                    [
                        128,
                        32,
                    ],
                ],
                interpolation='bicubic',
                max_ratio=12,
                max_size=None,
                pad_to_max=True,
                padding=False,
                padding_doub=True,
                random_resize_factor=True,
                scale=(
                    256,
                    64,
                ),
                type='SVTRv2AdaptiveResize',
                use_msr=True),
            dict(
                meta_keys=(
                    'img_path',
                    'ori_shape',
                    'img_shape',
                    'valid_ratio',
                ),
                type='PackTextRecogInputs'),
        ],
        type='RecogLMDBDataset'),
    num_workers=0,
    persistent_workers=False,
    pin_memory=False,
    prefetch_factor=2,
    sampler=dict(shuffle=True, type='DefaultSampler'))
train_pipeline = [
    dict(ignore_empty=True, min_size=5, type='LoadImageFromNDArray'),
    dict(type='LoadOCRAnnotations', with_text=True),
    dict(
        prob=0.4,
        transforms=[
            dict(type='TextRecogGeneralAug'),
        ],
        type='RandomApply'),
    dict(prob=0.4, transforms=[
        dict(type='CropHeight'),
    ], type='RandomApply'),
    dict(
        condition='min(results["img_shape"])>10',
        true_transforms=dict(
            prob=0.4,
            transforms=[
                dict(
                    kernel_size=5,
                    op='GaussianBlur',
                    sigma=1,
                    type='TorchVisionWrapper'),
            ],
            type='RandomApply'),
        type='ConditionApply'),
    dict(
        prob=0.4,
        transforms=[
            dict(
                brightness=0.5,
                contrast=0.5,
                hue=0.1,
                op='ColorJitter',
                saturation=0.5,
                type='TorchVisionWrapper'),
        ],
        type='RandomApply'),
    dict(
        prob=0.4,
        transforms=[
            dict(type='ImageContentJitter'),
        ],
        type='RandomApply'),
    dict(
        prob=0.4,
        transforms=[
            dict(
                args=[
                    dict(
                        cls='AdditiveGaussianNoise',
                        scale=0.31622776601683794),
                ],
                type='ImgAugWrapper'),
        ],
        type='RandomApply'),
    dict(
        prob=0.4,
        transforms=[
            dict(type='ReversePixels'),
        ],
        type='RandomApply'),
    dict(
        base_h=32,
        base_shape=[
            [
                64,
                64,
            ],
            [
                96,
                48,
            ],
            [
                112,
                40,
            ],
            [
                128,
                32,
            ],
        ],
        interpolation='bicubic',
        max_ratio=12,
        max_size=None,
        pad_to_max=True,
        padding=False,
        padding_doub=True,
        random_resize_factor=True,
        scale=(
            256,
            64,
        ),
        type='SVTRv2AdaptiveResize',
        use_msr=True),
    dict(
        meta_keys=(
            'img_path',
            'ori_shape',
            'img_shape',
            'valid_ratio',
        ),
        type='PackTextRecogInputs'),
]
tta_model = dict(type='EncoderDecoderRecognizerTTAModel')
tta_pipeline = [
    dict(type='LoadImageFromNDArray'),
    dict(
        transforms=[
            [
                dict(
                    condition="results['img_shape'][1]<results['img_shape'][0]",
                    true_transforms=[
                        dict(
                            args=[
                                dict(cls='Rot90', k=0, keep_size=False),
                            ],
                            type='ImgAugWrapper'),
                    ],
                    type='ConditionApply'),
                dict(
                    condition="results['img_shape'][1]<results['img_shape'][0]",
                    true_transforms=[
                        dict(
                            args=[
                                dict(cls='Rot90', k=1, keep_size=False),
                            ],
                            type='ImgAugWrapper'),
                    ],
                    type='ConditionApply'),
                dict(
                    condition="results['img_shape'][1]<results['img_shape'][0]",
                    true_transforms=[
                        dict(
                            args=[
                                dict(cls='Rot90', k=3, keep_size=False),
                            ],
                            type='ImgAugWrapper'),
                    ],
                    type='ConditionApply'),
            ],
            [
                dict(scale=(
                    256,
                    64,
                ), type='Resize'),
            ],
            [
                dict(type='LoadOCRAnnotations', with_text=True),
            ],
            [
                dict(
                    meta_keys=(
                        'img_path',
                        'ori_shape',
                        'img_shape',
                        'valid_ratio',
                    ),
                    type='PackTextRecogInputs'),
            ],
        ],
        type='TestTimeAug'),
]
use_frm = True
use_msr = True
use_sgm = False
use_svtrv2_backbone = True
val_cfg = dict(type='ValLoop')
val_dataloader = dict(
    batch_size=2,
    dataset=dict(
        ann_file='scene_val',
        data_root='data/fudan/scene',
        indices=4,
        pipeline=[
            dict(type='LoadImageFromNDArray'),
            dict(
                base_h=32,
                base_shape=[
                    [
                        64,
                        64,
                    ],
                    [
                        96,
                        48,
                    ],
                    [
                        112,
                        40,
                    ],
                    [
                        128,
                        32,
                    ],
                ],
                interpolation='bicubic',
                max_ratio=12,
                max_size=None,
                pad_to_max=True,
                padding=False,
                random_resize_factor=False,
                scale=(
                    256,
                    64,
                ),
                type='SVTRv2AdaptiveResize',
                use_msr=True),
            dict(type='LoadOCRAnnotations', with_text=True),
            dict(
                meta_keys=(
                    'img_path',
                    'ori_shape',
                    'img_shape',
                    'valid_ratio',
                ),
                type='PackTextRecogInputs'),
        ],
        type='RecogLMDBDataset'),
    num_workers=0,
    persistent_workers=False,
    pin_memory=False,
    prefetch_factor=2,
    sampler=dict(shuffle=False, type='DefaultSampler'))
val_evaluator = dict(
    dataset_prefixes=[
        'Fudan',
    ],
    metrics=[
        dict(mode=[
            'exact',
        ], type='WordMetric'),
        dict(type='OneMinusNEDMetric'),
    ],
    type='MultiDatasetsEvaluator')
vis_backends = [
    dict(type='LocalVisBackend'),
]
visualizer = dict(
    name='visualizer',
    type='TextRecogLocalVisualizer',
    vis_backends=[
        dict(type='LocalVisBackend'),
    ])
work_dir = 'work_dirs/audit_smoke/svtrv2_baseline_cpu'

2026/01/09 00:22:57 - mmengine - INFO - Distributed training is not used, all SyncBatchNorm (SyncBN) layers in the model will be automatically reverted to BatchNormXd layers if they are used.
2026/01/09 00:22:57 - mmengine - INFO - Hooks will be executed in the following order:
before_run:
(VERY_HIGH   ) RuntimeInfoHook                    
(BELOW_NORMAL) LoggerHook                         
 -------------------- 
before_train:
(VERY_HIGH   ) RuntimeInfoHook                    
(NORMAL      ) IterTimerHook                      
(VERY_LOW    ) CheckpointHook                     
 -------------------- 
before_train_epoch:
(VERY_HIGH   ) RuntimeInfoHook                    
(NORMAL      ) IterTimerHook                      
(NORMAL      ) DistSamplerSeedHook                
 -------------------- 
before_train_iter:
(VERY_HIGH   ) RuntimeInfoHook                    
(NORMAL      ) IterTimerHook                      
 -------------------- 
after_train_iter:
(VERY_HIGH   ) RuntimeInfoHook                    
(NORMAL      ) IterTimerHook                      
(BELOW_NORMAL) LoggerHook                         
(LOW         ) ParamSchedulerHook                 
(VERY_LOW    ) CheckpointHook                     
 -------------------- 
after_train_epoch:
(NORMAL      ) IterTimerHook                      
(NORMAL      ) SyncBuffersHook                    
(LOW         ) ParamSchedulerHook                 
(VERY_LOW    ) CheckpointHook                     
 -------------------- 
before_val:
(VERY_HIGH   ) RuntimeInfoHook                    
 -------------------- 
before_val_epoch:
(NORMAL      ) IterTimerHook                      
(NORMAL      ) SyncBuffersHook                    
 -------------------- 
before_val_iter:
(NORMAL      ) IterTimerHook                      
 -------------------- 
after_val_iter:
(NORMAL      ) IterTimerHook                      
(NORMAL      ) VisualizationHook                  
(BELOW_NORMAL) LoggerHook                         
 -------------------- 
after_val_epoch:
(VERY_HIGH   ) RuntimeInfoHook                    
(NORMAL      ) IterTimerHook                      
(BELOW_NORMAL) LoggerHook                         
(LOW         ) ParamSchedulerHook                 
(VERY_LOW    ) CheckpointHook                     
 -------------------- 
after_val:
(VERY_HIGH   ) RuntimeInfoHook                    
 -------------------- 
after_train:
(VERY_HIGH   ) RuntimeInfoHook                    
(VERY_LOW    ) CheckpointHook                     
 -------------------- 
before_test:
(VERY_HIGH   ) RuntimeInfoHook                    
 -------------------- 
before_test_epoch:
(NORMAL      ) IterTimerHook                      
 -------------------- 
before_test_iter:
(NORMAL      ) IterTimerHook                      
 -------------------- 
after_test_iter:
(NORMAL      ) IterTimerHook                      
(NORMAL      ) VisualizationHook                  
(BELOW_NORMAL) LoggerHook                         
 -------------------- 
after_test_epoch:
(VERY_HIGH   ) RuntimeInfoHook                    
(NORMAL      ) IterTimerHook                      
(BELOW_NORMAL) LoggerHook                         
 -------------------- 
after_test:
(VERY_HIGH   ) RuntimeInfoHook                    
 -------------------- 
after_run:
(BELOW_NORMAL) LoggerHook                         
 -------------------- 
Name of parameter - Initialization information

encoder.encoder.pope.patch_embed.0.conv.weight - torch.Size([64, 3, 3, 3]): 
The value is the same before and after calling `init_weights` of SVTR  

encoder.encoder.pope.patch_embed.0.norm.weight - torch.Size([64]): 
The value is the same before and after calling `init_weights` of SVTR  

encoder.encoder.pope.patch_embed.0.norm.bias - torch.Size([64]): 
The value is the same before and after calling `init_weights` of SVTR  

encoder.encoder.pope.patch_embed.1.conv.weight - torch.Size([128, 64, 3, 3]): 
The value is the same before and after calling `init_weights` of SVTR  

encoder.encoder.pope.patch_embed.1.norm.weight - torch.Size([128]): 
The value is the same before and after calling `init_weights` of SVTR  

encoder.encoder.pope.patch_embed.1.norm.bias - torch.Size([128]): 
The value is the same before and after calling `init_weights` of SVTR  

encoder.encoder.stages.0.blocks.0.norm1.weight - torch.Size([128]): 
The value is the same before and after calling `init_weights` of SVTR  

encoder.encoder.stages.0.blocks.0.norm1.bias - torch.Size([128]): 
The value is the same before and after calling `init_weights` of SVTR  

encoder.encoder.stages.0.blocks.0.mixer.0.weight - torch.Size([128, 32, 3, 3]): 
The value is the same before and after calling `init_weights` of SVTR  

encoder.encoder.stages.0.blocks.0.mixer.0.bias - torch.Size([128]): 
The value is the same before and after calling `init_weights` of SVTR  

encoder.encoder.stages.0.blocks.0.mixer.1.weight - torch.Size([128, 32, 3, 3]): 
The value is the same before and after calling `init_weights` of SVTR  

encoder.encoder.stages.0.blocks.0.mixer.1.bias - torch.Size([128]): 
The value is the same before and after calling `init_weights` of SVTR  

encoder.encoder.stages.0.blocks.0.norm2.weight - torch.Size([128]): 
The value is the same before and after calling `init_weights` of SVTR  

encoder.encoder.stages.0.blocks.0.norm2.bias - torch.Size([128]): 
The value is the same before and after calling `init_weights` of SVTR  

encoder.encoder.stages.0.blocks.0.mlp.fc1.weight - torch.Size([512, 128]): 
The value is the same before and after calling `init_weights` of SVTR  

encoder.encoder.stages.0.blocks.0.mlp.fc1.bias - torch.Size([512]): 
The value is the same before and after calling `init_weights` of SVTR  

encoder.encoder.stages.0.blocks.0.mlp.fc2.weight - torch.Size([128, 512]): 
The value is the same before and after calling `init_weights` of SVTR  

encoder.encoder.stages.0.blocks.0.mlp.fc2.bias - torch.Size([128]): 
The value is the same before and after calling `init_weights` of SVTR  

encoder.encoder.stages.0.blocks.1.norm1.weight - torch.Size([128]): 
The value is the same before and after calling `init_weights` of SVTR  

encoder.encoder.stages.0.blocks.1.norm1.bias - torch.Size([128]): 
The value is the same before and after calling `init_weights` of SVTR  

encoder.encoder.stages.0.blocks.1.mixer.0.weight - torch.Size([128, 32, 3, 3]): 
The value is the same before and after calling `init_weights` of SVTR  

encoder.encoder.stages.0.blocks.1.mixer.0.bias - torch.Size([128]): 
The value is the same before and after calling `init_weights` of SVTR  

encoder.encoder.stages.0.blocks.1.mixer.1.weight - torch.Size([128, 32, 3, 3]): 
The value is the same before and after calling `init_weights` of SVTR  

encoder.encoder.stages.0.blocks.1.mixer.1.bias - torch.Size([128]): 
The value is the same before and after calling `init_weights` of SVTR  

encoder.encoder.stages.0.blocks.1.norm2.weight - torch.Size([128]): 
The value is the same before and after calling `init_weights` of SVTR  

encoder.encoder.stages.0.blocks.1.norm2.bias - torch.Size([128]): 
The value is the same before and after calling `init_weights` of SVTR  

encoder.encoder.stages.0.blocks.1.mlp.fc1.weight - torch.Size([512, 128]): 
The value is the same before and after calling `init_weights` of SVTR  

encoder.encoder.stages.0.blocks.1.mlp.fc1.bias - torch.Size([512]): 
The value is the same before and after calling `init_weights` of SVTR  

encoder.encoder.stages.0.blocks.1.mlp.fc2.weight - torch.Size([128, 512]): 
The value is the same before and after calling `init_weights` of SVTR  

encoder.encoder.stages.0.blocks.1.mlp.fc2.bias - torch.Size([128]): 
The value is the same before and after calling `init_weights` of SVTR  

encoder.encoder.stages.0.blocks.2.norm1.weight - torch.Size([128]): 
The value is the same before and after calling `init_weights` of SVTR  

encoder.encoder.stages.0.blocks.2.norm1.bias - torch.Size([128]): 
The value is the same before and after calling `init_weights` of SVTR  

encoder.encoder.stages.0.blocks.2.mixer.0.weight - torch.Size([128, 32, 3, 3]): 
The value is the same before and after calling `init_weights` of SVTR  

encoder.encoder.stages.0.blocks.2.mixer.0.bias - torch.Size([128]): 
The value is the same before and after calling `init_weights` of SVTR  

encoder.encoder.stages.0.blocks.2.mixer.1.weight - torch.Size([128, 32, 3, 3]): 
The value is the same before and after calling `init_weights` of SVTR  

encoder.encoder.stages.0.blocks.2.mixer.1.bias - torch.Size([128]): 
The value is the same before and after calling `init_weights` of SVTR  

encoder.encoder.stages.0.blocks.2.norm2.weight - torch.Size([128]): 
The value is the same before and after calling `init_weights` of SVTR  

encoder.encoder.stages.0.blocks.2.norm2.bias - torch.Size([128]): 
The value is the same before and after calling `init_weights` of SVTR  

encoder.encoder.stages.0.blocks.2.mlp.fc1.weight - torch.Size([512, 128]): 
The value is the same before and after calling `init_weights` of SVTR  

encoder.encoder.stages.0.blocks.2.mlp.fc1.bias - torch.Size([512]): 
The value is the same before and after calling `init_weights` of SVTR  

encoder.encoder.stages.0.blocks.2.mlp.fc2.weight - torch.Size([128, 512]): 
The value is the same before and after calling `init_weights` of SVTR  

encoder.encoder.stages.0.blocks.2.mlp.fc2.bias - torch.Size([128]): 
The value is the same before and after calling `init_weights` of SVTR  

encoder.encoder.stages.0.blocks.3.norm1.weight - torch.Size([128]): 
The value is the same before and after calling `init_weights` of SVTR  

encoder.encoder.stages.0.blocks.3.norm1.bias - torch.Size([128]): 
The value is the same before and after calling `init_weights` of SVTR  

encoder.encoder.stages.0.blocks.3.mixer.0.weight - torch.Size([128, 32, 3, 3]): 
The value is the same before and after calling `init_weights` of SVTR  

encoder.encoder.stages.0.blocks.3.mixer.0.bias - torch.Size([128]): 
The value is the same before and after calling `init_weights` of SVTR  

encoder.encoder.stages.0.blocks.3.mixer.1.weight - torch.Size([128, 32, 3, 3]): 
The value is the same before and after calling `init_weights` of SVTR  

encoder.encoder.stages.0.blocks.3.mixer.1.bias - torch.Size([128]): 
The value is the same before and after calling `init_weights` of SVTR  

encoder.encoder.stages.0.blocks.3.norm2.weight - torch.Size([128]): 
The value is the same before and after calling `init_weights` of SVTR  

encoder.encoder.stages.0.blocks.3.norm2.bias - torch.Size([128]): 
The value is the same before and after calling `init_weights` of SVTR  

encoder.encoder.stages.0.blocks.3.mlp.fc1.weight - torch.Size([512, 128]): 
The value is the same before and after calling `init_weights` of SVTR  

encoder.encoder.stages.0.blocks.3.mlp.fc1.bias - torch.Size([512]): 
The value is the same before and after calling `init_weights` of SVTR  

encoder.encoder.stages.0.blocks.3.mlp.fc2.weight - torch.Size([128, 512]): 
The value is the same before and after calling `init_weights` of SVTR  

encoder.encoder.stages.0.blocks.3.mlp.fc2.bias - torch.Size([128]): 
The value is the same before and after calling `init_weights` of SVTR  

encoder.encoder.stages.0.blocks.4.norm1.weight - torch.Size([128]): 
The value is the same before and after calling `init_weights` of SVTR  

encoder.encoder.stages.0.blocks.4.norm1.bias - torch.Size([128]): 
The value is the same before and after calling `init_weights` of SVTR  

encoder.encoder.stages.0.blocks.4.mixer.0.weight - torch.Size([128, 32, 3, 3]): 
The value is the same before and after calling `init_weights` of SVTR  

encoder.encoder.stages.0.blocks.4.mixer.0.bias - torch.Size([128]): 
The value is the same before and after calling `init_weights` of SVTR  

encoder.encoder.stages.0.blocks.4.mixer.1.weight - torch.Size([128, 32, 3, 3]): 
The value is the same before and after calling `init_weights` of SVTR  

encoder.encoder.stages.0.blocks.4.mixer.1.bias - torch.Size([128]): 
The value is the same before and after calling `init_weights` of SVTR  

encoder.encoder.stages.0.blocks.4.norm2.weight - torch.Size([128]): 
The value is the same before and after calling `init_weights` of SVTR  

encoder.encoder.stages.0.blocks.4.norm2.bias - torch.Size([128]): 
The value is the same before and after calling `init_weights` of SVTR  

encoder.encoder.stages.0.blocks.4.mlp.fc1.weight - torch.Size([512, 128]): 
The value is the same before and after calling `init_weights` of SVTR  

encoder.encoder.stages.0.blocks.4.mlp.fc1.bias - torch.Size([512]): 
The value is the same before and after calling `init_weights` of SVTR  

encoder.encoder.stages.0.blocks.4.mlp.fc2.weight - torch.Size([128, 512]): 
The value is the same before and after calling `init_weights` of SVTR  

encoder.encoder.stages.0.blocks.4.mlp.fc2.bias - torch.Size([128]): 
The value is the same before and after calling `init_weights` of SVTR  

encoder.encoder.stages.0.blocks.5.norm1.weight - torch.Size([128]): 
The value is the same before and after calling `init_weights` of SVTR  

encoder.encoder.stages.0.blocks.5.norm1.bias - torch.Size([128]): 
The value is the same before and after calling `init_weights` of SVTR  

encoder.encoder.stages.0.blocks.5.mixer.0.weight - torch.Size([128, 32, 3, 3]): 
The value is the same before and after calling `init_weights` of SVTR  

encoder.encoder.stages.0.blocks.5.mixer.0.bias - torch.Size([128]): 
The value is the same before and after calling `init_weights` of SVTR  

encoder.encoder.stages.0.blocks.5.mixer.1.weight - torch.Size([128, 32, 3, 3]): 
The value is the same before and after calling `init_weights` of SVTR  

encoder.encoder.stages.0.blocks.5.mixer.1.bias - torch.Size([128]): 
The value is the same before and after calling `init_weights` of SVTR  

encoder.encoder.stages.0.blocks.5.norm2.weight - torch.Size([128]): 
The value is the same before and after calling `init_weights` of SVTR  

encoder.encoder.stages.0.blocks.5.norm2.bias - torch.Size([128]): 
The value is the same before and after calling `init_weights` of SVTR  

encoder.encoder.stages.0.blocks.5.mlp.fc1.weight - torch.Size([512, 128]): 
The value is the same before and after calling `init_weights` of SVTR  

encoder.encoder.stages.0.blocks.5.mlp.fc1.bias - torch.Size([512]): 
The value is the same before and after calling `init_weights` of SVTR  

encoder.encoder.stages.0.blocks.5.mlp.fc2.weight - torch.Size([128, 512]): 
The value is the same before and after calling `init_weights` of SVTR  

encoder.encoder.stages.0.blocks.5.mlp.fc2.bias - torch.Size([128]): 
The value is the same before and after calling `init_weights` of SVTR  

encoder.encoder.stages.0.downsample.conv.weight - torch.Size([256, 128, 3, 3]): 
The value is the same before and after calling `init_weights` of SVTR  

encoder.encoder.stages.0.downsample.conv.bias - torch.Size([256]): 
The value is the same before and after calling `init_weights` of SVTR  

encoder.encoder.stages.0.downsample.norm.weight - torch.Size([256]): 
The value is the same before and after calling `init_weights` of SVTR  

encoder.encoder.stages.0.downsample.norm.bias - torch.Size([256]): 
The value is the same before and after calling `init_weights` of SVTR  

encoder.encoder.stages.1.blocks.0.norm1.weight - torch.Size([256]): 
The value is the same before and after calling `init_weights` of SVTR  

encoder.encoder.stages.1.blocks.0.norm1.bias - torch.Size([256]): 
The value is the same before and after calling `init_weights` of SVTR  

encoder.encoder.stages.1.blocks.0.mixer.0.weight - torch.Size([256, 32, 3, 3]): 
The value is the same before and after calling `init_weights` of SVTR  

encoder.encoder.stages.1.blocks.0.mixer.0.bias - torch.Size([256]): 
The value is the same before and after calling `init_weights` of SVTR  

encoder.encoder.stages.1.blocks.0.mixer.1.weight - torch.Size([256, 32, 3, 3]): 
The value is the same before and after calling `init_weights` of SVTR  

encoder.encoder.stages.1.blocks.0.mixer.1.bias - torch.Size([256]): 
The value is the same before and after calling `init_weights` of SVTR  

encoder.encoder.stages.1.blocks.0.norm2.weight - torch.Size([256]): 
The value is the same before and after calling `init_weights` of SVTR  

encoder.encoder.stages.1.blocks.0.norm2.bias - torch.Size([256]): 
The value is the same before and after calling `init_weights` of SVTR  

encoder.encoder.stages.1.blocks.0.mlp.fc1.weight - torch.Size([1024, 256]): 
The value is the same before and after calling `init_weights` of SVTR  

encoder.encoder.stages.1.blocks.0.mlp.fc1.bias - torch.Size([1024]): 
The value is the same before and after calling `init_weights` of SVTR  

encoder.encoder.stages.1.blocks.0.mlp.fc2.weight - torch.Size([256, 1024]): 
The value is the same before and after calling `init_weights` of SVTR  

encoder.encoder.stages.1.blocks.0.mlp.fc2.bias - torch.Size([256]): 
The value is the same before and after calling `init_weights` of SVTR  

encoder.encoder.stages.1.blocks.1.norm1.weight - torch.Size([256]): 
The value is the same before and after calling `init_weights` of SVTR  

encoder.encoder.stages.1.blocks.1.norm1.bias - torch.Size([256]): 
The value is the same before and after calling `init_weights` of SVTR  

encoder.encoder.stages.1.blocks.1.mixer.0.weight - torch.Size([256, 32, 3, 3]): 
The value is the same before and after calling `init_weights` of SVTR  

encoder.encoder.stages.1.blocks.1.mixer.0.bias - torch.Size([256]): 
The value is the same before and after calling `init_weights` of SVTR  

encoder.encoder.stages.1.blocks.1.mixer.1.weight - torch.Size([256, 32, 3, 3]): 
The value is the same before and after calling `init_weights` of SVTR  

encoder.encoder.stages.1.blocks.1.mixer.1.bias - torch.Size([256]): 
The value is the same before and after calling `init_weights` of SVTR  

encoder.encoder.stages.1.blocks.1.norm2.weight - torch.Size([256]): 
The value is the same before and after calling `init_weights` of SVTR  

encoder.encoder.stages.1.blocks.1.norm2.bias - torch.Size([256]): 
The value is the same before and after calling `init_weights` of SVTR  

encoder.encoder.stages.1.blocks.1.mlp.fc1.weight - torch.Size([1024, 256]): 
The value is the same before and after calling `init_weights` of SVTR  

encoder.encoder.stages.1.blocks.1.mlp.fc1.bias - torch.Size([1024]): 
The value is the same before and after calling `init_weights` of SVTR  

encoder.encoder.stages.1.blocks.1.mlp.fc2.weight - torch.Size([256, 1024]): 
The value is the same before and after calling `init_weights` of SVTR  

encoder.encoder.stages.1.blocks.1.mlp.fc2.bias - torch.Size([256]): 
The value is the same before and after calling `init_weights` of SVTR  

encoder.encoder.stages.1.blocks.3.norm1.weight - torch.Size([256]): 
The value is the same before and after calling `init_weights` of SVTR  

encoder.encoder.stages.1.blocks.3.norm1.bias - torch.Size([256]): 
The value is the same before and after calling `init_weights` of SVTR  

encoder.encoder.stages.1.blocks.3.mixer.qkv.weight - torch.Size([768, 256]): 
The value is the same before and after calling `init_weights` of SVTR  

encoder.encoder.stages.1.blocks.3.mixer.qkv.bias - torch.Size([768]): 
The value is the same before and after calling `init_weights` of SVTR  

encoder.encoder.stages.1.blocks.3.mixer.proj.weight - torch.Size([256, 256]): 
The value is the same before and after calling `init_weights` of SVTR  

encoder.encoder.stages.1.blocks.3.mixer.proj.bias - torch.Size([256]): 
The value is the same before and after calling `init_weights` of SVTR  

encoder.encoder.stages.1.blocks.3.norm2.weight - torch.Size([256]): 
The value is the same before and after calling `init_weights` of SVTR  

encoder.encoder.stages.1.blocks.3.norm2.bias - torch.Size([256]): 
The value is the same before and after calling `init_weights` of SVTR  

encoder.encoder.stages.1.blocks.3.mlp.fc1.weight - torch.Size([1024, 256]): 
The value is the same before and after calling `init_weights` of SVTR  

encoder.encoder.stages.1.blocks.3.mlp.fc1.bias - torch.Size([1024]): 
The value is the same before and after calling `init_weights` of SVTR  

encoder.encoder.stages.1.blocks.3.mlp.fc2.weight - torch.Size([256, 1024]): 
The value is the same before and after calling `init_weights` of SVTR  

encoder.encoder.stages.1.blocks.3.mlp.fc2.bias - torch.Size([256]): 
The value is the same before and after calling `init_weights` of SVTR  

encoder.encoder.stages.1.blocks.4.norm1.weight - torch.Size([256]): 
The value is the same before and after calling `init_weights` of SVTR  

encoder.encoder.stages.1.blocks.4.norm1.bias - torch.Size([256]): 
The value is the same before and after calling `init_weights` of SVTR  

encoder.encoder.stages.1.blocks.4.mixer.qkv.weight - torch.Size([768, 256]): 
The value is the same before and after calling `init_weights` of SVTR  

encoder.encoder.stages.1.blocks.4.mixer.qkv.bias - torch.Size([768]): 
The value is the same before and after calling `init_weights` of SVTR  

encoder.encoder.stages.1.blocks.4.mixer.proj.weight - torch.Size([256, 256]): 
The value is the same before and after calling `init_weights` of SVTR  

encoder.encoder.stages.1.blocks.4.mixer.proj.bias - torch.Size([256]): 
The value is the same before and after calling `init_weights` of SVTR  

encoder.encoder.stages.1.blocks.4.norm2.weight - torch.Size([256]): 
The value is the same before and after calling `init_weights` of SVTR  

encoder.encoder.stages.1.blocks.4.norm2.bias - torch.Size([256]): 
The value is the same before and after calling `init_weights` of SVTR  

encoder.encoder.stages.1.blocks.4.mlp.fc1.weight - torch.Size([1024, 256]): 
The value is the same before and after calling `init_weights` of SVTR  

encoder.encoder.stages.1.blocks.4.mlp.fc1.bias - torch.Size([1024]): 
The value is the same before and after calling `init_weights` of SVTR  

encoder.encoder.stages.1.blocks.4.mlp.fc2.weight - torch.Size([256, 1024]): 
The value is the same before and after calling `init_weights` of SVTR  

encoder.encoder.stages.1.blocks.4.mlp.fc2.bias - torch.Size([256]): 
The value is the same before and after calling `init_weights` of SVTR  

encoder.encoder.stages.1.blocks.5.norm1.weight - torch.Size([256]): 
The value is the same before and after calling `init_weights` of SVTR  

encoder.encoder.stages.1.blocks.5.norm1.bias - torch.Size([256]): 
The value is the same before and after calling `init_weights` of SVTR  

encoder.encoder.stages.1.blocks.5.mixer.qkv.weight - torch.Size([768, 256]): 
The value is the same before and after calling `init_weights` of SVTR  

encoder.encoder.stages.1.blocks.5.mixer.qkv.bias - torch.Size([768]): 
The value is the same before and after calling `init_weights` of SVTR  

encoder.encoder.stages.1.blocks.5.mixer.proj.weight - torch.Size([256, 256]): 
The value is the same before and after calling `init_weights` of SVTR  

encoder.encoder.stages.1.blocks.5.mixer.proj.bias - torch.Size([256]): 
The value is the same before and after calling `init_weights` of SVTR  

encoder.encoder.stages.1.blocks.5.norm2.weight - torch.Size([256]): 
The value is the same before and after calling `init_weights` of SVTR  

encoder.encoder.stages.1.blocks.5.norm2.bias - torch.Size([256]): 
The value is the same before and after calling `init_weights` of SVTR  

encoder.encoder.stages.1.blocks.5.mlp.fc1.weight - torch.Size([1024, 256]): 
The value is the same before and after calling `init_weights` of SVTR  

encoder.encoder.stages.1.blocks.5.mlp.fc1.bias - torch.Size([1024]): 
The value is the same before and after calling `init_weights` of SVTR  

encoder.encoder.stages.1.blocks.5.mlp.fc2.weight - torch.Size([256, 1024]): 
The value is the same before and after calling `init_weights` of SVTR  

encoder.encoder.stages.1.blocks.5.mlp.fc2.bias - torch.Size([256]): 
The value is the same before and after calling `init_weights` of SVTR  

encoder.encoder.stages.1.blocks.6.norm1.weight - torch.Size([256]): 
The value is the same before and after calling `init_weights` of SVTR  

encoder.encoder.stages.1.blocks.6.norm1.bias - torch.Size([256]): 
The value is the same before and after calling `init_weights` of SVTR  

encoder.encoder.stages.1.blocks.6.mixer.qkv.weight - torch.Size([768, 256]): 
The value is the same before and after calling `init_weights` of SVTR  

encoder.encoder.stages.1.blocks.6.mixer.qkv.bias - torch.Size([768]): 
The value is the same before and after calling `init_weights` of SVTR  

encoder.encoder.stages.1.blocks.6.mixer.proj.weight - torch.Size([256, 256]): 
The value is the same before and after calling `init_weights` of SVTR  

encoder.encoder.stages.1.blocks.6.mixer.proj.bias - torch.Size([256]): 
The value is the same before and after calling `init_weights` of SVTR  

encoder.encoder.stages.1.blocks.6.norm2.weight - torch.Size([256]): 
The value is the same before and after calling `init_weights` of SVTR  

encoder.encoder.stages.1.blocks.6.norm2.bias - torch.Size([256]): 
The value is the same before and after calling `init_weights` of SVTR  

encoder.encoder.stages.1.blocks.6.mlp.fc1.weight - torch.Size([1024, 256]): 
The value is the same before and after calling `init_weights` of SVTR  

encoder.encoder.stages.1.blocks.6.mlp.fc1.bias - torch.Size([1024]): 
The value is the same before and after calling `init_weights` of SVTR  

encoder.encoder.stages.1.blocks.6.mlp.fc2.weight - torch.Size([256, 1024]): 
The value is the same before and after calling `init_weights` of SVTR  

encoder.encoder.stages.1.blocks.6.mlp.fc2.bias - torch.Size([256]): 
The value is the same before and after calling `init_weights` of SVTR  

encoder.encoder.stages.1.downsample.conv.weight - torch.Size([384, 256, 3, 3]): 
The value is the same before and after calling `init_weights` of SVTR  

encoder.encoder.stages.1.downsample.conv.bias - torch.Size([384]): 
The value is the same before and after calling `init_weights` of SVTR  

encoder.encoder.stages.1.downsample.norm.weight - torch.Size([384]): 
The value is the same before and after calling `init_weights` of SVTR  

encoder.encoder.stages.1.downsample.norm.bias - torch.Size([384]): 
The value is the same before and after calling `init_weights` of SVTR  

encoder.encoder.stages.2.blocks.0.norm1.weight - torch.Size([384]): 
The value is the same before and after calling `init_weights` of SVTR  

encoder.encoder.stages.2.blocks.0.norm1.bias - torch.Size([384]): 
The value is the same before and after calling `init_weights` of SVTR  

encoder.encoder.stages.2.blocks.0.mixer.qkv.weight - torch.Size([1152, 384]): 
The value is the same before and after calling `init_weights` of SVTR  

encoder.encoder.stages.2.blocks.0.mixer.qkv.bias - torch.Size([1152]): 
The value is the same before and after calling `init_weights` of SVTR  

encoder.encoder.stages.2.blocks.0.mixer.proj.weight - torch.Size([384, 384]): 
The value is the same before and after calling `init_weights` of SVTR  

encoder.encoder.stages.2.blocks.0.mixer.proj.bias - torch.Size([384]): 
The value is the same before and after calling `init_weights` of SVTR  

encoder.encoder.stages.2.blocks.0.norm2.weight - torch.Size([384]): 
The value is the same before and after calling `init_weights` of SVTR  

encoder.encoder.stages.2.blocks.0.norm2.bias - torch.Size([384]): 
The value is the same before and after calling `init_weights` of SVTR  

encoder.encoder.stages.2.blocks.0.mlp.fc1.weight - torch.Size([1536, 384]): 
The value is the same before and after calling `init_weights` of SVTR  

encoder.encoder.stages.2.blocks.0.mlp.fc1.bias - torch.Size([1536]): 
The value is the same before and after calling `init_weights` of SVTR  

encoder.encoder.stages.2.blocks.0.mlp.fc2.weight - torch.Size([384, 1536]): 
The value is the same before and after calling `init_weights` of SVTR  

encoder.encoder.stages.2.blocks.0.mlp.fc2.bias - torch.Size([384]): 
The value is the same before and after calling `init_weights` of SVTR  

encoder.encoder.stages.2.blocks.1.norm1.weight - torch.Size([384]): 
The value is the same before and after calling `init_weights` of SVTR  

encoder.encoder.stages.2.blocks.1.norm1.bias - torch.Size([384]): 
The value is the same before and after calling `init_weights` of SVTR  

encoder.encoder.stages.2.blocks.1.mixer.qkv.weight - torch.Size([1152, 384]): 
The value is the same before and after calling `init_weights` of SVTR  

encoder.encoder.stages.2.blocks.1.mixer.qkv.bias - torch.Size([1152]): 
The value is the same before and after calling `init_weights` of SVTR  

encoder.encoder.stages.2.blocks.1.mixer.proj.weight - torch.Size([384, 384]): 
The value is the same before and after calling `init_weights` of SVTR  

encoder.encoder.stages.2.blocks.1.mixer.proj.bias - torch.Size([384]): 
The value is the same before and after calling `init_weights` of SVTR  

encoder.encoder.stages.2.blocks.1.norm2.weight - torch.Size([384]): 
The value is the same before and after calling `init_weights` of SVTR  

encoder.encoder.stages.2.blocks.1.norm2.bias - torch.Size([384]): 
The value is the same before and after calling `init_weights` of SVTR  

encoder.encoder.stages.2.blocks.1.mlp.fc1.weight - torch.Size([1536, 384]): 
The value is the same before and after calling `init_weights` of SVTR  

encoder.encoder.stages.2.blocks.1.mlp.fc1.bias - torch.Size([1536]): 
The value is the same before and after calling `init_weights` of SVTR  

encoder.encoder.stages.2.blocks.1.mlp.fc2.weight - torch.Size([384, 1536]): 
The value is the same before and after calling `init_weights` of SVTR  

encoder.encoder.stages.2.blocks.1.mlp.fc2.bias - torch.Size([384]): 
The value is the same before and after calling `init_weights` of SVTR  

encoder.encoder.stages.2.blocks.2.norm1.weight - torch.Size([384]): 
The value is the same before and after calling `init_weights` of SVTR  

encoder.encoder.stages.2.blocks.2.norm1.bias - torch.Size([384]): 
The value is the same before and after calling `init_weights` of SVTR  

encoder.encoder.stages.2.blocks.2.mixer.qkv.weight - torch.Size([1152, 384]): 
The value is the same before and after calling `init_weights` of SVTR  

encoder.encoder.stages.2.blocks.2.mixer.qkv.bias - torch.Size([1152]): 
The value is the same before and after calling `init_weights` of SVTR  

encoder.encoder.stages.2.blocks.2.mixer.proj.weight - torch.Size([384, 384]): 
The value is the same before and after calling `init_weights` of SVTR  

encoder.encoder.stages.2.blocks.2.mixer.proj.bias - torch.Size([384]): 
The value is the same before and after calling `init_weights` of SVTR  

encoder.encoder.stages.2.blocks.2.norm2.weight - torch.Size([384]): 
The value is the same before and after calling `init_weights` of SVTR  

encoder.encoder.stages.2.blocks.2.norm2.bias - torch.Size([384]): 
The value is the same before and after calling `init_weights` of SVTR  

encoder.encoder.stages.2.blocks.2.mlp.fc1.weight - torch.Size([1536, 384]): 
The value is the same before and after calling `init_weights` of SVTR  

encoder.encoder.stages.2.blocks.2.mlp.fc1.bias - torch.Size([1536]): 
The value is the same before and after calling `init_weights` of SVTR  

encoder.encoder.stages.2.blocks.2.mlp.fc2.weight - torch.Size([384, 1536]): 
The value is the same before and after calling `init_weights` of SVTR  

encoder.encoder.stages.2.blocks.2.mlp.fc2.bias - torch.Size([384]): 
The value is the same before and after calling `init_weights` of SVTR  

encoder.encoder.stages.2.blocks.3.norm1.weight - torch.Size([384]): 
The value is the same before and after calling `init_weights` of SVTR  

encoder.encoder.stages.2.blocks.3.norm1.bias - torch.Size([384]): 
The value is the same before and after calling `init_weights` of SVTR  

encoder.encoder.stages.2.blocks.3.mixer.qkv.weight - torch.Size([1152, 384]): 
The value is the same before and after calling `init_weights` of SVTR  

encoder.encoder.stages.2.blocks.3.mixer.qkv.bias - torch.Size([1152]): 
The value is the same before and after calling `init_weights` of SVTR  

encoder.encoder.stages.2.blocks.3.mixer.proj.weight - torch.Size([384, 384]): 
The value is the same before and after calling `init_weights` of SVTR  

encoder.encoder.stages.2.blocks.3.mixer.proj.bias - torch.Size([384]): 
The value is the same before and after calling `init_weights` of SVTR  

encoder.encoder.stages.2.blocks.3.norm2.weight - torch.Size([384]): 
The value is the same before and after calling `init_weights` of SVTR  

encoder.encoder.stages.2.blocks.3.norm2.bias - torch.Size([384]): 
The value is the same before and after calling `init_weights` of SVTR  

encoder.encoder.stages.2.blocks.3.mlp.fc1.weight - torch.Size([1536, 384]): 
The value is the same before and after calling `init_weights` of SVTR  

encoder.encoder.stages.2.blocks.3.mlp.fc1.bias - torch.Size([1536]): 
The value is the same before and after calling `init_weights` of SVTR  

encoder.encoder.stages.2.blocks.3.mlp.fc2.weight - torch.Size([384, 1536]): 
The value is the same before and after calling `init_weights` of SVTR  

encoder.encoder.stages.2.blocks.3.mlp.fc2.bias - torch.Size([384]): 
The value is the same before and after calling `init_weights` of SVTR  

encoder.encoder.stages.2.blocks.4.norm1.weight - torch.Size([384]): 
The value is the same before and after calling `init_weights` of SVTR  

encoder.encoder.stages.2.blocks.4.norm1.bias - torch.Size([384]): 
The value is the same before and after calling `init_weights` of SVTR  

encoder.encoder.stages.2.blocks.4.mixer.qkv.weight - torch.Size([1152, 384]): 
The value is the same before and after calling `init_weights` of SVTR  

encoder.encoder.stages.2.blocks.4.mixer.qkv.bias - torch.Size([1152]): 
The value is the same before and after calling `init_weights` of SVTR  

encoder.encoder.stages.2.blocks.4.mixer.proj.weight - torch.Size([384, 384]): 
The value is the same before and after calling `init_weights` of SVTR  

encoder.encoder.stages.2.blocks.4.mixer.proj.bias - torch.Size([384]): 
The value is the same before and after calling `init_weights` of SVTR  

encoder.encoder.stages.2.blocks.4.norm2.weight - torch.Size([384]): 
The value is the same before and after calling `init_weights` of SVTR  

encoder.encoder.stages.2.blocks.4.norm2.bias - torch.Size([384]): 
The value is the same before and after calling `init_weights` of SVTR  

encoder.encoder.stages.2.blocks.4.mlp.fc1.weight - torch.Size([1536, 384]): 
The value is the same before and after calling `init_weights` of SVTR  

encoder.encoder.stages.2.blocks.4.mlp.fc1.bias - torch.Size([1536]): 
The value is the same before and after calling `init_weights` of SVTR  

encoder.encoder.stages.2.blocks.4.mlp.fc2.weight - torch.Size([384, 1536]): 
The value is the same before and after calling `init_weights` of SVTR  

encoder.encoder.stages.2.blocks.4.mlp.fc2.bias - torch.Size([384]): 
The value is the same before and after calling `init_weights` of SVTR  

encoder.encoder.stages.2.blocks.5.norm1.weight - torch.Size([384]): 
The value is the same before and after calling `init_weights` of SVTR  

encoder.encoder.stages.2.blocks.5.norm1.bias - torch.Size([384]): 
The value is the same before and after calling `init_weights` of SVTR  

encoder.encoder.stages.2.blocks.5.mixer.qkv.weight - torch.Size([1152, 384]): 
The value is the same before and after calling `init_weights` of SVTR  

encoder.encoder.stages.2.blocks.5.mixer.qkv.bias - torch.Size([1152]): 
The value is the same before and after calling `init_weights` of SVTR  

encoder.encoder.stages.2.blocks.5.mixer.proj.weight - torch.Size([384, 384]): 
The value is the same before and after calling `init_weights` of SVTR  

encoder.encoder.stages.2.blocks.5.mixer.proj.bias - torch.Size([384]): 
The value is the same before and after calling `init_weights` of SVTR  

encoder.encoder.stages.2.blocks.5.norm2.weight - torch.Size([384]): 
The value is the same before and after calling `init_weights` of SVTR  

encoder.encoder.stages.2.blocks.5.norm2.bias - torch.Size([384]): 
The value is the same before and after calling `init_weights` of SVTR  

encoder.encoder.stages.2.blocks.5.mlp.fc1.weight - torch.Size([1536, 384]): 
The value is the same before and after calling `init_weights` of SVTR  

encoder.encoder.stages.2.blocks.5.mlp.fc1.bias - torch.Size([1536]): 
The value is the same before and after calling `init_weights` of SVTR  

encoder.encoder.stages.2.blocks.5.mlp.fc2.weight - torch.Size([384, 1536]): 
The value is the same before and after calling `init_weights` of SVTR  

encoder.encoder.stages.2.blocks.5.mlp.fc2.bias - torch.Size([384]): 
The value is the same before and after calling `init_weights` of SVTR  

decoder.ctc_head.weight - torch.Size([5885, 384]): 
The value is the same before and after calling `init_weights` of SVTR  

decoder.ctc_head.bias - torch.Size([5885]): 
The value is the same before and after calling `init_weights` of SVTR  

decoder.frm.char_token - torch.Size([1, 1, 384]): 
The value is the same before and after calling `init_weights` of SVTR  

decoder.frm.fc_kv.weight - torch.Size([768, 384]): 
The value is the same before and after calling `init_weights` of SVTR  

decoder.frm.fc_kv.bias - torch.Size([768]): 
The value is the same before and after calling `init_weights` of SVTR  

decoder.frm.w_atten_block.norm1.weight - torch.Size([384]): 
The value is the same before and after calling `init_weights` of SVTR  

decoder.frm.w_atten_block.norm1.bias - torch.Size([384]): 
The value is the same before and after calling `init_weights` of SVTR  

decoder.frm.w_atten_block.attn.qkv.weight - torch.Size([1152, 384]): 
The value is the same before and after calling `init_weights` of SVTR  

decoder.frm.w_atten_block.attn.proj.weight - torch.Size([384, 384]): 
The value is the same before and after calling `init_weights` of SVTR  

decoder.frm.w_atten_block.attn.proj.bias - torch.Size([384]): 
The value is the same before and after calling `init_weights` of SVTR  

decoder.frm.w_atten_block.norm2.weight - torch.Size([384]): 
The value is the same before and after calling `init_weights` of SVTR  

decoder.frm.w_atten_block.norm2.bias - torch.Size([384]): 
The value is the same before and after calling `init_weights` of SVTR  

decoder.frm.w_atten_block.mlp.fc1.weight - torch.Size([1536, 384]): 
The value is the same before and after calling `init_weights` of SVTR  

decoder.frm.w_atten_block.mlp.fc1.bias - torch.Size([1536]): 
The value is the same before and after calling `init_weights` of SVTR  

decoder.frm.w_atten_block.mlp.fc2.weight - torch.Size([384, 1536]): 
The value is the same before and after calling `init_weights` of SVTR  

decoder.frm.w_atten_block.mlp.fc2.bias - torch.Size([384]): 
The value is the same before and after calling `init_weights` of SVTR  

decoder.sgm.next_token - torch.Size([1, 1, 384]): 
The value is the same before and after calling `init_weights` of SVTR  

decoder.sgm.pre_token - torch.Size([1, 1, 384]): 
The value is the same before and after calling `init_weights` of SVTR  

decoder.sgm.prompt_next_embed - torch.Size([1, 1, 6, 384]): 
The value is the same before and after calling `init_weights` of SVTR  

decoder.sgm.prompt_pre_embed - torch.Size([1, 1, 6, 384]): 
The value is the same before and after calling `init_weights` of SVTR  

decoder.sgm.char_embed.embedding.weight - torch.Size([5885, 384]): 
The value is the same before and after calling `init_weights` of SVTR  

decoder.sgm.cmff_decoder.0.normq1.weight - torch.Size([384]): 
The value is the same before and after calling `init_weights` of SVTR  

decoder.sgm.cmff_decoder.0.normq1.bias - torch.Size([384]): 
The value is the same before and after calling `init_weights` of SVTR  

decoder.sgm.cmff_decoder.0.normkv1.weight - torch.Size([384]): 
The value is the same before and after calling `init_weights` of SVTR  

decoder.sgm.cmff_decoder.0.normkv1.bias - torch.Size([384]): 
The value is the same before and after calling `init_weights` of SVTR  

decoder.sgm.cmff_decoder.0.images_to_question_cross_attn.q.weight - torch.Size([384, 384]): 
The value is the same before and after calling `init_weights` of SVTR  

decoder.sgm.cmff_decoder.0.images_to_question_cross_attn.kv.weight - torch.Size([768, 384]): 
The value is the same before and after calling `init_weights` of SVTR  

decoder.sgm.cmff_decoder.0.images_to_question_cross_attn.proj.weight - torch.Size([384, 384]): 
The value is the same before and after calling `init_weights` of SVTR  

decoder.sgm.cmff_decoder.0.images_to_question_cross_attn.proj.bias - torch.Size([384]): 
The value is the same before and after calling `init_weights` of SVTR  

decoder.sgm.cmff_decoder.0.normq2.weight - torch.Size([384]): 
The value is the same before and after calling `init_weights` of SVTR  

decoder.sgm.cmff_decoder.0.normq2.bias - torch.Size([384]): 
The value is the same before and after calling `init_weights` of SVTR  

decoder.sgm.cmff_decoder.0.normkv2.weight - torch.Size([384]): 
The value is the same before and after calling `init_weights` of SVTR  

decoder.sgm.cmff_decoder.0.normkv2.bias - torch.Size([384]): 
The value is the same before and after calling `init_weights` of SVTR  

decoder.sgm.cmff_decoder.0.question_to_images_cross_attn.q.weight - torch.Size([384, 384]): 
The value is the same before and after calling `init_weights` of SVTR  

decoder.sgm.cmff_decoder.0.question_to_images_cross_attn.kv.weight - torch.Size([768, 384]): 
The value is the same before and after calling `init_weights` of SVTR  

decoder.sgm.cmff_decoder.0.question_to_images_cross_attn.proj.weight - torch.Size([384, 384]): 
The value is the same before and after calling `init_weights` of SVTR  

decoder.sgm.cmff_decoder.0.question_to_images_cross_attn.proj.bias - torch.Size([384]): 
The value is the same before and after calling `init_weights` of SVTR  

decoder.sgm.norm_pred.weight - torch.Size([384]): 
The value is the same before and after calling `init_weights` of SVTR  

decoder.sgm.norm_pred.bias - torch.Size([384]): 
The value is the same before and after calling `init_weights` of SVTR  

decoder.sgm.ques_head.weight - torch.Size([5885, 384]): 
The value is the same before and after calling `init_weights` of SVTR  

decoder.sgm.ques_head.bias - torch.Size([5885]): 
The value is the same before and after calling `init_weights` of SVTR  
2026/01/09 00:23:03 - mmengine - WARNING - "FileClient" will be deprecated in future. Please use io functions in https://mmengine.readthedocs.io/en/latest/api/fileio.html#file-io
2026/01/09 00:23:03 - mmengine - WARNING - "HardDiskBackend" is the alias of "LocalBackend" and the former will be deprecated in future.
2026/01/09 00:23:03 - mmengine - INFO - Checkpoints will be saved to /root/lanyun-tmp/mmocr/work_dirs/audit_smoke/svtrv2_baseline_cpu.
2026/01/09 00:23:11 - mmengine - INFO - Epoch(train) [1][1/5]  lr: 1.2500e-04  eta: 0:00:30  time: 7.6979  data_time: 0.0809  loss: 260.8175  loss_ctc: 260.8175
2026/01/09 00:23:18 - mmengine - INFO - Epoch(train) [1][2/5]  lr: 1.3889e-04  eta: 0:00:21  time: 7.2433  data_time: 0.0795  loss: 262.5778  loss_ctc: 262.5778
2026/01/09 00:23:25 - mmengine - INFO - Epoch(train) [1][3/5]  lr: 1.5278e-04  eta: 0:00:14  time: 7.0957  data_time: 0.2944  loss: 196.1055  loss_ctc: 196.1055
2026/01/09 00:23:30 - mmengine - INFO - Epoch(train) [1][4/5]  lr: 1.6667e-04  eta: 0:00:06  time: 6.7273  data_time: 0.2448  loss: 150.8289  loss_ctc: 150.8289
2026/01/09 00:23:36 - mmengine - INFO - Exp name: svtrv2-large_fudan_scene_baseline_20260109_002254
2026/01/09 00:23:36 - mmengine - INFO - Epoch(train) [1][5/5]  lr: 1.8056e-04  eta: 0:00:00  time: 6.4792  data_time: 0.2131  loss: 123.2273  loss_ctc: 123.2273
2026/01/09 00:23:36 - mmengine - INFO - Saving checkpoint at 1 epochs
2026/01/09 00:23:39 - mmengine - INFO - Epoch(val) [1][1/2]    eta: 0:00:01  time: 1.4226  data_time: 0.0081  
2026/01/09 00:23:40 - mmengine - INFO - Epoch(val) [1][2/2]    eta: 0:00:00  time: 1.2257  data_time: 0.0055  
2026/01/09 00:23:40 - mmengine - INFO - Epoch(val) [1][2/2]    Fudan/recog/word_acc: 0.0000  Fudan/recog/1-N.E.D: 0.0000  data_time: 0.0055  time: 1.2257
2026/01/09 00:23:42 - mmengine - INFO - The best checkpoint with 0.0000 Fudan/recog/word_acc at 1 epoch is saved to best_Fudan_recog_word_acc_epoch_1.pth.
