2026/01/10 18:11:31 - mmengine - INFO - 
------------------------------------------------------------
System environment:
    sys.platform: linux
    Python: 3.8.20 (default, Oct  3 2024, 15:24:27) [GCC 11.2.0]
    CUDA available: True
    MUSA available: False
    numpy_random_seed: 3407
    GPU 0,1: NVIDIA GeForce RTX 3090
    CUDA_HOME: /usr/local/cuda
    NVCC: Cuda compilation tools, release 11.1, V11.1.105
    GCC: gcc (Ubuntu 9.4.0-1ubuntu1~20.04.2) 9.4.0
    PyTorch: 1.10.2+cu111
    PyTorch compiling details: PyTorch built with:
  - GCC 7.3
  - C++ Version: 201402
  - Intel(R) Math Kernel Library Version 2020.0.0 Product Build 20191122 for Intel(R) 64 architecture applications
  - Intel(R) MKL-DNN v2.2.3 (Git Hash 7336ca9f055cf1bfa13efb658fe15dc9b41f0740)
  - OpenMP 201511 (a.k.a. OpenMP 4.5)
  - LAPACK is enabled (usually provided by MKL)
  - NNPACK is enabled
  - CPU capability usage: AVX2
  - CUDA Runtime 11.1
  - NVCC architecture flags: -gencode;arch=compute_37,code=sm_37;-gencode;arch=compute_50,code=sm_50;-gencode;arch=compute_60,code=sm_60;-gencode;arch=compute_70,code=sm_70;-gencode;arch=compute_75,code=sm_75;-gencode;arch=compute_80,code=sm_80;-gencode;arch=compute_86,code=sm_86
  - CuDNN 8.0.5
  - Magma 2.5.2
  - Build settings: BLAS_INFO=mkl, BUILD_TYPE=Release, CUDA_VERSION=11.1, CUDNN_VERSION=8.0.5, CXX_COMPILER=/opt/rh/devtoolset-7/root/usr/bin/c++, CXX_FLAGS= -Wno-deprecated -fvisibility-inlines-hidden -DUSE_PTHREADPOOL -fopenmp -DNDEBUG -DUSE_KINETO -DUSE_FBGEMM -DUSE_QNNPACK -DUSE_PYTORCH_QNNPACK -DUSE_XNNPACK -DSYMBOLICATE_MOBILE_DEBUG_HANDLE -DEDGE_PROFILER_USE_KINETO -O2 -fPIC -Wno-narrowing -Wall -Wextra -Werror=return-type -Wno-missing-field-initializers -Wno-type-limits -Wno-array-bounds -Wno-unknown-pragmas -Wno-sign-compare -Wno-unused-parameter -Wno-unused-variable -Wno-unused-function -Wno-unused-result -Wno-unused-local-typedefs -Wno-strict-overflow -Wno-strict-aliasing -Wno-error=deprecated-declarations -Wno-stringop-overflow -Wno-psabi -Wno-error=pedantic -Wno-error=redundant-decls -Wno-error=old-style-cast -fdiagnostics-color=always -faligned-new -Wno-unused-but-set-variable -Wno-maybe-uninitialized -fno-math-errno -fno-trapping-math -Werror=format -Wno-stringop-overflow, LAPACK_INFO=mkl, PERF_WITH_AVX=1, PERF_WITH_AVX2=1, PERF_WITH_AVX512=1, TORCH_VERSION=1.10.2, USE_CUDA=ON, USE_CUDNN=ON, USE_EXCEPTION_PTR=1, USE_GFLAGS=OFF, USE_GLOG=OFF, USE_MKL=ON, USE_MKLDNN=ON, USE_MPI=OFF, USE_NCCL=ON, USE_NNPACK=ON, USE_OPENMP=ON, 

    TorchVision: 0.11.3+cu111
    OpenCV: 4.12.0
    MMEngine: 0.10.7

Runtime environment:
    cudnn_benchmark: False
    mp_cfg: {'mp_start_method': 'fork', 'opencv_num_threads': 0}
    dist_cfg: {'backend': 'nccl'}
    seed: 3407
    Distributed launcher: pytorch
    Distributed training: True
    GPU number: 2
------------------------------------------------------------

2026/01/10 18:11:32 - mmengine - INFO - Config:
auto_scale_lr = dict(base_batch_size=256, enable=True)
default_hooks = dict(
    checkpoint=dict(
        interval=1,
        max_keep_ckpts=3,
        rule='greater',
        save_best='Fudan/recog/word_acc',
        type='CheckpointHook'),
    logger=dict(interval=50, type='LoggerHook'),
    param_scheduler=dict(type='ParamSchedulerHook'),
    sampler_seed=dict(type='DistSamplerSeedHook'),
    sync_buffer=dict(type='SyncBuffersHook'),
    timer=dict(type='IterTimerHook'),
    visualization=dict(
        draw_gt=False,
        draw_pred=False,
        enable=False,
        interval=1,
        show=False,
        type='VisualizationHook'))
default_scope = 'mmocr'
dictionary = dict(
    dict_file='data/charset/charset_rec_cn_en.txt',
    type='Dictionary',
    with_padding=True,
    with_unknown=True)
env_cfg = dict(
    cudnn_benchmark=False,
    dist_cfg=dict(backend='nccl'),
    mp_cfg=dict(mp_start_method='fork', opencv_num_threads=0))
fudan_scene_rec_root = 'data/fudan/scene'
fudan_scene_test_dataloader = dict(
    batch_size=64,
    dataset=dict(
        ann_file='scene_test',
        data_root='data/fudan/scene',
        pipeline=None,
        type='RecogLMDBDataset'),
    num_workers=8,
    persistent_workers=True,
    pin_memory=True,
    sampler=dict(shuffle=False, type='DefaultSampler'))
fudan_scene_textrecog_test = dict(
    ann_file='scene_test',
    data_root='data/fudan/scene',
    pipeline=None,
    type='RecogLMDBDataset')
fudan_scene_textrecog_train = dict(
    ann_file='scene_train',
    data_root='data/fudan/scene',
    pipeline=None,
    type='RecogLMDBDataset')
fudan_scene_textrecog_val = dict(
    ann_file='scene_val',
    data_root='data/fudan/scene',
    pipeline=None,
    type='RecogLMDBDataset')
fudan_scene_train_dataloader = dict(
    batch_size=64,
    dataset=dict(
        ann_file='scene_train',
        data_root='data/fudan/scene',
        pipeline=None,
        type='RecogLMDBDataset'),
    num_workers=8,
    persistent_workers=True,
    pin_memory=True,
    sampler=dict(shuffle=True, type='DefaultSampler'))
fudan_scene_val_dataloader = dict(
    batch_size=64,
    dataset=dict(
        ann_file='scene_val',
        data_root='data/fudan/scene',
        pipeline=None,
        type='RecogLMDBDataset'),
    num_workers=8,
    persistent_workers=True,
    pin_memory=True,
    sampler=dict(shuffle=False, type='DefaultSampler'))
launcher = 'pytorch'
load_from = None
log_level = 'INFO'
log_processor = dict(by_epoch=True, type='LogProcessor', window_size=10)
model = dict(
    data_preprocessor=dict(
        mean=[
            127.5,
        ], std=[
            127.5,
        ], type='TextRecogDataPreprocessor'),
    decoder=dict(
        dictionary=dict(
            dict_file='data/charset/charset_rec_cn_en.txt',
            type='Dictionary',
            with_padding=True,
            with_unknown=True),
        in_channels=384,
        max_seq_len=40,
        module_loss=dict(
            letter_case='lower', type='CTCModuleLoss', zero_infinity=True),
        postprocessor=dict(type='CTCPostProcessor'),
        type='SVTRDecoder'),
    encoder=dict(
        depth=[
            3,
            9,
            9,
        ],
        embed_dims=[
            192,
            256,
            512,
        ],
        img_size=[
            48,
            160,
        ],
        in_channels=3,
        max_seq_len=40,
        merging_types='Conv',
        mixer_types=[
            'Local',
            'Local',
            'Local',
            'Local',
            'Local',
            'Local',
            'Local',
            'Local',
            'Local',
            'Local',
            'Global',
            'Global',
            'Global',
            'Global',
            'Global',
            'Global',
            'Global',
            'Global',
            'Global',
            'Global',
            'Global',
        ],
        num_heads=[
            6,
            8,
            16,
        ],
        out_channels=384,
        prenorm=False,
        type='SVTREncoder',
        window_size=[
            [
                7,
                11,
            ],
            [
                7,
                11,
            ],
            [
                7,
                11,
            ],
        ]),
    preprocessor=dict(
        in_channels=3,
        margins=[
            0.05,
            0.05,
        ],
        num_control_points=20,
        output_image_size=(
            48,
            160,
        ),
        resized_image_size=(
            32,
            64,
        ),
        type='STN'),
    type='SVTR')
optim_wrapper = dict(
    loss_scale='dynamic',
    optimizer=dict(
        betas=(
            0.9,
            0.99,
        ),
        eps=8e-08,
        lr=0.00025,
        type='AdamW',
        weight_decay=0.05),
    type='AmpOptimWrapper')
param_scheduler = [
    dict(
        convert_to_iter_based=True,
        end=2,
        end_factor=1.0,
        start_factor=0.5,
        type='LinearLR',
        verbose=False),
    dict(
        T_max=29,
        begin=2,
        convert_to_iter_based=True,
        end=30,
        type='CosineAnnealingLR',
        verbose=False),
]
randomness = dict(seed=3407)
resume = True
test_cfg = dict(type='TestLoop')
test_dataloader = dict(
    batch_size=64,
    dataset=dict(
        ann_file='scene_test',
        data_root='data/fudan/scene',
        pipeline=[
            dict(type='LoadImageFromNDArray'),
            dict(scale=(
                256,
                64,
            ), type='Resize'),
            dict(type='LoadOCRAnnotations', with_text=True),
            dict(
                meta_keys=(
                    'img_path',
                    'ori_shape',
                    'img_shape',
                    'valid_ratio',
                ),
                type='PackTextRecogInputs'),
        ],
        type='RecogLMDBDataset'),
    num_workers=4,
    persistent_workers=True,
    pin_memory=True,
    prefetch_factor=2,
    sampler=dict(shuffle=False, type='DefaultSampler'))
test_evaluator = dict(
    dataset_prefixes=[
        'Fudan',
    ],
    metrics=[
        dict(mode=[
            'exact',
        ], type='WordMetric'),
        dict(type='OneMinusNEDMetric'),
    ],
    type='MultiDatasetsEvaluator')
test_pipeline = [
    dict(type='LoadImageFromNDArray'),
    dict(scale=(
        256,
        64,
    ), type='Resize'),
    dict(type='LoadOCRAnnotations', with_text=True),
    dict(
        meta_keys=(
            'img_path',
            'ori_shape',
            'img_shape',
            'valid_ratio',
        ),
        type='PackTextRecogInputs'),
]
train_cfg = dict(max_epochs=30, type='EpochBasedTrainLoop', val_interval=1)
train_dataloader = dict(
    batch_size=128,
    dataset=dict(
        ann_file='scene_train',
        data_root='data/fudan/scene',
        pipeline=[
            dict(ignore_empty=True, min_size=5, type='LoadImageFromNDArray'),
            dict(type='LoadOCRAnnotations', with_text=True),
            dict(
                prob=0.4,
                transforms=[
                    dict(type='TextRecogGeneralAug'),
                ],
                type='RandomApply'),
            dict(
                prob=0.4,
                transforms=[
                    dict(type='CropHeight'),
                ],
                type='RandomApply'),
            dict(
                condition='min(results["img_shape"])>10',
                true_transforms=dict(
                    prob=0.4,
                    transforms=[
                        dict(
                            kernel_size=5,
                            op='GaussianBlur',
                            sigma=1,
                            type='TorchVisionWrapper'),
                    ],
                    type='RandomApply'),
                type='ConditionApply'),
            dict(
                prob=0.4,
                transforms=[
                    dict(
                        brightness=0.5,
                        contrast=0.5,
                        hue=0.1,
                        op='ColorJitter',
                        saturation=0.5,
                        type='TorchVisionWrapper'),
                ],
                type='RandomApply'),
            dict(
                prob=0.4,
                transforms=[
                    dict(type='ImageContentJitter'),
                ],
                type='RandomApply'),
            dict(
                prob=0.4,
                transforms=[
                    dict(
                        args=[
                            dict(
                                cls='AdditiveGaussianNoise',
                                scale=0.31622776601683794),
                        ],
                        type='ImgAugWrapper'),
                ],
                type='RandomApply'),
            dict(
                prob=0.4,
                transforms=[
                    dict(type='ReversePixels'),
                ],
                type='RandomApply'),
            dict(scale=(
                256,
                64,
            ), type='Resize'),
            dict(
                meta_keys=(
                    'img_path',
                    'ori_shape',
                    'img_shape',
                    'valid_ratio',
                ),
                type='PackTextRecogInputs'),
        ],
        type='RecogLMDBDataset'),
    num_workers=4,
    persistent_workers=True,
    pin_memory=True,
    prefetch_factor=2,
    sampler=dict(shuffle=True, type='DefaultSampler'))
train_pipeline = [
    dict(ignore_empty=True, min_size=5, type='LoadImageFromNDArray'),
    dict(type='LoadOCRAnnotations', with_text=True),
    dict(
        prob=0.4,
        transforms=[
            dict(type='TextRecogGeneralAug'),
        ],
        type='RandomApply'),
    dict(prob=0.4, transforms=[
        dict(type='CropHeight'),
    ], type='RandomApply'),
    dict(
        condition='min(results["img_shape"])>10',
        true_transforms=dict(
            prob=0.4,
            transforms=[
                dict(
                    kernel_size=5,
                    op='GaussianBlur',
                    sigma=1,
                    type='TorchVisionWrapper'),
            ],
            type='RandomApply'),
        type='ConditionApply'),
    dict(
        prob=0.4,
        transforms=[
            dict(
                brightness=0.5,
                contrast=0.5,
                hue=0.1,
                op='ColorJitter',
                saturation=0.5,
                type='TorchVisionWrapper'),
        ],
        type='RandomApply'),
    dict(
        prob=0.4,
        transforms=[
            dict(type='ImageContentJitter'),
        ],
        type='RandomApply'),
    dict(
        prob=0.4,
        transforms=[
            dict(
                args=[
                    dict(
                        cls='AdditiveGaussianNoise',
                        scale=0.31622776601683794),
                ],
                type='ImgAugWrapper'),
        ],
        type='RandomApply'),
    dict(
        prob=0.4,
        transforms=[
            dict(type='ReversePixels'),
        ],
        type='RandomApply'),
    dict(scale=(
        256,
        64,
    ), type='Resize'),
    dict(
        meta_keys=(
            'img_path',
            'ori_shape',
            'img_shape',
            'valid_ratio',
        ),
        type='PackTextRecogInputs'),
]
tta_model = dict(type='EncoderDecoderRecognizerTTAModel')
tta_pipeline = [
    dict(type='LoadImageFromNDArray'),
    dict(
        transforms=[
            [
                dict(
                    condition="results['img_shape'][1]<results['img_shape'][0]",
                    true_transforms=[
                        dict(
                            args=[
                                dict(cls='Rot90', k=0, keep_size=False),
                            ],
                            type='ImgAugWrapper'),
                    ],
                    type='ConditionApply'),
                dict(
                    condition="results['img_shape'][1]<results['img_shape'][0]",
                    true_transforms=[
                        dict(
                            args=[
                                dict(cls='Rot90', k=1, keep_size=False),
                            ],
                            type='ImgAugWrapper'),
                    ],
                    type='ConditionApply'),
                dict(
                    condition="results['img_shape'][1]<results['img_shape'][0]",
                    true_transforms=[
                        dict(
                            args=[
                                dict(cls='Rot90', k=3, keep_size=False),
                            ],
                            type='ImgAugWrapper'),
                    ],
                    type='ConditionApply'),
            ],
            [
                dict(scale=(
                    256,
                    64,
                ), type='Resize'),
            ],
            [
                dict(type='LoadOCRAnnotations', with_text=True),
            ],
            [
                dict(
                    meta_keys=(
                        'img_path',
                        'ori_shape',
                        'img_shape',
                        'valid_ratio',
                    ),
                    type='PackTextRecogInputs'),
            ],
        ],
        type='TestTimeAug'),
]
val_cfg = dict(type='ValLoop')
val_dataloader = dict(
    batch_size=64,
    dataset=dict(
        ann_file='scene_val',
        data_root='data/fudan/scene',
        pipeline=[
            dict(type='LoadImageFromNDArray'),
            dict(scale=(
                256,
                64,
            ), type='Resize'),
            dict(type='LoadOCRAnnotations', with_text=True),
            dict(
                meta_keys=(
                    'img_path',
                    'ori_shape',
                    'img_shape',
                    'valid_ratio',
                ),
                type='PackTextRecogInputs'),
        ],
        type='RecogLMDBDataset'),
    num_workers=4,
    persistent_workers=True,
    pin_memory=True,
    prefetch_factor=2,
    sampler=dict(shuffle=False, type='DefaultSampler'))
val_evaluator = dict(
    dataset_prefixes=[
        'Fudan',
    ],
    metrics=[
        dict(mode=[
            'exact',
        ], type='WordMetric'),
        dict(type='OneMinusNEDMetric'),
    ],
    type='MultiDatasetsEvaluator')
vis_backends = [
    dict(type='LocalVisBackend'),
]
visualizer = dict(
    name='visualizer',
    type='TextRecogLocalVisualizer',
    vis_backends=[
        dict(type='LocalVisBackend'),
    ])
work_dir = 'work_dirs/svtr-large_fudan_baseline_seed3407'

2026/01/10 18:11:33 - mmengine - INFO - Hooks will be executed in the following order:
before_run:
(VERY_HIGH   ) RuntimeInfoHook                    
(BELOW_NORMAL) LoggerHook                         
 -------------------- 
before_train:
(VERY_HIGH   ) RuntimeInfoHook                    
(NORMAL      ) IterTimerHook                      
(VERY_LOW    ) CheckpointHook                     
 -------------------- 
before_train_epoch:
(VERY_HIGH   ) RuntimeInfoHook                    
(NORMAL      ) IterTimerHook                      
(NORMAL      ) DistSamplerSeedHook                
 -------------------- 
before_train_iter:
(VERY_HIGH   ) RuntimeInfoHook                    
(NORMAL      ) IterTimerHook                      
 -------------------- 
after_train_iter:
(VERY_HIGH   ) RuntimeInfoHook                    
(NORMAL      ) IterTimerHook                      
(BELOW_NORMAL) LoggerHook                         
(LOW         ) ParamSchedulerHook                 
(VERY_LOW    ) CheckpointHook                     
 -------------------- 
after_train_epoch:
(NORMAL      ) IterTimerHook                      
(NORMAL      ) SyncBuffersHook                    
(LOW         ) ParamSchedulerHook                 
(VERY_LOW    ) CheckpointHook                     
 -------------------- 
before_val:
(VERY_HIGH   ) RuntimeInfoHook                    
 -------------------- 
before_val_epoch:
(NORMAL      ) IterTimerHook                      
(NORMAL      ) SyncBuffersHook                    
 -------------------- 
before_val_iter:
(NORMAL      ) IterTimerHook                      
 -------------------- 
after_val_iter:
(NORMAL      ) IterTimerHook                      
(NORMAL      ) VisualizationHook                  
(BELOW_NORMAL) LoggerHook                         
 -------------------- 
after_val_epoch:
(VERY_HIGH   ) RuntimeInfoHook                    
(NORMAL      ) IterTimerHook                      
(BELOW_NORMAL) LoggerHook                         
(LOW         ) ParamSchedulerHook                 
(VERY_LOW    ) CheckpointHook                     
 -------------------- 
after_val:
(VERY_HIGH   ) RuntimeInfoHook                    
 -------------------- 
after_train:
(VERY_HIGH   ) RuntimeInfoHook                    
(VERY_LOW    ) CheckpointHook                     
 -------------------- 
before_test:
(VERY_HIGH   ) RuntimeInfoHook                    
 -------------------- 
before_test_epoch:
(NORMAL      ) IterTimerHook                      
 -------------------- 
before_test_iter:
(NORMAL      ) IterTimerHook                      
 -------------------- 
after_test_iter:
(NORMAL      ) IterTimerHook                      
(NORMAL      ) VisualizationHook                  
(BELOW_NORMAL) LoggerHook                         
 -------------------- 
after_test_epoch:
(VERY_HIGH   ) RuntimeInfoHook                    
(NORMAL      ) IterTimerHook                      
(BELOW_NORMAL) LoggerHook                         
 -------------------- 
after_test:
(VERY_HIGH   ) RuntimeInfoHook                    
 -------------------- 
after_run:
(BELOW_NORMAL) LoggerHook                         
 -------------------- 
2026/01/10 18:11:39 - mmengine - INFO - LR is set based on batch size of 256 and the current batch size is 256. Scaling the original LR by 1.0.
Name of parameter - Initialization information

preprocessor.stn_convnet.0.conv.weight - torch.Size([32, 3, 3, 3]): 
XavierInit: gain=1, distribution=normal, bias=0 

preprocessor.stn_convnet.0.bn.weight - torch.Size([32]): 
The value is the same before and after calling `init_weights` of SVTR  

preprocessor.stn_convnet.0.bn.bias - torch.Size([32]): 
The value is the same before and after calling `init_weights` of SVTR  

preprocessor.stn_convnet.2.conv.weight - torch.Size([64, 32, 3, 3]): 
XavierInit: gain=1, distribution=normal, bias=0 

preprocessor.stn_convnet.2.bn.weight - torch.Size([64]): 
The value is the same before and after calling `init_weights` of SVTR  

preprocessor.stn_convnet.2.bn.bias - torch.Size([64]): 
The value is the same before and after calling `init_weights` of SVTR  

preprocessor.stn_convnet.4.conv.weight - torch.Size([128, 64, 3, 3]): 
XavierInit: gain=1, distribution=normal, bias=0 

preprocessor.stn_convnet.4.bn.weight - torch.Size([128]): 
The value is the same before and after calling `init_weights` of SVTR  

preprocessor.stn_convnet.4.bn.bias - torch.Size([128]): 
The value is the same before and after calling `init_weights` of SVTR  

preprocessor.stn_convnet.6.conv.weight - torch.Size([256, 128, 3, 3]): 
XavierInit: gain=1, distribution=normal, bias=0 

preprocessor.stn_convnet.6.bn.weight - torch.Size([256]): 
The value is the same before and after calling `init_weights` of SVTR  

preprocessor.stn_convnet.6.bn.bias - torch.Size([256]): 
The value is the same before and after calling `init_weights` of SVTR  

preprocessor.stn_convnet.8.conv.weight - torch.Size([256, 256, 3, 3]): 
XavierInit: gain=1, distribution=normal, bias=0 

preprocessor.stn_convnet.8.bn.weight - torch.Size([256]): 
The value is the same before and after calling `init_weights` of SVTR  

preprocessor.stn_convnet.8.bn.bias - torch.Size([256]): 
The value is the same before and after calling `init_weights` of SVTR  

preprocessor.stn_convnet.10.conv.weight - torch.Size([256, 256, 3, 3]): 
XavierInit: gain=1, distribution=normal, bias=0 

preprocessor.stn_convnet.10.bn.weight - torch.Size([256]): 
The value is the same before and after calling `init_weights` of SVTR  

preprocessor.stn_convnet.10.bn.bias - torch.Size([256]): 
The value is the same before and after calling `init_weights` of SVTR  

preprocessor.stn_fc1.0.weight - torch.Size([512, 512]): 
The value is the same before and after calling `init_weights` of SVTR  

preprocessor.stn_fc1.0.bias - torch.Size([512]): 
The value is the same before and after calling `init_weights` of SVTR  

preprocessor.stn_fc1.1.weight - torch.Size([512]): 
The value is the same before and after calling `init_weights` of SVTR  

preprocessor.stn_fc1.1.bias - torch.Size([512]): 
The value is the same before and after calling `init_weights` of SVTR  

preprocessor.stn_fc2.weight - torch.Size([40, 512]): 
The value is the same before and after calling `init_weights` of SVTR  

preprocessor.stn_fc2.bias - torch.Size([40]): 
The value is the same before and after calling `init_weights` of SVTR  

encoder.absolute_pos_embed - torch.Size([1, 480, 192]): 
The value is the same before and after calling `init_weights` of SVTR  

encoder.patch_embed.net.ConvModule0.conv.weight - torch.Size([96, 3, 3, 3]): 
The value is the same before and after calling `init_weights` of SVTR  

encoder.patch_embed.net.ConvModule0.bn.weight - torch.Size([96]): 
The value is the same before and after calling `init_weights` of SVTR  

encoder.patch_embed.net.ConvModule0.bn.bias - torch.Size([96]): 
The value is the same before and after calling `init_weights` of SVTR  

encoder.patch_embed.net.ConvModule1.conv.weight - torch.Size([192, 96, 3, 3]): 
The value is the same before and after calling `init_weights` of SVTR  

encoder.patch_embed.net.ConvModule1.bn.weight - torch.Size([192]): 
The value is the same before and after calling `init_weights` of SVTR  

encoder.patch_embed.net.ConvModule1.bn.bias - torch.Size([192]): 
The value is the same before and after calling `init_weights` of SVTR  

encoder.blocks1.0.norm1.weight - torch.Size([192]): 
The value is the same before and after calling `init_weights` of SVTR  

encoder.blocks1.0.norm1.bias - torch.Size([192]): 
The value is the same before and after calling `init_weights` of SVTR  

encoder.blocks1.0.mixer.qkv.weight - torch.Size([576, 192]): 
The value is the same before and after calling `init_weights` of SVTR  

encoder.blocks1.0.mixer.qkv.bias - torch.Size([576]): 
The value is the same before and after calling `init_weights` of SVTR  

encoder.blocks1.0.mixer.proj.weight - torch.Size([192, 192]): 
The value is the same before and after calling `init_weights` of SVTR  

encoder.blocks1.0.mixer.proj.bias - torch.Size([192]): 
The value is the same before and after calling `init_weights` of SVTR  

encoder.blocks1.0.norm2.weight - torch.Size([192]): 
The value is the same before and after calling `init_weights` of SVTR  

encoder.blocks1.0.norm2.bias - torch.Size([192]): 
The value is the same before and after calling `init_weights` of SVTR  

encoder.blocks1.0.mlp.fc1.weight - torch.Size([768, 192]): 
The value is the same before and after calling `init_weights` of SVTR  

encoder.blocks1.0.mlp.fc1.bias - torch.Size([768]): 
The value is the same before and after calling `init_weights` of SVTR  

encoder.blocks1.0.mlp.fc2.weight - torch.Size([192, 768]): 
The value is the same before and after calling `init_weights` of SVTR  

encoder.blocks1.0.mlp.fc2.bias - torch.Size([192]): 
The value is the same before and after calling `init_weights` of SVTR  

encoder.blocks1.1.norm1.weight - torch.Size([192]): 
The value is the same before and after calling `init_weights` of SVTR  

encoder.blocks1.1.norm1.bias - torch.Size([192]): 
The value is the same before and after calling `init_weights` of SVTR  

encoder.blocks1.1.mixer.qkv.weight - torch.Size([576, 192]): 
The value is the same before and after calling `init_weights` of SVTR  

encoder.blocks1.1.mixer.qkv.bias - torch.Size([576]): 
The value is the same before and after calling `init_weights` of SVTR  

encoder.blocks1.1.mixer.proj.weight - torch.Size([192, 192]): 
The value is the same before and after calling `init_weights` of SVTR  

encoder.blocks1.1.mixer.proj.bias - torch.Size([192]): 
The value is the same before and after calling `init_weights` of SVTR  

encoder.blocks1.1.norm2.weight - torch.Size([192]): 
The value is the same before and after calling `init_weights` of SVTR  

encoder.blocks1.1.norm2.bias - torch.Size([192]): 
The value is the same before and after calling `init_weights` of SVTR  

encoder.blocks1.1.mlp.fc1.weight - torch.Size([768, 192]): 
The value is the same before and after calling `init_weights` of SVTR  

encoder.blocks1.1.mlp.fc1.bias - torch.Size([768]): 
The value is the same before and after calling `init_weights` of SVTR  

encoder.blocks1.1.mlp.fc2.weight - torch.Size([192, 768]): 
The value is the same before and after calling `init_weights` of SVTR  

encoder.blocks1.1.mlp.fc2.bias - torch.Size([192]): 
The value is the same before and after calling `init_weights` of SVTR  

encoder.blocks1.2.norm1.weight - torch.Size([192]): 
The value is the same before and after calling `init_weights` of SVTR  

encoder.blocks1.2.norm1.bias - torch.Size([192]): 
The value is the same before and after calling `init_weights` of SVTR  

encoder.blocks1.2.mixer.qkv.weight - torch.Size([576, 192]): 
The value is the same before and after calling `init_weights` of SVTR  

encoder.blocks1.2.mixer.qkv.bias - torch.Size([576]): 
The value is the same before and after calling `init_weights` of SVTR  

encoder.blocks1.2.mixer.proj.weight - torch.Size([192, 192]): 
The value is the same before and after calling `init_weights` of SVTR  

encoder.blocks1.2.mixer.proj.bias - torch.Size([192]): 
The value is the same before and after calling `init_weights` of SVTR  

encoder.blocks1.2.norm2.weight - torch.Size([192]): 
The value is the same before and after calling `init_weights` of SVTR  

encoder.blocks1.2.norm2.bias - torch.Size([192]): 
The value is the same before and after calling `init_weights` of SVTR  

encoder.blocks1.2.mlp.fc1.weight - torch.Size([768, 192]): 
The value is the same before and after calling `init_weights` of SVTR  

encoder.blocks1.2.mlp.fc1.bias - torch.Size([768]): 
The value is the same before and after calling `init_weights` of SVTR  

encoder.blocks1.2.mlp.fc2.weight - torch.Size([192, 768]): 
The value is the same before and after calling `init_weights` of SVTR  

encoder.blocks1.2.mlp.fc2.bias - torch.Size([192]): 
The value is the same before and after calling `init_weights` of SVTR  

encoder.downsample1.conv.weight - torch.Size([256, 192, 3, 3]): 
The value is the same before and after calling `init_weights` of SVTR  

encoder.downsample1.conv.bias - torch.Size([256]): 
The value is the same before and after calling `init_weights` of SVTR  

encoder.downsample1.norm.weight - torch.Size([256]): 
The value is the same before and after calling `init_weights` of SVTR  

encoder.downsample1.norm.bias - torch.Size([256]): 
The value is the same before and after calling `init_weights` of SVTR  

encoder.blocks2.0.norm1.weight - torch.Size([256]): 
The value is the same before and after calling `init_weights` of SVTR  

encoder.blocks2.0.norm1.bias - torch.Size([256]): 
The value is the same before and after calling `init_weights` of SVTR  

encoder.blocks2.0.mixer.qkv.weight - torch.Size([768, 256]): 
The value is the same before and after calling `init_weights` of SVTR  

encoder.blocks2.0.mixer.qkv.bias - torch.Size([768]): 
The value is the same before and after calling `init_weights` of SVTR  

encoder.blocks2.0.mixer.proj.weight - torch.Size([256, 256]): 
The value is the same before and after calling `init_weights` of SVTR  

encoder.blocks2.0.mixer.proj.bias - torch.Size([256]): 
The value is the same before and after calling `init_weights` of SVTR  

encoder.blocks2.0.norm2.weight - torch.Size([256]): 
The value is the same before and after calling `init_weights` of SVTR  

encoder.blocks2.0.norm2.bias - torch.Size([256]): 
The value is the same before and after calling `init_weights` of SVTR  

encoder.blocks2.0.mlp.fc1.weight - torch.Size([1024, 256]): 
The value is the same before and after calling `init_weights` of SVTR  

encoder.blocks2.0.mlp.fc1.bias - torch.Size([1024]): 
The value is the same before and after calling `init_weights` of SVTR  

encoder.blocks2.0.mlp.fc2.weight - torch.Size([256, 1024]): 
The value is the same before and after calling `init_weights` of SVTR  

encoder.blocks2.0.mlp.fc2.bias - torch.Size([256]): 
The value is the same before and after calling `init_weights` of SVTR  

encoder.blocks2.1.norm1.weight - torch.Size([256]): 
The value is the same before and after calling `init_weights` of SVTR  

encoder.blocks2.1.norm1.bias - torch.Size([256]): 
The value is the same before and after calling `init_weights` of SVTR  

encoder.blocks2.1.mixer.qkv.weight - torch.Size([768, 256]): 
The value is the same before and after calling `init_weights` of SVTR  

encoder.blocks2.1.mixer.qkv.bias - torch.Size([768]): 
The value is the same before and after calling `init_weights` of SVTR  

encoder.blocks2.1.mixer.proj.weight - torch.Size([256, 256]): 
The value is the same before and after calling `init_weights` of SVTR  

encoder.blocks2.1.mixer.proj.bias - torch.Size([256]): 
The value is the same before and after calling `init_weights` of SVTR  

encoder.blocks2.1.norm2.weight - torch.Size([256]): 
The value is the same before and after calling `init_weights` of SVTR  

encoder.blocks2.1.norm2.bias - torch.Size([256]): 
The value is the same before and after calling `init_weights` of SVTR  

encoder.blocks2.1.mlp.fc1.weight - torch.Size([1024, 256]): 
The value is the same before and after calling `init_weights` of SVTR  

encoder.blocks2.1.mlp.fc1.bias - torch.Size([1024]): 
The value is the same before and after calling `init_weights` of SVTR  

encoder.blocks2.1.mlp.fc2.weight - torch.Size([256, 1024]): 
The value is the same before and after calling `init_weights` of SVTR  

encoder.blocks2.1.mlp.fc2.bias - torch.Size([256]): 
The value is the same before and after calling `init_weights` of SVTR  

encoder.blocks2.2.norm1.weight - torch.Size([256]): 
The value is the same before and after calling `init_weights` of SVTR  

encoder.blocks2.2.norm1.bias - torch.Size([256]): 
The value is the same before and after calling `init_weights` of SVTR  

encoder.blocks2.2.mixer.qkv.weight - torch.Size([768, 256]): 
The value is the same before and after calling `init_weights` of SVTR  

encoder.blocks2.2.mixer.qkv.bias - torch.Size([768]): 
The value is the same before and after calling `init_weights` of SVTR  

encoder.blocks2.2.mixer.proj.weight - torch.Size([256, 256]): 
The value is the same before and after calling `init_weights` of SVTR  

encoder.blocks2.2.mixer.proj.bias - torch.Size([256]): 
The value is the same before and after calling `init_weights` of SVTR  

encoder.blocks2.2.norm2.weight - torch.Size([256]): 
The value is the same before and after calling `init_weights` of SVTR  

encoder.blocks2.2.norm2.bias - torch.Size([256]): 
The value is the same before and after calling `init_weights` of SVTR  

encoder.blocks2.2.mlp.fc1.weight - torch.Size([1024, 256]): 
The value is the same before and after calling `init_weights` of SVTR  

encoder.blocks2.2.mlp.fc1.bias - torch.Size([1024]): 
The value is the same before and after calling `init_weights` of SVTR  

encoder.blocks2.2.mlp.fc2.weight - torch.Size([256, 1024]): 
The value is the same before and after calling `init_weights` of SVTR  

encoder.blocks2.2.mlp.fc2.bias - torch.Size([256]): 
The value is the same before and after calling `init_weights` of SVTR  

encoder.blocks2.3.norm1.weight - torch.Size([256]): 
The value is the same before and after calling `init_weights` of SVTR  

encoder.blocks2.3.norm1.bias - torch.Size([256]): 
The value is the same before and after calling `init_weights` of SVTR  

encoder.blocks2.3.mixer.qkv.weight - torch.Size([768, 256]): 
The value is the same before and after calling `init_weights` of SVTR  

encoder.blocks2.3.mixer.qkv.bias - torch.Size([768]): 
The value is the same before and after calling `init_weights` of SVTR  

encoder.blocks2.3.mixer.proj.weight - torch.Size([256, 256]): 
The value is the same before and after calling `init_weights` of SVTR  

encoder.blocks2.3.mixer.proj.bias - torch.Size([256]): 
The value is the same before and after calling `init_weights` of SVTR  

encoder.blocks2.3.norm2.weight - torch.Size([256]): 
The value is the same before and after calling `init_weights` of SVTR  

encoder.blocks2.3.norm2.bias - torch.Size([256]): 
The value is the same before and after calling `init_weights` of SVTR  

encoder.blocks2.3.mlp.fc1.weight - torch.Size([1024, 256]): 
The value is the same before and after calling `init_weights` of SVTR  

encoder.blocks2.3.mlp.fc1.bias - torch.Size([1024]): 
The value is the same before and after calling `init_weights` of SVTR  

encoder.blocks2.3.mlp.fc2.weight - torch.Size([256, 1024]): 
The value is the same before and after calling `init_weights` of SVTR  

encoder.blocks2.3.mlp.fc2.bias - torch.Size([256]): 
The value is the same before and after calling `init_weights` of SVTR  

encoder.blocks2.4.norm1.weight - torch.Size([256]): 
The value is the same before and after calling `init_weights` of SVTR  

encoder.blocks2.4.norm1.bias - torch.Size([256]): 
The value is the same before and after calling `init_weights` of SVTR  

encoder.blocks2.4.mixer.qkv.weight - torch.Size([768, 256]): 
The value is the same before and after calling `init_weights` of SVTR  

encoder.blocks2.4.mixer.qkv.bias - torch.Size([768]): 
The value is the same before and after calling `init_weights` of SVTR  

encoder.blocks2.4.mixer.proj.weight - torch.Size([256, 256]): 
The value is the same before and after calling `init_weights` of SVTR  

encoder.blocks2.4.mixer.proj.bias - torch.Size([256]): 
The value is the same before and after calling `init_weights` of SVTR  

encoder.blocks2.4.norm2.weight - torch.Size([256]): 
The value is the same before and after calling `init_weights` of SVTR  

encoder.blocks2.4.norm2.bias - torch.Size([256]): 
The value is the same before and after calling `init_weights` of SVTR  

encoder.blocks2.4.mlp.fc1.weight - torch.Size([1024, 256]): 
The value is the same before and after calling `init_weights` of SVTR  

encoder.blocks2.4.mlp.fc1.bias - torch.Size([1024]): 
The value is the same before and after calling `init_weights` of SVTR  

encoder.blocks2.4.mlp.fc2.weight - torch.Size([256, 1024]): 
The value is the same before and after calling `init_weights` of SVTR  

encoder.blocks2.4.mlp.fc2.bias - torch.Size([256]): 
The value is the same before and after calling `init_weights` of SVTR  

encoder.blocks2.5.norm1.weight - torch.Size([256]): 
The value is the same before and after calling `init_weights` of SVTR  

encoder.blocks2.5.norm1.bias - torch.Size([256]): 
The value is the same before and after calling `init_weights` of SVTR  

encoder.blocks2.5.mixer.qkv.weight - torch.Size([768, 256]): 
The value is the same before and after calling `init_weights` of SVTR  

encoder.blocks2.5.mixer.qkv.bias - torch.Size([768]): 
The value is the same before and after calling `init_weights` of SVTR  

encoder.blocks2.5.mixer.proj.weight - torch.Size([256, 256]): 
The value is the same before and after calling `init_weights` of SVTR  

encoder.blocks2.5.mixer.proj.bias - torch.Size([256]): 
The value is the same before and after calling `init_weights` of SVTR  

encoder.blocks2.5.norm2.weight - torch.Size([256]): 
The value is the same before and after calling `init_weights` of SVTR  

encoder.blocks2.5.norm2.bias - torch.Size([256]): 
The value is the same before and after calling `init_weights` of SVTR  

encoder.blocks2.5.mlp.fc1.weight - torch.Size([1024, 256]): 
The value is the same before and after calling `init_weights` of SVTR  

encoder.blocks2.5.mlp.fc1.bias - torch.Size([1024]): 
The value is the same before and after calling `init_weights` of SVTR  

encoder.blocks2.5.mlp.fc2.weight - torch.Size([256, 1024]): 
The value is the same before and after calling `init_weights` of SVTR  

encoder.blocks2.5.mlp.fc2.bias - torch.Size([256]): 
The value is the same before and after calling `init_weights` of SVTR  

encoder.blocks2.6.norm1.weight - torch.Size([256]): 
The value is the same before and after calling `init_weights` of SVTR  

encoder.blocks2.6.norm1.bias - torch.Size([256]): 
The value is the same before and after calling `init_weights` of SVTR  

encoder.blocks2.6.mixer.qkv.weight - torch.Size([768, 256]): 
The value is the same before and after calling `init_weights` of SVTR  

encoder.blocks2.6.mixer.qkv.bias - torch.Size([768]): 
The value is the same before and after calling `init_weights` of SVTR  

encoder.blocks2.6.mixer.proj.weight - torch.Size([256, 256]): 
The value is the same before and after calling `init_weights` of SVTR  

encoder.blocks2.6.mixer.proj.bias - torch.Size([256]): 
The value is the same before and after calling `init_weights` of SVTR  

encoder.blocks2.6.norm2.weight - torch.Size([256]): 
The value is the same before and after calling `init_weights` of SVTR  

encoder.blocks2.6.norm2.bias - torch.Size([256]): 
The value is the same before and after calling `init_weights` of SVTR  

encoder.blocks2.6.mlp.fc1.weight - torch.Size([1024, 256]): 
The value is the same before and after calling `init_weights` of SVTR  

encoder.blocks2.6.mlp.fc1.bias - torch.Size([1024]): 
The value is the same before and after calling `init_weights` of SVTR  

encoder.blocks2.6.mlp.fc2.weight - torch.Size([256, 1024]): 
The value is the same before and after calling `init_weights` of SVTR  

encoder.blocks2.6.mlp.fc2.bias - torch.Size([256]): 
The value is the same before and after calling `init_weights` of SVTR  

encoder.blocks2.7.norm1.weight - torch.Size([256]): 
The value is the same before and after calling `init_weights` of SVTR  

encoder.blocks2.7.norm1.bias - torch.Size([256]): 
The value is the same before and after calling `init_weights` of SVTR  

encoder.blocks2.7.mixer.qkv.weight - torch.Size([768, 256]): 
The value is the same before and after calling `init_weights` of SVTR  

encoder.blocks2.7.mixer.qkv.bias - torch.Size([768]): 
The value is the same before and after calling `init_weights` of SVTR  

encoder.blocks2.7.mixer.proj.weight - torch.Size([256, 256]): 
The value is the same before and after calling `init_weights` of SVTR  

encoder.blocks2.7.mixer.proj.bias - torch.Size([256]): 
The value is the same before and after calling `init_weights` of SVTR  

encoder.blocks2.7.norm2.weight - torch.Size([256]): 
The value is the same before and after calling `init_weights` of SVTR  

encoder.blocks2.7.norm2.bias - torch.Size([256]): 
The value is the same before and after calling `init_weights` of SVTR  

encoder.blocks2.7.mlp.fc1.weight - torch.Size([1024, 256]): 
The value is the same before and after calling `init_weights` of SVTR  

encoder.blocks2.7.mlp.fc1.bias - torch.Size([1024]): 
The value is the same before and after calling `init_weights` of SVTR  

encoder.blocks2.7.mlp.fc2.weight - torch.Size([256, 1024]): 
The value is the same before and after calling `init_weights` of SVTR  

encoder.blocks2.7.mlp.fc2.bias - torch.Size([256]): 
The value is the same before and after calling `init_weights` of SVTR  

encoder.blocks2.8.norm1.weight - torch.Size([256]): 
The value is the same before and after calling `init_weights` of SVTR  

encoder.blocks2.8.norm1.bias - torch.Size([256]): 
The value is the same before and after calling `init_weights` of SVTR  

encoder.blocks2.8.mixer.qkv.weight - torch.Size([768, 256]): 
The value is the same before and after calling `init_weights` of SVTR  

encoder.blocks2.8.mixer.qkv.bias - torch.Size([768]): 
The value is the same before and after calling `init_weights` of SVTR  

encoder.blocks2.8.mixer.proj.weight - torch.Size([256, 256]): 
The value is the same before and after calling `init_weights` of SVTR  

encoder.blocks2.8.mixer.proj.bias - torch.Size([256]): 
The value is the same before and after calling `init_weights` of SVTR  

encoder.blocks2.8.norm2.weight - torch.Size([256]): 
The value is the same before and after calling `init_weights` of SVTR  

encoder.blocks2.8.norm2.bias - torch.Size([256]): 
The value is the same before and after calling `init_weights` of SVTR  

encoder.blocks2.8.mlp.fc1.weight - torch.Size([1024, 256]): 
The value is the same before and after calling `init_weights` of SVTR  

encoder.blocks2.8.mlp.fc1.bias - torch.Size([1024]): 
The value is the same before and after calling `init_weights` of SVTR  

encoder.blocks2.8.mlp.fc2.weight - torch.Size([256, 1024]): 
The value is the same before and after calling `init_weights` of SVTR  

encoder.blocks2.8.mlp.fc2.bias - torch.Size([256]): 
The value is the same before and after calling `init_weights` of SVTR  

encoder.downsample2.conv.weight - torch.Size([512, 256, 3, 3]): 
The value is the same before and after calling `init_weights` of SVTR  

encoder.downsample2.conv.bias - torch.Size([512]): 
The value is the same before and after calling `init_weights` of SVTR  

encoder.downsample2.norm.weight - torch.Size([512]): 
The value is the same before and after calling `init_weights` of SVTR  

encoder.downsample2.norm.bias - torch.Size([512]): 
The value is the same before and after calling `init_weights` of SVTR  

encoder.blocks3.0.norm1.weight - torch.Size([512]): 
The value is the same before and after calling `init_weights` of SVTR  

encoder.blocks3.0.norm1.bias - torch.Size([512]): 
The value is the same before and after calling `init_weights` of SVTR  

encoder.blocks3.0.mixer.qkv.weight - torch.Size([1536, 512]): 
The value is the same before and after calling `init_weights` of SVTR  

encoder.blocks3.0.mixer.qkv.bias - torch.Size([1536]): 
The value is the same before and after calling `init_weights` of SVTR  

encoder.blocks3.0.mixer.proj.weight - torch.Size([512, 512]): 
The value is the same before and after calling `init_weights` of SVTR  

encoder.blocks3.0.mixer.proj.bias - torch.Size([512]): 
The value is the same before and after calling `init_weights` of SVTR  

encoder.blocks3.0.norm2.weight - torch.Size([512]): 
The value is the same before and after calling `init_weights` of SVTR  

encoder.blocks3.0.norm2.bias - torch.Size([512]): 
The value is the same before and after calling `init_weights` of SVTR  

encoder.blocks3.0.mlp.fc1.weight - torch.Size([2048, 512]): 
The value is the same before and after calling `init_weights` of SVTR  

encoder.blocks3.0.mlp.fc1.bias - torch.Size([2048]): 
The value is the same before and after calling `init_weights` of SVTR  

encoder.blocks3.0.mlp.fc2.weight - torch.Size([512, 2048]): 
The value is the same before and after calling `init_weights` of SVTR  

encoder.blocks3.0.mlp.fc2.bias - torch.Size([512]): 
The value is the same before and after calling `init_weights` of SVTR  

encoder.blocks3.1.norm1.weight - torch.Size([512]): 
The value is the same before and after calling `init_weights` of SVTR  

encoder.blocks3.1.norm1.bias - torch.Size([512]): 
The value is the same before and after calling `init_weights` of SVTR  

encoder.blocks3.1.mixer.qkv.weight - torch.Size([1536, 512]): 
The value is the same before and after calling `init_weights` of SVTR  

encoder.blocks3.1.mixer.qkv.bias - torch.Size([1536]): 
The value is the same before and after calling `init_weights` of SVTR  

encoder.blocks3.1.mixer.proj.weight - torch.Size([512, 512]): 
The value is the same before and after calling `init_weights` of SVTR  

encoder.blocks3.1.mixer.proj.bias - torch.Size([512]): 
The value is the same before and after calling `init_weights` of SVTR  

encoder.blocks3.1.norm2.weight - torch.Size([512]): 
The value is the same before and after calling `init_weights` of SVTR  

encoder.blocks3.1.norm2.bias - torch.Size([512]): 
The value is the same before and after calling `init_weights` of SVTR  

encoder.blocks3.1.mlp.fc1.weight - torch.Size([2048, 512]): 
The value is the same before and after calling `init_weights` of SVTR  

encoder.blocks3.1.mlp.fc1.bias - torch.Size([2048]): 
The value is the same before and after calling `init_weights` of SVTR  

encoder.blocks3.1.mlp.fc2.weight - torch.Size([512, 2048]): 
The value is the same before and after calling `init_weights` of SVTR  

encoder.blocks3.1.mlp.fc2.bias - torch.Size([512]): 
The value is the same before and after calling `init_weights` of SVTR  

encoder.blocks3.2.norm1.weight - torch.Size([512]): 
The value is the same before and after calling `init_weights` of SVTR  

encoder.blocks3.2.norm1.bias - torch.Size([512]): 
The value is the same before and after calling `init_weights` of SVTR  

encoder.blocks3.2.mixer.qkv.weight - torch.Size([1536, 512]): 
The value is the same before and after calling `init_weights` of SVTR  

encoder.blocks3.2.mixer.qkv.bias - torch.Size([1536]): 
The value is the same before and after calling `init_weights` of SVTR  

encoder.blocks3.2.mixer.proj.weight - torch.Size([512, 512]): 
The value is the same before and after calling `init_weights` of SVTR  

encoder.blocks3.2.mixer.proj.bias - torch.Size([512]): 
The value is the same before and after calling `init_weights` of SVTR  

encoder.blocks3.2.norm2.weight - torch.Size([512]): 
The value is the same before and after calling `init_weights` of SVTR  

encoder.blocks3.2.norm2.bias - torch.Size([512]): 
The value is the same before and after calling `init_weights` of SVTR  

encoder.blocks3.2.mlp.fc1.weight - torch.Size([2048, 512]): 
The value is the same before and after calling `init_weights` of SVTR  

encoder.blocks3.2.mlp.fc1.bias - torch.Size([2048]): 
The value is the same before and after calling `init_weights` of SVTR  

encoder.blocks3.2.mlp.fc2.weight - torch.Size([512, 2048]): 
The value is the same before and after calling `init_weights` of SVTR  

encoder.blocks3.2.mlp.fc2.bias - torch.Size([512]): 
The value is the same before and after calling `init_weights` of SVTR  

encoder.blocks3.3.norm1.weight - torch.Size([512]): 
The value is the same before and after calling `init_weights` of SVTR  

encoder.blocks3.3.norm1.bias - torch.Size([512]): 
The value is the same before and after calling `init_weights` of SVTR  

encoder.blocks3.3.mixer.qkv.weight - torch.Size([1536, 512]): 
The value is the same before and after calling `init_weights` of SVTR  

encoder.blocks3.3.mixer.qkv.bias - torch.Size([1536]): 
The value is the same before and after calling `init_weights` of SVTR  

encoder.blocks3.3.mixer.proj.weight - torch.Size([512, 512]): 
The value is the same before and after calling `init_weights` of SVTR  

encoder.blocks3.3.mixer.proj.bias - torch.Size([512]): 
The value is the same before and after calling `init_weights` of SVTR  

encoder.blocks3.3.norm2.weight - torch.Size([512]): 
The value is the same before and after calling `init_weights` of SVTR  

encoder.blocks3.3.norm2.bias - torch.Size([512]): 
The value is the same before and after calling `init_weights` of SVTR  

encoder.blocks3.3.mlp.fc1.weight - torch.Size([2048, 512]): 
The value is the same before and after calling `init_weights` of SVTR  

encoder.blocks3.3.mlp.fc1.bias - torch.Size([2048]): 
The value is the same before and after calling `init_weights` of SVTR  

encoder.blocks3.3.mlp.fc2.weight - torch.Size([512, 2048]): 
The value is the same before and after calling `init_weights` of SVTR  

encoder.blocks3.3.mlp.fc2.bias - torch.Size([512]): 
The value is the same before and after calling `init_weights` of SVTR  

encoder.blocks3.4.norm1.weight - torch.Size([512]): 
The value is the same before and after calling `init_weights` of SVTR  

encoder.blocks3.4.norm1.bias - torch.Size([512]): 
The value is the same before and after calling `init_weights` of SVTR  

encoder.blocks3.4.mixer.qkv.weight - torch.Size([1536, 512]): 
The value is the same before and after calling `init_weights` of SVTR  

encoder.blocks3.4.mixer.qkv.bias - torch.Size([1536]): 
The value is the same before and after calling `init_weights` of SVTR  

encoder.blocks3.4.mixer.proj.weight - torch.Size([512, 512]): 
The value is the same before and after calling `init_weights` of SVTR  

encoder.blocks3.4.mixer.proj.bias - torch.Size([512]): 
The value is the same before and after calling `init_weights` of SVTR  

encoder.blocks3.4.norm2.weight - torch.Size([512]): 
The value is the same before and after calling `init_weights` of SVTR  

encoder.blocks3.4.norm2.bias - torch.Size([512]): 
The value is the same before and after calling `init_weights` of SVTR  

encoder.blocks3.4.mlp.fc1.weight - torch.Size([2048, 512]): 
The value is the same before and after calling `init_weights` of SVTR  

encoder.blocks3.4.mlp.fc1.bias - torch.Size([2048]): 
The value is the same before and after calling `init_weights` of SVTR  

encoder.blocks3.4.mlp.fc2.weight - torch.Size([512, 2048]): 
The value is the same before and after calling `init_weights` of SVTR  

encoder.blocks3.4.mlp.fc2.bias - torch.Size([512]): 
The value is the same before and after calling `init_weights` of SVTR  

encoder.blocks3.5.norm1.weight - torch.Size([512]): 
The value is the same before and after calling `init_weights` of SVTR  

encoder.blocks3.5.norm1.bias - torch.Size([512]): 
The value is the same before and after calling `init_weights` of SVTR  

encoder.blocks3.5.mixer.qkv.weight - torch.Size([1536, 512]): 
The value is the same before and after calling `init_weights` of SVTR  

encoder.blocks3.5.mixer.qkv.bias - torch.Size([1536]): 
The value is the same before and after calling `init_weights` of SVTR  

encoder.blocks3.5.mixer.proj.weight - torch.Size([512, 512]): 
The value is the same before and after calling `init_weights` of SVTR  

encoder.blocks3.5.mixer.proj.bias - torch.Size([512]): 
The value is the same before and after calling `init_weights` of SVTR  

encoder.blocks3.5.norm2.weight - torch.Size([512]): 
The value is the same before and after calling `init_weights` of SVTR  

encoder.blocks3.5.norm2.bias - torch.Size([512]): 
The value is the same before and after calling `init_weights` of SVTR  

encoder.blocks3.5.mlp.fc1.weight - torch.Size([2048, 512]): 
The value is the same before and after calling `init_weights` of SVTR  

encoder.blocks3.5.mlp.fc1.bias - torch.Size([2048]): 
The value is the same before and after calling `init_weights` of SVTR  

encoder.blocks3.5.mlp.fc2.weight - torch.Size([512, 2048]): 
The value is the same before and after calling `init_weights` of SVTR  

encoder.blocks3.5.mlp.fc2.bias - torch.Size([512]): 
The value is the same before and after calling `init_weights` of SVTR  

encoder.blocks3.6.norm1.weight - torch.Size([512]): 
The value is the same before and after calling `init_weights` of SVTR  

encoder.blocks3.6.norm1.bias - torch.Size([512]): 
The value is the same before and after calling `init_weights` of SVTR  

encoder.blocks3.6.mixer.qkv.weight - torch.Size([1536, 512]): 
The value is the same before and after calling `init_weights` of SVTR  

encoder.blocks3.6.mixer.qkv.bias - torch.Size([1536]): 
The value is the same before and after calling `init_weights` of SVTR  

encoder.blocks3.6.mixer.proj.weight - torch.Size([512, 512]): 
The value is the same before and after calling `init_weights` of SVTR  

encoder.blocks3.6.mixer.proj.bias - torch.Size([512]): 
The value is the same before and after calling `init_weights` of SVTR  

encoder.blocks3.6.norm2.weight - torch.Size([512]): 
The value is the same before and after calling `init_weights` of SVTR  

encoder.blocks3.6.norm2.bias - torch.Size([512]): 
The value is the same before and after calling `init_weights` of SVTR  

encoder.blocks3.6.mlp.fc1.weight - torch.Size([2048, 512]): 
The value is the same before and after calling `init_weights` of SVTR  

encoder.blocks3.6.mlp.fc1.bias - torch.Size([2048]): 
The value is the same before and after calling `init_weights` of SVTR  

encoder.blocks3.6.mlp.fc2.weight - torch.Size([512, 2048]): 
The value is the same before and after calling `init_weights` of SVTR  

encoder.blocks3.6.mlp.fc2.bias - torch.Size([512]): 
The value is the same before and after calling `init_weights` of SVTR  

encoder.blocks3.7.norm1.weight - torch.Size([512]): 
The value is the same before and after calling `init_weights` of SVTR  

encoder.blocks3.7.norm1.bias - torch.Size([512]): 
The value is the same before and after calling `init_weights` of SVTR  

encoder.blocks3.7.mixer.qkv.weight - torch.Size([1536, 512]): 
The value is the same before and after calling `init_weights` of SVTR  

encoder.blocks3.7.mixer.qkv.bias - torch.Size([1536]): 
The value is the same before and after calling `init_weights` of SVTR  

encoder.blocks3.7.mixer.proj.weight - torch.Size([512, 512]): 
The value is the same before and after calling `init_weights` of SVTR  

encoder.blocks3.7.mixer.proj.bias - torch.Size([512]): 
The value is the same before and after calling `init_weights` of SVTR  

encoder.blocks3.7.norm2.weight - torch.Size([512]): 
The value is the same before and after calling `init_weights` of SVTR  

encoder.blocks3.7.norm2.bias - torch.Size([512]): 
The value is the same before and after calling `init_weights` of SVTR  

encoder.blocks3.7.mlp.fc1.weight - torch.Size([2048, 512]): 
The value is the same before and after calling `init_weights` of SVTR  

encoder.blocks3.7.mlp.fc1.bias - torch.Size([2048]): 
The value is the same before and after calling `init_weights` of SVTR  

encoder.blocks3.7.mlp.fc2.weight - torch.Size([512, 2048]): 
The value is the same before and after calling `init_weights` of SVTR  

encoder.blocks3.7.mlp.fc2.bias - torch.Size([512]): 
The value is the same before and after calling `init_weights` of SVTR  

encoder.blocks3.8.norm1.weight - torch.Size([512]): 
The value is the same before and after calling `init_weights` of SVTR  

encoder.blocks3.8.norm1.bias - torch.Size([512]): 
The value is the same before and after calling `init_weights` of SVTR  

encoder.blocks3.8.mixer.qkv.weight - torch.Size([1536, 512]): 
The value is the same before and after calling `init_weights` of SVTR  

encoder.blocks3.8.mixer.qkv.bias - torch.Size([1536]): 
The value is the same before and after calling `init_weights` of SVTR  

encoder.blocks3.8.mixer.proj.weight - torch.Size([512, 512]): 
The value is the same before and after calling `init_weights` of SVTR  

encoder.blocks3.8.mixer.proj.bias - torch.Size([512]): 
The value is the same before and after calling `init_weights` of SVTR  

encoder.blocks3.8.norm2.weight - torch.Size([512]): 
The value is the same before and after calling `init_weights` of SVTR  

encoder.blocks3.8.norm2.bias - torch.Size([512]): 
The value is the same before and after calling `init_weights` of SVTR  

encoder.blocks3.8.mlp.fc1.weight - torch.Size([2048, 512]): 
The value is the same before and after calling `init_weights` of SVTR  

encoder.blocks3.8.mlp.fc1.bias - torch.Size([2048]): 
The value is the same before and after calling `init_weights` of SVTR  

encoder.blocks3.8.mlp.fc2.weight - torch.Size([512, 2048]): 
The value is the same before and after calling `init_weights` of SVTR  

encoder.blocks3.8.mlp.fc2.bias - torch.Size([512]): 
The value is the same before and after calling `init_weights` of SVTR  

encoder.layer_norm.weight - torch.Size([512]): 
The value is the same before and after calling `init_weights` of SVTR  

encoder.layer_norm.bias - torch.Size([512]): 
The value is the same before and after calling `init_weights` of SVTR  

encoder.last_conv.weight - torch.Size([384, 512, 1, 1]): 
The value is the same before and after calling `init_weights` of SVTR  

decoder.decoder.weight - torch.Size([5885, 384]): 
The value is the same before and after calling `init_weights` of SVTR  

decoder.decoder.bias - torch.Size([5885]): 
The value is the same before and after calling `init_weights` of SVTR  
2026/01/10 18:11:41 - mmengine - INFO - Auto resumed from the latest checkpoint /root/lanyun-tmp/mmocr/work_dirs/svtr-large_fudan_baseline_seed3407/epoch_25.pth.
2026/01/10 18:11:41 - mmengine - INFO - Load checkpoint from /root/lanyun-tmp/mmocr/work_dirs/svtr-large_fudan_baseline_seed3407/epoch_25.pth
2026/01/10 18:11:41 - mmengine - INFO - resumed epoch: 25, iter: 49725
2026/01/10 18:11:41 - mmengine - WARNING - "FileClient" will be deprecated in future. Please use io functions in https://mmengine.readthedocs.io/en/latest/api/fileio.html#file-io
2026/01/10 18:11:41 - mmengine - WARNING - "HardDiskBackend" is the alias of "LocalBackend" and the former will be deprecated in future.
2026/01/10 18:11:41 - mmengine - INFO - Checkpoints will be saved to /root/lanyun-tmp/mmocr/work_dirs/svtr-large_fudan_baseline_seed3407.
2026/01/10 18:12:23 - mmengine - INFO - Epoch(train) [26][  50/1989]  lr: 2.5287e-05  eta: 2:17:58  time: 0.6141  data_time: 0.0278  memory: 18275  loss: 0.6902  loss_ctc: 0.6902
2026/01/10 18:13:00 - mmengine - INFO - Epoch(train) [26][ 100/1989]  lr: 2.5082e-05  eta: 2:09:40  time: 0.7679  data_time: 0.2735  memory: 18275  loss: 0.7325  loss_ctc: 0.7325
2026/01/10 18:13:42 - mmengine - INFO - Epoch(train) [26][ 150/1989]  lr: 2.4878e-05  eta: 2:11:19  time: 0.5425  data_time: 0.0022  memory: 18275  loss: 0.6064  loss_ctc: 0.6064
2026/01/10 18:14:14 - mmengine - INFO - Epoch(train) [26][ 200/1989]  lr: 2.4674e-05  eta: 2:04:07  time: 0.5469  data_time: 0.0787  memory: 18275  loss: 0.6126  loss_ctc: 0.6126
2026/01/10 18:14:55 - mmengine - INFO - Epoch(train) [26][ 250/1989]  lr: 2.4472e-05  eta: 2:05:09  time: 0.8093  data_time: 0.3477  memory: 18275  loss: 0.7290  loss_ctc: 0.7290
2026/01/10 18:15:12 - mmengine - INFO - Exp name: svtr-large_fudan_scene_baseline_20260110_181124
2026/01/10 18:15:32 - mmengine - INFO - Epoch(train) [26][ 300/1989]  lr: 2.4270e-05  eta: 2:03:24  time: 0.7161  data_time: 0.0021  memory: 18275  loss: 0.7226  loss_ctc: 0.7226
2026/01/10 18:16:12 - mmengine - INFO - Epoch(train) [26][ 350/1989]  lr: 2.4069e-05  eta: 2:03:37  time: 0.7681  data_time: 0.1317  memory: 18275  loss: 0.7376  loss_ctc: 0.7376
2026/01/10 18:16:52 - mmengine - INFO - Epoch(train) [26][ 400/1989]  lr: 2.3868e-05  eta: 2:03:29  time: 0.6956  data_time: 0.1055  memory: 18275  loss: 0.7284  loss_ctc: 0.7284
2026/01/10 18:17:27 - mmengine - INFO - Epoch(train) [26][ 450/1989]  lr: 2.3668e-05  eta: 2:01:31  time: 0.7398  data_time: 0.1882  memory: 18275  loss: 0.5990  loss_ctc: 0.5990
2026/01/10 18:18:06 - mmengine - INFO - Epoch(train) [26][ 500/1989]  lr: 2.3469e-05  eta: 2:01:05  time: 0.5847  data_time: 0.0021  memory: 18275  loss: 0.6486  loss_ctc: 0.6486
2026/01/10 18:19:02 - mmengine - INFO - Epoch(train) [26][ 550/1989]  lr: 2.3271e-05  eta: 2:05:27  time: 0.8359  data_time: 0.4012  memory: 18275  loss: 0.5883  loss_ctc: 0.5883
2026/01/10 18:19:44 - mmengine - INFO - Epoch(train) [26][ 600/1989]  lr: 2.3074e-05  eta: 2:05:16  time: 0.8262  data_time: 0.3376  memory: 18275  loss: 0.6768  loss_ctc: 0.6768
2026/01/10 18:20:23 - mmengine - INFO - Epoch(train) [26][ 650/1989]  lr: 2.2877e-05  eta: 2:04:18  time: 0.9716  data_time: 0.3631  memory: 18275  loss: 0.7034  loss_ctc: 0.7034
2026/01/10 18:20:58 - mmengine - INFO - Epoch(train) [26][ 700/1989]  lr: 2.2681e-05  eta: 2:02:35  time: 0.7422  data_time: 0.1111  memory: 18275  loss: 0.6443  loss_ctc: 0.6443
2026/01/10 18:21:31 - mmengine - INFO - Epoch(train) [26][ 750/1989]  lr: 2.2486e-05  eta: 2:00:33  time: 0.6592  data_time: 0.2190  memory: 18275  loss: 0.6702  loss_ctc: 0.6702
2026/01/10 18:22:11 - mmengine - INFO - Epoch(train) [26][ 800/1989]  lr: 2.2292e-05  eta: 1:59:57  time: 0.7387  data_time: 0.1289  memory: 18275  loss: 0.6720  loss_ctc: 0.6720
2026/01/10 18:22:43 - mmengine - INFO - Epoch(train) [26][ 850/1989]  lr: 2.2098e-05  eta: 1:58:03  time: 0.5000  data_time: 0.0668  memory: 18275  loss: 0.7082  loss_ctc: 0.7082
2026/01/10 18:23:22 - mmengine - INFO - Epoch(train) [26][ 900/1989]  lr: 2.1905e-05  eta: 1:57:24  time: 0.8909  data_time: 0.4547  memory: 18275  loss: 0.7184  loss_ctc: 0.7184
2026/01/10 18:23:57 - mmengine - INFO - Epoch(train) [26][ 950/1989]  lr: 2.1713e-05  eta: 1:56:07  time: 0.9156  data_time: 0.1673  memory: 18275  loss: 0.6914  loss_ctc: 0.6914
2026/01/10 18:24:33 - mmengine - INFO - Epoch(train) [26][1000/1989]  lr: 2.1522e-05  eta: 1:54:59  time: 0.8391  data_time: 0.3929  memory: 18275  loss: 0.7859  loss_ctc: 0.7859
2026/01/10 18:25:08 - mmengine - INFO - Epoch(train) [26][1050/1989]  lr: 2.1331e-05  eta: 1:53:56  time: 0.7890  data_time: 0.2021  memory: 18275  loss: 0.6901  loss_ctc: 0.6901
2026/01/10 18:26:01 - mmengine - INFO - Epoch(train) [26][1100/1989]  lr: 2.1141e-05  eta: 1:55:08  time: 1.0866  data_time: 0.0021  memory: 18275  loss: 0.6464  loss_ctc: 0.6464
2026/01/10 18:26:41 - mmengine - INFO - Epoch(train) [26][1150/1989]  lr: 2.0952e-05  eta: 1:54:40  time: 0.5462  data_time: 0.1015  memory: 18275  loss: 0.6624  loss_ctc: 0.6624
2026/01/10 18:27:16 - mmengine - INFO - Epoch(train) [26][1200/1989]  lr: 2.0764e-05  eta: 1:53:30  time: 0.5863  data_time: 0.0020  memory: 18275  loss: 0.6676  loss_ctc: 0.6676
2026/01/10 18:28:03 - mmengine - INFO - Epoch(train) [26][1250/1989]  lr: 2.0576e-05  eta: 1:53:49  time: 0.6652  data_time: 0.2285  memory: 18275  loss: 0.6604  loss_ctc: 0.6604
2026/01/10 18:28:21 - mmengine - INFO - Exp name: svtr-large_fudan_scene_baseline_20260110_181124
2026/01/10 18:28:55 - mmengine - INFO - Epoch(train) [26][1300/1989]  lr: 2.0390e-05  eta: 1:54:32  time: 1.3755  data_time: 0.0020  memory: 18275  loss: 0.6884  loss_ctc: 0.6884
2026/01/10 18:29:34 - mmengine - INFO - Epoch(train) [26][1350/1989]  lr: 2.0204e-05  eta: 1:53:49  time: 0.8480  data_time: 0.3950  memory: 18275  loss: 0.7029  loss_ctc: 0.7029
2026/01/10 18:30:21 - mmengine - INFO - Epoch(train) [26][1400/1989]  lr: 2.0019e-05  eta: 1:53:53  time: 0.9930  data_time: 0.5545  memory: 18275  loss: 0.5788  loss_ctc: 0.5788
2026/01/10 18:31:04 - mmengine - INFO - Epoch(train) [26][1450/1989]  lr: 1.9834e-05  eta: 1:53:32  time: 0.6060  data_time: 0.1590  memory: 18275  loss: 0.7157  loss_ctc: 0.7157
2026/01/10 18:31:45 - mmengine - INFO - Epoch(train) [26][1500/1989]  lr: 1.9651e-05  eta: 1:52:53  time: 0.7969  data_time: 0.0023  memory: 18275  loss: 0.6500  loss_ctc: 0.6500
2026/01/10 18:32:22 - mmengine - INFO - Epoch(train) [26][1550/1989]  lr: 1.9468e-05  eta: 1:51:58  time: 0.7131  data_time: 0.2590  memory: 18275  loss: 0.7314  loss_ctc: 0.7314
2026/01/10 18:32:57 - mmengine - INFO - Epoch(train) [26][1600/1989]  lr: 1.9286e-05  eta: 1:50:52  time: 0.5534  data_time: 0.1228  memory: 18275  loss: 0.6508  loss_ctc: 0.6508
2026/01/10 18:33:32 - mmengine - INFO - Epoch(train) [26][1650/1989]  lr: 1.9105e-05  eta: 1:49:47  time: 0.7309  data_time: 0.2959  memory: 18275  loss: 0.6829  loss_ctc: 0.6829
2026/01/10 18:34:07 - mmengine - INFO - Epoch(train) [26][1700/1989]  lr: 1.8924e-05  eta: 1:48:46  time: 0.6766  data_time: 0.0020  memory: 18275  loss: 0.6848  loss_ctc: 0.6848
2026/01/10 18:34:45 - mmengine - INFO - Epoch(train) [26][1750/1989]  lr: 1.8744e-05  eta: 1:47:59  time: 0.7482  data_time: 0.3100  memory: 18275  loss: 0.6507  loss_ctc: 0.6507
2026/01/10 18:35:29 - mmengine - INFO - Epoch(train) [26][1800/1989]  lr: 1.8565e-05  eta: 1:47:39  time: 0.8700  data_time: 0.4118  memory: 18275  loss: 0.6190  loss_ctc: 0.6190
2026/01/10 18:36:06 - mmengine - INFO - Epoch(train) [26][1850/1989]  lr: 1.8387e-05  eta: 1:46:48  time: 0.8745  data_time: 0.4215  memory: 18275  loss: 0.6748  loss_ctc: 0.6748
2026/01/10 18:36:52 - mmengine - INFO - Epoch(train) [26][1900/1989]  lr: 1.8210e-05  eta: 1:46:35  time: 1.0581  data_time: 0.0021  memory: 18275  loss: 0.7262  loss_ctc: 0.7262
2026/01/10 18:37:28 - mmengine - INFO - Epoch(train) [26][1950/1989]  lr: 1.8034e-05  eta: 1:45:40  time: 0.8482  data_time: 0.1659  memory: 18275  loss: 0.7102  loss_ctc: 0.7102
2026/01/10 18:38:07 - mmengine - INFO - Exp name: svtr-large_fudan_scene_baseline_20260110_181124
2026/01/10 18:38:07 - mmengine - INFO - Saving checkpoint at 26 epochs
2026/01/10 18:38:19 - mmengine - INFO - Epoch(val) [26][ 50/498]    eta: 0:01:25  time: 0.1727  data_time: 0.0005  memory: 18275  
2026/01/10 18:38:28 - mmengine - INFO - Epoch(val) [26][100/498]    eta: 0:01:13  time: 0.1723  data_time: 0.0006  memory: 1672  
2026/01/10 18:38:37 - mmengine - INFO - Epoch(val) [26][150/498]    eta: 0:01:02  time: 0.1760  data_time: 0.0006  memory: 1672  
2026/01/10 18:38:46 - mmengine - INFO - Epoch(val) [26][200/498]    eta: 0:00:54  time: 0.1753  data_time: 0.0007  memory: 1672  
2026/01/10 18:38:55 - mmengine - INFO - Epoch(val) [26][250/498]    eta: 0:00:44  time: 0.1760  data_time: 0.0006  memory: 1672  
2026/01/10 18:39:04 - mmengine - INFO - Epoch(val) [26][300/498]    eta: 0:00:35  time: 0.1749  data_time: 0.0006  memory: 1672  
2026/01/10 18:39:12 - mmengine - INFO - Epoch(val) [26][350/498]    eta: 0:00:26  time: 0.1731  data_time: 0.0005  memory: 1672  
2026/01/10 18:39:21 - mmengine - INFO - Epoch(val) [26][400/498]    eta: 0:00:17  time: 0.1767  data_time: 0.0006  memory: 1672  
2026/01/10 18:39:30 - mmengine - INFO - Epoch(val) [26][450/498]    eta: 0:00:08  time: 0.1729  data_time: 0.0006  memory: 1672  
2026/01/10 18:39:39 - mmengine - INFO - Epoch(val) [26][498/498]    Fudan/recog/word_acc: 0.7054  Fudan/recog/1-N.E.D: 0.8678  data_time: 0.0022  time: 0.1783
2026/01/10 18:39:39 - mmengine - INFO - The previous best checkpoint /root/lanyun-tmp/mmocr/work_dirs/svtr-large_fudan_baseline_seed3407/best_Fudan_recog_word_acc_epoch_25.pth is removed
2026/01/10 18:39:41 - mmengine - INFO - The best checkpoint with 0.7054 Fudan/recog/word_acc at 26 epoch is saved to best_Fudan_recog_word_acc_epoch_26.pth.
2026/01/10 18:40:27 - mmengine - INFO - Epoch(train) [27][  50/1989]  lr: 1.7721e-05  eta: 1:45:14  time: 0.7164  data_time: 0.0916  memory: 18275  loss: 0.7607  loss_ctc: 0.7607
2026/01/10 18:41:03 - mmengine - INFO - Epoch(train) [27][ 100/1989]  lr: 1.7547e-05  eta: 1:44:19  time: 0.5750  data_time: 0.0695  memory: 18275  loss: 0.6454  loss_ctc: 0.6454
2026/01/10 18:41:40 - mmengine - INFO - Epoch(train) [27][ 150/1989]  lr: 1.7373e-05  eta: 1:43:29  time: 0.5010  data_time: 0.0678  memory: 18275  loss: 0.6572  loss_ctc: 0.6572
2026/01/10 18:42:20 - mmengine - INFO - Epoch(train) [27][ 200/1989]  lr: 1.7201e-05  eta: 1:42:51  time: 0.6872  data_time: 0.0981  memory: 18275  loss: 0.7126  loss_ctc: 0.7126
2026/01/10 18:42:58 - mmengine - INFO - Epoch(train) [27][ 250/1989]  lr: 1.7029e-05  eta: 1:42:05  time: 0.7119  data_time: 0.2634  memory: 18275  loss: 0.6331  loss_ctc: 0.6331
2026/01/10 18:43:26 - mmengine - INFO - Exp name: svtr-large_fudan_scene_baseline_20260110_181124
2026/01/10 18:43:38 - mmengine - INFO - Epoch(train) [27][ 300/1989]  lr: 1.6858e-05  eta: 1:41:25  time: 0.7639  data_time: 0.3147  memory: 18275  loss: 0.7490  loss_ctc: 0.7490
2026/01/10 18:44:15 - mmengine - INFO - Epoch(train) [27][ 350/1989]  lr: 1.6687e-05  eta: 1:40:37  time: 0.5554  data_time: 0.1108  memory: 18275  loss: 0.6515  loss_ctc: 0.6515
2026/01/10 18:44:54 - mmengine - INFO - Epoch(train) [27][ 400/1989]  lr: 1.6518e-05  eta: 1:39:56  time: 1.0496  data_time: 0.6004  memory: 18275  loss: 0.6577  loss_ctc: 0.6577
2026/01/10 18:45:30 - mmengine - INFO - Epoch(train) [27][ 450/1989]  lr: 1.6349e-05  eta: 1:39:05  time: 0.5732  data_time: 0.0892  memory: 18275  loss: 0.6272  loss_ctc: 0.6272
2026/01/10 18:46:10 - mmengine - INFO - Epoch(train) [27][ 500/1989]  lr: 1.6181e-05  eta: 1:38:26  time: 0.7866  data_time: 0.2462  memory: 18275  loss: 0.6173  loss_ctc: 0.6173
2026/01/10 18:46:47 - mmengine - INFO - Epoch(train) [27][ 550/1989]  lr: 1.6014e-05  eta: 1:37:39  time: 0.6593  data_time: 0.0020  memory: 18275  loss: 0.6994  loss_ctc: 0.6994
2026/01/10 18:47:28 - mmengine - INFO - Epoch(train) [27][ 600/1989]  lr: 1.5848e-05  eta: 1:37:03  time: 0.5322  data_time: 0.0988  memory: 18275  loss: 0.6754  loss_ctc: 0.6754
