Loads checkpoint by local backend from path: work_dirs/fcenet_r50dcnv2_fpn_finetune_art_rctw_rects/best_icdar_hmean_epoch_96.pth
01/05 21:53:40 - mmengine - INFO - ModulatedDeformConvPack backbone.layer2.0.conv2 is upgraded to version 2.
01/05 21:53:40 - mmengine - INFO - ModulatedDeformConvPack backbone.layer2.1.conv2 is upgraded to version 2.
01/05 21:53:40 - mmengine - INFO - ModulatedDeformConvPack backbone.layer2.2.conv2 is upgraded to version 2.
01/05 21:53:40 - mmengine - INFO - ModulatedDeformConvPack backbone.layer2.3.conv2 is upgraded to version 2.
01/05 21:53:40 - mmengine - INFO - ModulatedDeformConvPack backbone.layer3.0.conv2 is upgraded to version 2.
01/05 21:53:41 - mmengine - INFO - ModulatedDeformConvPack backbone.layer3.1.conv2 is upgraded to version 2.
01/05 21:53:41 - mmengine - INFO - ModulatedDeformConvPack backbone.layer3.2.conv2 is upgraded to version 2.
01/05 21:53:41 - mmengine - INFO - ModulatedDeformConvPack backbone.layer3.3.conv2 is upgraded to version 2.
01/05 21:53:41 - mmengine - INFO - ModulatedDeformConvPack backbone.layer3.4.conv2 is upgraded to version 2.
01/05 21:53:41 - mmengine - INFO - ModulatedDeformConvPack backbone.layer3.5.conv2 is upgraded to version 2.
01/05 21:53:41 - mmengine - INFO - ModulatedDeformConvPack backbone.layer4.0.conv2 is upgraded to version 2.
01/05 21:53:41 - mmengine - INFO - ModulatedDeformConvPack backbone.layer4.1.conv2 is upgraded to version 2.
01/05 21:53:41 - mmengine - INFO - ModulatedDeformConvPack backbone.layer4.2.conv2 is upgraded to version 2.
{
  "total_images": 3363,
  "total_stage1_instances": 58879,
  "total_candidates": 45270,
  "total_selected": 12913,
  "refine_success": 2571,
  "refine_fallback": 10342,
  "refined_per_image_hist": {
    "0": 1666,
    "1": 1162,
    "2": 344,
    "3": 113,
    "4": 38,
    "5": 21,
    "6": 13,
    "7": 3,
    "8": 2,
    "10": 1
  }
}
{
  "total": 656500.57028234,
  "avg_per_image": 195.21277736614334,
  "stage2_total": 563156.0726175085,
  "stage2_avg_per_patch": 43.61493747037705,
  "stage2_patches": 12912
}
