Loads checkpoint by local backend from path: /root/lanyun-tmp/mmocr/work_dirs/fcenet_r50dcnv2_fpn_finetune_art_rctw_rects/best_icdar_hmean_epoch_96.pth
01/05 23:20:27 - mmengine - INFO - ModulatedDeformConvPack backbone.layer2.0.conv2 is upgraded to version 2.
01/05 23:20:27 - mmengine - INFO - ModulatedDeformConvPack backbone.layer2.1.conv2 is upgraded to version 2.
01/05 23:20:27 - mmengine - INFO - ModulatedDeformConvPack backbone.layer2.2.conv2 is upgraded to version 2.
01/05 23:20:27 - mmengine - INFO - ModulatedDeformConvPack backbone.layer2.3.conv2 is upgraded to version 2.
01/05 23:20:27 - mmengine - INFO - ModulatedDeformConvPack backbone.layer3.0.conv2 is upgraded to version 2.
01/05 23:20:27 - mmengine - INFO - ModulatedDeformConvPack backbone.layer3.1.conv2 is upgraded to version 2.
01/05 23:20:27 - mmengine - INFO - ModulatedDeformConvPack backbone.layer3.2.conv2 is upgraded to version 2.
01/05 23:20:27 - mmengine - INFO - ModulatedDeformConvPack backbone.layer3.3.conv2 is upgraded to version 2.
01/05 23:20:27 - mmengine - INFO - ModulatedDeformConvPack backbone.layer3.4.conv2 is upgraded to version 2.
01/05 23:20:27 - mmengine - INFO - ModulatedDeformConvPack backbone.layer3.5.conv2 is upgraded to version 2.
01/05 23:20:27 - mmengine - INFO - ModulatedDeformConvPack backbone.layer4.0.conv2 is upgraded to version 2.
01/05 23:20:27 - mmengine - INFO - ModulatedDeformConvPack backbone.layer4.1.conv2 is upgraded to version 2.
01/05 23:20:27 - mmengine - INFO - ModulatedDeformConvPack backbone.layer4.2.conv2 is upgraded to version 2.
{
  "total_images": 600,
  "total_stage1_instances": 7444,
  "total_candidates": 4451,
  "total_selected": 1562,
  "refine_success": 518,
  "refine_fallback": 1044,
  "refined_per_image_hist": {
    "0": 263,
    "1": 222,
    "2": 79,
    "3": 23,
    "4": 4,
    "5": 6,
    "6": 1,
    "7": 1,
    "10": 1
  }
}
{
  "total": 97876.12323556095,
  "avg_per_image": 163.12687205926827,
  "stage2_total": 85710.65636258572,
  "stage2_avg_per_patch": 54.907531302104886,
  "stage2_patches": 1561
}
