2026/01/04 11:20:51 - mmengine - INFO - 
------------------------------------------------------------
System environment:
    sys.platform: linux
    Python: 3.8.20 (default, Oct  3 2024, 15:24:27) [GCC 11.2.0]
    CUDA available: True
    MUSA available: False
    numpy_random_seed: 102756307
    GPU 0,1: NVIDIA GeForce RTX 3090
    CUDA_HOME: /usr/local/cuda
    NVCC: Cuda compilation tools, release 11.1, V11.1.105
    GCC: gcc (Ubuntu 9.4.0-1ubuntu1~20.04.2) 9.4.0
    PyTorch: 1.10.2+cu111
    PyTorch compiling details: PyTorch built with:
  - GCC 7.3
  - C++ Version: 201402
  - Intel(R) Math Kernel Library Version 2020.0.0 Product Build 20191122 for Intel(R) 64 architecture applications
  - Intel(R) MKL-DNN v2.2.3 (Git Hash 7336ca9f055cf1bfa13efb658fe15dc9b41f0740)
  - OpenMP 201511 (a.k.a. OpenMP 4.5)
  - LAPACK is enabled (usually provided by MKL)
  - NNPACK is enabled
  - CPU capability usage: AVX2
  - CUDA Runtime 11.1
  - NVCC architecture flags: -gencode;arch=compute_37,code=sm_37;-gencode;arch=compute_50,code=sm_50;-gencode;arch=compute_60,code=sm_60;-gencode;arch=compute_70,code=sm_70;-gencode;arch=compute_75,code=sm_75;-gencode;arch=compute_80,code=sm_80;-gencode;arch=compute_86,code=sm_86
  - CuDNN 8.0.5
  - Magma 2.5.2
  - Build settings: BLAS_INFO=mkl, BUILD_TYPE=Release, CUDA_VERSION=11.1, CUDNN_VERSION=8.0.5, CXX_COMPILER=/opt/rh/devtoolset-7/root/usr/bin/c++, CXX_FLAGS= -Wno-deprecated -fvisibility-inlines-hidden -DUSE_PTHREADPOOL -fopenmp -DNDEBUG -DUSE_KINETO -DUSE_FBGEMM -DUSE_QNNPACK -DUSE_PYTORCH_QNNPACK -DUSE_XNNPACK -DSYMBOLICATE_MOBILE_DEBUG_HANDLE -DEDGE_PROFILER_USE_KINETO -O2 -fPIC -Wno-narrowing -Wall -Wextra -Werror=return-type -Wno-missing-field-initializers -Wno-type-limits -Wno-array-bounds -Wno-unknown-pragmas -Wno-sign-compare -Wno-unused-parameter -Wno-unused-variable -Wno-unused-function -Wno-unused-result -Wno-unused-local-typedefs -Wno-strict-overflow -Wno-strict-aliasing -Wno-error=deprecated-declarations -Wno-stringop-overflow -Wno-psabi -Wno-error=pedantic -Wno-error=redundant-decls -Wno-error=old-style-cast -fdiagnostics-color=always -faligned-new -Wno-unused-but-set-variable -Wno-maybe-uninitialized -fno-math-errno -fno-trapping-math -Werror=format -Wno-stringop-overflow, LAPACK_INFO=mkl, PERF_WITH_AVX=1, PERF_WITH_AVX2=1, PERF_WITH_AVX512=1, TORCH_VERSION=1.10.2, USE_CUDA=ON, USE_CUDNN=ON, USE_EXCEPTION_PTR=1, USE_GFLAGS=OFF, USE_GLOG=OFF, USE_MKL=ON, USE_MKLDNN=ON, USE_MPI=OFF, USE_NCCL=ON, USE_NNPACK=ON, USE_OPENMP=ON, 

    TorchVision: 0.11.3+cu111
    OpenCV: 4.12.0
    MMEngine: 0.10.7

Runtime environment:
    cudnn_benchmark: True
    mp_cfg: {'mp_start_method': 'fork', 'opencv_num_threads': 0}
    dist_cfg: {'backend': 'nccl'}
    seed: 102756307
    Distributed launcher: pytorch
    Distributed training: True
    GPU number: 2
------------------------------------------------------------

2026/01/04 11:20:51 - mmengine - INFO - Config:
auto_scale_lr = dict(base_batch_size=32, enable=True)
custom_hooks = [
    dict(
        min_delta=0.001,
        monitor='icdar/hmean',
        patience=12,
        rule='greater',
        type='EarlyStoppingHook'),
]
default_hooks = dict(
    checkpoint=dict(
        interval=2,
        max_keep_ckpts=3,
        rule='greater',
        save_best='icdar/hmean',
        type='CheckpointHook'),
    logger=dict(interval=5, type='LoggerHook'),
    param_scheduler=dict(type='ParamSchedulerHook'),
    sampler_seed=dict(type='DistSamplerSeedHook'),
    sync_buffer=dict(type='SyncBuffersHook'),
    timer=dict(type='IterTimerHook'),
    visualization=dict(
        draw_gt=False,
        draw_pred=False,
        enable=False,
        interval=1,
        show=False,
        type='VisualizationHook'))
default_scope = 'mmocr'
env_cfg = dict(
    cudnn_benchmark=True,
    dist_cfg=dict(backend='nccl'),
    mp_cfg=dict(mp_start_method='fork', opencv_num_threads=0))
launcher = 'pytorch'
load_from = None
log_level = 'INFO'
log_processor = dict(by_epoch=True, type='LogProcessor', window_size=10)
max_epochs = 100
model = dict(
    backbone=dict(
        dcn=dict(deform_groups=2, fallback_on_stride=False, type='DCNv2'),
        depth=50,
        frozen_stages=-1,
        init_cfg=dict(checkpoint='torchvision://resnet50', type='Pretrained'),
        norm_cfg=dict(requires_grad=True, type='BN'),
        norm_eval=True,
        num_stages=4,
        out_indices=(
            1,
            2,
            3,
        ),
        stage_with_dcn=(
            False,
            True,
            True,
            True,
        ),
        style='pytorch',
        type='mmdet.ResNet'),
    data_preprocessor=dict(
        bgr_to_rgb=True,
        mean=[
            123.675,
            116.28,
            103.53,
        ],
        pad_size_divisor=32,
        std=[
            58.395,
            57.12,
            57.375,
        ],
        type='TextDetDataPreprocessor'),
    det_head=dict(
        fourier_degree=5,
        in_channels=256,
        module_loss=dict(
            level_proportion_range=(
                (
                    0,
                    0.25,
                ),
                (
                    0.2,
                    0.65,
                ),
                (
                    0.55,
                    1.0,
                ),
            ),
            num_sample=50,
            type='FCEModuleLoss'),
        postprocessor=dict(
            alpha=1.0,
            beta=2.0,
            num_reconstr_points=50,
            scales=(
                8,
                16,
                32,
            ),
            score_thr=0.3,
            text_repr_type='poly',
            type='FCEPostprocessor'),
        type='FCEHead'),
    neck=dict(
        act_cfg=None,
        add_extra_convs='on_output',
        in_channels=[
            512,
            1024,
            2048,
        ],
        num_outs=3,
        out_channels=256,
        relu_before_extra_convs=True,
        type='mmdet.FPN'),
    type='FCENet')
optim_wrapper = dict(
    clip_grad=dict(max_norm=5, norm_type=2),
    loss_scale='dynamic',
    optimizer=dict(lr=0.001, momentum=0.9, type='SGD', weight_decay=0.0005),
    type='AmpOptimWrapper')
param_scheduler = [
    dict(begin=0, by_epoch=True, end=2, start_factor=0.1, type='LinearLR'),
    dict(
        begin=2,
        by_epoch=True,
        end=100,
        eta_min=1e-07,
        power=0.9,
        type='PolyLR'),
]
randomness = dict(seed=None)
resume = True
test_cfg = dict(type='TestLoop')
test_dataloader = dict(
    batch_size=1,
    dataset=dict(
        datasets=[
            dict(
                ann_file='instances_val.json',
                data_root='data/art_mmocr',
                pipeline=None,
                test_mode=True,
                type='OCRDataset'),
            dict(
                ann_file='instances_val.json',
                data_root='data/rctw17_mmocr',
                pipeline=None,
                test_mode=True,
                type='OCRDataset'),
            dict(
                ann_file='instances_val.json',
                data_root='data/rects_mmocr',
                pipeline=None,
                test_mode=True,
                type='OCRDataset'),
        ],
        pipeline=[
            dict(
                color_type='color_ignore_orientation',
                type='LoadImageFromFile'),
            dict(keep_ratio=True, scale=(
                2260,
                2260,
            ), type='Resize'),
            dict(
                type='LoadOCRAnnotations',
                with_bbox=True,
                with_label=True,
                with_polygon=True),
            dict(fix_from_bbox=False, type='FixInvalidPolygon'),
            dict(
                meta_keys=(
                    'img_path',
                    'ori_shape',
                    'img_shape',
                    'scale_factor',
                ),
                type='PackTextDetInputs'),
        ],
        type='ConcatDataset'),
    num_workers=2,
    persistent_workers=True,
    pin_memory=True,
    sampler=dict(shuffle=False, type='DefaultSampler'))
test_evaluator = dict(
    dataset_prefixes=dict(
        art='data/art_mmocr',
        rctw='data/rctw17_mmocr',
        rects='data/rects_mmocr'),
    type='MultiDatasetHmeanIOUMetric')
test_list = [
    dict(
        ann_file='instances_val.json',
        data_root='data/art_mmocr',
        pipeline=None,
        test_mode=True,
        type='OCRDataset'),
    dict(
        ann_file='instances_val.json',
        data_root='data/rctw17_mmocr',
        pipeline=None,
        test_mode=True,
        type='OCRDataset'),
    dict(
        ann_file='instances_val.json',
        data_root='data/rects_mmocr',
        pipeline=None,
        test_mode=True,
        type='OCRDataset'),
]
test_pipeline = [
    dict(color_type='color_ignore_orientation', type='LoadImageFromFile'),
    dict(keep_ratio=True, scale=(
        2260,
        2260,
    ), type='Resize'),
    dict(
        type='LoadOCRAnnotations',
        with_bbox=True,
        with_label=True,
        with_polygon=True),
    dict(fix_from_bbox=False, type='FixInvalidPolygon'),
    dict(
        meta_keys=(
            'img_path',
            'ori_shape',
            'img_shape',
            'scale_factor',
        ),
        type='PackTextDetInputs'),
]
textdet_art_data_root = 'data/art_mmocr'
textdet_art_rctw_rects_data_root = 'data/textdet_finetune_art_rctw_rects'
textdet_art_rctw_rects_test = dict(
    ann_file='instances_val.json',
    data_root='data/textdet_finetune_art_rctw_rects',
    pipeline=None,
    test_mode=True,
    type='OCRDataset')
textdet_art_rctw_rects_train = dict(
    ann_file='instances_train.json',
    data_root='data/textdet_finetune_art_rctw_rects',
    filter_cfg=dict(filter_empty_gt=True, min_size=32),
    pipeline=None,
    type='OCRDataset')
textdet_art_test = dict(
    ann_file='instances_val.json',
    data_root='data/art_mmocr',
    pipeline=None,
    test_mode=True,
    type='OCRDataset')
textdet_art_train = dict(
    ann_file='instances_train.json',
    data_root='data/art_mmocr',
    filter_cfg=dict(filter_empty_gt=True, min_size=32),
    pipeline=None,
    type='OCRDataset')
textdet_rctw_data_root = 'data/rctw17_mmocr'
textdet_rctw_test = dict(
    ann_file='instances_val.json',
    data_root='data/rctw17_mmocr',
    pipeline=None,
    test_mode=True,
    type='OCRDataset')
textdet_rctw_train = dict(
    ann_file='instances_train.json',
    data_root='data/rctw17_mmocr',
    filter_cfg=dict(filter_empty_gt=True, min_size=32),
    pipeline=None,
    type='OCRDataset')
textdet_rects_data_root = 'data/rects_mmocr'
textdet_rects_test = dict(
    ann_file='instances_val.json',
    data_root='data/rects_mmocr',
    pipeline=None,
    test_mode=True,
    type='OCRDataset')
textdet_rects_train = dict(
    ann_file='instances_train.json',
    data_root='data/rects_mmocr',
    filter_cfg=dict(filter_empty_gt=True, min_size=32),
    pipeline=None,
    type='OCRDataset')
train_cfg = dict(max_epochs=100, type='EpochBasedTrainLoop', val_interval=2)
train_dataloader = dict(
    batch_size=32,
    dataset=dict(
        datasets=[
            dict(
                ann_file='instances_train.json',
                data_root='data/art_mmocr',
                filter_cfg=dict(filter_empty_gt=True, min_size=32),
                pipeline=None,
                type='OCRDataset'),
            dict(
                ann_file='instances_train.json',
                data_root='data/rctw17_mmocr',
                filter_cfg=dict(filter_empty_gt=True, min_size=32),
                pipeline=None,
                type='OCRDataset'),
            dict(
                ann_file='instances_train.json',
                data_root='data/rects_mmocr',
                filter_cfg=dict(filter_empty_gt=True, min_size=32),
                pipeline=None,
                type='OCRDataset'),
        ],
        pipeline=[
            dict(
                color_type='color_ignore_orientation',
                type='LoadImageFromFile'),
            dict(
                type='LoadOCRAnnotations',
                with_bbox=True,
                with_label=True,
                with_polygon=True),
            dict(fix_from_bbox=False, type='FixInvalidPolygon'),
            dict(
                keep_ratio=True,
                ratio_range=(
                    0.75,
                    2.5,
                ),
                scale=(
                    800,
                    800,
                ),
                type='RandomResize'),
            dict(
                crop_ratio=0.5,
                iter_num=1,
                min_area_ratio=0.2,
                type='TextDetRandomCropFlip'),
            dict(
                prob=0.8,
                transforms=[
                    dict(min_side_ratio=0.3, type='RandomCrop'),
                ],
                type='RandomApply'),
            dict(
                prob=0.5,
                transforms=[
                    dict(
                        max_angle=30,
                        pad_with_fixed_color=False,
                        type='RandomRotate',
                        use_canvas=True),
                ],
                type='RandomApply'),
            dict(
                prob=[
                    0.6,
                    0.4,
                ],
                transforms=[
                    [
                        dict(keep_ratio=True, scale=800, type='Resize'),
                        dict(target_scale=800, type='SourceImagePad'),
                    ],
                    dict(keep_ratio=False, scale=800, type='Resize'),
                ],
                type='RandomChoice'),
            dict(direction='horizontal', prob=0.5, type='RandomFlip'),
            dict(
                brightness=0.12549019607843137,
                contrast=0.5,
                op='ColorJitter',
                saturation=0.5,
                type='TorchVisionWrapper'),
            dict(
                meta_keys=(
                    'img_path',
                    'ori_shape',
                    'img_shape',
                    'scale_factor',
                ),
                type='PackTextDetInputs'),
        ],
        type='ConcatDataset'),
    num_workers=6,
    persistent_workers=True,
    pin_memory=True,
    sampler=dict(shuffle=True, type='DefaultSampler'))
train_list = [
    dict(
        ann_file='instances_train.json',
        data_root='data/art_mmocr',
        filter_cfg=dict(filter_empty_gt=True, min_size=32),
        pipeline=None,
        type='OCRDataset'),
    dict(
        ann_file='instances_train.json',
        data_root='data/rctw17_mmocr',
        filter_cfg=dict(filter_empty_gt=True, min_size=32),
        pipeline=None,
        type='OCRDataset'),
    dict(
        ann_file='instances_train.json',
        data_root='data/rects_mmocr',
        filter_cfg=dict(filter_empty_gt=True, min_size=32),
        pipeline=None,
        type='OCRDataset'),
]
train_pipeline = [
    dict(color_type='color_ignore_orientation', type='LoadImageFromFile'),
    dict(
        type='LoadOCRAnnotations',
        with_bbox=True,
        with_label=True,
        with_polygon=True),
    dict(fix_from_bbox=False, type='FixInvalidPolygon'),
    dict(
        keep_ratio=True,
        ratio_range=(
            0.75,
            2.5,
        ),
        scale=(
            800,
            800,
        ),
        type='RandomResize'),
    dict(
        crop_ratio=0.5,
        iter_num=1,
        min_area_ratio=0.2,
        type='TextDetRandomCropFlip'),
    dict(
        prob=0.8,
        transforms=[
            dict(min_side_ratio=0.3, type='RandomCrop'),
        ],
        type='RandomApply'),
    dict(
        prob=0.5,
        transforms=[
            dict(
                max_angle=30,
                pad_with_fixed_color=False,
                type='RandomRotate',
                use_canvas=True),
        ],
        type='RandomApply'),
    dict(
        prob=[
            0.6,
            0.4,
        ],
        transforms=[
            [
                dict(keep_ratio=True, scale=800, type='Resize'),
                dict(target_scale=800, type='SourceImagePad'),
            ],
            dict(keep_ratio=False, scale=800, type='Resize'),
        ],
        type='RandomChoice'),
    dict(direction='horizontal', prob=0.5, type='RandomFlip'),
    dict(
        brightness=0.12549019607843137,
        contrast=0.5,
        op='ColorJitter',
        saturation=0.5,
        type='TorchVisionWrapper'),
    dict(
        meta_keys=(
            'img_path',
            'ori_shape',
            'img_shape',
            'scale_factor',
        ),
        type='PackTextDetInputs'),
]
val_cfg = dict(type='ValLoop')
val_dataloader = dict(
    batch_size=1,
    dataset=dict(
        datasets=[
            dict(
                ann_file='instances_val.json',
                data_root='data/art_mmocr',
                pipeline=None,
                test_mode=True,
                type='OCRDataset'),
            dict(
                ann_file='instances_val.json',
                data_root='data/rctw17_mmocr',
                pipeline=None,
                test_mode=True,
                type='OCRDataset'),
            dict(
                ann_file='instances_val.json',
                data_root='data/rects_mmocr',
                pipeline=None,
                test_mode=True,
                type='OCRDataset'),
        ],
        pipeline=[
            dict(
                color_type='color_ignore_orientation',
                type='LoadImageFromFile'),
            dict(keep_ratio=True, scale=(
                2260,
                2260,
            ), type='Resize'),
            dict(
                type='LoadOCRAnnotations',
                with_bbox=True,
                with_label=True,
                with_polygon=True),
            dict(fix_from_bbox=False, type='FixInvalidPolygon'),
            dict(
                meta_keys=(
                    'img_path',
                    'ori_shape',
                    'img_shape',
                    'scale_factor',
                ),
                type='PackTextDetInputs'),
        ],
        type='ConcatDataset'),
    num_workers=2,
    persistent_workers=True,
    pin_memory=True,
    sampler=dict(shuffle=False, type='DefaultSampler'))
val_evaluator = dict(
    dataset_prefixes=dict(
        art='data/art_mmocr',
        rctw='data/rctw17_mmocr',
        rects='data/rects_mmocr'),
    type='MultiDatasetHmeanIOUMetric')
vis_backends = [
    dict(type='LocalVisBackend'),
]
visualizer = dict(
    name='visualizer',
    type='TextDetLocalVisualizer',
    vis_backends=[
        dict(type='LocalVisBackend'),
    ])
work_dir = 'work_dirs/fcenet_r50dcnv2_fpn_finetune_art_rctw_rects'

2026/01/04 11:20:53 - mmengine - INFO - Hooks will be executed in the following order:
before_run:
(VERY_HIGH   ) RuntimeInfoHook                    
(BELOW_NORMAL) LoggerHook                         
(LOWEST      ) EarlyStoppingHook                  
 -------------------- 
before_train:
(VERY_HIGH   ) RuntimeInfoHook                    
(NORMAL      ) IterTimerHook                      
(VERY_LOW    ) CheckpointHook                     
 -------------------- 
before_train_epoch:
(VERY_HIGH   ) RuntimeInfoHook                    
(NORMAL      ) IterTimerHook                      
(NORMAL      ) DistSamplerSeedHook                
 -------------------- 
before_train_iter:
(VERY_HIGH   ) RuntimeInfoHook                    
(NORMAL      ) IterTimerHook                      
 -------------------- 
after_train_iter:
(VERY_HIGH   ) RuntimeInfoHook                    
(NORMAL      ) IterTimerHook                      
(BELOW_NORMAL) LoggerHook                         
(LOW         ) ParamSchedulerHook                 
(VERY_LOW    ) CheckpointHook                     
 -------------------- 
after_train_epoch:
(NORMAL      ) IterTimerHook                      
(NORMAL      ) SyncBuffersHook                    
(LOW         ) ParamSchedulerHook                 
(VERY_LOW    ) CheckpointHook                     
 -------------------- 
before_val:
(VERY_HIGH   ) RuntimeInfoHook                    
 -------------------- 
before_val_epoch:
(NORMAL      ) IterTimerHook                      
(NORMAL      ) SyncBuffersHook                    
 -------------------- 
before_val_iter:
(NORMAL      ) IterTimerHook                      
 -------------------- 
after_val_iter:
(NORMAL      ) IterTimerHook                      
(NORMAL      ) VisualizationHook                  
(BELOW_NORMAL) LoggerHook                         
 -------------------- 
after_val_epoch:
(VERY_HIGH   ) RuntimeInfoHook                    
(NORMAL      ) IterTimerHook                      
(BELOW_NORMAL) LoggerHook                         
(LOW         ) ParamSchedulerHook                 
(VERY_LOW    ) CheckpointHook                     
(LOWEST      ) EarlyStoppingHook                  
 -------------------- 
after_val:
(VERY_HIGH   ) RuntimeInfoHook                    
 -------------------- 
after_train:
(VERY_HIGH   ) RuntimeInfoHook                    
(VERY_LOW    ) CheckpointHook                     
 -------------------- 
before_test:
(VERY_HIGH   ) RuntimeInfoHook                    
 -------------------- 
before_test_epoch:
(NORMAL      ) IterTimerHook                      
 -------------------- 
before_test_iter:
(NORMAL      ) IterTimerHook                      
 -------------------- 
after_test_iter:
(NORMAL      ) IterTimerHook                      
(NORMAL      ) VisualizationHook                  
(BELOW_NORMAL) LoggerHook                         
 -------------------- 
after_test_epoch:
(VERY_HIGH   ) RuntimeInfoHook                    
(NORMAL      ) IterTimerHook                      
(BELOW_NORMAL) LoggerHook                         
 -------------------- 
after_test:
(VERY_HIGH   ) RuntimeInfoHook                    
 -------------------- 
after_run:
(BELOW_NORMAL) LoggerHook                         
 -------------------- 
2026/01/04 11:20:56 - mmengine - INFO - LR is set based on batch size of 32 and the current batch size is 64. Scaling the original LR by 2.0.
2026/01/04 11:20:58 - mmengine - INFO - load model from: torchvision://resnet50
2026/01/04 11:20:58 - mmengine - INFO - Loads checkpoint by torchvision backend from path: torchvision://resnet50
2026/01/04 11:20:58 - mmengine - WARNING - The model and loaded state dict do not match exactly

unexpected key in source state_dict: fc.weight, fc.bias

missing keys in source state_dict: layer2.0.conv2.conv_offset.weight, layer2.0.conv2.conv_offset.bias, layer2.1.conv2.conv_offset.weight, layer2.1.conv2.conv_offset.bias, layer2.2.conv2.conv_offset.weight, layer2.2.conv2.conv_offset.bias, layer2.3.conv2.conv_offset.weight, layer2.3.conv2.conv_offset.bias, layer3.0.conv2.conv_offset.weight, layer3.0.conv2.conv_offset.bias, layer3.1.conv2.conv_offset.weight, layer3.1.conv2.conv_offset.bias, layer3.2.conv2.conv_offset.weight, layer3.2.conv2.conv_offset.bias, layer3.3.conv2.conv_offset.weight, layer3.3.conv2.conv_offset.bias, layer3.4.conv2.conv_offset.weight, layer3.4.conv2.conv_offset.bias, layer3.5.conv2.conv_offset.weight, layer3.5.conv2.conv_offset.bias, layer4.0.conv2.conv_offset.weight, layer4.0.conv2.conv_offset.bias, layer4.1.conv2.conv_offset.weight, layer4.1.conv2.conv_offset.bias, layer4.2.conv2.conv_offset.weight, layer4.2.conv2.conv_offset.bias

Name of parameter - Initialization information

backbone.conv1.weight - torch.Size([64, 3, 7, 7]): 
PretrainedInit: load from torchvision://resnet50 

backbone.bn1.weight - torch.Size([64]): 
PretrainedInit: load from torchvision://resnet50 

backbone.bn1.bias - torch.Size([64]): 
PretrainedInit: load from torchvision://resnet50 

backbone.layer1.0.conv1.weight - torch.Size([64, 64, 1, 1]): 
PretrainedInit: load from torchvision://resnet50 

backbone.layer1.0.bn1.weight - torch.Size([64]): 
PretrainedInit: load from torchvision://resnet50 

backbone.layer1.0.bn1.bias - torch.Size([64]): 
PretrainedInit: load from torchvision://resnet50 

backbone.layer1.0.conv2.weight - torch.Size([64, 64, 3, 3]): 
PretrainedInit: load from torchvision://resnet50 

backbone.layer1.0.bn2.weight - torch.Size([64]): 
PretrainedInit: load from torchvision://resnet50 

backbone.layer1.0.bn2.bias - torch.Size([64]): 
PretrainedInit: load from torchvision://resnet50 

backbone.layer1.0.conv3.weight - torch.Size([256, 64, 1, 1]): 
PretrainedInit: load from torchvision://resnet50 

backbone.layer1.0.bn3.weight - torch.Size([256]): 
PretrainedInit: load from torchvision://resnet50 

backbone.layer1.0.bn3.bias - torch.Size([256]): 
PretrainedInit: load from torchvision://resnet50 

backbone.layer1.0.downsample.0.weight - torch.Size([256, 64, 1, 1]): 
PretrainedInit: load from torchvision://resnet50 

backbone.layer1.0.downsample.1.weight - torch.Size([256]): 
PretrainedInit: load from torchvision://resnet50 

backbone.layer1.0.downsample.1.bias - torch.Size([256]): 
PretrainedInit: load from torchvision://resnet50 

backbone.layer1.1.conv1.weight - torch.Size([64, 256, 1, 1]): 
PretrainedInit: load from torchvision://resnet50 

backbone.layer1.1.bn1.weight - torch.Size([64]): 
PretrainedInit: load from torchvision://resnet50 

backbone.layer1.1.bn1.bias - torch.Size([64]): 
PretrainedInit: load from torchvision://resnet50 

backbone.layer1.1.conv2.weight - torch.Size([64, 64, 3, 3]): 
PretrainedInit: load from torchvision://resnet50 

backbone.layer1.1.bn2.weight - torch.Size([64]): 
PretrainedInit: load from torchvision://resnet50 

backbone.layer1.1.bn2.bias - torch.Size([64]): 
PretrainedInit: load from torchvision://resnet50 

backbone.layer1.1.conv3.weight - torch.Size([256, 64, 1, 1]): 
PretrainedInit: load from torchvision://resnet50 

backbone.layer1.1.bn3.weight - torch.Size([256]): 
PretrainedInit: load from torchvision://resnet50 

backbone.layer1.1.bn3.bias - torch.Size([256]): 
PretrainedInit: load from torchvision://resnet50 

backbone.layer1.2.conv1.weight - torch.Size([64, 256, 1, 1]): 
PretrainedInit: load from torchvision://resnet50 

backbone.layer1.2.bn1.weight - torch.Size([64]): 
PretrainedInit: load from torchvision://resnet50 

backbone.layer1.2.bn1.bias - torch.Size([64]): 
PretrainedInit: load from torchvision://resnet50 

backbone.layer1.2.conv2.weight - torch.Size([64, 64, 3, 3]): 
PretrainedInit: load from torchvision://resnet50 

backbone.layer1.2.bn2.weight - torch.Size([64]): 
PretrainedInit: load from torchvision://resnet50 

backbone.layer1.2.bn2.bias - torch.Size([64]): 
PretrainedInit: load from torchvision://resnet50 

backbone.layer1.2.conv3.weight - torch.Size([256, 64, 1, 1]): 
PretrainedInit: load from torchvision://resnet50 

backbone.layer1.2.bn3.weight - torch.Size([256]): 
PretrainedInit: load from torchvision://resnet50 

backbone.layer1.2.bn3.bias - torch.Size([256]): 
PretrainedInit: load from torchvision://resnet50 

backbone.layer2.0.conv1.weight - torch.Size([128, 256, 1, 1]): 
PretrainedInit: load from torchvision://resnet50 

backbone.layer2.0.bn1.weight - torch.Size([128]): 
PretrainedInit: load from torchvision://resnet50 

backbone.layer2.0.bn1.bias - torch.Size([128]): 
PretrainedInit: load from torchvision://resnet50 

backbone.layer2.0.conv2.weight - torch.Size([128, 128, 3, 3]): 
PretrainedInit: load from torchvision://resnet50 

backbone.layer2.0.conv2.conv_offset.weight - torch.Size([54, 128, 3, 3]): 
The value is the same before and after calling `init_weights` of FCENet  

backbone.layer2.0.conv2.conv_offset.bias - torch.Size([54]): 
The value is the same before and after calling `init_weights` of FCENet  

backbone.layer2.0.bn2.weight - torch.Size([128]): 
PretrainedInit: load from torchvision://resnet50 

backbone.layer2.0.bn2.bias - torch.Size([128]): 
PretrainedInit: load from torchvision://resnet50 

backbone.layer2.0.conv3.weight - torch.Size([512, 128, 1, 1]): 
PretrainedInit: load from torchvision://resnet50 

backbone.layer2.0.bn3.weight - torch.Size([512]): 
PretrainedInit: load from torchvision://resnet50 

backbone.layer2.0.bn3.bias - torch.Size([512]): 
PretrainedInit: load from torchvision://resnet50 

backbone.layer2.0.downsample.0.weight - torch.Size([512, 256, 1, 1]): 
PretrainedInit: load from torchvision://resnet50 

backbone.layer2.0.downsample.1.weight - torch.Size([512]): 
PretrainedInit: load from torchvision://resnet50 

backbone.layer2.0.downsample.1.bias - torch.Size([512]): 
PretrainedInit: load from torchvision://resnet50 

backbone.layer2.1.conv1.weight - torch.Size([128, 512, 1, 1]): 
PretrainedInit: load from torchvision://resnet50 

backbone.layer2.1.bn1.weight - torch.Size([128]): 
PretrainedInit: load from torchvision://resnet50 

backbone.layer2.1.bn1.bias - torch.Size([128]): 
PretrainedInit: load from torchvision://resnet50 

backbone.layer2.1.conv2.weight - torch.Size([128, 128, 3, 3]): 
PretrainedInit: load from torchvision://resnet50 

backbone.layer2.1.conv2.conv_offset.weight - torch.Size([54, 128, 3, 3]): 
The value is the same before and after calling `init_weights` of FCENet  

backbone.layer2.1.conv2.conv_offset.bias - torch.Size([54]): 
The value is the same before and after calling `init_weights` of FCENet  

backbone.layer2.1.bn2.weight - torch.Size([128]): 
PretrainedInit: load from torchvision://resnet50 

backbone.layer2.1.bn2.bias - torch.Size([128]): 
PretrainedInit: load from torchvision://resnet50 

backbone.layer2.1.conv3.weight - torch.Size([512, 128, 1, 1]): 
PretrainedInit: load from torchvision://resnet50 

backbone.layer2.1.bn3.weight - torch.Size([512]): 
PretrainedInit: load from torchvision://resnet50 

backbone.layer2.1.bn3.bias - torch.Size([512]): 
PretrainedInit: load from torchvision://resnet50 

backbone.layer2.2.conv1.weight - torch.Size([128, 512, 1, 1]): 
PretrainedInit: load from torchvision://resnet50 

backbone.layer2.2.bn1.weight - torch.Size([128]): 
PretrainedInit: load from torchvision://resnet50 

backbone.layer2.2.bn1.bias - torch.Size([128]): 
PretrainedInit: load from torchvision://resnet50 

backbone.layer2.2.conv2.weight - torch.Size([128, 128, 3, 3]): 
PretrainedInit: load from torchvision://resnet50 

backbone.layer2.2.conv2.conv_offset.weight - torch.Size([54, 128, 3, 3]): 
The value is the same before and after calling `init_weights` of FCENet  

backbone.layer2.2.conv2.conv_offset.bias - torch.Size([54]): 
The value is the same before and after calling `init_weights` of FCENet  

backbone.layer2.2.bn2.weight - torch.Size([128]): 
PretrainedInit: load from torchvision://resnet50 

backbone.layer2.2.bn2.bias - torch.Size([128]): 
PretrainedInit: load from torchvision://resnet50 

backbone.layer2.2.conv3.weight - torch.Size([512, 128, 1, 1]): 
PretrainedInit: load from torchvision://resnet50 

backbone.layer2.2.bn3.weight - torch.Size([512]): 
PretrainedInit: load from torchvision://resnet50 

backbone.layer2.2.bn3.bias - torch.Size([512]): 
PretrainedInit: load from torchvision://resnet50 

backbone.layer2.3.conv1.weight - torch.Size([128, 512, 1, 1]): 
PretrainedInit: load from torchvision://resnet50 

backbone.layer2.3.bn1.weight - torch.Size([128]): 
PretrainedInit: load from torchvision://resnet50 

backbone.layer2.3.bn1.bias - torch.Size([128]): 
PretrainedInit: load from torchvision://resnet50 

backbone.layer2.3.conv2.weight - torch.Size([128, 128, 3, 3]): 
PretrainedInit: load from torchvision://resnet50 

backbone.layer2.3.conv2.conv_offset.weight - torch.Size([54, 128, 3, 3]): 
The value is the same before and after calling `init_weights` of FCENet  

backbone.layer2.3.conv2.conv_offset.bias - torch.Size([54]): 
The value is the same before and after calling `init_weights` of FCENet  

backbone.layer2.3.bn2.weight - torch.Size([128]): 
PretrainedInit: load from torchvision://resnet50 

backbone.layer2.3.bn2.bias - torch.Size([128]): 
PretrainedInit: load from torchvision://resnet50 

backbone.layer2.3.conv3.weight - torch.Size([512, 128, 1, 1]): 
PretrainedInit: load from torchvision://resnet50 

backbone.layer2.3.bn3.weight - torch.Size([512]): 
PretrainedInit: load from torchvision://resnet50 

backbone.layer2.3.bn3.bias - torch.Size([512]): 
PretrainedInit: load from torchvision://resnet50 

backbone.layer3.0.conv1.weight - torch.Size([256, 512, 1, 1]): 
PretrainedInit: load from torchvision://resnet50 

backbone.layer3.0.bn1.weight - torch.Size([256]): 
PretrainedInit: load from torchvision://resnet50 

backbone.layer3.0.bn1.bias - torch.Size([256]): 
PretrainedInit: load from torchvision://resnet50 

backbone.layer3.0.conv2.weight - torch.Size([256, 256, 3, 3]): 
PretrainedInit: load from torchvision://resnet50 

backbone.layer3.0.conv2.conv_offset.weight - torch.Size([54, 256, 3, 3]): 
The value is the same before and after calling `init_weights` of FCENet  

backbone.layer3.0.conv2.conv_offset.bias - torch.Size([54]): 
The value is the same before and after calling `init_weights` of FCENet  

backbone.layer3.0.bn2.weight - torch.Size([256]): 
PretrainedInit: load from torchvision://resnet50 

backbone.layer3.0.bn2.bias - torch.Size([256]): 
PretrainedInit: load from torchvision://resnet50 

backbone.layer3.0.conv3.weight - torch.Size([1024, 256, 1, 1]): 
PretrainedInit: load from torchvision://resnet50 

backbone.layer3.0.bn3.weight - torch.Size([1024]): 
PretrainedInit: load from torchvision://resnet50 

backbone.layer3.0.bn3.bias - torch.Size([1024]): 
PretrainedInit: load from torchvision://resnet50 

backbone.layer3.0.downsample.0.weight - torch.Size([1024, 512, 1, 1]): 
PretrainedInit: load from torchvision://resnet50 

backbone.layer3.0.downsample.1.weight - torch.Size([1024]): 
PretrainedInit: load from torchvision://resnet50 

backbone.layer3.0.downsample.1.bias - torch.Size([1024]): 
PretrainedInit: load from torchvision://resnet50 

backbone.layer3.1.conv1.weight - torch.Size([256, 1024, 1, 1]): 
PretrainedInit: load from torchvision://resnet50 

backbone.layer3.1.bn1.weight - torch.Size([256]): 
PretrainedInit: load from torchvision://resnet50 

backbone.layer3.1.bn1.bias - torch.Size([256]): 
PretrainedInit: load from torchvision://resnet50 

backbone.layer3.1.conv2.weight - torch.Size([256, 256, 3, 3]): 
PretrainedInit: load from torchvision://resnet50 

backbone.layer3.1.conv2.conv_offset.weight - torch.Size([54, 256, 3, 3]): 
The value is the same before and after calling `init_weights` of FCENet  

backbone.layer3.1.conv2.conv_offset.bias - torch.Size([54]): 
The value is the same before and after calling `init_weights` of FCENet  

backbone.layer3.1.bn2.weight - torch.Size([256]): 
PretrainedInit: load from torchvision://resnet50 

backbone.layer3.1.bn2.bias - torch.Size([256]): 
PretrainedInit: load from torchvision://resnet50 

backbone.layer3.1.conv3.weight - torch.Size([1024, 256, 1, 1]): 
PretrainedInit: load from torchvision://resnet50 

backbone.layer3.1.bn3.weight - torch.Size([1024]): 
PretrainedInit: load from torchvision://resnet50 

backbone.layer3.1.bn3.bias - torch.Size([1024]): 
PretrainedInit: load from torchvision://resnet50 

backbone.layer3.2.conv1.weight - torch.Size([256, 1024, 1, 1]): 
PretrainedInit: load from torchvision://resnet50 

backbone.layer3.2.bn1.weight - torch.Size([256]): 
PretrainedInit: load from torchvision://resnet50 

backbone.layer3.2.bn1.bias - torch.Size([256]): 
PretrainedInit: load from torchvision://resnet50 

backbone.layer3.2.conv2.weight - torch.Size([256, 256, 3, 3]): 
PretrainedInit: load from torchvision://resnet50 

backbone.layer3.2.conv2.conv_offset.weight - torch.Size([54, 256, 3, 3]): 
The value is the same before and after calling `init_weights` of FCENet  

backbone.layer3.2.conv2.conv_offset.bias - torch.Size([54]): 
The value is the same before and after calling `init_weights` of FCENet  

backbone.layer3.2.bn2.weight - torch.Size([256]): 
PretrainedInit: load from torchvision://resnet50 

backbone.layer3.2.bn2.bias - torch.Size([256]): 
PretrainedInit: load from torchvision://resnet50 

backbone.layer3.2.conv3.weight - torch.Size([1024, 256, 1, 1]): 
PretrainedInit: load from torchvision://resnet50 

backbone.layer3.2.bn3.weight - torch.Size([1024]): 
PretrainedInit: load from torchvision://resnet50 

backbone.layer3.2.bn3.bias - torch.Size([1024]): 
PretrainedInit: load from torchvision://resnet50 

backbone.layer3.3.conv1.weight - torch.Size([256, 1024, 1, 1]): 
PretrainedInit: load from torchvision://resnet50 

backbone.layer3.3.bn1.weight - torch.Size([256]): 
PretrainedInit: load from torchvision://resnet50 

backbone.layer3.3.bn1.bias - torch.Size([256]): 
PretrainedInit: load from torchvision://resnet50 

backbone.layer3.3.conv2.weight - torch.Size([256, 256, 3, 3]): 
PretrainedInit: load from torchvision://resnet50 

backbone.layer3.3.conv2.conv_offset.weight - torch.Size([54, 256, 3, 3]): 
The value is the same before and after calling `init_weights` of FCENet  

backbone.layer3.3.conv2.conv_offset.bias - torch.Size([54]): 
The value is the same before and after calling `init_weights` of FCENet  

backbone.layer3.3.bn2.weight - torch.Size([256]): 
PretrainedInit: load from torchvision://resnet50 

backbone.layer3.3.bn2.bias - torch.Size([256]): 
PretrainedInit: load from torchvision://resnet50 

backbone.layer3.3.conv3.weight - torch.Size([1024, 256, 1, 1]): 
PretrainedInit: load from torchvision://resnet50 

backbone.layer3.3.bn3.weight - torch.Size([1024]): 
PretrainedInit: load from torchvision://resnet50 

backbone.layer3.3.bn3.bias - torch.Size([1024]): 
PretrainedInit: load from torchvision://resnet50 

backbone.layer3.4.conv1.weight - torch.Size([256, 1024, 1, 1]): 
PretrainedInit: load from torchvision://resnet50 

backbone.layer3.4.bn1.weight - torch.Size([256]): 
PretrainedInit: load from torchvision://resnet50 

backbone.layer3.4.bn1.bias - torch.Size([256]): 
PretrainedInit: load from torchvision://resnet50 

backbone.layer3.4.conv2.weight - torch.Size([256, 256, 3, 3]): 
PretrainedInit: load from torchvision://resnet50 

backbone.layer3.4.conv2.conv_offset.weight - torch.Size([54, 256, 3, 3]): 
The value is the same before and after calling `init_weights` of FCENet  

backbone.layer3.4.conv2.conv_offset.bias - torch.Size([54]): 
The value is the same before and after calling `init_weights` of FCENet  

backbone.layer3.4.bn2.weight - torch.Size([256]): 
PretrainedInit: load from torchvision://resnet50 

backbone.layer3.4.bn2.bias - torch.Size([256]): 
PretrainedInit: load from torchvision://resnet50 

backbone.layer3.4.conv3.weight - torch.Size([1024, 256, 1, 1]): 
PretrainedInit: load from torchvision://resnet50 

backbone.layer3.4.bn3.weight - torch.Size([1024]): 
PretrainedInit: load from torchvision://resnet50 

backbone.layer3.4.bn3.bias - torch.Size([1024]): 
PretrainedInit: load from torchvision://resnet50 

backbone.layer3.5.conv1.weight - torch.Size([256, 1024, 1, 1]): 
PretrainedInit: load from torchvision://resnet50 

backbone.layer3.5.bn1.weight - torch.Size([256]): 
PretrainedInit: load from torchvision://resnet50 

backbone.layer3.5.bn1.bias - torch.Size([256]): 
PretrainedInit: load from torchvision://resnet50 

backbone.layer3.5.conv2.weight - torch.Size([256, 256, 3, 3]): 
PretrainedInit: load from torchvision://resnet50 

backbone.layer3.5.conv2.conv_offset.weight - torch.Size([54, 256, 3, 3]): 
The value is the same before and after calling `init_weights` of FCENet  

backbone.layer3.5.conv2.conv_offset.bias - torch.Size([54]): 
The value is the same before and after calling `init_weights` of FCENet  

backbone.layer3.5.bn2.weight - torch.Size([256]): 
PretrainedInit: load from torchvision://resnet50 

backbone.layer3.5.bn2.bias - torch.Size([256]): 
PretrainedInit: load from torchvision://resnet50 

backbone.layer3.5.conv3.weight - torch.Size([1024, 256, 1, 1]): 
PretrainedInit: load from torchvision://resnet50 

backbone.layer3.5.bn3.weight - torch.Size([1024]): 
PretrainedInit: load from torchvision://resnet50 

backbone.layer3.5.bn3.bias - torch.Size([1024]): 
PretrainedInit: load from torchvision://resnet50 

backbone.layer4.0.conv1.weight - torch.Size([512, 1024, 1, 1]): 
PretrainedInit: load from torchvision://resnet50 

backbone.layer4.0.bn1.weight - torch.Size([512]): 
PretrainedInit: load from torchvision://resnet50 

backbone.layer4.0.bn1.bias - torch.Size([512]): 
PretrainedInit: load from torchvision://resnet50 

backbone.layer4.0.conv2.weight - torch.Size([512, 512, 3, 3]): 
PretrainedInit: load from torchvision://resnet50 

backbone.layer4.0.conv2.conv_offset.weight - torch.Size([54, 512, 3, 3]): 
The value is the same before and after calling `init_weights` of FCENet  

backbone.layer4.0.conv2.conv_offset.bias - torch.Size([54]): 
The value is the same before and after calling `init_weights` of FCENet  

backbone.layer4.0.bn2.weight - torch.Size([512]): 
PretrainedInit: load from torchvision://resnet50 

backbone.layer4.0.bn2.bias - torch.Size([512]): 
PretrainedInit: load from torchvision://resnet50 

backbone.layer4.0.conv3.weight - torch.Size([2048, 512, 1, 1]): 
PretrainedInit: load from torchvision://resnet50 

backbone.layer4.0.bn3.weight - torch.Size([2048]): 
PretrainedInit: load from torchvision://resnet50 

backbone.layer4.0.bn3.bias - torch.Size([2048]): 
PretrainedInit: load from torchvision://resnet50 

backbone.layer4.0.downsample.0.weight - torch.Size([2048, 1024, 1, 1]): 
PretrainedInit: load from torchvision://resnet50 

backbone.layer4.0.downsample.1.weight - torch.Size([2048]): 
PretrainedInit: load from torchvision://resnet50 

backbone.layer4.0.downsample.1.bias - torch.Size([2048]): 
PretrainedInit: load from torchvision://resnet50 

backbone.layer4.1.conv1.weight - torch.Size([512, 2048, 1, 1]): 
PretrainedInit: load from torchvision://resnet50 

backbone.layer4.1.bn1.weight - torch.Size([512]): 
PretrainedInit: load from torchvision://resnet50 

backbone.layer4.1.bn1.bias - torch.Size([512]): 
PretrainedInit: load from torchvision://resnet50 

backbone.layer4.1.conv2.weight - torch.Size([512, 512, 3, 3]): 
PretrainedInit: load from torchvision://resnet50 

backbone.layer4.1.conv2.conv_offset.weight - torch.Size([54, 512, 3, 3]): 
The value is the same before and after calling `init_weights` of FCENet  

backbone.layer4.1.conv2.conv_offset.bias - torch.Size([54]): 
The value is the same before and after calling `init_weights` of FCENet  

backbone.layer4.1.bn2.weight - torch.Size([512]): 
PretrainedInit: load from torchvision://resnet50 

backbone.layer4.1.bn2.bias - torch.Size([512]): 
PretrainedInit: load from torchvision://resnet50 

backbone.layer4.1.conv3.weight - torch.Size([2048, 512, 1, 1]): 
PretrainedInit: load from torchvision://resnet50 

backbone.layer4.1.bn3.weight - torch.Size([2048]): 
PretrainedInit: load from torchvision://resnet50 

backbone.layer4.1.bn3.bias - torch.Size([2048]): 
PretrainedInit: load from torchvision://resnet50 

backbone.layer4.2.conv1.weight - torch.Size([512, 2048, 1, 1]): 
PretrainedInit: load from torchvision://resnet50 

backbone.layer4.2.bn1.weight - torch.Size([512]): 
PretrainedInit: load from torchvision://resnet50 

backbone.layer4.2.bn1.bias - torch.Size([512]): 
PretrainedInit: load from torchvision://resnet50 

backbone.layer4.2.conv2.weight - torch.Size([512, 512, 3, 3]): 
PretrainedInit: load from torchvision://resnet50 

backbone.layer4.2.conv2.conv_offset.weight - torch.Size([54, 512, 3, 3]): 
The value is the same before and after calling `init_weights` of FCENet  

backbone.layer4.2.conv2.conv_offset.bias - torch.Size([54]): 
The value is the same before and after calling `init_weights` of FCENet  

backbone.layer4.2.bn2.weight - torch.Size([512]): 
PretrainedInit: load from torchvision://resnet50 

backbone.layer4.2.bn2.bias - torch.Size([512]): 
PretrainedInit: load from torchvision://resnet50 

backbone.layer4.2.conv3.weight - torch.Size([2048, 512, 1, 1]): 
PretrainedInit: load from torchvision://resnet50 

backbone.layer4.2.bn3.weight - torch.Size([2048]): 
PretrainedInit: load from torchvision://resnet50 

backbone.layer4.2.bn3.bias - torch.Size([2048]): 
PretrainedInit: load from torchvision://resnet50 

neck.lateral_convs.0.conv.weight - torch.Size([256, 512, 1, 1]): 
XavierInit: gain=1, distribution=uniform, bias=0 

neck.lateral_convs.0.conv.bias - torch.Size([256]): 
The value is the same before and after calling `init_weights` of FCENet  

neck.lateral_convs.1.conv.weight - torch.Size([256, 1024, 1, 1]): 
XavierInit: gain=1, distribution=uniform, bias=0 

neck.lateral_convs.1.conv.bias - torch.Size([256]): 
The value is the same before and after calling `init_weights` of FCENet  

neck.lateral_convs.2.conv.weight - torch.Size([256, 2048, 1, 1]): 
XavierInit: gain=1, distribution=uniform, bias=0 

neck.lateral_convs.2.conv.bias - torch.Size([256]): 
The value is the same before and after calling `init_weights` of FCENet  

neck.fpn_convs.0.conv.weight - torch.Size([256, 256, 3, 3]): 
XavierInit: gain=1, distribution=uniform, bias=0 

neck.fpn_convs.0.conv.bias - torch.Size([256]): 
The value is the same before and after calling `init_weights` of FCENet  

neck.fpn_convs.1.conv.weight - torch.Size([256, 256, 3, 3]): 
XavierInit: gain=1, distribution=uniform, bias=0 

neck.fpn_convs.1.conv.bias - torch.Size([256]): 
The value is the same before and after calling `init_weights` of FCENet  

neck.fpn_convs.2.conv.weight - torch.Size([256, 256, 3, 3]): 
XavierInit: gain=1, distribution=uniform, bias=0 

neck.fpn_convs.2.conv.bias - torch.Size([256]): 
The value is the same before and after calling `init_weights` of FCENet  

det_head.out_conv_cls.weight - torch.Size([4, 256, 3, 3]): 
NormalInit: mean=0, std=0.01, bias=0 

det_head.out_conv_cls.bias - torch.Size([4]): 
NormalInit: mean=0, std=0.01, bias=0 

det_head.out_conv_reg.weight - torch.Size([22, 256, 3, 3]): 
NormalInit: mean=0, std=0.01, bias=0 

det_head.out_conv_reg.bias - torch.Size([22]): 
NormalInit: mean=0, std=0.01, bias=0 
2026/01/04 11:20:58 - mmengine - INFO - Auto resumed from the latest checkpoint /root/lanyun-tmp/mmocr/work_dirs/fcenet_r50dcnv2_fpn_finetune_art_rctw_rects/epoch_90.pth.
2026/01/04 11:20:58 - mmengine - INFO - ModulatedDeformConvPack backbone.layer2.0.conv2 is upgraded to version 2.
2026/01/04 11:20:58 - mmengine - INFO - ModulatedDeformConvPack backbone.layer2.1.conv2 is upgraded to version 2.
2026/01/04 11:20:58 - mmengine - INFO - ModulatedDeformConvPack backbone.layer2.2.conv2 is upgraded to version 2.
2026/01/04 11:20:58 - mmengine - INFO - ModulatedDeformConvPack backbone.layer2.3.conv2 is upgraded to version 2.
2026/01/04 11:20:58 - mmengine - INFO - ModulatedDeformConvPack backbone.layer3.0.conv2 is upgraded to version 2.
2026/01/04 11:20:58 - mmengine - INFO - ModulatedDeformConvPack backbone.layer3.1.conv2 is upgraded to version 2.
2026/01/04 11:20:58 - mmengine - INFO - ModulatedDeformConvPack backbone.layer3.2.conv2 is upgraded to version 2.
2026/01/04 11:20:58 - mmengine - INFO - ModulatedDeformConvPack backbone.layer3.3.conv2 is upgraded to version 2.
2026/01/04 11:20:58 - mmengine - INFO - ModulatedDeformConvPack backbone.layer3.4.conv2 is upgraded to version 2.
2026/01/04 11:20:58 - mmengine - INFO - ModulatedDeformConvPack backbone.layer3.5.conv2 is upgraded to version 2.
2026/01/04 11:20:58 - mmengine - INFO - ModulatedDeformConvPack backbone.layer4.0.conv2 is upgraded to version 2.
2026/01/04 11:20:58 - mmengine - INFO - ModulatedDeformConvPack backbone.layer4.1.conv2 is upgraded to version 2.
2026/01/04 11:20:58 - mmengine - INFO - ModulatedDeformConvPack backbone.layer4.2.conv2 is upgraded to version 2.
2026/01/04 11:20:58 - mmengine - INFO - Load checkpoint from /root/lanyun-tmp/mmocr/work_dirs/fcenet_r50dcnv2_fpn_finetune_art_rctw_rects/epoch_90.pth
2026/01/04 11:20:58 - mmengine - INFO - resumed epoch: 90, iter: 42660
2026/01/04 11:20:58 - mmengine - WARNING - "FileClient" will be deprecated in future. Please use io functions in https://mmengine.readthedocs.io/en/latest/api/fileio.html#file-io
2026/01/04 11:20:58 - mmengine - WARNING - "HardDiskBackend" is the alias of "LocalBackend" and the former will be deprecated in future.
2026/01/04 11:20:58 - mmengine - INFO - Checkpoints will be saved to /root/lanyun-tmp/mmocr/work_dirs/fcenet_r50dcnv2_fpn_finetune_art_rctw_rects.
2026/01/04 11:21:21 - mmengine - INFO - Epoch(train)  [91][  5/474]  lr: 2.3546e-04  eta: 5:54:24  time: 3.4293  data_time: 0.3944  memory: 20661  grad_norm: 27.1444  loss: 2.5835  loss_text: 0.5841  loss_center: 0.8679  loss_reg_x: 0.6394  loss_reg_y: 0.4921
2026/01/04 11:21:34 - mmengine - INFO - Epoch(train)  [91][ 10/474]  lr: 2.3546e-04  eta: 4:43:18  time: 3.5938  data_time: 0.3945  memory: 19884  grad_norm: 21.2077  loss: 2.8302  loss_text: 0.6272  loss_center: 0.9310  loss_reg_x: 0.7350  loss_reg_y: 0.5370
2026/01/04 11:21:48 - mmengine - INFO - Epoch(train)  [91][ 15/474]  lr: 2.3546e-04  eta: 4:18:35  time: 2.6801  data_time: 0.0026  memory: 19884  grad_norm: 22.3799  loss: 2.8476  loss_text: 0.5937  loss_center: 0.9711  loss_reg_x: 0.7483  loss_reg_y: 0.5346
2026/01/04 11:22:01 - mmengine - INFO - Epoch(train)  [91][ 20/474]  lr: 2.3546e-04  eta: 4:06:34  time: 2.6750  data_time: 0.0027  memory: 19884  grad_norm: 25.8103  loss: 2.6452  loss_text: 0.5693  loss_center: 0.9419  loss_reg_x: 0.6268  loss_reg_y: 0.5072
2026/01/04 11:22:15 - mmengine - INFO - Epoch(train)  [91][ 25/474]  lr: 2.3546e-04  eta: 4:01:12  time: 2.7480  data_time: 0.0026  memory: 19884  grad_norm: 27.9403  loss: 2.4844  loss_text: 0.5652  loss_center: 0.8623  loss_reg_x: 0.5809  loss_reg_y: 0.4760
2026/01/04 11:22:28 - mmengine - INFO - Epoch(train)  [91][ 30/474]  lr: 2.3546e-04  eta: 3:55:42  time: 2.7392  data_time: 0.0025  memory: 19884  grad_norm: 23.9174  loss: 2.4547  loss_text: 0.5589  loss_center: 0.8820  loss_reg_x: 0.5833  loss_reg_y: 0.4305
2026/01/04 11:22:42 - mmengine - INFO - Epoch(train)  [91][ 35/474]  lr: 2.3546e-04  eta: 3:52:36  time: 2.7088  data_time: 0.0025  memory: 19884  grad_norm: 22.5861  loss: 2.5367  loss_text: 0.5788  loss_center: 0.9251  loss_reg_x: 0.6107  loss_reg_y: 0.4221
2026/01/04 11:22:57 - mmengine - INFO - Epoch(train)  [91][ 40/474]  lr: 2.3546e-04  eta: 3:51:29  time: 2.8131  data_time: 0.0025  memory: 19884  grad_norm: 24.2700  loss: 2.6760  loss_text: 0.5977  loss_center: 0.9280  loss_reg_x: 0.6729  loss_reg_y: 0.4774
2026/01/04 11:23:09 - mmengine - INFO - Epoch(train)  [91][ 45/474]  lr: 2.3546e-04  eta: 3:47:53  time: 2.7237  data_time: 0.0026  memory: 19884  grad_norm: 25.2098  loss: 2.7653  loss_text: 0.5833  loss_center: 0.9519  loss_reg_x: 0.6972  loss_reg_y: 0.5330
2026/01/04 11:23:23 - mmengine - INFO - Epoch(train)  [91][ 50/474]  lr: 2.3546e-04  eta: 3:45:21  time: 2.5946  data_time: 0.0026  memory: 19884  grad_norm: 23.0885  loss: 2.6306  loss_text: 0.5461  loss_center: 0.9522  loss_reg_x: 0.6124  loss_reg_y: 0.5200
2026/01/04 11:23:37 - mmengine - INFO - Epoch(train)  [91][ 55/474]  lr: 2.3546e-04  eta: 3:45:18  time: 2.7644  data_time: 0.0024  memory: 19884  grad_norm: 20.1361  loss: 2.7688  loss_text: 0.5785  loss_center: 0.9563  loss_reg_x: 0.7384  loss_reg_y: 0.4956
2026/01/04 11:23:51 - mmengine - INFO - Epoch(train)  [91][ 60/474]  lr: 2.3546e-04  eta: 3:44:16  time: 2.8360  data_time: 0.0025  memory: 19884  grad_norm: 21.2616  loss: 2.8433  loss_text: 0.6000  loss_center: 0.9505  loss_reg_x: 0.7972  loss_reg_y: 0.4956
2026/01/04 11:24:04 - mmengine - INFO - Epoch(train)  [91][ 65/474]  lr: 2.3546e-04  eta: 3:43:04  time: 2.7395  data_time: 0.0029  memory: 19884  grad_norm: 23.1964  loss: 2.8635  loss_text: 0.6210  loss_center: 0.9527  loss_reg_x: 0.7453  loss_reg_y: 0.5445
2026/01/04 11:24:17 - mmengine - INFO - Epoch(train)  [91][ 70/474]  lr: 2.3546e-04  eta: 3:41:10  time: 2.6401  data_time: 0.0031  memory: 19884  grad_norm: 25.7424  loss: 2.9548  loss_text: 0.6066  loss_center: 1.0121  loss_reg_x: 0.7616  loss_reg_y: 0.5746
2026/01/04 11:24:32 - mmengine - INFO - Epoch(train)  [91][ 75/474]  lr: 2.3546e-04  eta: 3:41:08  time: 2.7219  data_time: 0.0030  memory: 19884  grad_norm: 23.9495  loss: 2.8708  loss_text: 0.6090  loss_center: 1.0063  loss_reg_x: 0.7216  loss_reg_y: 0.5340
2026/01/04 11:24:45 - mmengine - INFO - Epoch(train)  [91][ 80/474]  lr: 2.3546e-04  eta: 3:40:25  time: 2.8132  data_time: 0.0027  memory: 19884  grad_norm: 20.8782  loss: 2.7438  loss_text: 0.5987  loss_center: 0.9322  loss_reg_x: 0.6851  loss_reg_y: 0.5278
2026/01/04 11:24:58 - mmengine - INFO - Epoch(train)  [91][ 85/474]  lr: 2.3546e-04  eta: 3:39:04  time: 2.6704  data_time: 0.0024  memory: 19884  grad_norm: 28.0258  loss: 2.6741  loss_text: 0.5462  loss_center: 0.9380  loss_reg_x: 0.6792  loss_reg_y: 0.5108
2026/01/04 11:25:13 - mmengine - INFO - Epoch(train)  [91][ 90/474]  lr: 2.3546e-04  eta: 3:39:05  time: 2.7387  data_time: 0.0031  memory: 19884  grad_norm: 28.6745  loss: 2.6019  loss_text: 0.5493  loss_center: 0.9223  loss_reg_x: 0.6631  loss_reg_y: 0.4673
2026/01/04 11:25:27 - mmengine - INFO - Epoch(train)  [91][ 95/474]  lr: 2.3546e-04  eta: 3:38:34  time: 2.8199  data_time: 0.0031  memory: 19884  grad_norm: 23.0502  loss: 2.7840  loss_text: 0.5843  loss_center: 0.9545  loss_reg_x: 0.7075  loss_reg_y: 0.5376
2026/01/04 11:25:41 - mmengine - INFO - Epoch(train)  [91][100/474]  lr: 2.3546e-04  eta: 3:38:34  time: 2.8211  data_time: 0.0024  memory: 19884  grad_norm: 20.9132  loss: 2.8119  loss_text: 0.5824  loss_center: 0.9568  loss_reg_x: 0.7301  loss_reg_y: 0.5425
2026/01/04 11:25:55 - mmengine - INFO - Epoch(train)  [91][105/474]  lr: 2.3546e-04  eta: 3:38:09  time: 2.8294  data_time: 0.0024  memory: 19884  grad_norm: 19.8618  loss: 2.4354  loss_text: 0.5195  loss_center: 0.8609  loss_reg_x: 0.5935  loss_reg_y: 0.4615
2026/01/04 11:26:09 - mmengine - INFO - Epoch(train)  [91][110/474]  lr: 2.3546e-04  eta: 3:37:40  time: 2.7651  data_time: 0.0025  memory: 19884  grad_norm: 19.1335  loss: 2.3055  loss_text: 0.4972  loss_center: 0.8596  loss_reg_x: 0.5290  loss_reg_y: 0.4198
2026/01/04 11:26:23 - mmengine - INFO - Epoch(train)  [91][115/474]  lr: 2.3546e-04  eta: 3:37:36  time: 2.8123  data_time: 0.0025  memory: 19885  grad_norm: 19.6750  loss: 2.7005  loss_text: 0.5620  loss_center: 0.9233  loss_reg_x: 0.6907  loss_reg_y: 0.5246
2026/01/04 11:26:38 - mmengine - INFO - Epoch(train)  [91][120/474]  lr: 2.3546e-04  eta: 3:37:37  time: 2.8855  data_time: 0.0025  memory: 19885  grad_norm: 23.4775  loss: 3.1312  loss_text: 0.6344  loss_center: 0.9999  loss_reg_x: 0.8847  loss_reg_y: 0.6122
2026/01/04 11:26:51 - mmengine - INFO - Epoch(train)  [91][125/474]  lr: 2.3546e-04  eta: 3:36:56  time: 2.7923  data_time: 0.0025  memory: 19884  grad_norm: 25.9173  loss: 3.0168  loss_text: 0.6140  loss_center: 0.9801  loss_reg_x: 0.8689  loss_reg_y: 0.5538
2026/01/04 11:27:05 - mmengine - INFO - Epoch(train)  [91][130/474]  lr: 2.3546e-04  eta: 3:36:51  time: 2.7753  data_time: 0.0023  memory: 19884  grad_norm: 24.4970  loss: 2.7366  loss_text: 0.5736  loss_center: 0.9152  loss_reg_x: 0.7343  loss_reg_y: 0.5134
2026/01/04 11:27:18 - mmengine - INFO - Epoch(train)  [91][135/474]  lr: 2.3546e-04  eta: 3:36:01  time: 2.7406  data_time: 0.0023  memory: 19884  grad_norm: 22.0274  loss: 2.6188  loss_text: 0.5696  loss_center: 0.9094  loss_reg_x: 0.6529  loss_reg_y: 0.4869
2026/01/04 11:27:32 - mmengine - INFO - Epoch(train)  [91][140/474]  lr: 2.3546e-04  eta: 3:35:46  time: 2.7114  data_time: 0.0023  memory: 19885  grad_norm: 23.8670  loss: 2.7317  loss_text: 0.5685  loss_center: 0.9469  loss_reg_x: 0.6880  loss_reg_y: 0.5283
2026/01/04 11:27:47 - mmengine - INFO - Epoch(train)  [91][145/474]  lr: 2.3546e-04  eta: 3:35:46  time: 2.8568  data_time: 0.0024  memory: 19884  grad_norm: 21.2265  loss: 2.7314  loss_text: 0.5630  loss_center: 0.9221  loss_reg_x: 0.7047  loss_reg_y: 0.5416
2026/01/04 11:28:01 - mmengine - INFO - Epoch(train)  [91][150/474]  lr: 2.3546e-04  eta: 3:35:32  time: 2.8602  data_time: 0.0024  memory: 19884  grad_norm: 18.5060  loss: 2.6634  loss_text: 0.5704  loss_center: 0.9178  loss_reg_x: 0.6322  loss_reg_y: 0.5431
2026/01/04 11:28:14 - mmengine - INFO - Epoch(train)  [91][155/474]  lr: 2.3546e-04  eta: 3:34:45  time: 2.7076  data_time: 0.0025  memory: 19884  grad_norm: 22.7124  loss: 2.7891  loss_text: 0.5844  loss_center: 0.9655  loss_reg_x: 0.6742  loss_reg_y: 0.5650
2026/01/04 11:28:29 - mmengine - INFO - Epoch(train)  [91][160/474]  lr: 2.3546e-04  eta: 3:34:48  time: 2.7635  data_time: 0.0027  memory: 19884  grad_norm: 22.9213  loss: 2.6559  loss_text: 0.5635  loss_center: 0.9102  loss_reg_x: 0.6683  loss_reg_y: 0.5138
2026/01/04 11:28:42 - mmengine - INFO - Epoch(train)  [91][165/474]  lr: 2.3546e-04  eta: 3:34:26  time: 2.8440  data_time: 0.0031  memory: 19885  grad_norm: 19.1544  loss: 2.6233  loss_text: 0.5459  loss_center: 0.9080  loss_reg_x: 0.6519  loss_reg_y: 0.5174
2026/01/04 11:28:56 - mmengine - INFO - Epoch(train)  [91][170/474]  lr: 2.3546e-04  eta: 3:33:50  time: 2.7035  data_time: 0.0031  memory: 19884  grad_norm: 19.5575  loss: 2.6279  loss_text: 0.5644  loss_center: 0.9326  loss_reg_x: 0.6392  loss_reg_y: 0.4917
2026/01/04 11:29:10 - mmengine - INFO - Epoch(train)  [91][175/474]  lr: 2.3546e-04  eta: 3:33:37  time: 2.7292  data_time: 0.0026  memory: 19884  grad_norm: 24.1773  loss: 2.4188  loss_text: 0.5366  loss_center: 0.9049  loss_reg_x: 0.5585  loss_reg_y: 0.4187
2026/01/04 11:29:24 - mmengine - INFO - Epoch(train)  [91][180/474]  lr: 2.3546e-04  eta: 3:33:31  time: 2.8440  data_time: 0.0025  memory: 19885  grad_norm: 25.1631  loss: 2.4626  loss_text: 0.5664  loss_center: 0.8689  loss_reg_x: 0.5677  loss_reg_y: 0.4597
2026/01/04 11:29:38 - mmengine - INFO - Epoch(train)  [91][185/474]  lr: 2.3546e-04  eta: 3:33:06  time: 2.7991  data_time: 0.0025  memory: 19885  grad_norm: 24.6634  loss: 2.5801  loss_text: 0.5942  loss_center: 0.8920  loss_reg_x: 0.6003  loss_reg_y: 0.4935
2026/01/04 11:29:52 - mmengine - INFO - Epoch(train)  [91][190/474]  lr: 2.3546e-04  eta: 3:32:52  time: 2.7615  data_time: 0.0026  memory: 19884  grad_norm: 23.8781  loss: 2.6057  loss_text: 0.5677  loss_center: 0.9147  loss_reg_x: 0.6285  loss_reg_y: 0.4947
2026/01/04 11:30:05 - mmengine - INFO - Epoch(train)  [91][195/474]  lr: 2.3546e-04  eta: 3:32:30  time: 2.7707  data_time: 0.0026  memory: 19884  grad_norm: 22.6037  loss: 2.7289  loss_text: 0.6112  loss_center: 0.9360  loss_reg_x: 0.6781  loss_reg_y: 0.5036
2026/01/04 11:30:20 - mmengine - INFO - Epoch(train)  [91][200/474]  lr: 2.3546e-04  eta: 3:32:17  time: 2.7768  data_time: 0.0026  memory: 19884  grad_norm: 23.3300  loss: 2.9281  loss_text: 0.6300  loss_center: 1.0084  loss_reg_x: 0.7323  loss_reg_y: 0.5573
2026/01/04 11:30:33 - mmengine - INFO - Epoch(train)  [91][205/474]  lr: 2.3546e-04  eta: 3:32:00  time: 2.7965  data_time: 0.0024  memory: 19884  grad_norm: 22.0412  loss: 2.8424  loss_text: 0.6037  loss_center: 0.9754  loss_reg_x: 0.7112  loss_reg_y: 0.5521
2026/01/04 11:30:47 - mmengine - INFO - Epoch(train)  [91][210/474]  lr: 2.3546e-04  eta: 3:31:44  time: 2.7814  data_time: 0.0023  memory: 19884  grad_norm: 20.1720  loss: 2.6284  loss_text: 0.5779  loss_center: 0.9297  loss_reg_x: 0.6405  loss_reg_y: 0.4803
2026/01/04 11:31:01 - mmengine - INFO - Epoch(train)  [91][215/474]  lr: 2.3546e-04  eta: 3:31:18  time: 2.7396  data_time: 0.0024  memory: 19885  grad_norm: 21.1377  loss: 2.8042  loss_text: 0.6015  loss_center: 0.9406  loss_reg_x: 0.7049  loss_reg_y: 0.5572
2026/01/04 11:31:15 - mmengine - INFO - Epoch(train)  [91][220/474]  lr: 2.3546e-04  eta: 3:31:14  time: 2.7975  data_time: 0.0025  memory: 19885  grad_norm: 24.7542  loss: 2.8733  loss_text: 0.6093  loss_center: 0.9242  loss_reg_x: 0.7445  loss_reg_y: 0.5952
2026/01/04 11:31:29 - mmengine - INFO - Epoch(train)  [91][225/474]  lr: 2.3546e-04  eta: 3:30:47  time: 2.7864  data_time: 0.0024  memory: 19884  grad_norm: 23.1289  loss: 2.5884  loss_text: 0.5868  loss_center: 0.8548  loss_reg_x: 0.6594  loss_reg_y: 0.4874
2026/01/04 11:31:43 - mmengine - INFO - Epoch(train)  [91][230/474]  lr: 2.3546e-04  eta: 3:30:35  time: 2.7489  data_time: 0.0023  memory: 19884  grad_norm: 22.7070  loss: 2.6484  loss_text: 0.5965  loss_center: 0.8970  loss_reg_x: 0.6787  loss_reg_y: 0.4761
2026/01/04 11:31:58 - mmengine - INFO - Epoch(train)  [91][235/474]  lr: 2.3546e-04  eta: 3:30:41  time: 2.9179  data_time: 0.0023  memory: 19884  grad_norm: 24.1642  loss: 2.9044  loss_text: 0.6053  loss_center: 0.9715  loss_reg_x: 0.7953  loss_reg_y: 0.5324
2026/01/04 11:32:12 - mmengine - INFO - Epoch(train)  [91][240/474]  lr: 2.3546e-04  eta: 3:30:21  time: 2.8770  data_time: 0.0023  memory: 19884  grad_norm: 22.6051  loss: 2.8577  loss_text: 0.5911  loss_center: 0.9561  loss_reg_x: 0.8028  loss_reg_y: 0.5077
2026/01/04 11:32:25 - mmengine - INFO - Epoch(train)  [91][245/474]  lr: 2.3546e-04  eta: 3:30:00  time: 2.7366  data_time: 0.0027  memory: 19884  grad_norm: 27.5894  loss: 2.5157  loss_text: 0.5390  loss_center: 0.8926  loss_reg_x: 0.6103  loss_reg_y: 0.4738
2026/01/04 11:32:38 - mmengine - INFO - Epoch(train)  [91][250/474]  lr: 2.3546e-04  eta: 3:29:31  time: 2.6829  data_time: 0.0032  memory: 19884  grad_norm: 29.3923  loss: 2.5724  loss_text: 0.5778  loss_center: 0.9037  loss_reg_x: 0.6026  loss_reg_y: 0.4883
2026/01/04 11:32:52 - mmengine - INFO - Epoch(train)  [91][255/474]  lr: 2.3546e-04  eta: 3:29:03  time: 2.6374  data_time: 0.0032  memory: 19884  grad_norm: 26.2571  loss: 2.8320  loss_text: 0.6589  loss_center: 0.9441  loss_reg_x: 0.7285  loss_reg_y: 0.5006
2026/01/04 11:33:05 - mmengine - INFO - Epoch(train)  [91][260/474]  lr: 2.3546e-04  eta: 3:28:34  time: 2.6297  data_time: 0.0029  memory: 19884  grad_norm: 26.8979  loss: 2.8003  loss_text: 0.6177  loss_center: 0.9227  loss_reg_x: 0.7354  loss_reg_y: 0.5245
2026/01/04 11:33:19 - mmengine - INFO - Epoch(train)  [91][265/474]  lr: 2.3546e-04  eta: 3:28:24  time: 2.7326  data_time: 0.0027  memory: 19884  grad_norm: 25.0681  loss: 2.7904  loss_text: 0.5850  loss_center: 0.9468  loss_reg_x: 0.7291  loss_reg_y: 0.5294
2026/01/04 11:33:32 - mmengine - INFO - Epoch(train)  [91][270/474]  lr: 2.3546e-04  eta: 3:27:58  time: 2.7439  data_time: 0.0026  memory: 19884  grad_norm: 21.6675  loss: 2.7629  loss_text: 0.5703  loss_center: 0.9069  loss_reg_x: 0.7341  loss_reg_y: 0.5516
2026/01/04 11:33:46 - mmengine - INFO - Epoch(train)  [91][275/474]  lr: 2.3546e-04  eta: 3:27:46  time: 2.7301  data_time: 0.0026  memory: 19885  grad_norm: 21.2549  loss: 2.7291  loss_text: 0.5462  loss_center: 0.9300  loss_reg_x: 0.7169  loss_reg_y: 0.5360
2026/01/04 11:34:00 - mmengine - INFO - Epoch(train)  [91][280/474]  lr: 2.3546e-04  eta: 3:27:32  time: 2.8025  data_time: 0.0029  memory: 19884  grad_norm: 23.4994  loss: 2.7734  loss_text: 0.5790  loss_center: 0.9411  loss_reg_x: 0.7413  loss_reg_y: 0.5120
2026/01/04 11:34:14 - mmengine - INFO - Epoch(train)  [91][285/474]  lr: 2.3546e-04  eta: 3:27:13  time: 2.7598  data_time: 0.0027  memory: 19884  grad_norm: 21.6188  loss: 2.6324  loss_text: 0.5693  loss_center: 0.8736  loss_reg_x: 0.7120  loss_reg_y: 0.4774
2026/01/04 11:34:27 - mmengine - INFO - Epoch(train)  [91][290/474]  lr: 2.3546e-04  eta: 3:26:49  time: 2.6946  data_time: 0.0025  memory: 19884  grad_norm: 20.3393  loss: 2.5746  loss_text: 0.5836  loss_center: 0.8789  loss_reg_x: 0.6750  loss_reg_y: 0.4372
2026/01/04 11:34:41 - mmengine - INFO - Epoch(train)  [91][295/474]  lr: 2.3546e-04  eta: 3:26:41  time: 2.7642  data_time: 0.0027  memory: 19884  grad_norm: 24.3116  loss: 2.9948  loss_text: 0.6648  loss_center: 0.9309  loss_reg_x: 0.8659  loss_reg_y: 0.5332
