2026/01/04 01:09:53 - mmengine - INFO - 
------------------------------------------------------------
System environment:
    sys.platform: linux
    Python: 3.8.20 (default, Oct  3 2024, 15:24:27) [GCC 11.2.0]
    CUDA available: True
    MUSA available: False
    numpy_random_seed: 919346928
    GPU 0,1: NVIDIA GeForce RTX 3090
    CUDA_HOME: /usr/local/cuda
    NVCC: Cuda compilation tools, release 11.1, V11.1.105
    GCC: gcc (Ubuntu 9.4.0-1ubuntu1~20.04.2) 9.4.0
    PyTorch: 1.10.2+cu111
    PyTorch compiling details: PyTorch built with:
  - GCC 7.3
  - C++ Version: 201402
  - Intel(R) Math Kernel Library Version 2020.0.0 Product Build 20191122 for Intel(R) 64 architecture applications
  - Intel(R) MKL-DNN v2.2.3 (Git Hash 7336ca9f055cf1bfa13efb658fe15dc9b41f0740)
  - OpenMP 201511 (a.k.a. OpenMP 4.5)
  - LAPACK is enabled (usually provided by MKL)
  - NNPACK is enabled
  - CPU capability usage: AVX2
  - CUDA Runtime 11.1
  - NVCC architecture flags: -gencode;arch=compute_37,code=sm_37;-gencode;arch=compute_50,code=sm_50;-gencode;arch=compute_60,code=sm_60;-gencode;arch=compute_70,code=sm_70;-gencode;arch=compute_75,code=sm_75;-gencode;arch=compute_80,code=sm_80;-gencode;arch=compute_86,code=sm_86
  - CuDNN 8.0.5
  - Magma 2.5.2
  - Build settings: BLAS_INFO=mkl, BUILD_TYPE=Release, CUDA_VERSION=11.1, CUDNN_VERSION=8.0.5, CXX_COMPILER=/opt/rh/devtoolset-7/root/usr/bin/c++, CXX_FLAGS= -Wno-deprecated -fvisibility-inlines-hidden -DUSE_PTHREADPOOL -fopenmp -DNDEBUG -DUSE_KINETO -DUSE_FBGEMM -DUSE_QNNPACK -DUSE_PYTORCH_QNNPACK -DUSE_XNNPACK -DSYMBOLICATE_MOBILE_DEBUG_HANDLE -DEDGE_PROFILER_USE_KINETO -O2 -fPIC -Wno-narrowing -Wall -Wextra -Werror=return-type -Wno-missing-field-initializers -Wno-type-limits -Wno-array-bounds -Wno-unknown-pragmas -Wno-sign-compare -Wno-unused-parameter -Wno-unused-variable -Wno-unused-function -Wno-unused-result -Wno-unused-local-typedefs -Wno-strict-overflow -Wno-strict-aliasing -Wno-error=deprecated-declarations -Wno-stringop-overflow -Wno-psabi -Wno-error=pedantic -Wno-error=redundant-decls -Wno-error=old-style-cast -fdiagnostics-color=always -faligned-new -Wno-unused-but-set-variable -Wno-maybe-uninitialized -fno-math-errno -fno-trapping-math -Werror=format -Wno-stringop-overflow, LAPACK_INFO=mkl, PERF_WITH_AVX=1, PERF_WITH_AVX2=1, PERF_WITH_AVX512=1, TORCH_VERSION=1.10.2, USE_CUDA=ON, USE_CUDNN=ON, USE_EXCEPTION_PTR=1, USE_GFLAGS=OFF, USE_GLOG=OFF, USE_MKL=ON, USE_MKLDNN=ON, USE_MPI=OFF, USE_NCCL=ON, USE_NNPACK=ON, USE_OPENMP=ON, 

    TorchVision: 0.11.3+cu111
    OpenCV: 4.12.0
    MMEngine: 0.10.7

Runtime environment:
    cudnn_benchmark: True
    mp_cfg: {'mp_start_method': 'fork', 'opencv_num_threads': 0}
    dist_cfg: {'backend': 'nccl'}
    seed: 919346928
    Distributed launcher: pytorch
    Distributed training: True
    GPU number: 2
------------------------------------------------------------

2026/01/04 01:09:54 - mmengine - INFO - Config:
auto_scale_lr = dict(base_batch_size=256, enable=True)
default_hooks = dict(
    checkpoint=dict(
        interval=1,
        max_keep_ckpts=3,
        rule='greater',
        save_best='Fudan/recog/word_acc',
        type='CheckpointHook'),
    logger=dict(interval=50, type='LoggerHook'),
    param_scheduler=dict(type='ParamSchedulerHook'),
    sampler_seed=dict(type='DistSamplerSeedHook'),
    sync_buffer=dict(type='SyncBuffersHook'),
    timer=dict(type='IterTimerHook'),
    visualization=dict(
        draw_gt=False,
        draw_pred=False,
        enable=False,
        interval=1,
        show=False,
        type='VisualizationHook'))
default_scope = 'mmocr'
dictionary = dict(
    dict_file='data/charset/charset_rec_cn_en.txt',
    type='Dictionary',
    with_padding=True,
    with_unknown=True)
env_cfg = dict(
    cudnn_benchmark=True,
    dist_cfg=dict(backend='nccl'),
    mp_cfg=dict(mp_start_method='fork', opencv_num_threads=0))
fudan_scene_rec_root = 'data/fudan/scene'
fudan_scene_test_dataloader = dict(
    batch_size=64,
    dataset=dict(
        ann_file='scene_test',
        data_root='data/fudan/scene',
        pipeline=None,
        type='RecogLMDBDataset'),
    num_workers=8,
    persistent_workers=True,
    pin_memory=True,
    sampler=dict(shuffle=False, type='DefaultSampler'))
fudan_scene_textrecog_test = dict(
    ann_file='scene_test',
    data_root='data/fudan/scene',
    pipeline=None,
    type='RecogLMDBDataset')
fudan_scene_textrecog_train = dict(
    ann_file='scene_train',
    data_root='data/fudan/scene',
    pipeline=None,
    type='RecogLMDBDataset')
fudan_scene_textrecog_val = dict(
    ann_file='scene_val',
    data_root='data/fudan/scene',
    pipeline=None,
    type='RecogLMDBDataset')
fudan_scene_train_dataloader = dict(
    batch_size=64,
    dataset=dict(
        ann_file='scene_train',
        data_root='data/fudan/scene',
        pipeline=None,
        type='RecogLMDBDataset'),
    num_workers=8,
    persistent_workers=True,
    pin_memory=True,
    sampler=dict(shuffle=True, type='DefaultSampler'))
fudan_scene_val_dataloader = dict(
    batch_size=64,
    dataset=dict(
        ann_file='scene_val',
        data_root='data/fudan/scene',
        pipeline=None,
        type='RecogLMDBDataset'),
    num_workers=8,
    persistent_workers=True,
    pin_memory=True,
    sampler=dict(shuffle=False, type='DefaultSampler'))
launcher = 'pytorch'
load_from = None
log_level = 'INFO'
log_processor = dict(by_epoch=True, type='LogProcessor', window_size=10)
model = dict(
    data_preprocessor=dict(
        mean=[
            127.5,
        ], std=[
            127.5,
        ], type='TextRecogDataPreprocessor'),
    decoder=dict(
        dictionary=dict(
            dict_file='data/charset/charset_rec_cn_en.txt',
            type='Dictionary',
            with_padding=True,
            with_unknown=True),
        in_channels=384,
        max_seq_len=40,
        module_loss=dict(
            letter_case='lower', type='CTCModuleLoss', zero_infinity=True),
        postprocessor=dict(type='CTCPostProcessor'),
        type='SVTRDecoder'),
    encoder=dict(
        depth=[
            3,
            9,
            9,
        ],
        embed_dims=[
            192,
            256,
            512,
        ],
        img_size=[
            48,
            160,
        ],
        in_channels=3,
        max_seq_len=40,
        merging_types='Conv',
        mixer_types=[
            'Local',
            'Local',
            'Local',
            'Local',
            'Local',
            'Local',
            'Local',
            'Local',
            'Local',
            'Local',
            'Global',
            'Global',
            'Global',
            'Global',
            'Global',
            'Global',
            'Global',
            'Global',
            'Global',
            'Global',
            'Global',
        ],
        num_heads=[
            6,
            8,
            16,
        ],
        out_channels=384,
        prenorm=False,
        type='SVTREncoder',
        window_size=[
            [
                7,
                11,
            ],
            [
                7,
                11,
            ],
            [
                7,
                11,
            ],
        ]),
    preprocessor=dict(
        in_channels=3,
        margins=[
            0.05,
            0.05,
        ],
        num_control_points=20,
        output_image_size=(
            48,
            160,
        ),
        resized_image_size=(
            32,
            64,
        ),
        type='STN'),
    type='SVTR')
optim_wrapper = dict(
    loss_scale='dynamic',
    optimizer=dict(
        betas=(
            0.9,
            0.99,
        ),
        eps=8e-08,
        lr=0.00025,
        type='AdamW',
        weight_decay=0.05),
    type='AmpOptimWrapper')
param_scheduler = [
    dict(
        convert_to_iter_based=True,
        end=2,
        end_factor=1.0,
        start_factor=0.5,
        type='LinearLR',
        verbose=False),
    dict(
        T_max=29,
        begin=2,
        convert_to_iter_based=True,
        end=30,
        type='CosineAnnealingLR',
        verbose=False),
]
randomness = dict(seed=None)
resume = False
test_cfg = dict(type='TestLoop')
test_dataloader = dict(
    batch_size=64,
    dataset=dict(
        ann_file='scene_test',
        data_root='data/fudan/scene',
        pipeline=[
            dict(type='LoadImageFromNDArray'),
            dict(scale=(
                256,
                64,
            ), type='Resize'),
            dict(type='LoadOCRAnnotations', with_text=True),
            dict(
                meta_keys=(
                    'img_path',
                    'ori_shape',
                    'img_shape',
                    'valid_ratio',
                ),
                type='PackTextRecogInputs'),
        ],
        type='RecogLMDBDataset'),
    num_workers=0,
    persistent_workers=False,
    pin_memory=True,
    sampler=dict(shuffle=False, type='DefaultSampler'))
test_evaluator = dict(
    dataset_prefixes=[
        'Fudan',
    ],
    metrics=[
        dict(mode=[
            'exact',
        ], type='WordMetric'),
        dict(type='OneMinusNEDMetric'),
    ],
    type='MultiDatasetsEvaluator')
test_pipeline = [
    dict(type='LoadImageFromNDArray'),
    dict(scale=(
        256,
        64,
    ), type='Resize'),
    dict(type='LoadOCRAnnotations', with_text=True),
    dict(
        meta_keys=(
            'img_path',
            'ori_shape',
            'img_shape',
            'valid_ratio',
        ),
        type='PackTextRecogInputs'),
]
train_cfg = dict(max_epochs=30, type='EpochBasedTrainLoop', val_interval=1)
train_dataloader = dict(
    batch_size=128,
    dataset=dict(
        ann_file='scene_train',
        data_root='data/fudan/scene',
        pipeline=[
            dict(ignore_empty=True, min_size=5, type='LoadImageFromNDArray'),
            dict(type='LoadOCRAnnotations', with_text=True),
            dict(
                prob=0.4,
                transforms=[
                    dict(type='TextRecogGeneralAug'),
                ],
                type='RandomApply'),
            dict(
                prob=0.4,
                transforms=[
                    dict(type='CropHeight'),
                ],
                type='RandomApply'),
            dict(
                condition='min(results["img_shape"])>10',
                true_transforms=dict(
                    prob=0.4,
                    transforms=[
                        dict(
                            kernel_size=5,
                            op='GaussianBlur',
                            sigma=1,
                            type='TorchVisionWrapper'),
                    ],
                    type='RandomApply'),
                type='ConditionApply'),
            dict(
                prob=0.4,
                transforms=[
                    dict(
                        brightness=0.5,
                        contrast=0.5,
                        hue=0.1,
                        op='ColorJitter',
                        saturation=0.5,
                        type='TorchVisionWrapper'),
                ],
                type='RandomApply'),
            dict(
                prob=0.4,
                transforms=[
                    dict(type='ImageContentJitter'),
                ],
                type='RandomApply'),
            dict(
                prob=0.4,
                transforms=[
                    dict(
                        args=[
                            dict(
                                cls='AdditiveGaussianNoise',
                                scale=0.31622776601683794),
                        ],
                        type='ImgAugWrapper'),
                ],
                type='RandomApply'),
            dict(
                prob=0.4,
                transforms=[
                    dict(type='ReversePixels'),
                ],
                type='RandomApply'),
            dict(scale=(
                256,
                64,
            ), type='Resize'),
            dict(
                meta_keys=(
                    'img_path',
                    'ori_shape',
                    'img_shape',
                    'valid_ratio',
                ),
                type='PackTextRecogInputs'),
        ],
        type='RecogLMDBDataset'),
    num_workers=0,
    persistent_workers=False,
    pin_memory=True,
    sampler=dict(shuffle=True, type='DefaultSampler'))
train_pipeline = [
    dict(ignore_empty=True, min_size=5, type='LoadImageFromNDArray'),
    dict(type='LoadOCRAnnotations', with_text=True),
    dict(
        prob=0.4,
        transforms=[
            dict(type='TextRecogGeneralAug'),
        ],
        type='RandomApply'),
    dict(prob=0.4, transforms=[
        dict(type='CropHeight'),
    ], type='RandomApply'),
    dict(
        condition='min(results["img_shape"])>10',
        true_transforms=dict(
            prob=0.4,
            transforms=[
                dict(
                    kernel_size=5,
                    op='GaussianBlur',
                    sigma=1,
                    type='TorchVisionWrapper'),
            ],
            type='RandomApply'),
        type='ConditionApply'),
    dict(
        prob=0.4,
        transforms=[
            dict(
                brightness=0.5,
                contrast=0.5,
                hue=0.1,
                op='ColorJitter',
                saturation=0.5,
                type='TorchVisionWrapper'),
        ],
        type='RandomApply'),
    dict(
        prob=0.4,
        transforms=[
            dict(type='ImageContentJitter'),
        ],
        type='RandomApply'),
    dict(
        prob=0.4,
        transforms=[
            dict(
                args=[
                    dict(
                        cls='AdditiveGaussianNoise',
                        scale=0.31622776601683794),
                ],
                type='ImgAugWrapper'),
        ],
        type='RandomApply'),
    dict(
        prob=0.4,
        transforms=[
            dict(type='ReversePixels'),
        ],
        type='RandomApply'),
    dict(scale=(
        256,
        64,
    ), type='Resize'),
    dict(
        meta_keys=(
            'img_path',
            'ori_shape',
            'img_shape',
            'valid_ratio',
        ),
        type='PackTextRecogInputs'),
]
tta_model = dict(type='EncoderDecoderRecognizerTTAModel')
tta_pipeline = [
    dict(type='LoadImageFromNDArray'),
    dict(
        transforms=[
            [
                dict(
                    condition="results['img_shape'][1]<results['img_shape'][0]",
                    true_transforms=[
                        dict(
                            args=[
                                dict(cls='Rot90', k=0, keep_size=False),
                            ],
                            type='ImgAugWrapper'),
                    ],
                    type='ConditionApply'),
                dict(
                    condition="results['img_shape'][1]<results['img_shape'][0]",
                    true_transforms=[
                        dict(
                            args=[
                                dict(cls='Rot90', k=1, keep_size=False),
                            ],
                            type='ImgAugWrapper'),
                    ],
                    type='ConditionApply'),
                dict(
                    condition="results['img_shape'][1]<results['img_shape'][0]",
                    true_transforms=[
                        dict(
                            args=[
                                dict(cls='Rot90', k=3, keep_size=False),
                            ],
                            type='ImgAugWrapper'),
                    ],
                    type='ConditionApply'),
            ],
            [
                dict(scale=(
                    256,
                    64,
                ), type='Resize'),
            ],
            [
                dict(type='LoadOCRAnnotations', with_text=True),
            ],
            [
                dict(
                    meta_keys=(
                        'img_path',
                        'ori_shape',
                        'img_shape',
                        'valid_ratio',
                    ),
                    type='PackTextRecogInputs'),
            ],
        ],
        type='TestTimeAug'),
]
val_cfg = dict(type='ValLoop')
val_dataloader = dict(
    batch_size=64,
    dataset=dict(
        ann_file='scene_val',
        data_root='data/fudan/scene',
        pipeline=[
            dict(type='LoadImageFromNDArray'),
            dict(scale=(
                256,
                64,
            ), type='Resize'),
            dict(type='LoadOCRAnnotations', with_text=True),
            dict(
                meta_keys=(
                    'img_path',
                    'ori_shape',
                    'img_shape',
                    'valid_ratio',
                ),
                type='PackTextRecogInputs'),
        ],
        type='RecogLMDBDataset'),
    num_workers=0,
    persistent_workers=False,
    pin_memory=True,
    sampler=dict(shuffle=False, type='DefaultSampler'))
val_evaluator = dict(
    dataset_prefixes=[
        'Fudan',
    ],
    metrics=[
        dict(mode=[
            'exact',
        ], type='WordMetric'),
        dict(type='OneMinusNEDMetric'),
    ],
    type='MultiDatasetsEvaluator')
vis_backends = [
    dict(type='LocalVisBackend'),
]
visualizer = dict(
    name='visualizer',
    type='TextRecogLocalVisualizer',
    vis_backends=[
        dict(type='LocalVisBackend'),
    ])
work_dir = 'work_dirs/svtr_direct_fudan_scene'

2026/01/04 01:09:55 - mmengine - INFO - Hooks will be executed in the following order:
before_run:
(VERY_HIGH   ) RuntimeInfoHook                    
(BELOW_NORMAL) LoggerHook                         
 -------------------- 
before_train:
(VERY_HIGH   ) RuntimeInfoHook                    
(NORMAL      ) IterTimerHook                      
(VERY_LOW    ) CheckpointHook                     
 -------------------- 
before_train_epoch:
(VERY_HIGH   ) RuntimeInfoHook                    
(NORMAL      ) IterTimerHook                      
(NORMAL      ) DistSamplerSeedHook                
 -------------------- 
before_train_iter:
(VERY_HIGH   ) RuntimeInfoHook                    
(NORMAL      ) IterTimerHook                      
 -------------------- 
after_train_iter:
(VERY_HIGH   ) RuntimeInfoHook                    
(NORMAL      ) IterTimerHook                      
(BELOW_NORMAL) LoggerHook                         
(LOW         ) ParamSchedulerHook                 
(VERY_LOW    ) CheckpointHook                     
 -------------------- 
after_train_epoch:
(NORMAL      ) IterTimerHook                      
(NORMAL      ) SyncBuffersHook                    
(LOW         ) ParamSchedulerHook                 
(VERY_LOW    ) CheckpointHook                     
 -------------------- 
before_val:
(VERY_HIGH   ) RuntimeInfoHook                    
 -------------------- 
before_val_epoch:
(NORMAL      ) IterTimerHook                      
(NORMAL      ) SyncBuffersHook                    
 -------------------- 
before_val_iter:
(NORMAL      ) IterTimerHook                      
 -------------------- 
after_val_iter:
(NORMAL      ) IterTimerHook                      
(NORMAL      ) VisualizationHook                  
(BELOW_NORMAL) LoggerHook                         
 -------------------- 
after_val_epoch:
(VERY_HIGH   ) RuntimeInfoHook                    
(NORMAL      ) IterTimerHook                      
(BELOW_NORMAL) LoggerHook                         
(LOW         ) ParamSchedulerHook                 
(VERY_LOW    ) CheckpointHook                     
 -------------------- 
after_val:
(VERY_HIGH   ) RuntimeInfoHook                    
 -------------------- 
after_train:
(VERY_HIGH   ) RuntimeInfoHook                    
(VERY_LOW    ) CheckpointHook                     
 -------------------- 
before_test:
(VERY_HIGH   ) RuntimeInfoHook                    
 -------------------- 
before_test_epoch:
(NORMAL      ) IterTimerHook                      
 -------------------- 
before_test_iter:
(NORMAL      ) IterTimerHook                      
 -------------------- 
after_test_iter:
(NORMAL      ) IterTimerHook                      
(NORMAL      ) VisualizationHook                  
(BELOW_NORMAL) LoggerHook                         
 -------------------- 
after_test_epoch:
(VERY_HIGH   ) RuntimeInfoHook                    
(NORMAL      ) IterTimerHook                      
(BELOW_NORMAL) LoggerHook                         
 -------------------- 
after_test:
(VERY_HIGH   ) RuntimeInfoHook                    
 -------------------- 
after_run:
(BELOW_NORMAL) LoggerHook                         
 -------------------- 
2026/01/04 01:10:02 - mmengine - INFO - LR is set based on batch size of 256 and the current batch size is 256. Scaling the original LR by 1.0.
Name of parameter - Initialization information

preprocessor.stn_convnet.0.conv.weight - torch.Size([32, 3, 3, 3]): 
XavierInit: gain=1, distribution=normal, bias=0 

preprocessor.stn_convnet.0.bn.weight - torch.Size([32]): 
The value is the same before and after calling `init_weights` of SVTR  

preprocessor.stn_convnet.0.bn.bias - torch.Size([32]): 
The value is the same before and after calling `init_weights` of SVTR  

preprocessor.stn_convnet.2.conv.weight - torch.Size([64, 32, 3, 3]): 
XavierInit: gain=1, distribution=normal, bias=0 

preprocessor.stn_convnet.2.bn.weight - torch.Size([64]): 
The value is the same before and after calling `init_weights` of SVTR  

preprocessor.stn_convnet.2.bn.bias - torch.Size([64]): 
The value is the same before and after calling `init_weights` of SVTR  

preprocessor.stn_convnet.4.conv.weight - torch.Size([128, 64, 3, 3]): 
XavierInit: gain=1, distribution=normal, bias=0 

preprocessor.stn_convnet.4.bn.weight - torch.Size([128]): 
The value is the same before and after calling `init_weights` of SVTR  

preprocessor.stn_convnet.4.bn.bias - torch.Size([128]): 
The value is the same before and after calling `init_weights` of SVTR  

preprocessor.stn_convnet.6.conv.weight - torch.Size([256, 128, 3, 3]): 
XavierInit: gain=1, distribution=normal, bias=0 

preprocessor.stn_convnet.6.bn.weight - torch.Size([256]): 
The value is the same before and after calling `init_weights` of SVTR  

preprocessor.stn_convnet.6.bn.bias - torch.Size([256]): 
The value is the same before and after calling `init_weights` of SVTR  

preprocessor.stn_convnet.8.conv.weight - torch.Size([256, 256, 3, 3]): 
XavierInit: gain=1, distribution=normal, bias=0 

preprocessor.stn_convnet.8.bn.weight - torch.Size([256]): 
The value is the same before and after calling `init_weights` of SVTR  

preprocessor.stn_convnet.8.bn.bias - torch.Size([256]): 
The value is the same before and after calling `init_weights` of SVTR  

preprocessor.stn_convnet.10.conv.weight - torch.Size([256, 256, 3, 3]): 
XavierInit: gain=1, distribution=normal, bias=0 

preprocessor.stn_convnet.10.bn.weight - torch.Size([256]): 
The value is the same before and after calling `init_weights` of SVTR  

preprocessor.stn_convnet.10.bn.bias - torch.Size([256]): 
The value is the same before and after calling `init_weights` of SVTR  

preprocessor.stn_fc1.0.weight - torch.Size([512, 512]): 
The value is the same before and after calling `init_weights` of SVTR  

preprocessor.stn_fc1.0.bias - torch.Size([512]): 
The value is the same before and after calling `init_weights` of SVTR  

preprocessor.stn_fc1.1.weight - torch.Size([512]): 
The value is the same before and after calling `init_weights` of SVTR  

preprocessor.stn_fc1.1.bias - torch.Size([512]): 
The value is the same before and after calling `init_weights` of SVTR  

preprocessor.stn_fc2.weight - torch.Size([40, 512]): 
The value is the same before and after calling `init_weights` of SVTR  

preprocessor.stn_fc2.bias - torch.Size([40]): 
The value is the same before and after calling `init_weights` of SVTR  

encoder.absolute_pos_embed - torch.Size([1, 480, 192]): 
The value is the same before and after calling `init_weights` of SVTR  

encoder.patch_embed.net.ConvModule0.conv.weight - torch.Size([96, 3, 3, 3]): 
The value is the same before and after calling `init_weights` of SVTR  

encoder.patch_embed.net.ConvModule0.bn.weight - torch.Size([96]): 
The value is the same before and after calling `init_weights` of SVTR  

encoder.patch_embed.net.ConvModule0.bn.bias - torch.Size([96]): 
The value is the same before and after calling `init_weights` of SVTR  

encoder.patch_embed.net.ConvModule1.conv.weight - torch.Size([192, 96, 3, 3]): 
The value is the same before and after calling `init_weights` of SVTR  

encoder.patch_embed.net.ConvModule1.bn.weight - torch.Size([192]): 
The value is the same before and after calling `init_weights` of SVTR  

encoder.patch_embed.net.ConvModule1.bn.bias - torch.Size([192]): 
The value is the same before and after calling `init_weights` of SVTR  

encoder.blocks1.0.norm1.weight - torch.Size([192]): 
The value is the same before and after calling `init_weights` of SVTR  

encoder.blocks1.0.norm1.bias - torch.Size([192]): 
The value is the same before and after calling `init_weights` of SVTR  

encoder.blocks1.0.mixer.qkv.weight - torch.Size([576, 192]): 
The value is the same before and after calling `init_weights` of SVTR  

encoder.blocks1.0.mixer.qkv.bias - torch.Size([576]): 
The value is the same before and after calling `init_weights` of SVTR  

encoder.blocks1.0.mixer.proj.weight - torch.Size([192, 192]): 
The value is the same before and after calling `init_weights` of SVTR  

encoder.blocks1.0.mixer.proj.bias - torch.Size([192]): 
The value is the same before and after calling `init_weights` of SVTR  

encoder.blocks1.0.norm2.weight - torch.Size([192]): 
The value is the same before and after calling `init_weights` of SVTR  

encoder.blocks1.0.norm2.bias - torch.Size([192]): 
The value is the same before and after calling `init_weights` of SVTR  

encoder.blocks1.0.mlp.fc1.weight - torch.Size([768, 192]): 
The value is the same before and after calling `init_weights` of SVTR  

encoder.blocks1.0.mlp.fc1.bias - torch.Size([768]): 
The value is the same before and after calling `init_weights` of SVTR  

encoder.blocks1.0.mlp.fc2.weight - torch.Size([192, 768]): 
The value is the same before and after calling `init_weights` of SVTR  

encoder.blocks1.0.mlp.fc2.bias - torch.Size([192]): 
The value is the same before and after calling `init_weights` of SVTR  

encoder.blocks1.1.norm1.weight - torch.Size([192]): 
The value is the same before and after calling `init_weights` of SVTR  

encoder.blocks1.1.norm1.bias - torch.Size([192]): 
The value is the same before and after calling `init_weights` of SVTR  

encoder.blocks1.1.mixer.qkv.weight - torch.Size([576, 192]): 
The value is the same before and after calling `init_weights` of SVTR  

encoder.blocks1.1.mixer.qkv.bias - torch.Size([576]): 
The value is the same before and after calling `init_weights` of SVTR  

encoder.blocks1.1.mixer.proj.weight - torch.Size([192, 192]): 
The value is the same before and after calling `init_weights` of SVTR  

encoder.blocks1.1.mixer.proj.bias - torch.Size([192]): 
The value is the same before and after calling `init_weights` of SVTR  

encoder.blocks1.1.norm2.weight - torch.Size([192]): 
The value is the same before and after calling `init_weights` of SVTR  

encoder.blocks1.1.norm2.bias - torch.Size([192]): 
The value is the same before and after calling `init_weights` of SVTR  

encoder.blocks1.1.mlp.fc1.weight - torch.Size([768, 192]): 
The value is the same before and after calling `init_weights` of SVTR  

encoder.blocks1.1.mlp.fc1.bias - torch.Size([768]): 
The value is the same before and after calling `init_weights` of SVTR  

encoder.blocks1.1.mlp.fc2.weight - torch.Size([192, 768]): 
The value is the same before and after calling `init_weights` of SVTR  

encoder.blocks1.1.mlp.fc2.bias - torch.Size([192]): 
The value is the same before and after calling `init_weights` of SVTR  

encoder.blocks1.2.norm1.weight - torch.Size([192]): 
The value is the same before and after calling `init_weights` of SVTR  

encoder.blocks1.2.norm1.bias - torch.Size([192]): 
The value is the same before and after calling `init_weights` of SVTR  

encoder.blocks1.2.mixer.qkv.weight - torch.Size([576, 192]): 
The value is the same before and after calling `init_weights` of SVTR  

encoder.blocks1.2.mixer.qkv.bias - torch.Size([576]): 
The value is the same before and after calling `init_weights` of SVTR  

encoder.blocks1.2.mixer.proj.weight - torch.Size([192, 192]): 
The value is the same before and after calling `init_weights` of SVTR  

encoder.blocks1.2.mixer.proj.bias - torch.Size([192]): 
The value is the same before and after calling `init_weights` of SVTR  

encoder.blocks1.2.norm2.weight - torch.Size([192]): 
The value is the same before and after calling `init_weights` of SVTR  

encoder.blocks1.2.norm2.bias - torch.Size([192]): 
The value is the same before and after calling `init_weights` of SVTR  

encoder.blocks1.2.mlp.fc1.weight - torch.Size([768, 192]): 
The value is the same before and after calling `init_weights` of SVTR  

encoder.blocks1.2.mlp.fc1.bias - torch.Size([768]): 
The value is the same before and after calling `init_weights` of SVTR  

encoder.blocks1.2.mlp.fc2.weight - torch.Size([192, 768]): 
The value is the same before and after calling `init_weights` of SVTR  

encoder.blocks1.2.mlp.fc2.bias - torch.Size([192]): 
The value is the same before and after calling `init_weights` of SVTR  

encoder.downsample1.conv.weight - torch.Size([256, 192, 3, 3]): 
The value is the same before and after calling `init_weights` of SVTR  

encoder.downsample1.conv.bias - torch.Size([256]): 
The value is the same before and after calling `init_weights` of SVTR  

encoder.downsample1.norm.weight - torch.Size([256]): 
The value is the same before and after calling `init_weights` of SVTR  

encoder.downsample1.norm.bias - torch.Size([256]): 
The value is the same before and after calling `init_weights` of SVTR  

encoder.blocks2.0.norm1.weight - torch.Size([256]): 
The value is the same before and after calling `init_weights` of SVTR  

encoder.blocks2.0.norm1.bias - torch.Size([256]): 
The value is the same before and after calling `init_weights` of SVTR  

encoder.blocks2.0.mixer.qkv.weight - torch.Size([768, 256]): 
The value is the same before and after calling `init_weights` of SVTR  

encoder.blocks2.0.mixer.qkv.bias - torch.Size([768]): 
The value is the same before and after calling `init_weights` of SVTR  

encoder.blocks2.0.mixer.proj.weight - torch.Size([256, 256]): 
The value is the same before and after calling `init_weights` of SVTR  

encoder.blocks2.0.mixer.proj.bias - torch.Size([256]): 
The value is the same before and after calling `init_weights` of SVTR  

encoder.blocks2.0.norm2.weight - torch.Size([256]): 
The value is the same before and after calling `init_weights` of SVTR  

encoder.blocks2.0.norm2.bias - torch.Size([256]): 
The value is the same before and after calling `init_weights` of SVTR  

encoder.blocks2.0.mlp.fc1.weight - torch.Size([1024, 256]): 
The value is the same before and after calling `init_weights` of SVTR  

encoder.blocks2.0.mlp.fc1.bias - torch.Size([1024]): 
The value is the same before and after calling `init_weights` of SVTR  

encoder.blocks2.0.mlp.fc2.weight - torch.Size([256, 1024]): 
The value is the same before and after calling `init_weights` of SVTR  

encoder.blocks2.0.mlp.fc2.bias - torch.Size([256]): 
The value is the same before and after calling `init_weights` of SVTR  

encoder.blocks2.1.norm1.weight - torch.Size([256]): 
The value is the same before and after calling `init_weights` of SVTR  

encoder.blocks2.1.norm1.bias - torch.Size([256]): 
The value is the same before and after calling `init_weights` of SVTR  

encoder.blocks2.1.mixer.qkv.weight - torch.Size([768, 256]): 
The value is the same before and after calling `init_weights` of SVTR  

encoder.blocks2.1.mixer.qkv.bias - torch.Size([768]): 
The value is the same before and after calling `init_weights` of SVTR  

encoder.blocks2.1.mixer.proj.weight - torch.Size([256, 256]): 
The value is the same before and after calling `init_weights` of SVTR  

encoder.blocks2.1.mixer.proj.bias - torch.Size([256]): 
The value is the same before and after calling `init_weights` of SVTR  

encoder.blocks2.1.norm2.weight - torch.Size([256]): 
The value is the same before and after calling `init_weights` of SVTR  

encoder.blocks2.1.norm2.bias - torch.Size([256]): 
The value is the same before and after calling `init_weights` of SVTR  

encoder.blocks2.1.mlp.fc1.weight - torch.Size([1024, 256]): 
The value is the same before and after calling `init_weights` of SVTR  

encoder.blocks2.1.mlp.fc1.bias - torch.Size([1024]): 
The value is the same before and after calling `init_weights` of SVTR  

encoder.blocks2.1.mlp.fc2.weight - torch.Size([256, 1024]): 
The value is the same before and after calling `init_weights` of SVTR  

encoder.blocks2.1.mlp.fc2.bias - torch.Size([256]): 
The value is the same before and after calling `init_weights` of SVTR  

encoder.blocks2.2.norm1.weight - torch.Size([256]): 
The value is the same before and after calling `init_weights` of SVTR  

encoder.blocks2.2.norm1.bias - torch.Size([256]): 
The value is the same before and after calling `init_weights` of SVTR  

encoder.blocks2.2.mixer.qkv.weight - torch.Size([768, 256]): 
The value is the same before and after calling `init_weights` of SVTR  

encoder.blocks2.2.mixer.qkv.bias - torch.Size([768]): 
The value is the same before and after calling `init_weights` of SVTR  

encoder.blocks2.2.mixer.proj.weight - torch.Size([256, 256]): 
The value is the same before and after calling `init_weights` of SVTR  

encoder.blocks2.2.mixer.proj.bias - torch.Size([256]): 
The value is the same before and after calling `init_weights` of SVTR  

encoder.blocks2.2.norm2.weight - torch.Size([256]): 
The value is the same before and after calling `init_weights` of SVTR  

encoder.blocks2.2.norm2.bias - torch.Size([256]): 
The value is the same before and after calling `init_weights` of SVTR  

encoder.blocks2.2.mlp.fc1.weight - torch.Size([1024, 256]): 
The value is the same before and after calling `init_weights` of SVTR  

encoder.blocks2.2.mlp.fc1.bias - torch.Size([1024]): 
The value is the same before and after calling `init_weights` of SVTR  

encoder.blocks2.2.mlp.fc2.weight - torch.Size([256, 1024]): 
The value is the same before and after calling `init_weights` of SVTR  

encoder.blocks2.2.mlp.fc2.bias - torch.Size([256]): 
The value is the same before and after calling `init_weights` of SVTR  

encoder.blocks2.3.norm1.weight - torch.Size([256]): 
The value is the same before and after calling `init_weights` of SVTR  

encoder.blocks2.3.norm1.bias - torch.Size([256]): 
The value is the same before and after calling `init_weights` of SVTR  

encoder.blocks2.3.mixer.qkv.weight - torch.Size([768, 256]): 
The value is the same before and after calling `init_weights` of SVTR  

encoder.blocks2.3.mixer.qkv.bias - torch.Size([768]): 
The value is the same before and after calling `init_weights` of SVTR  

encoder.blocks2.3.mixer.proj.weight - torch.Size([256, 256]): 
The value is the same before and after calling `init_weights` of SVTR  

encoder.blocks2.3.mixer.proj.bias - torch.Size([256]): 
The value is the same before and after calling `init_weights` of SVTR  

encoder.blocks2.3.norm2.weight - torch.Size([256]): 
The value is the same before and after calling `init_weights` of SVTR  

encoder.blocks2.3.norm2.bias - torch.Size([256]): 
The value is the same before and after calling `init_weights` of SVTR  

encoder.blocks2.3.mlp.fc1.weight - torch.Size([1024, 256]): 
The value is the same before and after calling `init_weights` of SVTR  

encoder.blocks2.3.mlp.fc1.bias - torch.Size([1024]): 
The value is the same before and after calling `init_weights` of SVTR  

encoder.blocks2.3.mlp.fc2.weight - torch.Size([256, 1024]): 
The value is the same before and after calling `init_weights` of SVTR  

encoder.blocks2.3.mlp.fc2.bias - torch.Size([256]): 
The value is the same before and after calling `init_weights` of SVTR  

encoder.blocks2.4.norm1.weight - torch.Size([256]): 
The value is the same before and after calling `init_weights` of SVTR  

encoder.blocks2.4.norm1.bias - torch.Size([256]): 
The value is the same before and after calling `init_weights` of SVTR  

encoder.blocks2.4.mixer.qkv.weight - torch.Size([768, 256]): 
The value is the same before and after calling `init_weights` of SVTR  

encoder.blocks2.4.mixer.qkv.bias - torch.Size([768]): 
The value is the same before and after calling `init_weights` of SVTR  

encoder.blocks2.4.mixer.proj.weight - torch.Size([256, 256]): 
The value is the same before and after calling `init_weights` of SVTR  

encoder.blocks2.4.mixer.proj.bias - torch.Size([256]): 
The value is the same before and after calling `init_weights` of SVTR  

encoder.blocks2.4.norm2.weight - torch.Size([256]): 
The value is the same before and after calling `init_weights` of SVTR  

encoder.blocks2.4.norm2.bias - torch.Size([256]): 
The value is the same before and after calling `init_weights` of SVTR  

encoder.blocks2.4.mlp.fc1.weight - torch.Size([1024, 256]): 
The value is the same before and after calling `init_weights` of SVTR  

encoder.blocks2.4.mlp.fc1.bias - torch.Size([1024]): 
The value is the same before and after calling `init_weights` of SVTR  

encoder.blocks2.4.mlp.fc2.weight - torch.Size([256, 1024]): 
The value is the same before and after calling `init_weights` of SVTR  

encoder.blocks2.4.mlp.fc2.bias - torch.Size([256]): 
The value is the same before and after calling `init_weights` of SVTR  

encoder.blocks2.5.norm1.weight - torch.Size([256]): 
The value is the same before and after calling `init_weights` of SVTR  

encoder.blocks2.5.norm1.bias - torch.Size([256]): 
The value is the same before and after calling `init_weights` of SVTR  

encoder.blocks2.5.mixer.qkv.weight - torch.Size([768, 256]): 
The value is the same before and after calling `init_weights` of SVTR  

encoder.blocks2.5.mixer.qkv.bias - torch.Size([768]): 
The value is the same before and after calling `init_weights` of SVTR  

encoder.blocks2.5.mixer.proj.weight - torch.Size([256, 256]): 
The value is the same before and after calling `init_weights` of SVTR  

encoder.blocks2.5.mixer.proj.bias - torch.Size([256]): 
The value is the same before and after calling `init_weights` of SVTR  

encoder.blocks2.5.norm2.weight - torch.Size([256]): 
The value is the same before and after calling `init_weights` of SVTR  

encoder.blocks2.5.norm2.bias - torch.Size([256]): 
The value is the same before and after calling `init_weights` of SVTR  

encoder.blocks2.5.mlp.fc1.weight - torch.Size([1024, 256]): 
The value is the same before and after calling `init_weights` of SVTR  

encoder.blocks2.5.mlp.fc1.bias - torch.Size([1024]): 
The value is the same before and after calling `init_weights` of SVTR  

encoder.blocks2.5.mlp.fc2.weight - torch.Size([256, 1024]): 
The value is the same before and after calling `init_weights` of SVTR  

encoder.blocks2.5.mlp.fc2.bias - torch.Size([256]): 
The value is the same before and after calling `init_weights` of SVTR  

encoder.blocks2.6.norm1.weight - torch.Size([256]): 
The value is the same before and after calling `init_weights` of SVTR  

encoder.blocks2.6.norm1.bias - torch.Size([256]): 
The value is the same before and after calling `init_weights` of SVTR  

encoder.blocks2.6.mixer.qkv.weight - torch.Size([768, 256]): 
The value is the same before and after calling `init_weights` of SVTR  

encoder.blocks2.6.mixer.qkv.bias - torch.Size([768]): 
The value is the same before and after calling `init_weights` of SVTR  

encoder.blocks2.6.mixer.proj.weight - torch.Size([256, 256]): 
The value is the same before and after calling `init_weights` of SVTR  

encoder.blocks2.6.mixer.proj.bias - torch.Size([256]): 
The value is the same before and after calling `init_weights` of SVTR  

encoder.blocks2.6.norm2.weight - torch.Size([256]): 
The value is the same before and after calling `init_weights` of SVTR  

encoder.blocks2.6.norm2.bias - torch.Size([256]): 
The value is the same before and after calling `init_weights` of SVTR  

encoder.blocks2.6.mlp.fc1.weight - torch.Size([1024, 256]): 
The value is the same before and after calling `init_weights` of SVTR  

encoder.blocks2.6.mlp.fc1.bias - torch.Size([1024]): 
The value is the same before and after calling `init_weights` of SVTR  

encoder.blocks2.6.mlp.fc2.weight - torch.Size([256, 1024]): 
The value is the same before and after calling `init_weights` of SVTR  

encoder.blocks2.6.mlp.fc2.bias - torch.Size([256]): 
The value is the same before and after calling `init_weights` of SVTR  

encoder.blocks2.7.norm1.weight - torch.Size([256]): 
The value is the same before and after calling `init_weights` of SVTR  

encoder.blocks2.7.norm1.bias - torch.Size([256]): 
The value is the same before and after calling `init_weights` of SVTR  

encoder.blocks2.7.mixer.qkv.weight - torch.Size([768, 256]): 
The value is the same before and after calling `init_weights` of SVTR  

encoder.blocks2.7.mixer.qkv.bias - torch.Size([768]): 
The value is the same before and after calling `init_weights` of SVTR  

encoder.blocks2.7.mixer.proj.weight - torch.Size([256, 256]): 
The value is the same before and after calling `init_weights` of SVTR  

encoder.blocks2.7.mixer.proj.bias - torch.Size([256]): 
The value is the same before and after calling `init_weights` of SVTR  

encoder.blocks2.7.norm2.weight - torch.Size([256]): 
The value is the same before and after calling `init_weights` of SVTR  

encoder.blocks2.7.norm2.bias - torch.Size([256]): 
The value is the same before and after calling `init_weights` of SVTR  

encoder.blocks2.7.mlp.fc1.weight - torch.Size([1024, 256]): 
The value is the same before and after calling `init_weights` of SVTR  

encoder.blocks2.7.mlp.fc1.bias - torch.Size([1024]): 
The value is the same before and after calling `init_weights` of SVTR  

encoder.blocks2.7.mlp.fc2.weight - torch.Size([256, 1024]): 
The value is the same before and after calling `init_weights` of SVTR  

encoder.blocks2.7.mlp.fc2.bias - torch.Size([256]): 
The value is the same before and after calling `init_weights` of SVTR  

encoder.blocks2.8.norm1.weight - torch.Size([256]): 
The value is the same before and after calling `init_weights` of SVTR  

encoder.blocks2.8.norm1.bias - torch.Size([256]): 
The value is the same before and after calling `init_weights` of SVTR  

encoder.blocks2.8.mixer.qkv.weight - torch.Size([768, 256]): 
The value is the same before and after calling `init_weights` of SVTR  

encoder.blocks2.8.mixer.qkv.bias - torch.Size([768]): 
The value is the same before and after calling `init_weights` of SVTR  

encoder.blocks2.8.mixer.proj.weight - torch.Size([256, 256]): 
The value is the same before and after calling `init_weights` of SVTR  

encoder.blocks2.8.mixer.proj.bias - torch.Size([256]): 
The value is the same before and after calling `init_weights` of SVTR  

encoder.blocks2.8.norm2.weight - torch.Size([256]): 
The value is the same before and after calling `init_weights` of SVTR  

encoder.blocks2.8.norm2.bias - torch.Size([256]): 
The value is the same before and after calling `init_weights` of SVTR  

encoder.blocks2.8.mlp.fc1.weight - torch.Size([1024, 256]): 
The value is the same before and after calling `init_weights` of SVTR  

encoder.blocks2.8.mlp.fc1.bias - torch.Size([1024]): 
The value is the same before and after calling `init_weights` of SVTR  

encoder.blocks2.8.mlp.fc2.weight - torch.Size([256, 1024]): 
The value is the same before and after calling `init_weights` of SVTR  

encoder.blocks2.8.mlp.fc2.bias - torch.Size([256]): 
The value is the same before and after calling `init_weights` of SVTR  

encoder.downsample2.conv.weight - torch.Size([512, 256, 3, 3]): 
The value is the same before and after calling `init_weights` of SVTR  

encoder.downsample2.conv.bias - torch.Size([512]): 
The value is the same before and after calling `init_weights` of SVTR  

encoder.downsample2.norm.weight - torch.Size([512]): 
The value is the same before and after calling `init_weights` of SVTR  

encoder.downsample2.norm.bias - torch.Size([512]): 
The value is the same before and after calling `init_weights` of SVTR  

encoder.blocks3.0.norm1.weight - torch.Size([512]): 
The value is the same before and after calling `init_weights` of SVTR  

encoder.blocks3.0.norm1.bias - torch.Size([512]): 
The value is the same before and after calling `init_weights` of SVTR  

encoder.blocks3.0.mixer.qkv.weight - torch.Size([1536, 512]): 
The value is the same before and after calling `init_weights` of SVTR  

encoder.blocks3.0.mixer.qkv.bias - torch.Size([1536]): 
The value is the same before and after calling `init_weights` of SVTR  

encoder.blocks3.0.mixer.proj.weight - torch.Size([512, 512]): 
The value is the same before and after calling `init_weights` of SVTR  

encoder.blocks3.0.mixer.proj.bias - torch.Size([512]): 
The value is the same before and after calling `init_weights` of SVTR  

encoder.blocks3.0.norm2.weight - torch.Size([512]): 
The value is the same before and after calling `init_weights` of SVTR  

encoder.blocks3.0.norm2.bias - torch.Size([512]): 
The value is the same before and after calling `init_weights` of SVTR  

encoder.blocks3.0.mlp.fc1.weight - torch.Size([2048, 512]): 
The value is the same before and after calling `init_weights` of SVTR  

encoder.blocks3.0.mlp.fc1.bias - torch.Size([2048]): 
The value is the same before and after calling `init_weights` of SVTR  

encoder.blocks3.0.mlp.fc2.weight - torch.Size([512, 2048]): 
The value is the same before and after calling `init_weights` of SVTR  

encoder.blocks3.0.mlp.fc2.bias - torch.Size([512]): 
The value is the same before and after calling `init_weights` of SVTR  

encoder.blocks3.1.norm1.weight - torch.Size([512]): 
The value is the same before and after calling `init_weights` of SVTR  

encoder.blocks3.1.norm1.bias - torch.Size([512]): 
The value is the same before and after calling `init_weights` of SVTR  

encoder.blocks3.1.mixer.qkv.weight - torch.Size([1536, 512]): 
The value is the same before and after calling `init_weights` of SVTR  

encoder.blocks3.1.mixer.qkv.bias - torch.Size([1536]): 
The value is the same before and after calling `init_weights` of SVTR  

encoder.blocks3.1.mixer.proj.weight - torch.Size([512, 512]): 
The value is the same before and after calling `init_weights` of SVTR  

encoder.blocks3.1.mixer.proj.bias - torch.Size([512]): 
The value is the same before and after calling `init_weights` of SVTR  

encoder.blocks3.1.norm2.weight - torch.Size([512]): 
The value is the same before and after calling `init_weights` of SVTR  

encoder.blocks3.1.norm2.bias - torch.Size([512]): 
The value is the same before and after calling `init_weights` of SVTR  

encoder.blocks3.1.mlp.fc1.weight - torch.Size([2048, 512]): 
The value is the same before and after calling `init_weights` of SVTR  

encoder.blocks3.1.mlp.fc1.bias - torch.Size([2048]): 
The value is the same before and after calling `init_weights` of SVTR  

encoder.blocks3.1.mlp.fc2.weight - torch.Size([512, 2048]): 
The value is the same before and after calling `init_weights` of SVTR  

encoder.blocks3.1.mlp.fc2.bias - torch.Size([512]): 
The value is the same before and after calling `init_weights` of SVTR  

encoder.blocks3.2.norm1.weight - torch.Size([512]): 
The value is the same before and after calling `init_weights` of SVTR  

encoder.blocks3.2.norm1.bias - torch.Size([512]): 
The value is the same before and after calling `init_weights` of SVTR  

encoder.blocks3.2.mixer.qkv.weight - torch.Size([1536, 512]): 
The value is the same before and after calling `init_weights` of SVTR  

encoder.blocks3.2.mixer.qkv.bias - torch.Size([1536]): 
The value is the same before and after calling `init_weights` of SVTR  

encoder.blocks3.2.mixer.proj.weight - torch.Size([512, 512]): 
The value is the same before and after calling `init_weights` of SVTR  

encoder.blocks3.2.mixer.proj.bias - torch.Size([512]): 
The value is the same before and after calling `init_weights` of SVTR  

encoder.blocks3.2.norm2.weight - torch.Size([512]): 
The value is the same before and after calling `init_weights` of SVTR  

encoder.blocks3.2.norm2.bias - torch.Size([512]): 
The value is the same before and after calling `init_weights` of SVTR  

encoder.blocks3.2.mlp.fc1.weight - torch.Size([2048, 512]): 
The value is the same before and after calling `init_weights` of SVTR  

encoder.blocks3.2.mlp.fc1.bias - torch.Size([2048]): 
The value is the same before and after calling `init_weights` of SVTR  

encoder.blocks3.2.mlp.fc2.weight - torch.Size([512, 2048]): 
The value is the same before and after calling `init_weights` of SVTR  

encoder.blocks3.2.mlp.fc2.bias - torch.Size([512]): 
The value is the same before and after calling `init_weights` of SVTR  

encoder.blocks3.3.norm1.weight - torch.Size([512]): 
The value is the same before and after calling `init_weights` of SVTR  

encoder.blocks3.3.norm1.bias - torch.Size([512]): 
The value is the same before and after calling `init_weights` of SVTR  

encoder.blocks3.3.mixer.qkv.weight - torch.Size([1536, 512]): 
The value is the same before and after calling `init_weights` of SVTR  

encoder.blocks3.3.mixer.qkv.bias - torch.Size([1536]): 
The value is the same before and after calling `init_weights` of SVTR  

encoder.blocks3.3.mixer.proj.weight - torch.Size([512, 512]): 
The value is the same before and after calling `init_weights` of SVTR  

encoder.blocks3.3.mixer.proj.bias - torch.Size([512]): 
The value is the same before and after calling `init_weights` of SVTR  

encoder.blocks3.3.norm2.weight - torch.Size([512]): 
The value is the same before and after calling `init_weights` of SVTR  

encoder.blocks3.3.norm2.bias - torch.Size([512]): 
The value is the same before and after calling `init_weights` of SVTR  

encoder.blocks3.3.mlp.fc1.weight - torch.Size([2048, 512]): 
The value is the same before and after calling `init_weights` of SVTR  

encoder.blocks3.3.mlp.fc1.bias - torch.Size([2048]): 
The value is the same before and after calling `init_weights` of SVTR  

encoder.blocks3.3.mlp.fc2.weight - torch.Size([512, 2048]): 
The value is the same before and after calling `init_weights` of SVTR  

encoder.blocks3.3.mlp.fc2.bias - torch.Size([512]): 
The value is the same before and after calling `init_weights` of SVTR  

encoder.blocks3.4.norm1.weight - torch.Size([512]): 
The value is the same before and after calling `init_weights` of SVTR  

encoder.blocks3.4.norm1.bias - torch.Size([512]): 
The value is the same before and after calling `init_weights` of SVTR  

encoder.blocks3.4.mixer.qkv.weight - torch.Size([1536, 512]): 
The value is the same before and after calling `init_weights` of SVTR  

encoder.blocks3.4.mixer.qkv.bias - torch.Size([1536]): 
The value is the same before and after calling `init_weights` of SVTR  

encoder.blocks3.4.mixer.proj.weight - torch.Size([512, 512]): 
The value is the same before and after calling `init_weights` of SVTR  

encoder.blocks3.4.mixer.proj.bias - torch.Size([512]): 
The value is the same before and after calling `init_weights` of SVTR  

encoder.blocks3.4.norm2.weight - torch.Size([512]): 
The value is the same before and after calling `init_weights` of SVTR  

encoder.blocks3.4.norm2.bias - torch.Size([512]): 
The value is the same before and after calling `init_weights` of SVTR  

encoder.blocks3.4.mlp.fc1.weight - torch.Size([2048, 512]): 
The value is the same before and after calling `init_weights` of SVTR  

encoder.blocks3.4.mlp.fc1.bias - torch.Size([2048]): 
The value is the same before and after calling `init_weights` of SVTR  

encoder.blocks3.4.mlp.fc2.weight - torch.Size([512, 2048]): 
The value is the same before and after calling `init_weights` of SVTR  

encoder.blocks3.4.mlp.fc2.bias - torch.Size([512]): 
The value is the same before and after calling `init_weights` of SVTR  

encoder.blocks3.5.norm1.weight - torch.Size([512]): 
The value is the same before and after calling `init_weights` of SVTR  

encoder.blocks3.5.norm1.bias - torch.Size([512]): 
The value is the same before and after calling `init_weights` of SVTR  

encoder.blocks3.5.mixer.qkv.weight - torch.Size([1536, 512]): 
The value is the same before and after calling `init_weights` of SVTR  

encoder.blocks3.5.mixer.qkv.bias - torch.Size([1536]): 
The value is the same before and after calling `init_weights` of SVTR  

encoder.blocks3.5.mixer.proj.weight - torch.Size([512, 512]): 
The value is the same before and after calling `init_weights` of SVTR  

encoder.blocks3.5.mixer.proj.bias - torch.Size([512]): 
The value is the same before and after calling `init_weights` of SVTR  

encoder.blocks3.5.norm2.weight - torch.Size([512]): 
The value is the same before and after calling `init_weights` of SVTR  

encoder.blocks3.5.norm2.bias - torch.Size([512]): 
The value is the same before and after calling `init_weights` of SVTR  

encoder.blocks3.5.mlp.fc1.weight - torch.Size([2048, 512]): 
The value is the same before and after calling `init_weights` of SVTR  

encoder.blocks3.5.mlp.fc1.bias - torch.Size([2048]): 
The value is the same before and after calling `init_weights` of SVTR  

encoder.blocks3.5.mlp.fc2.weight - torch.Size([512, 2048]): 
The value is the same before and after calling `init_weights` of SVTR  

encoder.blocks3.5.mlp.fc2.bias - torch.Size([512]): 
The value is the same before and after calling `init_weights` of SVTR  

encoder.blocks3.6.norm1.weight - torch.Size([512]): 
The value is the same before and after calling `init_weights` of SVTR  

encoder.blocks3.6.norm1.bias - torch.Size([512]): 
The value is the same before and after calling `init_weights` of SVTR  

encoder.blocks3.6.mixer.qkv.weight - torch.Size([1536, 512]): 
The value is the same before and after calling `init_weights` of SVTR  

encoder.blocks3.6.mixer.qkv.bias - torch.Size([1536]): 
The value is the same before and after calling `init_weights` of SVTR  

encoder.blocks3.6.mixer.proj.weight - torch.Size([512, 512]): 
The value is the same before and after calling `init_weights` of SVTR  

encoder.blocks3.6.mixer.proj.bias - torch.Size([512]): 
The value is the same before and after calling `init_weights` of SVTR  

encoder.blocks3.6.norm2.weight - torch.Size([512]): 
The value is the same before and after calling `init_weights` of SVTR  

encoder.blocks3.6.norm2.bias - torch.Size([512]): 
The value is the same before and after calling `init_weights` of SVTR  

encoder.blocks3.6.mlp.fc1.weight - torch.Size([2048, 512]): 
The value is the same before and after calling `init_weights` of SVTR  

encoder.blocks3.6.mlp.fc1.bias - torch.Size([2048]): 
The value is the same before and after calling `init_weights` of SVTR  

encoder.blocks3.6.mlp.fc2.weight - torch.Size([512, 2048]): 
The value is the same before and after calling `init_weights` of SVTR  

encoder.blocks3.6.mlp.fc2.bias - torch.Size([512]): 
The value is the same before and after calling `init_weights` of SVTR  

encoder.blocks3.7.norm1.weight - torch.Size([512]): 
The value is the same before and after calling `init_weights` of SVTR  

encoder.blocks3.7.norm1.bias - torch.Size([512]): 
The value is the same before and after calling `init_weights` of SVTR  

encoder.blocks3.7.mixer.qkv.weight - torch.Size([1536, 512]): 
The value is the same before and after calling `init_weights` of SVTR  

encoder.blocks3.7.mixer.qkv.bias - torch.Size([1536]): 
The value is the same before and after calling `init_weights` of SVTR  

encoder.blocks3.7.mixer.proj.weight - torch.Size([512, 512]): 
The value is the same before and after calling `init_weights` of SVTR  

encoder.blocks3.7.mixer.proj.bias - torch.Size([512]): 
The value is the same before and after calling `init_weights` of SVTR  

encoder.blocks3.7.norm2.weight - torch.Size([512]): 
The value is the same before and after calling `init_weights` of SVTR  

encoder.blocks3.7.norm2.bias - torch.Size([512]): 
The value is the same before and after calling `init_weights` of SVTR  

encoder.blocks3.7.mlp.fc1.weight - torch.Size([2048, 512]): 
The value is the same before and after calling `init_weights` of SVTR  

encoder.blocks3.7.mlp.fc1.bias - torch.Size([2048]): 
The value is the same before and after calling `init_weights` of SVTR  

encoder.blocks3.7.mlp.fc2.weight - torch.Size([512, 2048]): 
The value is the same before and after calling `init_weights` of SVTR  

encoder.blocks3.7.mlp.fc2.bias - torch.Size([512]): 
The value is the same before and after calling `init_weights` of SVTR  

encoder.blocks3.8.norm1.weight - torch.Size([512]): 
The value is the same before and after calling `init_weights` of SVTR  

encoder.blocks3.8.norm1.bias - torch.Size([512]): 
The value is the same before and after calling `init_weights` of SVTR  

encoder.blocks3.8.mixer.qkv.weight - torch.Size([1536, 512]): 
The value is the same before and after calling `init_weights` of SVTR  

encoder.blocks3.8.mixer.qkv.bias - torch.Size([1536]): 
The value is the same before and after calling `init_weights` of SVTR  

encoder.blocks3.8.mixer.proj.weight - torch.Size([512, 512]): 
The value is the same before and after calling `init_weights` of SVTR  

encoder.blocks3.8.mixer.proj.bias - torch.Size([512]): 
The value is the same before and after calling `init_weights` of SVTR  

encoder.blocks3.8.norm2.weight - torch.Size([512]): 
The value is the same before and after calling `init_weights` of SVTR  

encoder.blocks3.8.norm2.bias - torch.Size([512]): 
The value is the same before and after calling `init_weights` of SVTR  

encoder.blocks3.8.mlp.fc1.weight - torch.Size([2048, 512]): 
The value is the same before and after calling `init_weights` of SVTR  

encoder.blocks3.8.mlp.fc1.bias - torch.Size([2048]): 
The value is the same before and after calling `init_weights` of SVTR  

encoder.blocks3.8.mlp.fc2.weight - torch.Size([512, 2048]): 
The value is the same before and after calling `init_weights` of SVTR  

encoder.blocks3.8.mlp.fc2.bias - torch.Size([512]): 
The value is the same before and after calling `init_weights` of SVTR  

encoder.layer_norm.weight - torch.Size([512]): 
The value is the same before and after calling `init_weights` of SVTR  

encoder.layer_norm.bias - torch.Size([512]): 
The value is the same before and after calling `init_weights` of SVTR  

encoder.last_conv.weight - torch.Size([384, 512, 1, 1]): 
The value is the same before and after calling `init_weights` of SVTR  

decoder.decoder.weight - torch.Size([5885, 384]): 
The value is the same before and after calling `init_weights` of SVTR  

decoder.decoder.bias - torch.Size([5885]): 
The value is the same before and after calling `init_weights` of SVTR  
2026/01/04 01:10:03 - mmengine - WARNING - "FileClient" will be deprecated in future. Please use io functions in https://mmengine.readthedocs.io/en/latest/api/fileio.html#file-io
2026/01/04 01:10:03 - mmengine - WARNING - "HardDiskBackend" is the alias of "LocalBackend" and the former will be deprecated in future.
2026/01/04 01:10:03 - mmengine - INFO - Checkpoints will be saved to /root/lanyun-tmp/mmocr/work_dirs/svtr_direct_fudan_scene.
2026/01/04 01:12:53 - mmengine - INFO - Epoch(train)  [1][  50/1989]  lr: 1.2654e-04  eta: 2 days, 8:01:34  time: 3.4997  data_time: 2.3314  memory: 18262  loss: 8.2301  loss_ctc: 8.2301
2026/01/04 01:15:38 - mmengine - INFO - Epoch(train)  [1][ 100/1989]  lr: 1.2811e-04  eta: 2 days, 7:18:37  time: 3.7310  data_time: 2.5191  memory: 18262  loss: 7.5292  loss_ctc: 7.5292
2026/01/04 01:18:25 - mmengine - INFO - Epoch(train)  [1][ 150/1989]  lr: 1.2968e-04  eta: 2 days, 7:20:25  time: 3.8987  data_time: 3.1547  memory: 18262  loss: 7.4720  loss_ctc: 7.4720
2026/01/04 01:21:01 - mmengine - INFO - Epoch(train)  [1][ 200/1989]  lr: 1.3125e-04  eta: 2 days, 6:21:21  time: 2.9576  data_time: 2.2461  memory: 18262  loss: 7.5122  loss_ctc: 7.5122
2026/01/04 01:23:39 - mmengine - INFO - Epoch(train)  [1][ 250/1989]  lr: 1.3283e-04  eta: 2 days, 5:52:46  time: 3.1493  data_time: 2.1647  memory: 18262  loss: 7.4717  loss_ctc: 7.4717
2026/01/04 01:26:15 - mmengine - INFO - Epoch(train)  [1][ 300/1989]  lr: 1.3440e-04  eta: 2 days, 5:24:42  time: 2.8378  data_time: 2.0892  memory: 18262  loss: 7.3380  loss_ctc: 7.3380
2026/01/04 01:29:02 - mmengine - INFO - Epoch(train)  [1][ 350/1989]  lr: 1.3597e-04  eta: 2 days, 5:35:17  time: 3.0770  data_time: 2.3001  memory: 18262  loss: 7.3370  loss_ctc: 7.3370
2026/01/04 01:31:59 - mmengine - INFO - Epoch(train)  [1][ 400/1989]  lr: 1.3754e-04  eta: 2 days, 6:09:17  time: 3.5473  data_time: 2.4819  memory: 18262  loss: 7.2768  loss_ctc: 7.2768
2026/01/04 01:34:47 - mmengine - INFO - Epoch(train)  [1][ 450/1989]  lr: 1.3911e-04  eta: 2 days, 6:13:55  time: 2.8851  data_time: 2.1134  memory: 18262  loss: 7.2953  loss_ctc: 7.2953
2026/01/04 01:37:36 - mmengine - INFO - Epoch(train)  [1][ 500/1989]  lr: 1.4068e-04  eta: 2 days, 6:19:35  time: 3.5301  data_time: 2.7974  memory: 18262  loss: 7.2496  loss_ctc: 7.2496
2026/01/04 01:40:23 - mmengine - INFO - Epoch(train)  [1][ 550/1989]  lr: 1.4226e-04  eta: 2 days, 6:20:01  time: 3.7608  data_time: 1.9017  memory: 18262  loss: 7.2731  loss_ctc: 7.2731
2026/01/04 01:43:03 - mmengine - INFO - Epoch(train)  [1][ 600/1989]  lr: 1.4383e-04  eta: 2 days, 6:07:53  time: 3.0156  data_time: 2.2707  memory: 18262  loss: 7.2616  loss_ctc: 7.2616
2026/01/04 01:45:52 - mmengine - INFO - Epoch(train)  [1][ 650/1989]  lr: 1.4540e-04  eta: 2 days, 6:12:00  time: 2.6403  data_time: 2.0314  memory: 18262  loss: 7.3138  loss_ctc: 7.3138
2026/01/04 01:48:40 - mmengine - INFO - Epoch(train)  [1][ 700/1989]  lr: 1.4697e-04  eta: 2 days, 6:12:47  time: 3.2942  data_time: 2.3998  memory: 18262  loss: 7.2908  loss_ctc: 7.2908
2026/01/04 01:51:19 - mmengine - INFO - Epoch(train)  [1][ 750/1989]  lr: 1.4854e-04  eta: 2 days, 6:01:09  time: 3.0705  data_time: 2.3442  memory: 18262  loss: 7.2610  loss_ctc: 7.2610
2026/01/04 01:54:07 - mmengine - INFO - Epoch(train)  [1][ 800/1989]  lr: 1.5011e-04  eta: 2 days, 6:02:30  time: 3.3579  data_time: 2.6176  memory: 18262  loss: 7.1207  loss_ctc: 7.1207
2026/01/04 01:56:50 - mmengine - INFO - Epoch(train)  [1][ 850/1989]  lr: 1.5168e-04  eta: 2 days, 5:56:24  time: 3.8469  data_time: 3.1445  memory: 18262  loss: 7.2161  loss_ctc: 7.2161
2026/01/04 01:59:23 - mmengine - INFO - Epoch(train)  [1][ 900/1989]  lr: 1.5326e-04  eta: 2 days, 5:41:33  time: 2.8426  data_time: 2.0276  memory: 18262  loss: 7.1412  loss_ctc: 7.1412
2026/01/04 02:02:00 - mmengine - INFO - Epoch(train)  [1][ 950/1989]  lr: 1.5483e-04  eta: 2 days, 5:30:55  time: 3.0305  data_time: 2.4572  memory: 18262  loss: 7.1129  loss_ctc: 7.1129
2026/01/04 02:04:49 - mmengine - INFO - Exp name: svtr-large_fudan_scene_baseline_20260104_010946
2026/01/04 02:04:49 - mmengine - INFO - Epoch(train)  [1][1000/1989]  lr: 1.5640e-04  eta: 2 days, 5:32:32  time: 3.3106  data_time: 2.2277  memory: 18262  loss: 7.1178  loss_ctc: 7.1178
2026/01/04 02:07:36 - mmengine - INFO - Epoch(train)  [1][1050/1989]  lr: 1.5797e-04  eta: 2 days, 5:32:22  time: 3.4012  data_time: 1.9172  memory: 18262  loss: 7.1900  loss_ctc: 7.1900
2026/01/04 02:10:22 - mmengine - INFO - Epoch(train)  [1][1100/1989]  lr: 1.5954e-04  eta: 2 days, 5:31:40  time: 3.3387  data_time: 2.6202  memory: 18262  loss: 7.1046  loss_ctc: 7.1046
2026/01/04 02:13:06 - mmengine - INFO - Epoch(train)  [1][1150/1989]  lr: 1.6111e-04  eta: 2 days, 5:27:58  time: 3.5630  data_time: 2.4628  memory: 18262  loss: 7.1144  loss_ctc: 7.1144
2026/01/04 02:15:41 - mmengine - INFO - Epoch(train)  [1][1200/1989]  lr: 1.6269e-04  eta: 2 days, 5:17:49  time: 2.6789  data_time: 2.0026  memory: 18262  loss: 7.0954  loss_ctc: 7.0954
2026/01/04 02:18:39 - mmengine - INFO - Epoch(train)  [1][1250/1989]  lr: 1.6426e-04  eta: 2 days, 5:25:28  time: 3.7617  data_time: 2.7721  memory: 18262  loss: 7.0745  loss_ctc: 7.0745
2026/01/04 02:21:13 - mmengine - INFO - Epoch(train)  [1][1300/1989]  lr: 1.6583e-04  eta: 2 days, 5:15:06  time: 3.3366  data_time: 2.7514  memory: 18262  loss: 7.0887  loss_ctc: 7.0887
2026/01/04 02:23:58 - mmengine - INFO - Epoch(train)  [1][1350/1989]  lr: 1.6740e-04  eta: 2 days, 5:12:39  time: 3.1908  data_time: 2.2240  memory: 18262  loss: 7.0149  loss_ctc: 7.0149
2026/01/04 02:26:48 - mmengine - INFO - Epoch(train)  [1][1400/1989]  lr: 1.6897e-04  eta: 2 days, 5:14:14  time: 3.2079  data_time: 2.6126  memory: 18262  loss: 7.0115  loss_ctc: 7.0115
2026/01/04 02:29:22 - mmengine - INFO - Epoch(train)  [1][1450/1989]  lr: 1.7054e-04  eta: 2 days, 5:04:19  time: 2.9902  data_time: 1.9819  memory: 18262  loss: 6.9403  loss_ctc: 6.9403
2026/01/04 02:32:04 - mmengine - INFO - Epoch(train)  [1][1500/1989]  lr: 1.7211e-04  eta: 2 days, 5:00:15  time: 3.2397  data_time: 2.6858  memory: 18262  loss: 6.8571  loss_ctc: 6.8571
2026/01/04 02:34:49 - mmengine - INFO - Epoch(train)  [1][1550/1989]  lr: 1.7369e-04  eta: 2 days, 4:58:09  time: 3.5514  data_time: 2.5656  memory: 18262  loss: 6.8825  loss_ctc: 6.8825
2026/01/04 02:37:34 - mmengine - INFO - Epoch(train)  [1][1600/1989]  lr: 1.7526e-04  eta: 2 days, 4:56:07  time: 3.0058  data_time: 2.3532  memory: 18262  loss: 6.8848  loss_ctc: 6.8848
2026/01/04 02:40:19 - mmengine - INFO - Epoch(train)  [1][1650/1989]  lr: 1.7683e-04  eta: 2 days, 4:54:04  time: 2.9196  data_time: 2.0047  memory: 18262  loss: 6.9358  loss_ctc: 6.9358
2026/01/04 02:42:42 - mmengine - INFO - Epoch(train)  [1][1700/1989]  lr: 1.7840e-04  eta: 2 days, 4:39:16  time: 3.0034  data_time: 2.2846  memory: 18262  loss: 6.7486  loss_ctc: 6.7486
2026/01/04 02:45:48 - mmengine - INFO - Epoch(train)  [1][1750/1989]  lr: 1.7997e-04  eta: 2 days, 4:48:45  time: 4.3130  data_time: 3.6995  memory: 18262  loss: 6.8483  loss_ctc: 6.8483
2026/01/04 02:48:32 - mmengine - INFO - Epoch(train)  [1][1800/1989]  lr: 1.8154e-04  eta: 2 days, 4:46:02  time: 2.9455  data_time: 2.0074  memory: 18262  loss: 6.8386  loss_ctc: 6.8386
2026/01/04 02:51:16 - mmengine - INFO - Epoch(train)  [1][1850/1989]  lr: 1.8312e-04  eta: 2 days, 4:42:57  time: 3.0709  data_time: 2.3898  memory: 18262  loss: 6.7649  loss_ctc: 6.7649
2026/01/04 02:54:03 - mmengine - INFO - Epoch(train)  [1][1900/1989]  lr: 1.8469e-04  eta: 2 days, 4:41:52  time: 3.2730  data_time: 2.5357  memory: 18262  loss: 6.7008  loss_ctc: 6.7008
2026/01/04 02:56:47 - mmengine - INFO - Epoch(train)  [1][1950/1989]  lr: 1.8626e-04  eta: 2 days, 4:38:59  time: 3.2722  data_time: 2.5238  memory: 18262  loss: 6.7160  loss_ctc: 6.7160
2026/01/04 02:58:54 - mmengine - INFO - Exp name: svtr-large_fudan_scene_baseline_20260104_010946
2026/01/04 02:58:54 - mmengine - INFO - Saving checkpoint at 1 epochs
2026/01/04 02:59:06 - mmengine - INFO - Epoch(val)  [1][ 50/498]    eta: 0:01:34  time: 0.2130  data_time: 0.0459  memory: 18262  
2026/01/04 02:59:17 - mmengine - INFO - Epoch(val)  [1][100/498]    eta: 0:01:23  time: 0.2129  data_time: 0.0457  memory: 1674  
2026/01/04 02:59:28 - mmengine - INFO - Epoch(val)  [1][150/498]    eta: 0:01:13  time: 0.2081  data_time: 0.0421  memory: 1674  
2026/01/04 02:59:38 - mmengine - INFO - Epoch(val)  [1][200/498]    eta: 0:01:03  time: 0.2159  data_time: 0.0480  memory: 1674  
2026/01/04 02:59:49 - mmengine - INFO - Epoch(val)  [1][250/498]    eta: 0:00:52  time: 0.2129  data_time: 0.0467  memory: 1674  
2026/01/04 03:00:00 - mmengine - INFO - Epoch(val)  [1][300/498]    eta: 0:00:42  time: 0.2126  data_time: 0.0467  memory: 1674  
2026/01/04 03:00:10 - mmengine - INFO - Epoch(val)  [1][350/498]    eta: 0:00:31  time: 0.2220  data_time: 0.0435  memory: 1674  
2026/01/04 03:00:21 - mmengine - INFO - Epoch(val)  [1][400/498]    eta: 0:00:20  time: 0.2127  data_time: 0.0460  memory: 1674  
2026/01/04 03:00:31 - mmengine - INFO - Epoch(val)  [1][450/498]    eta: 0:00:10  time: 0.2134  data_time: 0.0445  memory: 1674  
2026/01/04 03:00:42 - mmengine - INFO - Epoch(val) [1][498/498]    Fudan/recog/word_acc: 0.0053  Fudan/recog/1-N.E.D: 0.0260  data_time: 0.0454  time: 0.2121
2026/01/04 03:00:43 - mmengine - INFO - The best checkpoint with 0.0053 Fudan/recog/word_acc at 1 epoch is saved to best_Fudan_recog_word_acc_epoch_1.pth.
2026/01/04 03:01:23 - mmengine - INFO - Exp name: svtr-large_fudan_scene_baseline_20260104_010946
2026/01/04 03:03:21 - mmengine - INFO - Epoch(train)  [2][  50/1989]  lr: 1.8906e-04  eta: 2 days, 4:28:53  time: 3.0079  data_time: 2.1513  memory: 18282  loss: 6.7388  loss_ctc: 6.7388
2026/01/04 03:06:09 - mmengine - INFO - Epoch(train)  [2][ 100/1989]  lr: 1.9063e-04  eta: 2 days, 4:28:01  time: 3.4005  data_time: 2.1254  memory: 18277  loss: 6.6592  loss_ctc: 6.6592
2026/01/04 03:09:09 - mmengine - INFO - Epoch(train)  [2][ 150/1989]  lr: 1.9220e-04  eta: 2 days, 4:32:34  time: 3.3486  data_time: 2.6103  memory: 18277  loss: 6.7105  loss_ctc: 6.7105
2026/01/04 03:12:02 - mmengine - INFO - Epoch(train)  [2][ 200/1989]  lr: 1.9377e-04  eta: 2 days, 4:33:33  time: 3.6230  data_time: 2.5072  memory: 18277  loss: 6.7395  loss_ctc: 6.7395
2026/01/04 03:14:49 - mmengine - INFO - Epoch(train)  [2][ 250/1989]  lr: 1.9534e-04  eta: 2 days, 4:31:50  time: 3.2467  data_time: 2.0474  memory: 18277  loss: 6.6822  loss_ctc: 6.6822
2026/01/04 03:17:20 - mmengine - INFO - Epoch(train)  [2][ 300/1989]  lr: 1.9691e-04  eta: 2 days, 4:23:18  time: 3.7583  data_time: 2.4342  memory: 18277  loss: 6.6055  loss_ctc: 6.6055
2026/01/04 03:20:23 - mmengine - INFO - Epoch(train)  [2][ 350/1989]  lr: 1.9849e-04  eta: 2 days, 4:28:14  time: 3.0124  data_time: 2.2316  memory: 18277  loss: 6.5922  loss_ctc: 6.5922
2026/01/04 03:23:00 - mmengine - INFO - Epoch(train)  [2][ 400/1989]  lr: 2.0006e-04  eta: 2 days, 4:22:33  time: 3.1117  data_time: 2.4874  memory: 18277  loss: 6.5866  loss_ctc: 6.5866
2026/01/04 03:25:31 - mmengine - INFO - Epoch(train)  [2][ 450/1989]  lr: 2.0163e-04  eta: 2 days, 4:14:25  time: 3.1348  data_time: 2.4289  memory: 18277  loss: 6.4988  loss_ctc: 6.4988
2026/01/04 03:28:13 - mmengine - INFO - Epoch(train)  [2][ 500/1989]  lr: 2.0320e-04  eta: 2 days, 4:10:50  time: 2.9887  data_time: 2.2417  memory: 18277  loss: 6.5618  loss_ctc: 6.5618
2026/01/04 03:31:08 - mmengine - INFO - Epoch(train)  [2][ 550/1989]  lr: 2.0477e-04  eta: 2 days, 4:12:12  time: 3.5795  data_time: 1.7867  memory: 18277  loss: 6.6214  loss_ctc: 6.6214
2026/01/04 03:33:50 - mmengine - INFO - Epoch(train)  [2][ 600/1989]  lr: 2.0634e-04  eta: 2 days, 4:08:14  time: 3.5086  data_time: 2.8866  memory: 18277  loss: 6.5599  loss_ctc: 6.5599
2026/01/04 03:36:28 - mmengine - INFO - Epoch(train)  [2][ 650/1989]  lr: 2.0791e-04  eta: 2 days, 4:03:26  time: 2.8323  data_time: 2.3193  memory: 18277  loss: 6.5256  loss_ctc: 6.5256
2026/01/04 03:39:09 - mmengine - INFO - Epoch(train)  [2][ 700/1989]  lr: 2.0949e-04  eta: 2 days, 3:59:29  time: 2.9751  data_time: 1.9362  memory: 18277  loss: 6.5056  loss_ctc: 6.5056
2026/01/04 03:42:07 - mmengine - INFO - Epoch(train)  [2][ 750/1989]  lr: 2.1106e-04  eta: 2 days, 4:01:22  time: 3.5506  data_time: 2.2623  memory: 18277  loss: 6.3835  loss_ctc: 6.3835
2026/01/04 03:44:41 - mmengine - INFO - Epoch(train)  [2][ 800/1989]  lr: 2.1263e-04  eta: 2 days, 3:55:10  time: 2.6358  data_time: 1.9368  memory: 18277  loss: 6.5218  loss_ctc: 6.5218
2026/01/04 03:47:25 - mmengine - INFO - Epoch(train)  [2][ 850/1989]  lr: 2.1420e-04  eta: 2 days, 3:52:23  time: 3.2135  data_time: 2.3963  memory: 18277  loss: 6.3842  loss_ctc: 6.3842
2026/01/04 03:50:11 - mmengine - INFO - Epoch(train)  [2][ 900/1989]  lr: 2.1577e-04  eta: 2 days, 3:50:11  time: 2.8932  data_time: 2.3740  memory: 18277  loss: 6.4693  loss_ctc: 6.4693
2026/01/04 03:53:01 - mmengine - INFO - Epoch(train)  [2][ 950/1989]  lr: 2.1734e-04  eta: 2 days, 3:49:07  time: 3.4504  data_time: 2.7578  memory: 18277  loss: 6.4448  loss_ctc: 6.4448
2026/01/04 03:55:41 - mmengine - INFO - Epoch(train)  [2][1000/1989]  lr: 2.1892e-04  eta: 2 days, 3:45:09  time: 3.0950  data_time: 2.3931  memory: 18277  loss: 6.3671  loss_ctc: 6.3671
2026/01/04 03:56:16 - mmengine - INFO - Exp name: svtr-large_fudan_scene_baseline_20260104_010946
2026/01/04 03:58:12 - mmengine - INFO - Epoch(train)  [2][1050/1989]  lr: 2.2049e-04  eta: 2 days, 3:38:19  time: 2.8788  data_time: 2.3339  memory: 18277  loss: 6.3726  loss_ctc: 6.3726
2026/01/04 04:01:06 - mmengine - INFO - Epoch(train)  [2][1100/1989]  lr: 2.2206e-04  eta: 2 days, 3:38:25  time: 3.3414  data_time: 2.5703  memory: 18277  loss: 6.2118  loss_ctc: 6.2118
2026/01/04 04:03:51 - mmengine - INFO - Epoch(train)  [2][1150/1989]  lr: 2.2363e-04  eta: 2 days, 3:35:59  time: 3.2584  data_time: 2.1064  memory: 18277  loss: 6.2637  loss_ctc: 6.2637
2026/01/04 04:06:41 - mmengine - INFO - Epoch(train)  [2][1200/1989]  lr: 2.2520e-04  eta: 2 days, 3:35:02  time: 3.0952  data_time: 2.1088  memory: 18277  loss: 6.2552  loss_ctc: 6.2552
2026/01/04 04:09:15 - mmengine - INFO - Epoch(train)  [2][1250/1989]  lr: 2.2677e-04  eta: 2 days, 3:29:15  time: 3.3268  data_time: 2.3464  memory: 18277  loss: 6.2097  loss_ctc: 6.2097
2026/01/04 04:12:06 - mmengine - INFO - Epoch(train)  [2][1300/1989]  lr: 2.2834e-04  eta: 2 days, 3:28:17  time: 3.3795  data_time: 2.5046  memory: 18277  loss: 6.2010  loss_ctc: 6.2010
2026/01/04 04:14:49 - mmengine - INFO - Epoch(train)  [2][1350/1989]  lr: 2.2992e-04  eta: 2 days, 3:25:19  time: 3.7032  data_time: 2.5679  memory: 18277  loss: 6.1021  loss_ctc: 6.1021
2026/01/04 04:17:34 - mmengine - INFO - Epoch(train)  [2][1400/1989]  lr: 2.3149e-04  eta: 2 days, 3:22:47  time: 3.1847  data_time: 2.1745  memory: 18277  loss: 6.0935  loss_ctc: 6.0935
2026/01/04 04:20:19 - mmengine - INFO - Epoch(train)  [2][1450/1989]  lr: 2.3306e-04  eta: 2 days, 3:20:02  time: 3.1929  data_time: 2.4916  memory: 18277  loss: 6.0739  loss_ctc: 6.0739
2026/01/04 04:23:11 - mmengine - INFO - Epoch(train)  [2][1500/1989]  lr: 2.3463e-04  eta: 2 days, 3:19:28  time: 3.1768  data_time: 2.3990  memory: 18277  loss: 6.0368  loss_ctc: 6.0368
2026/01/04 04:25:49 - mmengine - INFO - Epoch(train)  [2][1550/1989]  lr: 2.3620e-04  eta: 2 days, 3:15:00  time: 3.1330  data_time: 2.4741  memory: 18277  loss: 6.0307  loss_ctc: 6.0307
2026/01/04 04:28:34 - mmengine - INFO - Epoch(train)  [2][1600/1989]  lr: 2.3777e-04  eta: 2 days, 3:12:25  time: 3.4124  data_time: 2.3927  memory: 18277  loss: 6.0469  loss_ctc: 6.0469
2026/01/04 04:31:11 - mmengine - INFO - Epoch(train)  [2][1650/1989]  lr: 2.3934e-04  eta: 2 days, 3:07:56  time: 2.7236  data_time: 2.1059  memory: 18277  loss: 6.0540  loss_ctc: 6.0540
2026/01/04 04:33:54 - mmengine - INFO - Epoch(train)  [2][1700/1989]  lr: 2.4092e-04  eta: 2 days, 3:04:45  time: 3.2448  data_time: 2.3954  memory: 18277  loss: 5.8420  loss_ctc: 5.8420
2026/01/04 04:36:33 - mmengine - INFO - Epoch(train)  [2][1750/1989]  lr: 2.4249e-04  eta: 2 days, 3:00:39  time: 2.9061  data_time: 2.1839  memory: 18277  loss: 5.8212  loss_ctc: 5.8212
2026/01/04 04:39:07 - mmengine - INFO - Epoch(train)  [2][1800/1989]  lr: 2.4406e-04  eta: 2 days, 2:55:37  time: 3.2369  data_time: 2.3931  memory: 18277  loss: 5.8834  loss_ctc: 5.8834
2026/01/04 04:41:59 - mmengine - INFO - Epoch(train)  [2][1850/1989]  lr: 2.4563e-04  eta: 2 days, 2:54:41  time: 2.9225  data_time: 2.2417  memory: 18277  loss: 5.7730  loss_ctc: 5.7730
2026/01/04 04:44:49 - mmengine - INFO - Epoch(train)  [2][1900/1989]  lr: 2.4720e-04  eta: 2 days, 2:53:14  time: 2.7515  data_time: 1.8003  memory: 18277  loss: 5.8695  loss_ctc: 5.8695
2026/01/04 04:47:28 - mmengine - INFO - Epoch(train)  [2][1950/1989]  lr: 2.4877e-04  eta: 2 days, 2:49:16  time: 3.5033  data_time: 2.9076  memory: 18277  loss: 5.6719  loss_ctc: 5.6719
2026/01/04 04:49:28 - mmengine - INFO - Exp name: svtr-large_fudan_scene_baseline_20260104_010946
2026/01/04 04:49:28 - mmengine - INFO - Saving checkpoint at 2 epochs
2026/01/04 04:49:41 - mmengine - INFO - Epoch(val)  [2][ 50/498]    eta: 0:01:32  time: 0.2060  data_time: 0.0395  memory: 18277  
2026/01/04 04:49:51 - mmengine - INFO - Epoch(val)  [2][100/498]    eta: 0:01:21  time: 0.2035  data_time: 0.0378  memory: 1675  
2026/01/04 04:50:01 - mmengine - INFO - Epoch(val)  [2][150/498]    eta: 0:01:11  time: 0.2022  data_time: 0.0364  memory: 1675  
2026/01/04 04:50:12 - mmengine - INFO - Epoch(val)  [2][200/498]    eta: 0:01:01  time: 0.2071  data_time: 0.0396  memory: 1675  
2026/01/04 04:50:22 - mmengine - INFO - Epoch(val)  [2][250/498]    eta: 0:00:50  time: 0.2053  data_time: 0.0393  memory: 1675  
2026/01/04 04:50:32 - mmengine - INFO - Epoch(val)  [2][300/498]    eta: 0:00:40  time: 0.2057  data_time: 0.0390  memory: 1675  
2026/01/04 04:50:42 - mmengine - INFO - Epoch(val)  [2][350/498]    eta: 0:00:30  time: 0.2010  data_time: 0.0360  memory: 1675  
2026/01/04 04:50:53 - mmengine - INFO - Epoch(val)  [2][400/498]    eta: 0:00:20  time: 0.2056  data_time: 0.0389  memory: 1675  
2026/01/04 04:51:03 - mmengine - INFO - Epoch(val)  [2][450/498]    eta: 0:00:09  time: 0.2042  data_time: 0.0377  memory: 1675  
2026/01/04 04:51:13 - mmengine - INFO - Epoch(val) [2][498/498]    Fudan/recog/word_acc: 0.0234  Fudan/recog/1-N.E.D: 0.0994  data_time: 0.0380  time: 0.2044
2026/01/04 04:51:13 - mmengine - INFO - The previous best checkpoint /root/lanyun-tmp/mmocr/work_dirs/svtr_direct_fudan_scene/best_Fudan_recog_word_acc_epoch_1.pth is removed
2026/01/04 04:51:15 - mmengine - INFO - The best checkpoint with 0.0234 Fudan/recog/word_acc at 2 epoch is saved to best_Fudan_recog_word_acc_epoch_2.pth.
2026/01/04 04:52:45 - mmengine - INFO - Exp name: svtr-large_fudan_scene_baseline_20260104_010946
2026/01/04 04:54:15 - mmengine - INFO - Epoch(train)  [3][  50/1989]  lr: 2.5000e-04  eta: 2 days, 2:45:51  time: 3.3434  data_time: 2.6058  memory: 18277  loss: 5.5864  loss_ctc: 5.5864
2026/01/04 04:56:56 - mmengine - INFO - Epoch(train)  [3][ 100/1989]  lr: 2.5000e-04  eta: 2 days, 2:42:24  time: 2.7476  data_time: 2.0174  memory: 18277  loss: 5.5787  loss_ctc: 5.5787
2026/01/04 04:59:52 - mmengine - INFO - Epoch(train)  [3][ 150/1989]  lr: 2.5000e-04  eta: 2 days, 2:42:20  time: 3.3335  data_time: 2.7616  memory: 18277  loss: 5.5374  loss_ctc: 5.5374
2026/01/04 05:02:32 - mmengine - INFO - Epoch(train)  [3][ 200/1989]  lr: 2.4999e-04  eta: 2 days, 2:38:30  time: 3.4935  data_time: 2.4739  memory: 18277  loss: 5.5935  loss_ctc: 5.5935
2026/01/04 05:05:14 - mmengine - INFO - Epoch(train)  [3][ 250/1989]  lr: 2.4999e-04  eta: 2 days, 2:35:21  time: 2.8748  data_time: 2.1662  memory: 18277  loss: 5.4355  loss_ctc: 5.4355
2026/01/04 05:07:52 - mmengine - INFO - Epoch(train)  [3][ 300/1989]  lr: 2.4998e-04  eta: 2 days, 2:31:19  time: 3.0305  data_time: 2.5625  memory: 18277  loss: 5.3778  loss_ctc: 5.3778
2026/01/04 05:11:00 - mmengine - INFO - Epoch(train)  [3][ 350/1989]  lr: 2.4998e-04  eta: 2 days, 2:33:32  time: 3.3960  data_time: 2.7515  memory: 18277  loss: 5.2729  loss_ctc: 5.2729
2026/01/04 05:13:51 - mmengine - INFO - Epoch(train)  [3][ 400/1989]  lr: 2.4997e-04  eta: 2 days, 2:32:17  time: 3.3939  data_time: 2.4244  memory: 18277  loss: 5.3016  loss_ctc: 5.3016
2026/01/04 05:16:42 - mmengine - INFO - Epoch(train)  [3][ 450/1989]  lr: 2.4996e-04  eta: 2 days, 2:30:54  time: 3.4267  data_time: 2.1166  memory: 18277  loss: 5.3068  loss_ctc: 5.3068
2026/01/04 05:19:24 - mmengine - INFO - Epoch(train)  [3][ 500/1989]  lr: 2.4995e-04  eta: 2 days, 2:27:38  time: 3.8022  data_time: 2.4948  memory: 18277  loss: 5.1529  loss_ctc: 5.1529
2026/01/04 05:22:11 - mmengine - INFO - Epoch(train)  [3][ 550/1989]  lr: 2.4994e-04  eta: 2 days, 2:25:18  time: 3.5090  data_time: 2.9035  memory: 18277  loss: 5.0846  loss_ctc: 5.0846
2026/01/04 05:25:02 - mmengine - INFO - Epoch(train)  [3][ 600/1989]  lr: 2.4993e-04  eta: 2 days, 2:23:45  time: 3.0477  data_time: 2.4429  memory: 18277  loss: 4.8544  loss_ctc: 4.8544
2026/01/04 05:27:46 - mmengine - INFO - Epoch(train)  [3][ 650/1989]  lr: 2.4992e-04  eta: 2 days, 2:20:53  time: 3.5084  data_time: 2.2103  memory: 18277  loss: 4.9293  loss_ctc: 4.9293
2026/01/04 05:30:21 - mmengine - INFO - Epoch(train)  [3][ 700/1989]  lr: 2.4991e-04  eta: 2 days, 2:16:14  time: 3.6704  data_time: 2.3289  memory: 18277  loss: 4.9059  loss_ctc: 4.9059
2026/01/04 05:33:07 - mmengine - INFO - Epoch(train)  [3][ 750/1989]  lr: 2.4990e-04  eta: 2 days, 2:13:48  time: 3.2814  data_time: 2.2721  memory: 18277  loss: 4.7821  loss_ctc: 4.7821
2026/01/04 05:35:43 - mmengine - INFO - Epoch(train)  [3][ 800/1989]  lr: 2.4988e-04  eta: 2 days, 2:09:34  time: 2.9682  data_time: 2.0745  memory: 18277  loss: 4.8805  loss_ctc: 4.8805
2026/01/04 05:38:29 - mmengine - INFO - Epoch(train)  [3][ 850/1989]  lr: 2.4987e-04  eta: 2 days, 2:07:06  time: 4.3506  data_time: 3.0642  memory: 18277  loss: 4.7180  loss_ctc: 4.7180
2026/01/04 05:41:15 - mmengine - INFO - Epoch(train)  [3][ 900/1989]  lr: 2.4985e-04  eta: 2 days, 2:04:38  time: 2.9935  data_time: 2.1330  memory: 18277  loss: 4.8974  loss_ctc: 4.8974
2026/01/04 05:43:54 - mmengine - INFO - Epoch(train)  [3][ 950/1989]  lr: 2.4983e-04  eta: 2 days, 2:00:49  time: 2.9546  data_time: 2.1490  memory: 18277  loss: 4.6251  loss_ctc: 4.6251
2026/01/04 05:46:30 - mmengine - INFO - Epoch(train)  [3][1000/1989]  lr: 2.4982e-04  eta: 2 days, 1:56:27  time: 3.4490  data_time: 2.5778  memory: 18277  loss: 4.5110  loss_ctc: 4.5110
2026/01/04 05:47:39 - mmengine - INFO - Exp name: svtr-large_fudan_scene_baseline_20260104_010946
2026/01/04 05:49:18 - mmengine - INFO - Epoch(train)  [3][1050/1989]  lr: 2.4980e-04  eta: 2 days, 1:54:30  time: 3.2514  data_time: 1.9479  memory: 18277  loss: 4.6380  loss_ctc: 4.6380
2026/01/04 05:51:49 - mmengine - INFO - Epoch(train)  [3][1100/1989]  lr: 2.4978e-04  eta: 2 days, 1:49:16  time: 2.9664  data_time: 2.0545  memory: 18277  loss: 4.6390  loss_ctc: 4.6390
2026/01/04 05:54:29 - mmengine - INFO - Epoch(train)  [3][1150/1989]  lr: 2.4976e-04  eta: 2 days, 1:45:46  time: 3.6788  data_time: 2.6896  memory: 18277  loss: 4.3556  loss_ctc: 4.3556
2026/01/04 05:57:13 - mmengine - INFO - Epoch(train)  [3][1200/1989]  lr: 2.4973e-04  eta: 2 days, 1:42:59  time: 2.5978  data_time: 2.0166  memory: 18277  loss: 4.3597  loss_ctc: 4.3597
2026/01/04 06:00:02 - mmengine - INFO - Epoch(train)  [3][1250/1989]  lr: 2.4971e-04  eta: 2 days, 1:41:03  time: 3.3494  data_time: 2.1280  memory: 18277  loss: 4.4456  loss_ctc: 4.4456
2026/01/04 06:02:36 - mmengine - INFO - Epoch(train)  [3][1300/1989]  lr: 2.4969e-04  eta: 2 days, 1:36:34  time: 2.6404  data_time: 2.1821  memory: 18277  loss: 4.4344  loss_ctc: 4.4344
2026/01/04 06:05:16 - mmengine - INFO - Epoch(train)  [3][1350/1989]  lr: 2.4966e-04  eta: 2 days, 1:33:11  time: 3.2063  data_time: 2.3370  memory: 18277  loss: 4.2885  loss_ctc: 4.2885
2026/01/04 06:08:06 - mmengine - INFO - Epoch(train)  [3][1400/1989]  lr: 2.4964e-04  eta: 2 days, 1:31:29  time: 3.4745  data_time: 2.4270  memory: 18277  loss: 4.2009  loss_ctc: 4.2009
2026/01/04 06:10:53 - mmengine - INFO - Epoch(train)  [3][1450/1989]  lr: 2.4961e-04  eta: 2 days, 1:29:09  time: 3.3803  data_time: 2.4867  memory: 18277  loss: 4.1617  loss_ctc: 4.1617
2026/01/04 06:13:37 - mmengine - INFO - Epoch(train)  [3][1500/1989]  lr: 2.4958e-04  eta: 2 days, 1:26:18  time: 3.2947  data_time: 2.3616  memory: 18277  loss: 4.2185  loss_ctc: 4.2185
2026/01/04 06:16:21 - mmengine - INFO - Epoch(train)  [3][1550/1989]  lr: 2.4956e-04  eta: 2 days, 1:23:32  time: 3.4440  data_time: 2.6159  memory: 18277  loss: 4.2279  loss_ctc: 4.2279
2026/01/04 06:19:05 - mmengine - INFO - Epoch(train)  [3][1600/1989]  lr: 2.4953e-04  eta: 2 days, 1:20:51  time: 3.7014  data_time: 3.0438  memory: 18277  loss: 4.1661  loss_ctc: 4.1661
2026/01/04 06:21:46 - mmengine - INFO - Epoch(train)  [3][1650/1989]  lr: 2.4950e-04  eta: 2 days, 1:17:32  time: 3.2381  data_time: 2.2381  memory: 18277  loss: 4.1192  loss_ctc: 4.1192
2026/01/04 06:24:36 - mmengine - INFO - Epoch(train)  [3][1700/1989]  lr: 2.4947e-04  eta: 2 days, 1:15:49  time: 3.9309  data_time: 2.6902  memory: 18277  loss: 4.0752  loss_ctc: 4.0752
2026/01/04 06:27:32 - mmengine - INFO - Epoch(train)  [3][1750/1989]  lr: 2.4943e-04  eta: 2 days, 1:14:52  time: 3.7483  data_time: 3.2558  memory: 18277  loss: 4.0314  loss_ctc: 4.0314
2026/01/04 06:30:05 - mmengine - INFO - Epoch(train)  [3][1800/1989]  lr: 2.4940e-04  eta: 2 days, 1:10:21  time: 3.0566  data_time: 2.4067  memory: 18277  loss: 3.8656  loss_ctc: 3.8656
2026/01/04 06:32:44 - mmengine - INFO - Epoch(train)  [3][1850/1989]  lr: 2.4937e-04  eta: 2 days, 1:06:46  time: 3.2023  data_time: 2.0791  memory: 18277  loss: 3.9349  loss_ctc: 3.9349
2026/01/04 06:35:22 - mmengine - INFO - Epoch(train)  [3][1900/1989]  lr: 2.4933e-04  eta: 2 days, 1:03:10  time: 3.1182  data_time: 2.1484  memory: 18277  loss: 3.9134  loss_ctc: 3.9134
2026/01/04 06:37:55 - mmengine - INFO - Epoch(train)  [3][1950/1989]  lr: 2.4930e-04  eta: 2 days, 0:58:41  time: 3.2640  data_time: 2.3387  memory: 18277  loss: 3.7781  loss_ctc: 3.7781
2026/01/04 06:39:56 - mmengine - INFO - Exp name: svtr-large_fudan_scene_baseline_20260104_010946
2026/01/04 06:39:56 - mmengine - INFO - Saving checkpoint at 3 epochs
2026/01/04 06:40:09 - mmengine - INFO - Epoch(val)  [3][ 50/498]    eta: 0:01:31  time: 0.2041  data_time: 0.0376  memory: 18277  
2026/01/04 06:40:19 - mmengine - INFO - Epoch(val)  [3][100/498]    eta: 0:01:21  time: 0.2071  data_time: 0.0387  memory: 1675  
2026/01/04 06:40:29 - mmengine - INFO - Epoch(val)  [3][150/498]    eta: 0:01:11  time: 0.2026  data_time: 0.0366  memory: 1675  
2026/01/04 06:40:39 - mmengine - INFO - Epoch(val)  [3][200/498]    eta: 0:01:01  time: 0.2058  data_time: 0.0388  memory: 1675  
2026/01/04 06:40:50 - mmengine - INFO - Epoch(val)  [3][250/498]    eta: 0:00:50  time: 0.2054  data_time: 0.0387  memory: 1675  
2026/01/04 06:41:00 - mmengine - INFO - Epoch(val)  [3][300/498]    eta: 0:00:40  time: 0.2058  data_time: 0.0390  memory: 1675  
2026/01/04 06:41:10 - mmengine - INFO - Epoch(val)  [3][350/498]    eta: 0:00:30  time: 0.2045  data_time: 0.0374  memory: 1675  
2026/01/04 06:41:20 - mmengine - INFO - Epoch(val)  [3][400/498]    eta: 0:00:20  time: 0.2056  data_time: 0.0388  memory: 1675  
2026/01/04 06:41:31 - mmengine - INFO - Epoch(val)  [3][450/498]    eta: 0:00:09  time: 0.2070  data_time: 0.0373  memory: 1675  
2026/01/04 06:41:41 - mmengine - INFO - Epoch(val) [3][498/498]    Fudan/recog/word_acc: 0.1991  Fudan/recog/1-N.E.D: 0.4411  data_time: 0.0378  time: 0.2045
2026/01/04 06:41:41 - mmengine - INFO - The previous best checkpoint /root/lanyun-tmp/mmocr/work_dirs/svtr_direct_fudan_scene/best_Fudan_recog_word_acc_epoch_2.pth is removed
2026/01/04 06:41:42 - mmengine - INFO - The best checkpoint with 0.1991 Fudan/recog/word_acc at 3 epoch is saved to best_Fudan_recog_word_acc_epoch_3.pth.
2026/01/04 06:43:36 - mmengine - INFO - Exp name: svtr-large_fudan_scene_baseline_20260104_010946
2026/01/04 06:44:27 - mmengine - INFO - Epoch(train)  [4][  50/1989]  lr: 2.4923e-04  eta: 2 days, 0:52:29  time: 3.1753  data_time: 2.1663  memory: 18277  loss: 3.7644  loss_ctc: 3.7644
2026/01/04 06:47:09 - mmengine - INFO - Epoch(train)  [4][ 100/1989]  lr: 2.4919e-04  eta: 2 days, 0:49:26  time: 2.7102  data_time: 2.0609  memory: 18277  loss: 3.5456  loss_ctc: 3.5456
2026/01/04 06:49:48 - mmengine - INFO - Epoch(train)  [4][ 150/1989]  lr: 2.4915e-04  eta: 2 days, 0:45:58  time: 3.0250  data_time: 2.3930  memory: 18277  loss: 3.8221  loss_ctc: 3.8221
2026/01/04 06:52:33 - mmengine - INFO - Epoch(train)  [4][ 200/1989]  lr: 2.4911e-04  eta: 2 days, 0:43:28  time: 3.7767  data_time: 2.5612  memory: 18277  loss: 3.4943  loss_ctc: 3.4943
2026/01/04 06:55:24 - mmengine - INFO - Epoch(train)  [4][ 250/1989]  lr: 2.4907e-04  eta: 2 days, 0:41:46  time: 3.0756  data_time: 2.0616  memory: 18277  loss: 3.5833  loss_ctc: 3.5833
2026/01/04 06:58:01 - mmengine - INFO - Epoch(train)  [4][ 300/1989]  lr: 2.4903e-04  eta: 2 days, 0:38:01  time: 3.4683  data_time: 2.4517  memory: 18277  loss: 3.7022  loss_ctc: 3.7022
2026/01/04 07:00:39 - mmengine - INFO - Epoch(train)  [4][ 350/1989]  lr: 2.4899e-04  eta: 2 days, 0:34:28  time: 3.2782  data_time: 2.6369  memory: 18277  loss: 3.3796  loss_ctc: 3.3796
2026/01/04 07:03:18 - mmengine - INFO - Epoch(train)  [4][ 400/1989]  lr: 2.4894e-04  eta: 2 days, 0:30:59  time: 3.1757  data_time: 2.2252  memory: 18277  loss: 3.6767  loss_ctc: 3.6767
2026/01/04 07:06:01 - mmengine - INFO - Epoch(train)  [4][ 450/1989]  lr: 2.4890e-04  eta: 2 days, 0:28:10  time: 3.3455  data_time: 2.7160  memory: 18277  loss: 3.4876  loss_ctc: 3.4876
2026/01/04 07:08:32 - mmengine - INFO - Epoch(train)  [4][ 500/1989]  lr: 2.4885e-04  eta: 2 days, 0:23:39  time: 3.5163  data_time: 2.6724  memory: 18277  loss: 3.4416  loss_ctc: 3.4416
2026/01/04 07:11:11 - mmengine - INFO - Epoch(train)  [4][ 550/1989]  lr: 2.4881e-04  eta: 2 days, 0:20:18  time: 3.4185  data_time: 2.2285  memory: 18277  loss: 3.4977  loss_ctc: 3.4977
2026/01/04 07:14:04 - mmengine - INFO - Epoch(train)  [4][ 600/1989]  lr: 2.4876e-04  eta: 2 days, 0:18:51  time: 3.5618  data_time: 2.4827  memory: 18277  loss: 3.4194  loss_ctc: 3.4194
2026/01/04 07:16:51 - mmengine - INFO - Epoch(train)  [4][ 650/1989]  lr: 2.4871e-04  eta: 2 days, 0:16:31  time: 3.6987  data_time: 2.9299  memory: 18277  loss: 3.5206  loss_ctc: 3.5206
2026/01/04 07:19:23 - mmengine - INFO - Epoch(train)  [4][ 700/1989]  lr: 2.4866e-04  eta: 2 days, 0:12:15  time: 2.8534  data_time: 2.0389  memory: 18277  loss: 3.4476  loss_ctc: 3.4476
2026/01/04 07:22:06 - mmengine - INFO - Epoch(train)  [4][ 750/1989]  lr: 2.4861e-04  eta: 2 days, 0:09:25  time: 3.6105  data_time: 2.6207  memory: 18277  loss: 3.4682  loss_ctc: 3.4682
2026/01/04 07:24:51 - mmengine - INFO - Epoch(train)  [4][ 800/1989]  lr: 2.4856e-04  eta: 2 days, 0:06:49  time: 2.7748  data_time: 1.9858  memory: 18277  loss: 3.3669  loss_ctc: 3.3669
2026/01/04 07:27:35 - mmengine - INFO - Epoch(train)  [4][ 850/1989]  lr: 2.4851e-04  eta: 2 days, 0:04:09  time: 2.8855  data_time: 2.0520  memory: 18277  loss: 3.3405  loss_ctc: 3.3405
2026/01/04 07:30:25 - mmengine - INFO - Epoch(train)  [4][ 900/1989]  lr: 2.4846e-04  eta: 2 days, 0:02:11  time: 3.6994  data_time: 3.2003  memory: 18277  loss: 3.3404  loss_ctc: 3.3404
2026/01/04 07:33:04 - mmengine - INFO - Epoch(train)  [4][ 950/1989]  lr: 2.4840e-04  eta: 1 day, 23:58:57  time: 3.2825  data_time: 2.3094  memory: 18277  loss: 3.2802  loss_ctc: 3.2802
2026/01/04 07:36:06 - mmengine - INFO - Epoch(train)  [4][1000/1989]  lr: 2.4835e-04  eta: 1 day, 23:58:29  time: 5.1311  data_time: 4.4673  memory: 18277  loss: 3.1946  loss_ctc: 3.1946
2026/01/04 07:37:41 - mmengine - INFO - Exp name: svtr-large_fudan_scene_baseline_20260104_010946
2026/01/04 07:38:36 - mmengine - INFO - Epoch(train)  [4][1050/1989]  lr: 2.4829e-04  eta: 1 day, 23:53:58  time: 3.4073  data_time: 2.5108  memory: 18277  loss: 3.2496  loss_ctc: 3.2496
2026/01/04 07:41:04 - mmengine - INFO - Epoch(train)  [4][1100/1989]  lr: 2.4824e-04  eta: 1 day, 23:49:19  time: 2.9413  data_time: 1.8941  memory: 18277  loss: 3.2496  loss_ctc: 3.2496
2026/01/04 07:43:47 - mmengine - INFO - Epoch(train)  [4][1150/1989]  lr: 2.4818e-04  eta: 1 day, 23:46:33  time: 3.9921  data_time: 3.1431  memory: 18277  loss: 3.3327  loss_ctc: 3.3327
2026/01/04 07:46:31 - mmengine - INFO - Epoch(train)  [4][1200/1989]  lr: 2.4812e-04  eta: 1 day, 23:43:47  time: 3.2975  data_time: 2.3387  memory: 18277  loss: 3.3245  loss_ctc: 3.3245
2026/01/04 07:49:03 - mmengine - INFO - Epoch(train)  [4][1250/1989]  lr: 2.4806e-04  eta: 1 day, 23:39:45  time: 2.8952  data_time: 2.0562  memory: 18277  loss: 3.2577  loss_ctc: 3.2577
2026/01/04 07:51:38 - mmengine - INFO - Epoch(train)  [4][1300/1989]  lr: 2.4800e-04  eta: 1 day, 23:35:55  time: 3.0297  data_time: 2.4078  memory: 18277  loss: 3.1684  loss_ctc: 3.1684
2026/01/04 07:54:14 - mmengine - INFO - Epoch(train)  [4][1350/1989]  lr: 2.4794e-04  eta: 1 day, 23:32:19  time: 3.0653  data_time: 2.4203  memory: 18277  loss: 3.2500  loss_ctc: 3.2500
2026/01/04 07:56:56 - mmengine - INFO - Epoch(train)  [4][1400/1989]  lr: 2.4788e-04  eta: 1 day, 23:29:28  time: 3.4039  data_time: 2.4326  memory: 18277  loss: 3.0893  loss_ctc: 3.0893
2026/01/04 07:59:46 - mmengine - INFO - Epoch(train)  [4][1450/1989]  lr: 2.4781e-04  eta: 1 day, 23:27:27  time: 3.6250  data_time: 2.9421  memory: 18277  loss: 3.0885  loss_ctc: 3.0885
2026/01/04 08:02:24 - mmengine - INFO - Epoch(train)  [4][1500/1989]  lr: 2.4775e-04  eta: 1 day, 23:24:05  time: 3.2271  data_time: 2.4119  memory: 18277  loss: 2.9922  loss_ctc: 2.9922
2026/01/04 08:05:19 - mmengine - INFO - Epoch(train)  [4][1550/1989]  lr: 2.4769e-04  eta: 1 day, 23:22:44  time: 3.1780  data_time: 2.4728  memory: 18277  loss: 2.8862  loss_ctc: 2.8862
2026/01/04 08:07:57 - mmengine - INFO - Epoch(train)  [4][1600/1989]  lr: 2.4762e-04  eta: 1 day, 23:19:20  time: 2.8498  data_time: 2.3699  memory: 18277  loss: 2.9451  loss_ctc: 2.9451
2026/01/04 08:10:43 - mmengine - INFO - Epoch(train)  [4][1650/1989]  lr: 2.4755e-04  eta: 1 day, 23:16:54  time: 2.7844  data_time: 1.8404  memory: 18277  loss: 2.9745  loss_ctc: 2.9745
2026/01/04 08:13:32 - mmengine - INFO - Epoch(train)  [4][1700/1989]  lr: 2.4749e-04  eta: 1 day, 23:14:46  time: 3.5374  data_time: 2.6530  memory: 18277  loss: 2.9984  loss_ctc: 2.9984
2026/01/04 08:16:27 - mmengine - INFO - Epoch(train)  [4][1750/1989]  lr: 2.4742e-04  eta: 1 day, 23:13:26  time: 3.5437  data_time: 2.9054  memory: 18277  loss: 2.9711  loss_ctc: 2.9711
2026/01/04 08:19:18 - mmengine - INFO - Epoch(train)  [4][1800/1989]  lr: 2.4735e-04  eta: 1 day, 23:11:27  time: 3.5534  data_time: 2.4692  memory: 18277  loss: 3.0390  loss_ctc: 3.0390
2026/01/04 08:21:55 - mmengine - INFO - Epoch(train)  [4][1850/1989]  lr: 2.4728e-04  eta: 1 day, 23:08:02  time: 3.1993  data_time: 2.5345  memory: 18277  loss: 2.8446  loss_ctc: 2.8446
2026/01/04 08:24:41 - mmengine - INFO - Epoch(train)  [4][1900/1989]  lr: 2.4721e-04  eta: 1 day, 23:05:31  time: 3.2610  data_time: 2.0685  memory: 18277  loss: 2.8820  loss_ctc: 2.8820
2026/01/04 08:27:29 - mmengine - INFO - Epoch(train)  [4][1950/1989]  lr: 2.4714e-04  eta: 1 day, 23:03:18  time: 3.6824  data_time: 2.9348  memory: 18277  loss: 3.0071  loss_ctc: 3.0071
2026/01/04 08:29:27 - mmengine - INFO - Exp name: svtr-large_fudan_scene_baseline_20260104_010946
2026/01/04 08:29:27 - mmengine - INFO - Saving checkpoint at 4 epochs
2026/01/04 08:29:41 - mmengine - INFO - Epoch(val)  [4][ 50/498]    eta: 0:01:37  time: 0.2150  data_time: 0.0401  memory: 18277  
2026/01/04 08:29:51 - mmengine - INFO - Epoch(val)  [4][100/498]    eta: 0:01:25  time: 0.2128  data_time: 0.0393  memory: 1675  
2026/01/04 08:30:02 - mmengine - INFO - Epoch(val)  [4][150/498]    eta: 0:01:14  time: 0.2048  data_time: 0.0368  memory: 1675  
2026/01/04 08:30:12 - mmengine - INFO - Epoch(val)  [4][200/498]    eta: 0:01:03  time: 0.2179  data_time: 0.0423  memory: 1675  
