2026/01/04 16:06:14 - mmengine - INFO - 
------------------------------------------------------------
System environment:
    sys.platform: linux
    Python: 3.8.20 (default, Oct  3 2024, 15:24:27) [GCC 11.2.0]
    CUDA available: True
    MUSA available: False
    numpy_random_seed: 2144626208
    GPU 0,1: NVIDIA GeForce RTX 3090
    CUDA_HOME: /usr/local/cuda
    NVCC: Cuda compilation tools, release 11.1, V11.1.105
    GCC: gcc (Ubuntu 9.4.0-1ubuntu1~20.04.2) 9.4.0
    PyTorch: 1.10.2+cu111
    PyTorch compiling details: PyTorch built with:
  - GCC 7.3
  - C++ Version: 201402
  - Intel(R) Math Kernel Library Version 2020.0.0 Product Build 20191122 for Intel(R) 64 architecture applications
  - Intel(R) MKL-DNN v2.2.3 (Git Hash 7336ca9f055cf1bfa13efb658fe15dc9b41f0740)
  - OpenMP 201511 (a.k.a. OpenMP 4.5)
  - LAPACK is enabled (usually provided by MKL)
  - NNPACK is enabled
  - CPU capability usage: AVX2
  - CUDA Runtime 11.1
  - NVCC architecture flags: -gencode;arch=compute_37,code=sm_37;-gencode;arch=compute_50,code=sm_50;-gencode;arch=compute_60,code=sm_60;-gencode;arch=compute_70,code=sm_70;-gencode;arch=compute_75,code=sm_75;-gencode;arch=compute_80,code=sm_80;-gencode;arch=compute_86,code=sm_86
  - CuDNN 8.0.5
  - Magma 2.5.2
  - Build settings: BLAS_INFO=mkl, BUILD_TYPE=Release, CUDA_VERSION=11.1, CUDNN_VERSION=8.0.5, CXX_COMPILER=/opt/rh/devtoolset-7/root/usr/bin/c++, CXX_FLAGS= -Wno-deprecated -fvisibility-inlines-hidden -DUSE_PTHREADPOOL -fopenmp -DNDEBUG -DUSE_KINETO -DUSE_FBGEMM -DUSE_QNNPACK -DUSE_PYTORCH_QNNPACK -DUSE_XNNPACK -DSYMBOLICATE_MOBILE_DEBUG_HANDLE -DEDGE_PROFILER_USE_KINETO -O2 -fPIC -Wno-narrowing -Wall -Wextra -Werror=return-type -Wno-missing-field-initializers -Wno-type-limits -Wno-array-bounds -Wno-unknown-pragmas -Wno-sign-compare -Wno-unused-parameter -Wno-unused-variable -Wno-unused-function -Wno-unused-result -Wno-unused-local-typedefs -Wno-strict-overflow -Wno-strict-aliasing -Wno-error=deprecated-declarations -Wno-stringop-overflow -Wno-psabi -Wno-error=pedantic -Wno-error=redundant-decls -Wno-error=old-style-cast -fdiagnostics-color=always -faligned-new -Wno-unused-but-set-variable -Wno-maybe-uninitialized -fno-math-errno -fno-trapping-math -Werror=format -Wno-stringop-overflow, LAPACK_INFO=mkl, PERF_WITH_AVX=1, PERF_WITH_AVX2=1, PERF_WITH_AVX512=1, TORCH_VERSION=1.10.2, USE_CUDA=ON, USE_CUDNN=ON, USE_EXCEPTION_PTR=1, USE_GFLAGS=OFF, USE_GLOG=OFF, USE_MKL=ON, USE_MKLDNN=ON, USE_MPI=OFF, USE_NCCL=ON, USE_NNPACK=ON, USE_OPENMP=ON, 

    TorchVision: 0.11.3+cu111
    OpenCV: 4.12.0
    MMEngine: 0.10.7

Runtime environment:
    cudnn_benchmark: True
    mp_cfg: {'mp_start_method': 'fork', 'opencv_num_threads': 0}
    dist_cfg: {'backend': 'nccl'}
    seed: 2144626208
    Distributed launcher: pytorch
    Distributed training: True
    GPU number: 2
------------------------------------------------------------

2026/01/04 16:06:15 - mmengine - INFO - Config:
auto_scale_lr = dict(base_batch_size=32, enable=True)
custom_hooks = [
    dict(
        min_delta=0.001,
        monitor='icdar/hmean',
        patience=12,
        rule='greater',
        type='EarlyStoppingHook'),
]
default_hooks = dict(
    checkpoint=dict(
        interval=2,
        max_keep_ckpts=3,
        rule='greater',
        save_best='icdar/hmean',
        type='CheckpointHook'),
    logger=dict(interval=5, type='LoggerHook'),
    param_scheduler=dict(type='ParamSchedulerHook'),
    sampler_seed=dict(type='DistSamplerSeedHook'),
    sync_buffer=dict(type='SyncBuffersHook'),
    timer=dict(type='IterTimerHook'),
    visualization=dict(
        draw_gt=False,
        draw_pred=False,
        enable=False,
        interval=1,
        show=False,
        type='VisualizationHook'))
default_scope = 'mmocr'
env_cfg = dict(
    cudnn_benchmark=True,
    dist_cfg=dict(backend='nccl'),
    mp_cfg=dict(mp_start_method='fork', opencv_num_threads=0))
launcher = 'pytorch'
load_from = None
log_level = 'INFO'
log_processor = dict(by_epoch=True, type='LogProcessor', window_size=10)
max_epochs = 100
model = dict(
    backbone=dict(
        dcn=dict(deform_groups=2, fallback_on_stride=False, type='DCNv2'),
        depth=50,
        frozen_stages=-1,
        init_cfg=dict(checkpoint='torchvision://resnet50', type='Pretrained'),
        norm_cfg=dict(requires_grad=True, type='BN'),
        norm_eval=True,
        num_stages=4,
        out_indices=(
            1,
            2,
            3,
        ),
        stage_with_dcn=(
            False,
            True,
            True,
            True,
        ),
        style='pytorch',
        type='mmdet.ResNet'),
    data_preprocessor=dict(
        bgr_to_rgb=True,
        mean=[
            123.675,
            116.28,
            103.53,
        ],
        pad_size_divisor=32,
        std=[
            58.395,
            57.12,
            57.375,
        ],
        type='TextDetDataPreprocessor'),
    det_head=dict(
        fourier_degree=5,
        in_channels=256,
        module_loss=dict(
            level_proportion_range=(
                (
                    0,
                    0.25,
                ),
                (
                    0.2,
                    0.65,
                ),
                (
                    0.55,
                    1.0,
                ),
            ),
            num_sample=50,
            type='FCEModuleLoss'),
        postprocessor=dict(
            alpha=1.0,
            beta=2.0,
            num_reconstr_points=50,
            scales=(
                8,
                16,
                32,
            ),
            score_thr=0.3,
            text_repr_type='poly',
            type='FCEPostprocessor'),
        type='FCEHead'),
    neck=dict(
        act_cfg=None,
        add_extra_convs='on_output',
        in_channels=[
            512,
            1024,
            2048,
        ],
        num_outs=3,
        out_channels=256,
        relu_before_extra_convs=True,
        type='mmdet.FPN'),
    type='FCENet')
optim_wrapper = dict(
    clip_grad=dict(max_norm=5, norm_type=2),
    loss_scale='dynamic',
    optimizer=dict(lr=0.001, momentum=0.9, type='SGD', weight_decay=0.0005),
    type='AmpOptimWrapper')
param_scheduler = [
    dict(begin=0, by_epoch=True, end=2, start_factor=0.1, type='LinearLR'),
    dict(
        begin=2,
        by_epoch=True,
        end=100,
        eta_min=1e-07,
        power=0.9,
        type='PolyLR'),
]
randomness = dict(seed=None)
resume = True
test_cfg = dict(type='TestLoop')
test_dataloader = dict(
    batch_size=1,
    dataset=dict(
        datasets=[
            dict(
                ann_file='instances_val.json',
                data_root='data/art_mmocr',
                pipeline=None,
                test_mode=True,
                type='OCRDataset'),
            dict(
                ann_file='instances_val.json',
                data_root='data/rctw17_mmocr',
                pipeline=None,
                test_mode=True,
                type='OCRDataset'),
            dict(
                ann_file='instances_val.json',
                data_root='data/rects_mmocr',
                pipeline=None,
                test_mode=True,
                type='OCRDataset'),
        ],
        pipeline=[
            dict(
                color_type='color_ignore_orientation',
                type='LoadImageFromFile'),
            dict(keep_ratio=True, scale=(
                2260,
                2260,
            ), type='Resize'),
            dict(
                type='LoadOCRAnnotations',
                with_bbox=True,
                with_label=True,
                with_polygon=True),
            dict(fix_from_bbox=False, type='FixInvalidPolygon'),
            dict(
                meta_keys=(
                    'img_path',
                    'ori_shape',
                    'img_shape',
                    'scale_factor',
                ),
                type='PackTextDetInputs'),
        ],
        type='ConcatDataset'),
    num_workers=2,
    persistent_workers=True,
    pin_memory=True,
    sampler=dict(shuffle=False, type='DefaultSampler'))
test_evaluator = dict(
    dataset_prefixes=dict(
        art='data/art_mmocr',
        rctw='data/rctw17_mmocr',
        rects='data/rects_mmocr'),
    type='MultiDatasetHmeanIOUMetric')
test_list = [
    dict(
        ann_file='instances_val.json',
        data_root='data/art_mmocr',
        pipeline=None,
        test_mode=True,
        type='OCRDataset'),
    dict(
        ann_file='instances_val.json',
        data_root='data/rctw17_mmocr',
        pipeline=None,
        test_mode=True,
        type='OCRDataset'),
    dict(
        ann_file='instances_val.json',
        data_root='data/rects_mmocr',
        pipeline=None,
        test_mode=True,
        type='OCRDataset'),
]
test_pipeline = [
    dict(color_type='color_ignore_orientation', type='LoadImageFromFile'),
    dict(keep_ratio=True, scale=(
        2260,
        2260,
    ), type='Resize'),
    dict(
        type='LoadOCRAnnotations',
        with_bbox=True,
        with_label=True,
        with_polygon=True),
    dict(fix_from_bbox=False, type='FixInvalidPolygon'),
    dict(
        meta_keys=(
            'img_path',
            'ori_shape',
            'img_shape',
            'scale_factor',
        ),
        type='PackTextDetInputs'),
]
textdet_art_data_root = 'data/art_mmocr'
textdet_art_rctw_rects_data_root = 'data/textdet_finetune_art_rctw_rects'
textdet_art_rctw_rects_test = dict(
    ann_file='instances_val.json',
    data_root='data/textdet_finetune_art_rctw_rects',
    pipeline=None,
    test_mode=True,
    type='OCRDataset')
textdet_art_rctw_rects_train = dict(
    ann_file='instances_train.json',
    data_root='data/textdet_finetune_art_rctw_rects',
    filter_cfg=dict(filter_empty_gt=True, min_size=32),
    pipeline=None,
    type='OCRDataset')
textdet_art_test = dict(
    ann_file='instances_val.json',
    data_root='data/art_mmocr',
    pipeline=None,
    test_mode=True,
    type='OCRDataset')
textdet_art_train = dict(
    ann_file='instances_train.json',
    data_root='data/art_mmocr',
    filter_cfg=dict(filter_empty_gt=True, min_size=32),
    pipeline=None,
    type='OCRDataset')
textdet_rctw_data_root = 'data/rctw17_mmocr'
textdet_rctw_test = dict(
    ann_file='instances_val.json',
    data_root='data/rctw17_mmocr',
    pipeline=None,
    test_mode=True,
    type='OCRDataset')
textdet_rctw_train = dict(
    ann_file='instances_train.json',
    data_root='data/rctw17_mmocr',
    filter_cfg=dict(filter_empty_gt=True, min_size=32),
    pipeline=None,
    type='OCRDataset')
textdet_rects_data_root = 'data/rects_mmocr'
textdet_rects_test = dict(
    ann_file='instances_val.json',
    data_root='data/rects_mmocr',
    pipeline=None,
    test_mode=True,
    type='OCRDataset')
textdet_rects_train = dict(
    ann_file='instances_train.json',
    data_root='data/rects_mmocr',
    filter_cfg=dict(filter_empty_gt=True, min_size=32),
    pipeline=None,
    type='OCRDataset')
train_cfg = dict(max_epochs=100, type='EpochBasedTrainLoop', val_interval=2)
train_dataloader = dict(
    batch_size=32,
    dataset=dict(
        datasets=[
            dict(
                ann_file='instances_train.json',
                data_root='data/art_mmocr',
                filter_cfg=dict(filter_empty_gt=True, min_size=32),
                pipeline=None,
                type='OCRDataset'),
            dict(
                ann_file='instances_train.json',
                data_root='data/rctw17_mmocr',
                filter_cfg=dict(filter_empty_gt=True, min_size=32),
                pipeline=None,
                type='OCRDataset'),
            dict(
                ann_file='instances_train.json',
                data_root='data/rects_mmocr',
                filter_cfg=dict(filter_empty_gt=True, min_size=32),
                pipeline=None,
                type='OCRDataset'),
        ],
        pipeline=[
            dict(
                color_type='color_ignore_orientation',
                type='LoadImageFromFile'),
            dict(
                type='LoadOCRAnnotations',
                with_bbox=True,
                with_label=True,
                with_polygon=True),
            dict(fix_from_bbox=False, type='FixInvalidPolygon'),
            dict(
                keep_ratio=True,
                ratio_range=(
                    0.75,
                    2.5,
                ),
                scale=(
                    800,
                    800,
                ),
                type='RandomResize'),
            dict(
                crop_ratio=0.5,
                iter_num=1,
                min_area_ratio=0.2,
                type='TextDetRandomCropFlip'),
            dict(
                prob=0.8,
                transforms=[
                    dict(min_side_ratio=0.3, type='RandomCrop'),
                ],
                type='RandomApply'),
            dict(
                prob=0.5,
                transforms=[
                    dict(
                        max_angle=30,
                        pad_with_fixed_color=False,
                        type='RandomRotate',
                        use_canvas=True),
                ],
                type='RandomApply'),
            dict(
                prob=[
                    0.6,
                    0.4,
                ],
                transforms=[
                    [
                        dict(keep_ratio=True, scale=800, type='Resize'),
                        dict(target_scale=800, type='SourceImagePad'),
                    ],
                    dict(keep_ratio=False, scale=800, type='Resize'),
                ],
                type='RandomChoice'),
            dict(direction='horizontal', prob=0.5, type='RandomFlip'),
            dict(
                brightness=0.12549019607843137,
                contrast=0.5,
                op='ColorJitter',
                saturation=0.5,
                type='TorchVisionWrapper'),
            dict(
                meta_keys=(
                    'img_path',
                    'ori_shape',
                    'img_shape',
                    'scale_factor',
                ),
                type='PackTextDetInputs'),
        ],
        type='ConcatDataset'),
    num_workers=6,
    persistent_workers=True,
    pin_memory=True,
    sampler=dict(shuffle=True, type='DefaultSampler'))
train_list = [
    dict(
        ann_file='instances_train.json',
        data_root='data/art_mmocr',
        filter_cfg=dict(filter_empty_gt=True, min_size=32),
        pipeline=None,
        type='OCRDataset'),
    dict(
        ann_file='instances_train.json',
        data_root='data/rctw17_mmocr',
        filter_cfg=dict(filter_empty_gt=True, min_size=32),
        pipeline=None,
        type='OCRDataset'),
    dict(
        ann_file='instances_train.json',
        data_root='data/rects_mmocr',
        filter_cfg=dict(filter_empty_gt=True, min_size=32),
        pipeline=None,
        type='OCRDataset'),
]
train_pipeline = [
    dict(color_type='color_ignore_orientation', type='LoadImageFromFile'),
    dict(
        type='LoadOCRAnnotations',
        with_bbox=True,
        with_label=True,
        with_polygon=True),
    dict(fix_from_bbox=False, type='FixInvalidPolygon'),
    dict(
        keep_ratio=True,
        ratio_range=(
            0.75,
            2.5,
        ),
        scale=(
            800,
            800,
        ),
        type='RandomResize'),
    dict(
        crop_ratio=0.5,
        iter_num=1,
        min_area_ratio=0.2,
        type='TextDetRandomCropFlip'),
    dict(
        prob=0.8,
        transforms=[
            dict(min_side_ratio=0.3, type='RandomCrop'),
        ],
        type='RandomApply'),
    dict(
        prob=0.5,
        transforms=[
            dict(
                max_angle=30,
                pad_with_fixed_color=False,
                type='RandomRotate',
                use_canvas=True),
        ],
        type='RandomApply'),
    dict(
        prob=[
            0.6,
            0.4,
        ],
        transforms=[
            [
                dict(keep_ratio=True, scale=800, type='Resize'),
                dict(target_scale=800, type='SourceImagePad'),
            ],
            dict(keep_ratio=False, scale=800, type='Resize'),
        ],
        type='RandomChoice'),
    dict(direction='horizontal', prob=0.5, type='RandomFlip'),
    dict(
        brightness=0.12549019607843137,
        contrast=0.5,
        op='ColorJitter',
        saturation=0.5,
        type='TorchVisionWrapper'),
    dict(
        meta_keys=(
            'img_path',
            'ori_shape',
            'img_shape',
            'scale_factor',
        ),
        type='PackTextDetInputs'),
]
val_cfg = dict(type='ValLoop')
val_dataloader = dict(
    batch_size=1,
    dataset=dict(
        datasets=[
            dict(
                ann_file='instances_val.json',
                data_root='data/art_mmocr',
                pipeline=None,
                test_mode=True,
                type='OCRDataset'),
            dict(
                ann_file='instances_val.json',
                data_root='data/rctw17_mmocr',
                pipeline=None,
                test_mode=True,
                type='OCRDataset'),
            dict(
                ann_file='instances_val.json',
                data_root='data/rects_mmocr',
                pipeline=None,
                test_mode=True,
                type='OCRDataset'),
        ],
        pipeline=[
            dict(
                color_type='color_ignore_orientation',
                type='LoadImageFromFile'),
            dict(keep_ratio=True, scale=(
                2260,
                2260,
            ), type='Resize'),
            dict(
                type='LoadOCRAnnotations',
                with_bbox=True,
                with_label=True,
                with_polygon=True),
            dict(fix_from_bbox=False, type='FixInvalidPolygon'),
            dict(
                meta_keys=(
                    'img_path',
                    'ori_shape',
                    'img_shape',
                    'scale_factor',
                ),
                type='PackTextDetInputs'),
        ],
        type='ConcatDataset'),
    num_workers=2,
    persistent_workers=True,
    pin_memory=True,
    sampler=dict(shuffle=False, type='DefaultSampler'))
val_evaluator = dict(
    dataset_prefixes=dict(
        art='data/art_mmocr',
        rctw='data/rctw17_mmocr',
        rects='data/rects_mmocr'),
    type='MultiDatasetHmeanIOUMetric')
vis_backends = [
    dict(type='LocalVisBackend'),
]
visualizer = dict(
    name='visualizer',
    type='TextDetLocalVisualizer',
    vis_backends=[
        dict(type='LocalVisBackend'),
    ])
work_dir = 'work_dirs/fcenet_r50dcnv2_fpn_finetune_art_rctw_rects'

2026/01/04 16:06:16 - mmengine - INFO - Hooks will be executed in the following order:
before_run:
(VERY_HIGH   ) RuntimeInfoHook                    
(BELOW_NORMAL) LoggerHook                         
(LOWEST      ) EarlyStoppingHook                  
 -------------------- 
before_train:
(VERY_HIGH   ) RuntimeInfoHook                    
(NORMAL      ) IterTimerHook                      
(VERY_LOW    ) CheckpointHook                     
 -------------------- 
before_train_epoch:
(VERY_HIGH   ) RuntimeInfoHook                    
(NORMAL      ) IterTimerHook                      
(NORMAL      ) DistSamplerSeedHook                
 -------------------- 
before_train_iter:
(VERY_HIGH   ) RuntimeInfoHook                    
(NORMAL      ) IterTimerHook                      
 -------------------- 
after_train_iter:
(VERY_HIGH   ) RuntimeInfoHook                    
(NORMAL      ) IterTimerHook                      
(BELOW_NORMAL) LoggerHook                         
(LOW         ) ParamSchedulerHook                 
(VERY_LOW    ) CheckpointHook                     
 -------------------- 
after_train_epoch:
(NORMAL      ) IterTimerHook                      
(NORMAL      ) SyncBuffersHook                    
(LOW         ) ParamSchedulerHook                 
(VERY_LOW    ) CheckpointHook                     
 -------------------- 
before_val:
(VERY_HIGH   ) RuntimeInfoHook                    
 -------------------- 
before_val_epoch:
(NORMAL      ) IterTimerHook                      
(NORMAL      ) SyncBuffersHook                    
 -------------------- 
before_val_iter:
(NORMAL      ) IterTimerHook                      
 -------------------- 
after_val_iter:
(NORMAL      ) IterTimerHook                      
(NORMAL      ) VisualizationHook                  
(BELOW_NORMAL) LoggerHook                         
 -------------------- 
after_val_epoch:
(VERY_HIGH   ) RuntimeInfoHook                    
(NORMAL      ) IterTimerHook                      
(BELOW_NORMAL) LoggerHook                         
(LOW         ) ParamSchedulerHook                 
(VERY_LOW    ) CheckpointHook                     
(LOWEST      ) EarlyStoppingHook                  
 -------------------- 
after_val:
(VERY_HIGH   ) RuntimeInfoHook                    
 -------------------- 
after_train:
(VERY_HIGH   ) RuntimeInfoHook                    
(VERY_LOW    ) CheckpointHook                     
 -------------------- 
before_test:
(VERY_HIGH   ) RuntimeInfoHook                    
 -------------------- 
before_test_epoch:
(NORMAL      ) IterTimerHook                      
 -------------------- 
before_test_iter:
(NORMAL      ) IterTimerHook                      
 -------------------- 
after_test_iter:
(NORMAL      ) IterTimerHook                      
(NORMAL      ) VisualizationHook                  
(BELOW_NORMAL) LoggerHook                         
 -------------------- 
after_test_epoch:
(VERY_HIGH   ) RuntimeInfoHook                    
(NORMAL      ) IterTimerHook                      
(BELOW_NORMAL) LoggerHook                         
 -------------------- 
after_test:
(VERY_HIGH   ) RuntimeInfoHook                    
 -------------------- 
after_run:
(BELOW_NORMAL) LoggerHook                         
 -------------------- 
2026/01/04 16:06:20 - mmengine - INFO - LR is set based on batch size of 32 and the current batch size is 64. Scaling the original LR by 2.0.
2026/01/04 16:06:22 - mmengine - INFO - load model from: torchvision://resnet50
2026/01/04 16:06:22 - mmengine - INFO - Loads checkpoint by torchvision backend from path: torchvision://resnet50
2026/01/04 16:06:22 - mmengine - WARNING - The model and loaded state dict do not match exactly

unexpected key in source state_dict: fc.weight, fc.bias

missing keys in source state_dict: layer2.0.conv2.conv_offset.weight, layer2.0.conv2.conv_offset.bias, layer2.1.conv2.conv_offset.weight, layer2.1.conv2.conv_offset.bias, layer2.2.conv2.conv_offset.weight, layer2.2.conv2.conv_offset.bias, layer2.3.conv2.conv_offset.weight, layer2.3.conv2.conv_offset.bias, layer3.0.conv2.conv_offset.weight, layer3.0.conv2.conv_offset.bias, layer3.1.conv2.conv_offset.weight, layer3.1.conv2.conv_offset.bias, layer3.2.conv2.conv_offset.weight, layer3.2.conv2.conv_offset.bias, layer3.3.conv2.conv_offset.weight, layer3.3.conv2.conv_offset.bias, layer3.4.conv2.conv_offset.weight, layer3.4.conv2.conv_offset.bias, layer3.5.conv2.conv_offset.weight, layer3.5.conv2.conv_offset.bias, layer4.0.conv2.conv_offset.weight, layer4.0.conv2.conv_offset.bias, layer4.1.conv2.conv_offset.weight, layer4.1.conv2.conv_offset.bias, layer4.2.conv2.conv_offset.weight, layer4.2.conv2.conv_offset.bias

Name of parameter - Initialization information

backbone.conv1.weight - torch.Size([64, 3, 7, 7]): 
PretrainedInit: load from torchvision://resnet50 

backbone.bn1.weight - torch.Size([64]): 
PretrainedInit: load from torchvision://resnet50 

backbone.bn1.bias - torch.Size([64]): 
PretrainedInit: load from torchvision://resnet50 

backbone.layer1.0.conv1.weight - torch.Size([64, 64, 1, 1]): 
PretrainedInit: load from torchvision://resnet50 

backbone.layer1.0.bn1.weight - torch.Size([64]): 
PretrainedInit: load from torchvision://resnet50 

backbone.layer1.0.bn1.bias - torch.Size([64]): 
PretrainedInit: load from torchvision://resnet50 

backbone.layer1.0.conv2.weight - torch.Size([64, 64, 3, 3]): 
PretrainedInit: load from torchvision://resnet50 

backbone.layer1.0.bn2.weight - torch.Size([64]): 
PretrainedInit: load from torchvision://resnet50 

backbone.layer1.0.bn2.bias - torch.Size([64]): 
PretrainedInit: load from torchvision://resnet50 

backbone.layer1.0.conv3.weight - torch.Size([256, 64, 1, 1]): 
PretrainedInit: load from torchvision://resnet50 

backbone.layer1.0.bn3.weight - torch.Size([256]): 
PretrainedInit: load from torchvision://resnet50 

backbone.layer1.0.bn3.bias - torch.Size([256]): 
PretrainedInit: load from torchvision://resnet50 

backbone.layer1.0.downsample.0.weight - torch.Size([256, 64, 1, 1]): 
PretrainedInit: load from torchvision://resnet50 

backbone.layer1.0.downsample.1.weight - torch.Size([256]): 
PretrainedInit: load from torchvision://resnet50 

backbone.layer1.0.downsample.1.bias - torch.Size([256]): 
PretrainedInit: load from torchvision://resnet50 

backbone.layer1.1.conv1.weight - torch.Size([64, 256, 1, 1]): 
PretrainedInit: load from torchvision://resnet50 

backbone.layer1.1.bn1.weight - torch.Size([64]): 
PretrainedInit: load from torchvision://resnet50 

backbone.layer1.1.bn1.bias - torch.Size([64]): 
PretrainedInit: load from torchvision://resnet50 

backbone.layer1.1.conv2.weight - torch.Size([64, 64, 3, 3]): 
PretrainedInit: load from torchvision://resnet50 

backbone.layer1.1.bn2.weight - torch.Size([64]): 
PretrainedInit: load from torchvision://resnet50 

backbone.layer1.1.bn2.bias - torch.Size([64]): 
PretrainedInit: load from torchvision://resnet50 

backbone.layer1.1.conv3.weight - torch.Size([256, 64, 1, 1]): 
PretrainedInit: load from torchvision://resnet50 

backbone.layer1.1.bn3.weight - torch.Size([256]): 
PretrainedInit: load from torchvision://resnet50 

backbone.layer1.1.bn3.bias - torch.Size([256]): 
PretrainedInit: load from torchvision://resnet50 

backbone.layer1.2.conv1.weight - torch.Size([64, 256, 1, 1]): 
PretrainedInit: load from torchvision://resnet50 

backbone.layer1.2.bn1.weight - torch.Size([64]): 
PretrainedInit: load from torchvision://resnet50 

backbone.layer1.2.bn1.bias - torch.Size([64]): 
PretrainedInit: load from torchvision://resnet50 

backbone.layer1.2.conv2.weight - torch.Size([64, 64, 3, 3]): 
PretrainedInit: load from torchvision://resnet50 

backbone.layer1.2.bn2.weight - torch.Size([64]): 
PretrainedInit: load from torchvision://resnet50 

backbone.layer1.2.bn2.bias - torch.Size([64]): 
PretrainedInit: load from torchvision://resnet50 

backbone.layer1.2.conv3.weight - torch.Size([256, 64, 1, 1]): 
PretrainedInit: load from torchvision://resnet50 

backbone.layer1.2.bn3.weight - torch.Size([256]): 
PretrainedInit: load from torchvision://resnet50 

backbone.layer1.2.bn3.bias - torch.Size([256]): 
PretrainedInit: load from torchvision://resnet50 

backbone.layer2.0.conv1.weight - torch.Size([128, 256, 1, 1]): 
PretrainedInit: load from torchvision://resnet50 

backbone.layer2.0.bn1.weight - torch.Size([128]): 
PretrainedInit: load from torchvision://resnet50 

backbone.layer2.0.bn1.bias - torch.Size([128]): 
PretrainedInit: load from torchvision://resnet50 

backbone.layer2.0.conv2.weight - torch.Size([128, 128, 3, 3]): 
PretrainedInit: load from torchvision://resnet50 

backbone.layer2.0.conv2.conv_offset.weight - torch.Size([54, 128, 3, 3]): 
The value is the same before and after calling `init_weights` of FCENet  

backbone.layer2.0.conv2.conv_offset.bias - torch.Size([54]): 
The value is the same before and after calling `init_weights` of FCENet  

backbone.layer2.0.bn2.weight - torch.Size([128]): 
PretrainedInit: load from torchvision://resnet50 

backbone.layer2.0.bn2.bias - torch.Size([128]): 
PretrainedInit: load from torchvision://resnet50 

backbone.layer2.0.conv3.weight - torch.Size([512, 128, 1, 1]): 
PretrainedInit: load from torchvision://resnet50 

backbone.layer2.0.bn3.weight - torch.Size([512]): 
PretrainedInit: load from torchvision://resnet50 

backbone.layer2.0.bn3.bias - torch.Size([512]): 
PretrainedInit: load from torchvision://resnet50 

backbone.layer2.0.downsample.0.weight - torch.Size([512, 256, 1, 1]): 
PretrainedInit: load from torchvision://resnet50 

backbone.layer2.0.downsample.1.weight - torch.Size([512]): 
PretrainedInit: load from torchvision://resnet50 

backbone.layer2.0.downsample.1.bias - torch.Size([512]): 
PretrainedInit: load from torchvision://resnet50 

backbone.layer2.1.conv1.weight - torch.Size([128, 512, 1, 1]): 
PretrainedInit: load from torchvision://resnet50 

backbone.layer2.1.bn1.weight - torch.Size([128]): 
PretrainedInit: load from torchvision://resnet50 

backbone.layer2.1.bn1.bias - torch.Size([128]): 
PretrainedInit: load from torchvision://resnet50 

backbone.layer2.1.conv2.weight - torch.Size([128, 128, 3, 3]): 
PretrainedInit: load from torchvision://resnet50 

backbone.layer2.1.conv2.conv_offset.weight - torch.Size([54, 128, 3, 3]): 
The value is the same before and after calling `init_weights` of FCENet  

backbone.layer2.1.conv2.conv_offset.bias - torch.Size([54]): 
The value is the same before and after calling `init_weights` of FCENet  

backbone.layer2.1.bn2.weight - torch.Size([128]): 
PretrainedInit: load from torchvision://resnet50 

backbone.layer2.1.bn2.bias - torch.Size([128]): 
PretrainedInit: load from torchvision://resnet50 

backbone.layer2.1.conv3.weight - torch.Size([512, 128, 1, 1]): 
PretrainedInit: load from torchvision://resnet50 

backbone.layer2.1.bn3.weight - torch.Size([512]): 
PretrainedInit: load from torchvision://resnet50 

backbone.layer2.1.bn3.bias - torch.Size([512]): 
PretrainedInit: load from torchvision://resnet50 

backbone.layer2.2.conv1.weight - torch.Size([128, 512, 1, 1]): 
PretrainedInit: load from torchvision://resnet50 

backbone.layer2.2.bn1.weight - torch.Size([128]): 
PretrainedInit: load from torchvision://resnet50 

backbone.layer2.2.bn1.bias - torch.Size([128]): 
PretrainedInit: load from torchvision://resnet50 

backbone.layer2.2.conv2.weight - torch.Size([128, 128, 3, 3]): 
PretrainedInit: load from torchvision://resnet50 

backbone.layer2.2.conv2.conv_offset.weight - torch.Size([54, 128, 3, 3]): 
The value is the same before and after calling `init_weights` of FCENet  

backbone.layer2.2.conv2.conv_offset.bias - torch.Size([54]): 
The value is the same before and after calling `init_weights` of FCENet  

backbone.layer2.2.bn2.weight - torch.Size([128]): 
PretrainedInit: load from torchvision://resnet50 

backbone.layer2.2.bn2.bias - torch.Size([128]): 
PretrainedInit: load from torchvision://resnet50 

backbone.layer2.2.conv3.weight - torch.Size([512, 128, 1, 1]): 
PretrainedInit: load from torchvision://resnet50 

backbone.layer2.2.bn3.weight - torch.Size([512]): 
PretrainedInit: load from torchvision://resnet50 

backbone.layer2.2.bn3.bias - torch.Size([512]): 
PretrainedInit: load from torchvision://resnet50 

backbone.layer2.3.conv1.weight - torch.Size([128, 512, 1, 1]): 
PretrainedInit: load from torchvision://resnet50 

backbone.layer2.3.bn1.weight - torch.Size([128]): 
PretrainedInit: load from torchvision://resnet50 

backbone.layer2.3.bn1.bias - torch.Size([128]): 
PretrainedInit: load from torchvision://resnet50 

backbone.layer2.3.conv2.weight - torch.Size([128, 128, 3, 3]): 
PretrainedInit: load from torchvision://resnet50 

backbone.layer2.3.conv2.conv_offset.weight - torch.Size([54, 128, 3, 3]): 
The value is the same before and after calling `init_weights` of FCENet  

backbone.layer2.3.conv2.conv_offset.bias - torch.Size([54]): 
The value is the same before and after calling `init_weights` of FCENet  

backbone.layer2.3.bn2.weight - torch.Size([128]): 
PretrainedInit: load from torchvision://resnet50 

backbone.layer2.3.bn2.bias - torch.Size([128]): 
PretrainedInit: load from torchvision://resnet50 

backbone.layer2.3.conv3.weight - torch.Size([512, 128, 1, 1]): 
PretrainedInit: load from torchvision://resnet50 

backbone.layer2.3.bn3.weight - torch.Size([512]): 
PretrainedInit: load from torchvision://resnet50 

backbone.layer2.3.bn3.bias - torch.Size([512]): 
PretrainedInit: load from torchvision://resnet50 

backbone.layer3.0.conv1.weight - torch.Size([256, 512, 1, 1]): 
PretrainedInit: load from torchvision://resnet50 

backbone.layer3.0.bn1.weight - torch.Size([256]): 
PretrainedInit: load from torchvision://resnet50 

backbone.layer3.0.bn1.bias - torch.Size([256]): 
PretrainedInit: load from torchvision://resnet50 

backbone.layer3.0.conv2.weight - torch.Size([256, 256, 3, 3]): 
PretrainedInit: load from torchvision://resnet50 

backbone.layer3.0.conv2.conv_offset.weight - torch.Size([54, 256, 3, 3]): 
The value is the same before and after calling `init_weights` of FCENet  

backbone.layer3.0.conv2.conv_offset.bias - torch.Size([54]): 
The value is the same before and after calling `init_weights` of FCENet  

backbone.layer3.0.bn2.weight - torch.Size([256]): 
PretrainedInit: load from torchvision://resnet50 

backbone.layer3.0.bn2.bias - torch.Size([256]): 
PretrainedInit: load from torchvision://resnet50 

backbone.layer3.0.conv3.weight - torch.Size([1024, 256, 1, 1]): 
PretrainedInit: load from torchvision://resnet50 

backbone.layer3.0.bn3.weight - torch.Size([1024]): 
PretrainedInit: load from torchvision://resnet50 

backbone.layer3.0.bn3.bias - torch.Size([1024]): 
PretrainedInit: load from torchvision://resnet50 

backbone.layer3.0.downsample.0.weight - torch.Size([1024, 512, 1, 1]): 
PretrainedInit: load from torchvision://resnet50 

backbone.layer3.0.downsample.1.weight - torch.Size([1024]): 
PretrainedInit: load from torchvision://resnet50 

backbone.layer3.0.downsample.1.bias - torch.Size([1024]): 
PretrainedInit: load from torchvision://resnet50 

backbone.layer3.1.conv1.weight - torch.Size([256, 1024, 1, 1]): 
PretrainedInit: load from torchvision://resnet50 

backbone.layer3.1.bn1.weight - torch.Size([256]): 
PretrainedInit: load from torchvision://resnet50 

backbone.layer3.1.bn1.bias - torch.Size([256]): 
PretrainedInit: load from torchvision://resnet50 

backbone.layer3.1.conv2.weight - torch.Size([256, 256, 3, 3]): 
PretrainedInit: load from torchvision://resnet50 

backbone.layer3.1.conv2.conv_offset.weight - torch.Size([54, 256, 3, 3]): 
The value is the same before and after calling `init_weights` of FCENet  

backbone.layer3.1.conv2.conv_offset.bias - torch.Size([54]): 
The value is the same before and after calling `init_weights` of FCENet  

backbone.layer3.1.bn2.weight - torch.Size([256]): 
PretrainedInit: load from torchvision://resnet50 

backbone.layer3.1.bn2.bias - torch.Size([256]): 
PretrainedInit: load from torchvision://resnet50 

backbone.layer3.1.conv3.weight - torch.Size([1024, 256, 1, 1]): 
PretrainedInit: load from torchvision://resnet50 

backbone.layer3.1.bn3.weight - torch.Size([1024]): 
PretrainedInit: load from torchvision://resnet50 

backbone.layer3.1.bn3.bias - torch.Size([1024]): 
PretrainedInit: load from torchvision://resnet50 

backbone.layer3.2.conv1.weight - torch.Size([256, 1024, 1, 1]): 
PretrainedInit: load from torchvision://resnet50 

backbone.layer3.2.bn1.weight - torch.Size([256]): 
PretrainedInit: load from torchvision://resnet50 

backbone.layer3.2.bn1.bias - torch.Size([256]): 
PretrainedInit: load from torchvision://resnet50 

backbone.layer3.2.conv2.weight - torch.Size([256, 256, 3, 3]): 
PretrainedInit: load from torchvision://resnet50 

backbone.layer3.2.conv2.conv_offset.weight - torch.Size([54, 256, 3, 3]): 
The value is the same before and after calling `init_weights` of FCENet  

backbone.layer3.2.conv2.conv_offset.bias - torch.Size([54]): 
The value is the same before and after calling `init_weights` of FCENet  

backbone.layer3.2.bn2.weight - torch.Size([256]): 
PretrainedInit: load from torchvision://resnet50 

backbone.layer3.2.bn2.bias - torch.Size([256]): 
PretrainedInit: load from torchvision://resnet50 

backbone.layer3.2.conv3.weight - torch.Size([1024, 256, 1, 1]): 
PretrainedInit: load from torchvision://resnet50 

backbone.layer3.2.bn3.weight - torch.Size([1024]): 
PretrainedInit: load from torchvision://resnet50 

backbone.layer3.2.bn3.bias - torch.Size([1024]): 
PretrainedInit: load from torchvision://resnet50 

backbone.layer3.3.conv1.weight - torch.Size([256, 1024, 1, 1]): 
PretrainedInit: load from torchvision://resnet50 

backbone.layer3.3.bn1.weight - torch.Size([256]): 
PretrainedInit: load from torchvision://resnet50 

backbone.layer3.3.bn1.bias - torch.Size([256]): 
PretrainedInit: load from torchvision://resnet50 

backbone.layer3.3.conv2.weight - torch.Size([256, 256, 3, 3]): 
PretrainedInit: load from torchvision://resnet50 

backbone.layer3.3.conv2.conv_offset.weight - torch.Size([54, 256, 3, 3]): 
The value is the same before and after calling `init_weights` of FCENet  

backbone.layer3.3.conv2.conv_offset.bias - torch.Size([54]): 
The value is the same before and after calling `init_weights` of FCENet  

backbone.layer3.3.bn2.weight - torch.Size([256]): 
PretrainedInit: load from torchvision://resnet50 

backbone.layer3.3.bn2.bias - torch.Size([256]): 
PretrainedInit: load from torchvision://resnet50 

backbone.layer3.3.conv3.weight - torch.Size([1024, 256, 1, 1]): 
PretrainedInit: load from torchvision://resnet50 

backbone.layer3.3.bn3.weight - torch.Size([1024]): 
PretrainedInit: load from torchvision://resnet50 

backbone.layer3.3.bn3.bias - torch.Size([1024]): 
PretrainedInit: load from torchvision://resnet50 

backbone.layer3.4.conv1.weight - torch.Size([256, 1024, 1, 1]): 
PretrainedInit: load from torchvision://resnet50 

backbone.layer3.4.bn1.weight - torch.Size([256]): 
PretrainedInit: load from torchvision://resnet50 

backbone.layer3.4.bn1.bias - torch.Size([256]): 
PretrainedInit: load from torchvision://resnet50 

backbone.layer3.4.conv2.weight - torch.Size([256, 256, 3, 3]): 
PretrainedInit: load from torchvision://resnet50 

backbone.layer3.4.conv2.conv_offset.weight - torch.Size([54, 256, 3, 3]): 
The value is the same before and after calling `init_weights` of FCENet  

backbone.layer3.4.conv2.conv_offset.bias - torch.Size([54]): 
The value is the same before and after calling `init_weights` of FCENet  

backbone.layer3.4.bn2.weight - torch.Size([256]): 
PretrainedInit: load from torchvision://resnet50 

backbone.layer3.4.bn2.bias - torch.Size([256]): 
PretrainedInit: load from torchvision://resnet50 

backbone.layer3.4.conv3.weight - torch.Size([1024, 256, 1, 1]): 
PretrainedInit: load from torchvision://resnet50 

backbone.layer3.4.bn3.weight - torch.Size([1024]): 
PretrainedInit: load from torchvision://resnet50 

backbone.layer3.4.bn3.bias - torch.Size([1024]): 
PretrainedInit: load from torchvision://resnet50 

backbone.layer3.5.conv1.weight - torch.Size([256, 1024, 1, 1]): 
PretrainedInit: load from torchvision://resnet50 

backbone.layer3.5.bn1.weight - torch.Size([256]): 
PretrainedInit: load from torchvision://resnet50 

backbone.layer3.5.bn1.bias - torch.Size([256]): 
PretrainedInit: load from torchvision://resnet50 

backbone.layer3.5.conv2.weight - torch.Size([256, 256, 3, 3]): 
PretrainedInit: load from torchvision://resnet50 

backbone.layer3.5.conv2.conv_offset.weight - torch.Size([54, 256, 3, 3]): 
The value is the same before and after calling `init_weights` of FCENet  

backbone.layer3.5.conv2.conv_offset.bias - torch.Size([54]): 
The value is the same before and after calling `init_weights` of FCENet  

backbone.layer3.5.bn2.weight - torch.Size([256]): 
PretrainedInit: load from torchvision://resnet50 

backbone.layer3.5.bn2.bias - torch.Size([256]): 
PretrainedInit: load from torchvision://resnet50 

backbone.layer3.5.conv3.weight - torch.Size([1024, 256, 1, 1]): 
PretrainedInit: load from torchvision://resnet50 

backbone.layer3.5.bn3.weight - torch.Size([1024]): 
PretrainedInit: load from torchvision://resnet50 

backbone.layer3.5.bn3.bias - torch.Size([1024]): 
PretrainedInit: load from torchvision://resnet50 

backbone.layer4.0.conv1.weight - torch.Size([512, 1024, 1, 1]): 
PretrainedInit: load from torchvision://resnet50 

backbone.layer4.0.bn1.weight - torch.Size([512]): 
PretrainedInit: load from torchvision://resnet50 

backbone.layer4.0.bn1.bias - torch.Size([512]): 
PretrainedInit: load from torchvision://resnet50 

backbone.layer4.0.conv2.weight - torch.Size([512, 512, 3, 3]): 
PretrainedInit: load from torchvision://resnet50 

backbone.layer4.0.conv2.conv_offset.weight - torch.Size([54, 512, 3, 3]): 
The value is the same before and after calling `init_weights` of FCENet  

backbone.layer4.0.conv2.conv_offset.bias - torch.Size([54]): 
The value is the same before and after calling `init_weights` of FCENet  

backbone.layer4.0.bn2.weight - torch.Size([512]): 
PretrainedInit: load from torchvision://resnet50 

backbone.layer4.0.bn2.bias - torch.Size([512]): 
PretrainedInit: load from torchvision://resnet50 

backbone.layer4.0.conv3.weight - torch.Size([2048, 512, 1, 1]): 
PretrainedInit: load from torchvision://resnet50 

backbone.layer4.0.bn3.weight - torch.Size([2048]): 
PretrainedInit: load from torchvision://resnet50 

backbone.layer4.0.bn3.bias - torch.Size([2048]): 
PretrainedInit: load from torchvision://resnet50 

backbone.layer4.0.downsample.0.weight - torch.Size([2048, 1024, 1, 1]): 
PretrainedInit: load from torchvision://resnet50 

backbone.layer4.0.downsample.1.weight - torch.Size([2048]): 
PretrainedInit: load from torchvision://resnet50 

backbone.layer4.0.downsample.1.bias - torch.Size([2048]): 
PretrainedInit: load from torchvision://resnet50 

backbone.layer4.1.conv1.weight - torch.Size([512, 2048, 1, 1]): 
PretrainedInit: load from torchvision://resnet50 

backbone.layer4.1.bn1.weight - torch.Size([512]): 
PretrainedInit: load from torchvision://resnet50 

backbone.layer4.1.bn1.bias - torch.Size([512]): 
PretrainedInit: load from torchvision://resnet50 

backbone.layer4.1.conv2.weight - torch.Size([512, 512, 3, 3]): 
PretrainedInit: load from torchvision://resnet50 

backbone.layer4.1.conv2.conv_offset.weight - torch.Size([54, 512, 3, 3]): 
The value is the same before and after calling `init_weights` of FCENet  

backbone.layer4.1.conv2.conv_offset.bias - torch.Size([54]): 
The value is the same before and after calling `init_weights` of FCENet  

backbone.layer4.1.bn2.weight - torch.Size([512]): 
PretrainedInit: load from torchvision://resnet50 

backbone.layer4.1.bn2.bias - torch.Size([512]): 
PretrainedInit: load from torchvision://resnet50 

backbone.layer4.1.conv3.weight - torch.Size([2048, 512, 1, 1]): 
PretrainedInit: load from torchvision://resnet50 

backbone.layer4.1.bn3.weight - torch.Size([2048]): 
PretrainedInit: load from torchvision://resnet50 

backbone.layer4.1.bn3.bias - torch.Size([2048]): 
PretrainedInit: load from torchvision://resnet50 

backbone.layer4.2.conv1.weight - torch.Size([512, 2048, 1, 1]): 
PretrainedInit: load from torchvision://resnet50 

backbone.layer4.2.bn1.weight - torch.Size([512]): 
PretrainedInit: load from torchvision://resnet50 

backbone.layer4.2.bn1.bias - torch.Size([512]): 
PretrainedInit: load from torchvision://resnet50 

backbone.layer4.2.conv2.weight - torch.Size([512, 512, 3, 3]): 
PretrainedInit: load from torchvision://resnet50 

backbone.layer4.2.conv2.conv_offset.weight - torch.Size([54, 512, 3, 3]): 
The value is the same before and after calling `init_weights` of FCENet  

backbone.layer4.2.conv2.conv_offset.bias - torch.Size([54]): 
The value is the same before and after calling `init_weights` of FCENet  

backbone.layer4.2.bn2.weight - torch.Size([512]): 
PretrainedInit: load from torchvision://resnet50 

backbone.layer4.2.bn2.bias - torch.Size([512]): 
PretrainedInit: load from torchvision://resnet50 

backbone.layer4.2.conv3.weight - torch.Size([2048, 512, 1, 1]): 
PretrainedInit: load from torchvision://resnet50 

backbone.layer4.2.bn3.weight - torch.Size([2048]): 
PretrainedInit: load from torchvision://resnet50 

backbone.layer4.2.bn3.bias - torch.Size([2048]): 
PretrainedInit: load from torchvision://resnet50 

neck.lateral_convs.0.conv.weight - torch.Size([256, 512, 1, 1]): 
XavierInit: gain=1, distribution=uniform, bias=0 

neck.lateral_convs.0.conv.bias - torch.Size([256]): 
The value is the same before and after calling `init_weights` of FCENet  

neck.lateral_convs.1.conv.weight - torch.Size([256, 1024, 1, 1]): 
XavierInit: gain=1, distribution=uniform, bias=0 

neck.lateral_convs.1.conv.bias - torch.Size([256]): 
The value is the same before and after calling `init_weights` of FCENet  

neck.lateral_convs.2.conv.weight - torch.Size([256, 2048, 1, 1]): 
XavierInit: gain=1, distribution=uniform, bias=0 

neck.lateral_convs.2.conv.bias - torch.Size([256]): 
The value is the same before and after calling `init_weights` of FCENet  

neck.fpn_convs.0.conv.weight - torch.Size([256, 256, 3, 3]): 
XavierInit: gain=1, distribution=uniform, bias=0 

neck.fpn_convs.0.conv.bias - torch.Size([256]): 
The value is the same before and after calling `init_weights` of FCENet  

neck.fpn_convs.1.conv.weight - torch.Size([256, 256, 3, 3]): 
XavierInit: gain=1, distribution=uniform, bias=0 

neck.fpn_convs.1.conv.bias - torch.Size([256]): 
The value is the same before and after calling `init_weights` of FCENet  

neck.fpn_convs.2.conv.weight - torch.Size([256, 256, 3, 3]): 
XavierInit: gain=1, distribution=uniform, bias=0 

neck.fpn_convs.2.conv.bias - torch.Size([256]): 
The value is the same before and after calling `init_weights` of FCENet  

det_head.out_conv_cls.weight - torch.Size([4, 256, 3, 3]): 
NormalInit: mean=0, std=0.01, bias=0 

det_head.out_conv_cls.bias - torch.Size([4]): 
NormalInit: mean=0, std=0.01, bias=0 

det_head.out_conv_reg.weight - torch.Size([22, 256, 3, 3]): 
NormalInit: mean=0, std=0.01, bias=0 

det_head.out_conv_reg.bias - torch.Size([22]): 
NormalInit: mean=0, std=0.01, bias=0 
2026/01/04 16:06:22 - mmengine - INFO - Auto resumed from the latest checkpoint /root/lanyun-tmp/mmocr/work_dirs/fcenet_r50dcnv2_fpn_finetune_art_rctw_rects/epoch_96.pth.
2026/01/04 16:06:22 - mmengine - INFO - ModulatedDeformConvPack backbone.layer2.0.conv2 is upgraded to version 2.
2026/01/04 16:06:22 - mmengine - INFO - ModulatedDeformConvPack backbone.layer2.1.conv2 is upgraded to version 2.
2026/01/04 16:06:22 - mmengine - INFO - ModulatedDeformConvPack backbone.layer2.2.conv2 is upgraded to version 2.
2026/01/04 16:06:22 - mmengine - INFO - ModulatedDeformConvPack backbone.layer2.3.conv2 is upgraded to version 2.
2026/01/04 16:06:22 - mmengine - INFO - ModulatedDeformConvPack backbone.layer3.0.conv2 is upgraded to version 2.
2026/01/04 16:06:22 - mmengine - INFO - ModulatedDeformConvPack backbone.layer3.1.conv2 is upgraded to version 2.
2026/01/04 16:06:22 - mmengine - INFO - ModulatedDeformConvPack backbone.layer3.2.conv2 is upgraded to version 2.
2026/01/04 16:06:22 - mmengine - INFO - ModulatedDeformConvPack backbone.layer3.3.conv2 is upgraded to version 2.
2026/01/04 16:06:22 - mmengine - INFO - ModulatedDeformConvPack backbone.layer3.4.conv2 is upgraded to version 2.
2026/01/04 16:06:22 - mmengine - INFO - ModulatedDeformConvPack backbone.layer3.5.conv2 is upgraded to version 2.
2026/01/04 16:06:22 - mmengine - INFO - ModulatedDeformConvPack backbone.layer4.0.conv2 is upgraded to version 2.
2026/01/04 16:06:22 - mmengine - INFO - ModulatedDeformConvPack backbone.layer4.1.conv2 is upgraded to version 2.
2026/01/04 16:06:22 - mmengine - INFO - ModulatedDeformConvPack backbone.layer4.2.conv2 is upgraded to version 2.
2026/01/04 16:06:22 - mmengine - INFO - Load checkpoint from /root/lanyun-tmp/mmocr/work_dirs/fcenet_r50dcnv2_fpn_finetune_art_rctw_rects/epoch_96.pth
2026/01/04 16:06:22 - mmengine - INFO - resumed epoch: 96, iter: 45504
2026/01/04 16:06:22 - mmengine - WARNING - "FileClient" will be deprecated in future. Please use io functions in https://mmengine.readthedocs.io/en/latest/api/fileio.html#file-io
2026/01/04 16:06:22 - mmengine - WARNING - "HardDiskBackend" is the alias of "LocalBackend" and the former will be deprecated in future.
2026/01/04 16:06:22 - mmengine - INFO - Checkpoints will be saved to /root/lanyun-tmp/mmocr/work_dirs/fcenet_r50dcnv2_fpn_finetune_art_rctw_rects.
2026/01/04 16:06:45 - mmengine - INFO - Epoch(train)  [97][  5/474]  lr: 8.7663e-05  eta: 2:24:03  time: 3.3985  data_time: 0.4161  memory: 20661  grad_norm: 37.4658  loss: 2.5915  loss_text: 0.5821  loss_center: 0.8611  loss_reg_x: 0.6593  loss_reg_y: 0.4890
2026/01/04 16:06:59 - mmengine - INFO - Epoch(train)  [97][ 10/474]  lr: 8.7663e-05  eta: 1:55:13  time: 3.6658  data_time: 0.4160  memory: 19885  grad_norm: 25.9059  loss: 2.7778  loss_text: 0.5644  loss_center: 0.9490  loss_reg_x: 0.7303  loss_reg_y: 0.5342
2026/01/04 16:07:12 - mmengine - INFO - Epoch(train)  [97][ 15/474]  lr: 8.7663e-05  eta: 1:43:55  time: 2.6870  data_time: 0.0027  memory: 19885  grad_norm: 24.5589  loss: 2.5874  loss_text: 0.5243  loss_center: 0.9109  loss_reg_x: 0.6709  loss_reg_y: 0.4813
2026/01/04 16:07:26 - mmengine - INFO - Epoch(train)  [97][ 20/474]  lr: 8.7663e-05  eta: 1:39:13  time: 2.6817  data_time: 0.0027  memory: 19885  grad_norm: 25.5839  loss: 2.8330  loss_text: 0.5946  loss_center: 0.9302  loss_reg_x: 0.7629  loss_reg_y: 0.5453
2026/01/04 16:07:40 - mmengine - INFO - Epoch(train)  [97][ 25/474]  lr: 8.7663e-05  eta: 1:36:44  time: 2.7832  data_time: 0.0030  memory: 19885  grad_norm: 26.2605  loss: 2.9189  loss_text: 0.6379  loss_center: 0.9734  loss_reg_x: 0.8075  loss_reg_y: 0.5001
2026/01/04 16:07:54 - mmengine - INFO - Epoch(train)  [97][ 30/474]  lr: 8.7663e-05  eta: 1:34:40  time: 2.7848  data_time: 0.0029  memory: 19885  grad_norm: 22.9406  loss: 2.7185  loss_text: 0.5978  loss_center: 0.9508  loss_reg_x: 0.7087  loss_reg_y: 0.4612
2026/01/04 16:08:08 - mmengine - INFO - Epoch(train)  [97][ 35/474]  lr: 8.7663e-05  eta: 1:33:24  time: 2.7841  data_time: 0.0027  memory: 19885  grad_norm: 23.6368  loss: 2.8109  loss_text: 0.5776  loss_center: 0.9857  loss_reg_x: 0.7425  loss_reg_y: 0.5051
2026/01/04 16:08:22 - mmengine - INFO - Epoch(train)  [97][ 40/474]  lr: 8.7663e-05  eta: 1:32:21  time: 2.8105  data_time: 0.0026  memory: 19885  grad_norm: 24.8617  loss: 3.0768  loss_text: 0.6204  loss_center: 1.0138  loss_reg_x: 0.8712  loss_reg_y: 0.5715
2026/01/04 16:08:35 - mmengine - INFO - Epoch(train)  [97][ 45/474]  lr: 8.7663e-05  eta: 1:30:42  time: 2.6920  data_time: 0.0026  memory: 19885  grad_norm: 21.4074  loss: 2.8384  loss_text: 0.6116  loss_center: 0.9375  loss_reg_x: 0.7410  loss_reg_y: 0.5483
2026/01/04 16:08:48 - mmengine - INFO - Epoch(train)  [97][ 50/474]  lr: 8.7663e-05  eta: 1:29:42  time: 2.6367  data_time: 0.0028  memory: 19885  grad_norm: 24.3082  loss: 2.5430  loss_text: 0.5714  loss_center: 0.8874  loss_reg_x: 0.6026  loss_reg_y: 0.4817
2026/01/04 16:09:03 - mmengine - INFO - Epoch(train)  [97][ 55/474]  lr: 8.7663e-05  eta: 1:29:24  time: 2.7948  data_time: 0.0028  memory: 19885  grad_norm: 25.7128  loss: 2.6077  loss_text: 0.5871  loss_center: 0.8696  loss_reg_x: 0.6529  loss_reg_y: 0.4981
2026/01/04 16:09:16 - mmengine - INFO - Epoch(train)  [97][ 60/474]  lr: 8.7663e-05  eta: 1:28:32  time: 2.7824  data_time: 0.0026  memory: 19885  grad_norm: 24.6032  loss: 2.6650  loss_text: 0.5916  loss_center: 0.9111  loss_reg_x: 0.6915  loss_reg_y: 0.4708
2026/01/04 16:09:30 - mmengine - INFO - Epoch(train)  [97][ 65/474]  lr: 8.7663e-05  eta: 1:28:02  time: 2.7268  data_time: 0.0025  memory: 19885  grad_norm: 22.3861  loss: 2.7003  loss_text: 0.5928  loss_center: 0.9607  loss_reg_x: 0.6790  loss_reg_y: 0.4678
2026/01/04 16:09:44 - mmengine - INFO - Epoch(train)  [97][ 70/474]  lr: 8.7663e-05  eta: 1:27:31  time: 2.7687  data_time: 0.0025  memory: 19885  grad_norm: 22.5861  loss: 2.9008  loss_text: 0.6061  loss_center: 0.9473  loss_reg_x: 0.7530  loss_reg_y: 0.5944
2026/01/04 16:09:58 - mmengine - INFO - Epoch(train)  [97][ 75/474]  lr: 8.7663e-05  eta: 1:27:03  time: 2.7610  data_time: 0.0026  memory: 19885  grad_norm: 23.6759  loss: 2.8979  loss_text: 0.5957  loss_center: 0.9888  loss_reg_x: 0.6909  loss_reg_y: 0.6225
2026/01/04 16:10:12 - mmengine - INFO - Epoch(train)  [97][ 80/474]  lr: 8.7663e-05  eta: 1:26:42  time: 2.7879  data_time: 0.0026  memory: 19885  grad_norm: 25.4965  loss: 2.7320  loss_text: 0.6089  loss_center: 0.9807  loss_reg_x: 0.6037  loss_reg_y: 0.5387
2026/01/04 16:10:26 - mmengine - INFO - Epoch(train)  [97][ 85/474]  lr: 8.7663e-05  eta: 1:26:24  time: 2.8197  data_time: 0.0027  memory: 19885  grad_norm: 25.2447  loss: 2.6100  loss_text: 0.5857  loss_center: 0.9282  loss_reg_x: 0.6168  loss_reg_y: 0.4794
2026/01/04 16:10:39 - mmengine - INFO - Epoch(train)  [97][ 90/474]  lr: 8.7663e-05  eta: 1:25:40  time: 2.6989  data_time: 0.0027  memory: 19885  grad_norm: 23.4002  loss: 2.6692  loss_text: 0.5773  loss_center: 0.9045  loss_reg_x: 0.6716  loss_reg_y: 0.5158
2026/01/04 16:10:52 - mmengine - INFO - Epoch(train)  [97][ 95/474]  lr: 8.7663e-05  eta: 1:25:10  time: 2.6234  data_time: 0.0027  memory: 19885  grad_norm: 24.7453  loss: 2.7494  loss_text: 0.5929  loss_center: 0.9048  loss_reg_x: 0.7110  loss_reg_y: 0.5407
2026/01/04 16:11:06 - mmengine - INFO - Epoch(train)  [97][100/474]  lr: 8.7663e-05  eta: 1:24:56  time: 2.7595  data_time: 0.0027  memory: 19885  grad_norm: 23.6430  loss: 2.6010  loss_text: 0.5589  loss_center: 0.9456  loss_reg_x: 0.6334  loss_reg_y: 0.4631
2026/01/04 16:11:21 - mmengine - INFO - Epoch(train)  [97][105/474]  lr: 8.7663e-05  eta: 1:24:54  time: 2.9109  data_time: 0.0030  memory: 19885  grad_norm: 21.2083  loss: 2.6278  loss_text: 0.5584  loss_center: 0.9363  loss_reg_x: 0.6603  loss_reg_y: 0.4728
2026/01/04 16:11:35 - mmengine - INFO - Epoch(train)  [97][110/474]  lr: 8.7663e-05  eta: 1:24:30  time: 2.8539  data_time: 0.0031  memory: 19885  grad_norm: 19.7368  loss: 2.8019  loss_text: 0.6200  loss_center: 0.9074  loss_reg_x: 0.7286  loss_reg_y: 0.5458
2026/01/04 16:11:48 - mmengine - INFO - Epoch(train)  [97][115/474]  lr: 8.7663e-05  eta: 1:24:03  time: 2.6961  data_time: 0.0026  memory: 19885  grad_norm: 19.5612  loss: 2.6457  loss_text: 0.5829  loss_center: 0.8727  loss_reg_x: 0.6675  loss_reg_y: 0.5225
2026/01/04 16:12:02 - mmengine - INFO - Epoch(train)  [97][120/474]  lr: 8.7663e-05  eta: 1:23:50  time: 2.7590  data_time: 0.0027  memory: 19885  grad_norm: 20.3162  loss: 2.5179  loss_text: 0.5398  loss_center: 0.8535  loss_reg_x: 0.6916  loss_reg_y: 0.4331
2026/01/04 16:12:15 - mmengine - INFO - Epoch(train)  [97][125/474]  lr: 8.7663e-05  eta: 1:23:19  time: 2.7257  data_time: 0.0026  memory: 19885  grad_norm: 20.0531  loss: 2.7553  loss_text: 0.5819  loss_center: 0.9003  loss_reg_x: 0.7861  loss_reg_y: 0.4871
2026/01/04 16:12:28 - mmengine - INFO - Epoch(train)  [97][130/474]  lr: 8.7663e-05  eta: 1:22:52  time: 2.6143  data_time: 0.0025  memory: 19885  grad_norm: 20.2046  loss: 2.7030  loss_text: 0.5761  loss_center: 0.9071  loss_reg_x: 0.7024  loss_reg_y: 0.5174
2026/01/04 16:12:42 - mmengine - INFO - Epoch(train)  [97][135/474]  lr: 8.7663e-05  eta: 1:22:36  time: 2.7040  data_time: 0.0026  memory: 19885  grad_norm: 24.9905  loss: 2.6532  loss_text: 0.5710  loss_center: 0.8829  loss_reg_x: 0.6389  loss_reg_y: 0.5605
2026/01/04 16:12:56 - mmengine - INFO - Epoch(train)  [97][140/474]  lr: 8.7663e-05  eta: 1:22:11  time: 2.7097  data_time: 0.0027  memory: 19885  grad_norm: 28.1193  loss: 2.7378  loss_text: 0.5948  loss_center: 0.9017  loss_reg_x: 0.6364  loss_reg_y: 0.6050
2026/01/04 16:13:09 - mmengine - INFO - Epoch(train)  [97][145/474]  lr: 8.7663e-05  eta: 1:21:47  time: 2.6479  data_time: 0.0033  memory: 19885  grad_norm: 23.8267  loss: 2.6466  loss_text: 0.5803  loss_center: 0.9294  loss_reg_x: 0.6368  loss_reg_y: 0.5001
2026/01/04 16:13:23 - mmengine - INFO - Epoch(train)  [97][150/474]  lr: 8.7663e-05  eta: 1:21:29  time: 2.6944  data_time: 0.0034  memory: 19885  grad_norm: 23.2032  loss: 2.6549  loss_text: 0.6025  loss_center: 0.9290  loss_reg_x: 0.6819  loss_reg_y: 0.4415
2026/01/04 16:13:37 - mmengine - INFO - Epoch(train)  [97][155/474]  lr: 8.7663e-05  eta: 1:21:22  time: 2.8264  data_time: 0.0030  memory: 19885  grad_norm: 24.2083  loss: 2.6889  loss_text: 0.5858  loss_center: 0.9679  loss_reg_x: 0.6639  loss_reg_y: 0.4713
2026/01/04 16:13:52 - mmengine - INFO - Epoch(train)  [97][160/474]  lr: 8.7663e-05  eta: 1:21:14  time: 2.9192  data_time: 0.0027  memory: 19885  grad_norm: 23.7905  loss: 2.6568  loss_text: 0.5560  loss_center: 0.9815  loss_reg_x: 0.6494  loss_reg_y: 0.4699
2026/01/04 16:14:06 - mmengine - INFO - Epoch(train)  [97][165/474]  lr: 8.7663e-05  eta: 1:21:01  time: 2.8692  data_time: 0.0027  memory: 19885  grad_norm: 24.8855  loss: 2.6989  loss_text: 0.5925  loss_center: 0.9212  loss_reg_x: 0.7099  loss_reg_y: 0.4753
2026/01/04 16:14:19 - mmengine - INFO - Epoch(train)  [97][170/474]  lr: 8.7663e-05  eta: 1:20:42  time: 2.7680  data_time: 0.0029  memory: 19885  grad_norm: 22.1843  loss: 2.7094  loss_text: 0.5769  loss_center: 0.9260  loss_reg_x: 0.7050  loss_reg_y: 0.5014
2026/01/04 16:14:33 - mmengine - INFO - Epoch(train)  [97][175/474]  lr: 8.7663e-05  eta: 1:20:22  time: 2.7000  data_time: 0.0028  memory: 19885  grad_norm: 28.3834  loss: 2.8561  loss_text: 0.6087  loss_center: 0.9441  loss_reg_x: 0.7111  loss_reg_y: 0.5922
2026/01/04 16:14:46 - mmengine - INFO - Epoch(train)  [97][180/474]  lr: 8.7663e-05  eta: 1:20:02  time: 2.6803  data_time: 0.0029  memory: 19885  grad_norm: 32.1944  loss: 2.7873  loss_text: 0.5869  loss_center: 0.9106  loss_reg_x: 0.7046  loss_reg_y: 0.5852
2026/01/04 16:15:00 - mmengine - INFO - Epoch(train)  [97][185/474]  lr: 8.7663e-05  eta: 1:19:49  time: 2.7513  data_time: 0.0029  memory: 19885  grad_norm: 26.6820  loss: 2.6357  loss_text: 0.5219  loss_center: 0.9152  loss_reg_x: 0.6534  loss_reg_y: 0.5452
2026/01/04 16:15:14 - mmengine - INFO - Epoch(train)  [97][190/474]  lr: 8.7663e-05  eta: 1:19:31  time: 2.7690  data_time: 0.0025  memory: 19885  grad_norm: 21.9644  loss: 2.7135  loss_text: 0.5338  loss_center: 0.9212  loss_reg_x: 0.6846  loss_reg_y: 0.5739
2026/01/04 16:15:28 - mmengine - INFO - Epoch(train)  [97][195/474]  lr: 8.7663e-05  eta: 1:19:17  time: 2.7488  data_time: 0.0024  memory: 19885  grad_norm: 21.0134  loss: 2.6159  loss_text: 0.5508  loss_center: 0.8948  loss_reg_x: 0.6730  loss_reg_y: 0.4973
2026/01/04 16:15:42 - mmengine - INFO - Epoch(train)  [97][200/474]  lr: 8.7663e-05  eta: 1:19:05  time: 2.8204  data_time: 0.0025  memory: 19885  grad_norm: 21.7276  loss: 2.5792  loss_text: 0.5665  loss_center: 0.9090  loss_reg_x: 0.6371  loss_reg_y: 0.4665
2026/01/04 16:15:55 - mmengine - INFO - Epoch(train)  [97][205/474]  lr: 8.7663e-05  eta: 1:18:44  time: 2.7343  data_time: 0.0026  memory: 19885  grad_norm: 19.5985  loss: 2.6748  loss_text: 0.5957  loss_center: 0.8998  loss_reg_x: 0.7082  loss_reg_y: 0.4711
2026/01/04 16:16:09 - mmengine - INFO - Epoch(train)  [97][210/474]  lr: 8.7663e-05  eta: 1:18:27  time: 2.6665  data_time: 0.0025  memory: 19885  grad_norm: 21.1832  loss: 2.6992  loss_text: 0.6086  loss_center: 0.8685  loss_reg_x: 0.7169  loss_reg_y: 0.5053
2026/01/04 16:16:23 - mmengine - INFO - Epoch(train)  [97][215/474]  lr: 8.7663e-05  eta: 1:18:14  time: 2.7737  data_time: 0.0025  memory: 19885  grad_norm: 23.5204  loss: 2.8504  loss_text: 0.6191  loss_center: 0.9032  loss_reg_x: 0.7632  loss_reg_y: 0.5649
2026/01/04 16:16:36 - mmengine - INFO - Epoch(train)  [97][220/474]  lr: 8.7663e-05  eta: 1:17:55  time: 2.7460  data_time: 0.0025  memory: 19885  grad_norm: 32.9440  loss: 2.9096  loss_text: 0.6140  loss_center: 0.9436  loss_reg_x: 0.7979  loss_reg_y: 0.5542
2026/01/04 16:16:50 - mmengine - INFO - Epoch(train)  [97][225/474]  lr: 8.7663e-05  eta: 1:17:40  time: 2.7082  data_time: 0.0038  memory: 19885  grad_norm: 36.2842  loss: 2.8117  loss_text: 0.5918  loss_center: 0.9613  loss_reg_x: 0.7703  loss_reg_y: 0.4883
2026/01/04 16:17:04 - mmengine - INFO - Epoch(train)  [97][230/474]  lr: 8.7663e-05  eta: 1:17:27  time: 2.7799  data_time: 0.0039  memory: 19885  grad_norm: 27.5407  loss: 2.9249  loss_text: 0.6313  loss_center: 0.9707  loss_reg_x: 0.8268  loss_reg_y: 0.4961
2026/01/04 16:17:18 - mmengine - INFO - Epoch(train)  [97][235/474]  lr: 8.7663e-05  eta: 1:17:10  time: 2.7576  data_time: 0.0025  memory: 19885  grad_norm: 25.0479  loss: 2.8524  loss_text: 0.6351  loss_center: 0.9359  loss_reg_x: 0.7711  loss_reg_y: 0.5103
2026/01/04 16:17:31 - mmengine - INFO - Epoch(train)  [97][240/474]  lr: 8.7663e-05  eta: 1:16:53  time: 2.7046  data_time: 0.0024  memory: 19885  grad_norm: 27.6651  loss: 2.7963  loss_text: 0.6390  loss_center: 0.9320  loss_reg_x: 0.7372  loss_reg_y: 0.4881
2026/01/04 16:17:45 - mmengine - INFO - Epoch(train)  [97][245/474]  lr: 8.7663e-05  eta: 1:16:40  time: 2.7636  data_time: 0.0024  memory: 19885  grad_norm: 26.3476  loss: 2.7191  loss_text: 0.6184  loss_center: 0.9289  loss_reg_x: 0.7133  loss_reg_y: 0.4585
2026/01/04 16:17:59 - mmengine - INFO - Epoch(train)  [97][250/474]  lr: 8.7663e-05  eta: 1:16:24  time: 2.7674  data_time: 0.0024  memory: 19885  grad_norm: 24.7842  loss: 2.4987  loss_text: 0.5775  loss_center: 0.8973  loss_reg_x: 0.5611  loss_reg_y: 0.4628
2026/01/04 16:18:12 - mmengine - INFO - Epoch(train)  [97][255/474]  lr: 8.7663e-05  eta: 1:16:09  time: 2.7260  data_time: 0.0023  memory: 19885  grad_norm: 27.4767  loss: 2.4448  loss_text: 0.5655  loss_center: 0.9002  loss_reg_x: 0.5185  loss_reg_y: 0.4606
2026/01/04 16:18:27 - mmengine - INFO - Epoch(train)  [97][260/474]  lr: 8.7663e-05  eta: 1:16:01  time: 2.8658  data_time: 0.0024  memory: 19885  grad_norm: 24.9592  loss: 2.4105  loss_text: 0.5331  loss_center: 0.8980  loss_reg_x: 0.5462  loss_reg_y: 0.4332
2026/01/04 16:18:41 - mmengine - INFO - Epoch(train)  [97][265/474]  lr: 8.7663e-05  eta: 1:15:48  time: 2.9005  data_time: 0.0024  memory: 19885  grad_norm: 19.5467  loss: 2.4380  loss_text: 0.5463  loss_center: 0.9135  loss_reg_x: 0.5392  loss_reg_y: 0.4390
2026/01/04 16:18:56 - mmengine - INFO - Epoch(train)  [97][270/474]  lr: 8.7663e-05  eta: 1:15:37  time: 2.8568  data_time: 0.0025  memory: 19885  grad_norm: 22.5703  loss: 2.4264  loss_text: 0.5298  loss_center: 0.9076  loss_reg_x: 0.5353  loss_reg_y: 0.4537
2026/01/04 16:19:10 - mmengine - INFO - Epoch(train)  [97][275/474]  lr: 8.7663e-05  eta: 1:15:25  time: 2.8717  data_time: 0.0027  memory: 19885  grad_norm: 25.8175  loss: 2.6640  loss_text: 0.5900  loss_center: 0.9292  loss_reg_x: 0.6761  loss_reg_y: 0.4687
2026/01/04 16:19:23 - mmengine - INFO - Epoch(train)  [97][280/474]  lr: 8.7663e-05  eta: 1:15:05  time: 2.7145  data_time: 0.0029  memory: 19885  grad_norm: 25.6420  loss: 2.8331  loss_text: 0.6547  loss_center: 0.9237  loss_reg_x: 0.7511  loss_reg_y: 0.5037
2026/01/04 16:19:37 - mmengine - INFO - Epoch(train)  [97][285/474]  lr: 8.7663e-05  eta: 1:14:51  time: 2.6855  data_time: 0.0030  memory: 19885  grad_norm: 28.1957  loss: 2.6424  loss_text: 0.6095  loss_center: 0.8653  loss_reg_x: 0.6563  loss_reg_y: 0.5112
2026/01/04 16:19:51 - mmengine - INFO - Epoch(train)  [97][290/474]  lr: 8.7663e-05  eta: 1:14:39  time: 2.8291  data_time: 0.0028  memory: 19885  grad_norm: 26.5438  loss: 2.5328  loss_text: 0.5831  loss_center: 0.8503  loss_reg_x: 0.6232  loss_reg_y: 0.4762
2026/01/04 16:20:06 - mmengine - INFO - Epoch(train)  [97][295/474]  lr: 8.7663e-05  eta: 1:14:29  time: 2.9047  data_time: 0.0034  memory: 19885  grad_norm: 27.9945  loss: 2.6938  loss_text: 0.5881  loss_center: 0.9032  loss_reg_x: 0.6712  loss_reg_y: 0.5313
2026/01/04 16:20:19 - mmengine - INFO - Epoch(train)  [97][300/474]  lr: 8.7663e-05  eta: 1:14:12  time: 2.7893  data_time: 0.0036  memory: 19885  grad_norm: 26.3720  loss: 2.7288  loss_text: 0.5804  loss_center: 0.9144  loss_reg_x: 0.6889  loss_reg_y: 0.5450
2026/01/04 16:20:32 - mmengine - INFO - Epoch(train)  [97][305/474]  lr: 8.7663e-05  eta: 1:13:53  time: 2.6209  data_time: 0.0032  memory: 19885  grad_norm: 21.0304  loss: 2.6224  loss_text: 0.5414  loss_center: 0.8920  loss_reg_x: 0.6712  loss_reg_y: 0.5178
2026/01/04 16:20:46 - mmengine - INFO - Epoch(train)  [97][310/474]  lr: 8.7663e-05  eta: 1:13:39  time: 2.7017  data_time: 0.0028  memory: 19885  grad_norm: 21.4169  loss: 2.6457  loss_text: 0.5555  loss_center: 0.9066  loss_reg_x: 0.6951  loss_reg_y: 0.4885
2026/01/04 16:21:00 - mmengine - INFO - Epoch(train)  [97][315/474]  lr: 8.7663e-05  eta: 1:13:25  time: 2.7818  data_time: 0.0025  memory: 19885  grad_norm: 23.0920  loss: 2.5137  loss_text: 0.5446  loss_center: 0.8458  loss_reg_x: 0.6584  loss_reg_y: 0.4649
2026/01/04 16:21:14 - mmengine - INFO - Epoch(train)  [97][320/474]  lr: 8.7663e-05  eta: 1:13:12  time: 2.8071  data_time: 0.0026  memory: 19885  grad_norm: 22.3030  loss: 2.5179  loss_text: 0.5220  loss_center: 0.8787  loss_reg_x: 0.6267  loss_reg_y: 0.4906
2026/01/04 16:21:28 - mmengine - INFO - Epoch(train)  [97][325/474]  lr: 8.7663e-05  eta: 1:12:58  time: 2.8129  data_time: 0.0026  memory: 19885  grad_norm: 24.2823  loss: 2.5669  loss_text: 0.5165  loss_center: 0.9235  loss_reg_x: 0.6321  loss_reg_y: 0.4946
2026/01/04 16:21:42 - mmengine - INFO - Epoch(train)  [97][330/474]  lr: 8.7663e-05  eta: 1:12:42  time: 2.7395  data_time: 0.0026  memory: 19885  grad_norm: 33.0951  loss: 2.6896  loss_text: 0.5415  loss_center: 0.9664  loss_reg_x: 0.6801  loss_reg_y: 0.5015
2026/01/04 16:21:56 - mmengine - INFO - Epoch(train)  [97][335/474]  lr: 8.7663e-05  eta: 1:12:31  time: 2.7986  data_time: 0.0026  memory: 19885  grad_norm: 31.7436  loss: 2.7696  loss_text: 0.5736  loss_center: 0.9963  loss_reg_x: 0.7262  loss_reg_y: 0.4735
2026/01/04 16:22:10 - mmengine - INFO - Epoch(train)  [97][340/474]  lr: 8.7663e-05  eta: 1:12:16  time: 2.8269  data_time: 0.0039  memory: 19885  grad_norm: 25.6418  loss: 2.7162  loss_text: 0.5524  loss_center: 0.9307  loss_reg_x: 0.7354  loss_reg_y: 0.4977
2026/01/04 16:22:24 - mmengine - INFO - Epoch(train)  [97][345/474]  lr: 8.7663e-05  eta: 1:12:01  time: 2.7473  data_time: 0.0042  memory: 19885  grad_norm: 27.4989  loss: 2.6882  loss_text: 0.5980  loss_center: 0.8951  loss_reg_x: 0.6798  loss_reg_y: 0.5153
2026/01/04 16:22:38 - mmengine - INFO - Epoch(train)  [97][350/474]  lr: 8.7663e-05  eta: 1:11:49  time: 2.7923  data_time: 0.0030  memory: 19885  grad_norm: 29.3585  loss: 2.6215  loss_text: 0.5980  loss_center: 0.9407  loss_reg_x: 0.6107  loss_reg_y: 0.4722
2026/01/04 16:22:51 - mmengine - INFO - Epoch(train)  [97][355/474]  lr: 8.7663e-05  eta: 1:11:33  time: 2.7775  data_time: 0.0044  memory: 19885  grad_norm: 24.0786  loss: 2.5810  loss_text: 0.5387  loss_center: 0.9568  loss_reg_x: 0.6112  loss_reg_y: 0.4743
2026/01/04 16:23:05 - mmengine - INFO - Epoch(train)  [97][360/474]  lr: 8.7663e-05  eta: 1:11:16  time: 2.6882  data_time: 0.0043  memory: 19885  grad_norm: 21.7340  loss: 2.6584  loss_text: 0.5510  loss_center: 0.9305  loss_reg_x: 0.6555  loss_reg_y: 0.5213
2026/01/04 16:23:18 - mmengine - INFO - Epoch(train)  [97][365/474]  lr: 8.7663e-05  eta: 1:11:01  time: 2.6916  data_time: 0.0026  memory: 19885  grad_norm: 24.6519  loss: 2.5882  loss_text: 0.5542  loss_center: 0.9012  loss_reg_x: 0.6317  loss_reg_y: 0.5011
2026/01/04 16:23:33 - mmengine - INFO - Epoch(train)  [97][370/474]  lr: 8.7663e-05  eta: 1:10:49  time: 2.7953  data_time: 0.0027  memory: 19885  grad_norm: 24.8884  loss: 2.5924  loss_text: 0.5588  loss_center: 0.9026  loss_reg_x: 0.6307  loss_reg_y: 0.5002
2026/01/04 16:23:46 - mmengine - INFO - Epoch(train)  [97][375/474]  lr: 8.7663e-05  eta: 1:10:32  time: 2.7660  data_time: 0.0027  memory: 19885  grad_norm: 23.0297  loss: 2.7786  loss_text: 0.6056  loss_center: 0.9064  loss_reg_x: 0.6940  loss_reg_y: 0.5727
2026/01/04 16:24:00 - mmengine - INFO - Epoch(train)  [97][380/474]  lr: 8.7663e-05  eta: 1:10:20  time: 2.7663  data_time: 0.0025  memory: 19885  grad_norm: 20.9750  loss: 2.7310  loss_text: 0.6242  loss_center: 0.8944  loss_reg_x: 0.6710  loss_reg_y: 0.5414
2026/01/04 16:24:14 - mmengine - INFO - Epoch(train)  [97][385/474]  lr: 8.7663e-05  eta: 1:10:05  time: 2.7939  data_time: 0.0025  memory: 19885  grad_norm: 21.3630  loss: 2.7172  loss_text: 0.6017  loss_center: 0.9466  loss_reg_x: 0.6864  loss_reg_y: 0.4825
2026/01/04 16:24:28 - mmengine - INFO - Epoch(train)  [97][390/474]  lr: 8.7663e-05  eta: 1:09:50  time: 2.7262  data_time: 0.0024  memory: 19885  grad_norm: 26.6173  loss: 2.7400  loss_text: 0.5646  loss_center: 0.9443  loss_reg_x: 0.7324  loss_reg_y: 0.4986
2026/01/04 16:24:41 - mmengine - INFO - Epoch(train)  [97][395/474]  lr: 8.7663e-05  eta: 1:09:36  time: 2.7470  data_time: 0.0024  memory: 19885  grad_norm: 25.6357  loss: 2.7007  loss_text: 0.5548  loss_center: 0.9193  loss_reg_x: 0.6940  loss_reg_y: 0.5325
2026/01/04 16:24:56 - mmengine - INFO - Epoch(train)  [97][400/474]  lr: 8.7663e-05  eta: 1:09:24  time: 2.8202  data_time: 0.0026  memory: 19885  grad_norm: 18.2750  loss: 2.6157  loss_text: 0.5546  loss_center: 0.9363  loss_reg_x: 0.6296  loss_reg_y: 0.4952
2026/01/04 16:25:10 - mmengine - INFO - Epoch(train)  [97][405/474]  lr: 8.7663e-05  eta: 1:09:11  time: 2.8577  data_time: 0.0026  memory: 19885  grad_norm: 23.0045  loss: 2.6451  loss_text: 0.5580  loss_center: 0.9181  loss_reg_x: 0.6555  loss_reg_y: 0.5135
2026/01/04 16:25:23 - mmengine - INFO - Epoch(train)  [97][410/474]  lr: 8.7663e-05  eta: 1:08:55  time: 2.7523  data_time: 0.0025  memory: 19885  grad_norm: 29.1347  loss: 2.6973  loss_text: 0.5719  loss_center: 0.8691  loss_reg_x: 0.6792  loss_reg_y: 0.5771
2026/01/04 16:25:37 - mmengine - INFO - Epoch(train)  [97][415/474]  lr: 8.7663e-05  eta: 1:08:41  time: 2.7260  data_time: 0.0024  memory: 19885  grad_norm: 24.2323  loss: 2.6275  loss_text: 0.5539  loss_center: 0.8897  loss_reg_x: 0.6383  loss_reg_y: 0.5456
2026/01/04 16:25:51 - mmengine - INFO - Epoch(train)  [97][420/474]  lr: 8.7663e-05  eta: 1:08:27  time: 2.7660  data_time: 0.0025  memory: 19885  grad_norm: 18.7741  loss: 2.6315  loss_text: 0.5551  loss_center: 0.9406  loss_reg_x: 0.6446  loss_reg_y: 0.4911
2026/01/04 16:26:05 - mmengine - INFO - Epoch(train)  [97][425/474]  lr: 8.7663e-05  eta: 1:08:13  time: 2.7831  data_time: 0.0025  memory: 19885  grad_norm: 21.6912  loss: 2.7134  loss_text: 0.5805  loss_center: 0.9451  loss_reg_x: 0.7018  loss_reg_y: 0.4860
2026/01/04 16:26:19 - mmengine - INFO - Epoch(train)  [97][430/474]  lr: 8.7663e-05  eta: 1:07:58  time: 2.7691  data_time: 0.0025  memory: 19885  grad_norm: 24.6659  loss: 2.6474  loss_text: 0.5920  loss_center: 0.9114  loss_reg_x: 0.6892  loss_reg_y: 0.4549
2026/01/04 16:26:32 - mmengine - INFO - Epoch(train)  [97][435/474]  lr: 8.7663e-05  eta: 1:07:42  time: 2.6960  data_time: 0.0024  memory: 19885  grad_norm: 24.6862  loss: 2.7339  loss_text: 0.6427  loss_center: 0.8912  loss_reg_x: 0.7113  loss_reg_y: 0.4887
2026/01/04 16:26:45 - mmengine - INFO - Epoch(train)  [97][440/474]  lr: 8.7663e-05  eta: 1:07:26  time: 2.6571  data_time: 0.0025  memory: 19885  grad_norm: 22.2919  loss: 2.9304  loss_text: 0.6555  loss_center: 0.8855  loss_reg_x: 0.8184  loss_reg_y: 0.5710
2026/01/04 16:26:59 - mmengine - INFO - Epoch(train)  [97][445/474]  lr: 8.7663e-05  eta: 1:07:11  time: 2.6715  data_time: 0.0025  memory: 19885  grad_norm: 21.9192  loss: 2.8203  loss_text: 0.5900  loss_center: 0.8897  loss_reg_x: 0.7903  loss_reg_y: 0.5503
2026/01/04 16:27:13 - mmengine - INFO - Epoch(train)  [97][450/474]  lr: 8.7663e-05  eta: 1:06:57  time: 2.7441  data_time: 0.0025  memory: 19885  grad_norm: 21.6405  loss: 2.6722  loss_text: 0.5596  loss_center: 0.8911  loss_reg_x: 0.6720  loss_reg_y: 0.5496
2026/01/04 16:27:28 - mmengine - INFO - Epoch(train)  [97][455/474]  lr: 8.7663e-05  eta: 1:06:46  time: 2.8836  data_time: 0.0026  memory: 19885  grad_norm: 25.4151  loss: 2.5783  loss_text: 0.5497  loss_center: 0.8942  loss_reg_x: 0.6097  loss_reg_y: 0.5248
2026/01/04 16:27:41 - mmengine - INFO - Epoch(train)  [97][460/474]  lr: 8.7663e-05  eta: 1:06:30  time: 2.8060  data_time: 0.0024  memory: 19885  grad_norm: 29.7676  loss: 2.5721  loss_text: 0.5917  loss_center: 0.8836  loss_reg_x: 0.6051  loss_reg_y: 0.4917
2026/01/04 16:27:55 - mmengine - INFO - Epoch(train)  [97][465/474]  lr: 8.7663e-05  eta: 1:06:16  time: 2.7015  data_time: 0.0024  memory: 19885  grad_norm: 27.6373  loss: 2.6018  loss_text: 0.6320  loss_center: 0.8666  loss_reg_x: 0.6278  loss_reg_y: 0.4754
2026/01/04 16:28:07 - mmengine - INFO - Epoch(train)  [97][470/474]  lr: 8.7663e-05  eta: 1:05:59  time: 2.6482  data_time: 0.0025  memory: 19885  grad_norm: 27.9023  loss: 2.5784  loss_text: 0.5721  loss_center: 0.9179  loss_reg_x: 0.5989  loss_reg_y: 0.4895
2026/01/04 16:28:18 - mmengine - INFO - Exp name: fcenet_r50dcnv2_fpn_1500e_art_rctw_rects_finetune_20260104_160607
2026/01/04 16:28:37 - mmengine - INFO - Epoch(train)  [98][  5/474]  lr: 6.0891e-05  eta: 1:05:46  time: 3.1907  data_time: 0.3680  memory: 19887  grad_norm: 30.9920  loss: 2.5371  loss_text: 0.5334  loss_center: 0.8319  loss_reg_x: 0.6453  loss_reg_y: 0.5264
2026/01/04 16:28:50 - mmengine - INFO - Epoch(train)  [98][ 10/474]  lr: 6.0891e-05  eta: 1:05:31  time: 3.2130  data_time: 0.3681  memory: 19885  grad_norm: 26.2589  loss: 2.6695  loss_text: 0.5777  loss_center: 0.8342  loss_reg_x: 0.7162  loss_reg_y: 0.5414
2026/01/04 16:29:04 - mmengine - INFO - Epoch(train)  [98][ 15/474]  lr: 6.0891e-05  eta: 1:05:18  time: 2.7743  data_time: 0.0023  memory: 19885  grad_norm: 23.8911  loss: 2.4534  loss_text: 0.5658  loss_center: 0.8295  loss_reg_x: 0.5985  loss_reg_y: 0.4595
2026/01/04 16:29:19 - mmengine - INFO - Epoch(train)  [98][ 20/474]  lr: 6.0891e-05  eta: 1:05:06  time: 2.8612  data_time: 0.0022  memory: 19885  grad_norm: 22.9707  loss: 2.5302  loss_text: 0.5743  loss_center: 0.8781  loss_reg_x: 0.6395  loss_reg_y: 0.4383
2026/01/04 16:29:24 - mmengine - INFO - Exp name: fcenet_r50dcnv2_fpn_1500e_art_rctw_rects_finetune_20260104_160607
2026/01/04 16:29:32 - mmengine - INFO - Epoch(train)  [98][ 25/474]  lr: 6.0891e-05  eta: 1:04:50  time: 2.7987  data_time: 0.0023  memory: 19885  grad_norm: 26.0875  loss: 2.6138  loss_text: 0.5979  loss_center: 0.9138  loss_reg_x: 0.6712  loss_reg_y: 0.4309
2026/01/04 16:29:46 - mmengine - INFO - Epoch(train)  [98][ 30/474]  lr: 6.0891e-05  eta: 1:04:36  time: 2.7064  data_time: 0.0024  memory: 19885  grad_norm: 27.5235  loss: 2.5288  loss_text: 0.5667  loss_center: 0.9332  loss_reg_x: 0.5753  loss_reg_y: 0.4536
2026/01/04 16:30:00 - mmengine - INFO - Epoch(train)  [98][ 35/474]  lr: 6.0891e-05  eta: 1:04:23  time: 2.7933  data_time: 0.0025  memory: 19885  grad_norm: 28.3340  loss: 2.9032  loss_text: 0.6013  loss_center: 1.0135  loss_reg_x: 0.6978  loss_reg_y: 0.5906
2026/01/04 16:30:14 - mmengine - INFO - Epoch(train)  [98][ 40/474]  lr: 6.0891e-05  eta: 1:04:10  time: 2.8555  data_time: 0.0027  memory: 19885  grad_norm: 25.7390  loss: 2.8561  loss_text: 0.6049  loss_center: 0.9617  loss_reg_x: 0.7150  loss_reg_y: 0.5745
2026/01/04 16:30:28 - mmengine - INFO - Epoch(train)  [98][ 45/474]  lr: 6.0891e-05  eta: 1:03:53  time: 2.7330  data_time: 0.0027  memory: 19885  grad_norm: 22.4518  loss: 2.5839  loss_text: 0.5513  loss_center: 0.9013  loss_reg_x: 0.6407  loss_reg_y: 0.4906
2026/01/04 16:30:41 - mmengine - INFO - Epoch(train)  [98][ 50/474]  lr: 6.0891e-05  eta: 1:03:38  time: 2.6455  data_time: 0.0027  memory: 19885  grad_norm: 23.2279  loss: 2.5534  loss_text: 0.5590  loss_center: 0.9070  loss_reg_x: 0.6312  loss_reg_y: 0.4561
2026/01/04 16:30:55 - mmengine - INFO - Epoch(train)  [98][ 55/474]  lr: 6.0891e-05  eta: 1:03:24  time: 2.7262  data_time: 0.0026  memory: 19885  grad_norm: 21.7063  loss: 2.5423  loss_text: 0.5633  loss_center: 0.8720  loss_reg_x: 0.6513  loss_reg_y: 0.4556
2026/01/04 16:31:09 - mmengine - INFO - Epoch(train)  [98][ 60/474]  lr: 6.0891e-05  eta: 1:03:12  time: 2.8571  data_time: 0.0027  memory: 19885  grad_norm: 23.0722  loss: 2.6113  loss_text: 0.5717  loss_center: 0.8515  loss_reg_x: 0.7035  loss_reg_y: 0.4845
2026/01/04 16:31:22 - mmengine - INFO - Epoch(train)  [98][ 65/474]  lr: 6.0891e-05  eta: 1:02:56  time: 2.7658  data_time: 0.0028  memory: 19885  grad_norm: 23.1621  loss: 2.6853  loss_text: 0.5790  loss_center: 0.8802  loss_reg_x: 0.7590  loss_reg_y: 0.4671
2026/01/04 16:31:36 - mmengine - INFO - Epoch(train)  [98][ 70/474]  lr: 6.0891e-05  eta: 1:02:41  time: 2.6486  data_time: 0.0027  memory: 19885  grad_norm: 19.6606  loss: 2.6519  loss_text: 0.5476  loss_center: 0.9364  loss_reg_x: 0.6938  loss_reg_y: 0.4741
2026/01/04 16:31:50 - mmengine - INFO - Epoch(train)  [98][ 75/474]  lr: 6.0891e-05  eta: 1:02:28  time: 2.7961  data_time: 0.0026  memory: 19885  grad_norm: 17.0383  loss: 2.4367  loss_text: 0.5307  loss_center: 0.9105  loss_reg_x: 0.5337  loss_reg_y: 0.4617
2026/01/04 16:32:04 - mmengine - INFO - Epoch(train)  [98][ 80/474]  lr: 6.0891e-05  eta: 1:02:14  time: 2.8318  data_time: 0.0026  memory: 19885  grad_norm: 18.9224  loss: 2.5620  loss_text: 0.5799  loss_center: 0.9324  loss_reg_x: 0.5879  loss_reg_y: 0.4618
2026/01/04 16:32:18 - mmengine - INFO - Epoch(train)  [98][ 85/474]  lr: 6.0891e-05  eta: 1:02:00  time: 2.7465  data_time: 0.0026  memory: 19885  grad_norm: 20.2131  loss: 2.6403  loss_text: 0.5888  loss_center: 0.9683  loss_reg_x: 0.6133  loss_reg_y: 0.4699
2026/01/04 16:32:32 - mmengine - INFO - Epoch(train)  [98][ 90/474]  lr: 6.0891e-05  eta: 1:01:47  time: 2.7990  data_time: 0.0025  memory: 19885  grad_norm: 21.7529  loss: 2.3765  loss_text: 0.5184  loss_center: 0.8881  loss_reg_x: 0.5460  loss_reg_y: 0.4240
2026/01/04 16:32:46 - mmengine - INFO - Epoch(train)  [98][ 95/474]  lr: 6.0891e-05  eta: 1:01:32  time: 2.7982  data_time: 0.0025  memory: 19885  grad_norm: 22.8326  loss: 2.4916  loss_text: 0.5352  loss_center: 0.8996  loss_reg_x: 0.6244  loss_reg_y: 0.4324
2026/01/04 16:33:00 - mmengine - INFO - Epoch(train)  [98][100/474]  lr: 6.0891e-05  eta: 1:01:18  time: 2.7357  data_time: 0.0025  memory: 19885  grad_norm: 20.3975  loss: 2.6782  loss_text: 0.5516  loss_center: 0.9357  loss_reg_x: 0.6770  loss_reg_y: 0.5138
2026/01/04 16:33:13 - mmengine - INFO - Epoch(train)  [98][105/474]  lr: 6.0891e-05  eta: 1:01:04  time: 2.7447  data_time: 0.0024  memory: 19885  grad_norm: 21.9669  loss: 2.5835  loss_text: 0.5452  loss_center: 0.8793  loss_reg_x: 0.6173  loss_reg_y: 0.5417
2026/01/04 16:33:27 - mmengine - INFO - Epoch(train)  [98][110/474]  lr: 6.0891e-05  eta: 1:00:48  time: 2.6861  data_time: 0.0026  memory: 19885  grad_norm: 21.6968  loss: 2.4330  loss_text: 0.5382  loss_center: 0.8450  loss_reg_x: 0.5699  loss_reg_y: 0.4800
2026/01/04 16:33:40 - mmengine - INFO - Epoch(train)  [98][115/474]  lr: 6.0891e-05  eta: 1:00:33  time: 2.6549  data_time: 0.0029  memory: 19885  grad_norm: 20.5735  loss: 2.4858  loss_text: 0.5422  loss_center: 0.8669  loss_reg_x: 0.6243  loss_reg_y: 0.4524
2026/01/04 16:33:53 - mmengine - INFO - Epoch(train)  [98][120/474]  lr: 6.0891e-05  eta: 1:00:18  time: 2.6811  data_time: 0.0028  memory: 19885  grad_norm: 21.3542  loss: 2.5598  loss_text: 0.5689  loss_center: 0.8653  loss_reg_x: 0.6581  loss_reg_y: 0.4675
2026/01/04 16:34:07 - mmengine - INFO - Epoch(train)  [98][125/474]  lr: 6.0891e-05  eta: 1:00:04  time: 2.7311  data_time: 0.0026  memory: 19885  grad_norm: 19.5375  loss: 2.5650  loss_text: 0.5538  loss_center: 0.8766  loss_reg_x: 0.6555  loss_reg_y: 0.4790
2026/01/04 16:34:21 - mmengine - INFO - Epoch(train)  [98][130/474]  lr: 6.0891e-05  eta: 0:59:50  time: 2.7814  data_time: 0.0028  memory: 19885  grad_norm: 22.1982  loss: 2.6251  loss_text: 0.5429  loss_center: 0.9087  loss_reg_x: 0.6773  loss_reg_y: 0.4962
2026/01/04 16:34:35 - mmengine - INFO - Epoch(train)  [98][135/474]  lr: 6.0891e-05  eta: 0:59:36  time: 2.7719  data_time: 0.0028  memory: 19885  grad_norm: 23.4145  loss: 2.6464  loss_text: 0.5360  loss_center: 0.8948  loss_reg_x: 0.6929  loss_reg_y: 0.5227
2026/01/04 16:34:49 - mmengine - INFO - Epoch(train)  [98][140/474]  lr: 6.0891e-05  eta: 0:59:23  time: 2.8285  data_time: 0.0027  memory: 19885  grad_norm: 20.5794  loss: 2.8874  loss_text: 0.5840  loss_center: 0.8951  loss_reg_x: 0.8129  loss_reg_y: 0.5954
2026/01/04 16:35:04 - mmengine - INFO - Epoch(train)  [98][145/474]  lr: 6.0891e-05  eta: 0:59:11  time: 2.9199  data_time: 0.0029  memory: 19885  grad_norm: 22.2148  loss: 3.0104  loss_text: 0.6402  loss_center: 0.9390  loss_reg_x: 0.8457  loss_reg_y: 0.5855
2026/01/04 16:35:19 - mmengine - INFO - Epoch(train)  [98][150/474]  lr: 6.0891e-05  eta: 0:58:59  time: 2.9511  data_time: 0.0030  memory: 19885  grad_norm: 23.4064  loss: 2.7769  loss_text: 0.5973  loss_center: 0.9544  loss_reg_x: 0.7147  loss_reg_y: 0.5105
2026/01/04 16:35:32 - mmengine - INFO - Epoch(train)  [98][155/474]  lr: 6.0891e-05  eta: 0:58:43  time: 2.7841  data_time: 0.0029  memory: 19885  grad_norm: 26.0186  loss: 2.8490  loss_text: 0.5959  loss_center: 0.9358  loss_reg_x: 0.7864  loss_reg_y: 0.5309
2026/01/04 16:35:46 - mmengine - INFO - Epoch(train)  [98][160/474]  lr: 6.0891e-05  eta: 0:58:30  time: 2.7034  data_time: 0.0028  memory: 19885  grad_norm: 27.2219  loss: 3.0553  loss_text: 0.6663  loss_center: 0.9313  loss_reg_x: 0.9127  loss_reg_y: 0.5450
2026/01/04 16:36:00 - mmengine - INFO - Epoch(train)  [98][165/474]  lr: 6.0891e-05  eta: 0:58:15  time: 2.7597  data_time: 0.0027  memory: 19885  grad_norm: 21.6330  loss: 2.7800  loss_text: 0.6202  loss_center: 0.9138  loss_reg_x: 0.7692  loss_reg_y: 0.4768
2026/01/04 16:36:13 - mmengine - INFO - Epoch(train)  [98][170/474]  lr: 6.0891e-05  eta: 0:58:00  time: 2.6866  data_time: 0.0027  memory: 19885  grad_norm: 21.2042  loss: 2.6456  loss_text: 0.5566  loss_center: 0.8966  loss_reg_x: 0.7203  loss_reg_y: 0.4721
2026/01/04 16:36:26 - mmengine - INFO - Epoch(train)  [98][175/474]  lr: 6.0891e-05  eta: 0:57:45  time: 2.6442  data_time: 0.0026  memory: 19885  grad_norm: 24.9980  loss: 2.7513  loss_text: 0.5744  loss_center: 0.9119  loss_reg_x: 0.7540  loss_reg_y: 0.5109
2026/01/04 16:36:40 - mmengine - INFO - Epoch(train)  [98][180/474]  lr: 6.0891e-05  eta: 0:57:32  time: 2.7449  data_time: 0.0029  memory: 19885  grad_norm: 25.2234  loss: 2.5694  loss_text: 0.5558  loss_center: 0.8523  loss_reg_x: 0.6678  loss_reg_y: 0.4935
2026/01/04 16:36:53 - mmengine - INFO - Epoch(train)  [98][185/474]  lr: 6.0891e-05  eta: 0:57:16  time: 2.7304  data_time: 0.0031  memory: 19885  grad_norm: 25.3418  loss: 2.4828  loss_text: 0.5440  loss_center: 0.8564  loss_reg_x: 0.6067  loss_reg_y: 0.4758
2026/01/04 16:37:07 - mmengine - INFO - Epoch(train)  [98][190/474]  lr: 6.0891e-05  eta: 0:57:02  time: 2.6818  data_time: 0.0028  memory: 19885  grad_norm: 29.3369  loss: 2.6274  loss_text: 0.5687  loss_center: 0.9349  loss_reg_x: 0.6049  loss_reg_y: 0.5189
2026/01/04 16:37:21 - mmengine - INFO - Epoch(train)  [98][195/474]  lr: 6.0891e-05  eta: 0:56:49  time: 2.8082  data_time: 0.0029  memory: 19885  grad_norm: 25.4933  loss: 2.7007  loss_text: 0.5959  loss_center: 0.9461  loss_reg_x: 0.6295  loss_reg_y: 0.5292
2026/01/04 16:37:35 - mmengine - INFO - Epoch(train)  [98][200/474]  lr: 6.0891e-05  eta: 0:56:34  time: 2.7831  data_time: 0.0032  memory: 19885  grad_norm: 19.9256  loss: 2.6547  loss_text: 0.6016  loss_center: 0.9178  loss_reg_x: 0.6256  loss_reg_y: 0.5096
2026/01/04 16:37:48 - mmengine - INFO - Epoch(train)  [98][205/474]  lr: 6.0891e-05  eta: 0:56:19  time: 2.6862  data_time: 0.0028  memory: 19885  grad_norm: 21.4556  loss: 2.6751  loss_text: 0.5920  loss_center: 0.8844  loss_reg_x: 0.6638  loss_reg_y: 0.5349
2026/01/04 16:38:02 - mmengine - INFO - Epoch(train)  [98][210/474]  lr: 6.0891e-05  eta: 0:56:05  time: 2.6701  data_time: 0.0027  memory: 19885  grad_norm: 22.7916  loss: 2.5944  loss_text: 0.5655  loss_center: 0.8537  loss_reg_x: 0.6454  loss_reg_y: 0.5297
2026/01/04 16:38:16 - mmengine - INFO - Epoch(train)  [98][215/474]  lr: 6.0891e-05  eta: 0:55:51  time: 2.7475  data_time: 0.0031  memory: 19885  grad_norm: 22.9887  loss: 2.5244  loss_text: 0.5395  loss_center: 0.9245  loss_reg_x: 0.5851  loss_reg_y: 0.4754
2026/01/04 16:38:29 - mmengine - INFO - Epoch(train)  [98][220/474]  lr: 6.0891e-05  eta: 0:55:36  time: 2.7438  data_time: 0.0034  memory: 19885  grad_norm: 22.5616  loss: 2.5294  loss_text: 0.5369  loss_center: 0.9262  loss_reg_x: 0.6116  loss_reg_y: 0.4548
2026/01/04 16:38:42 - mmengine - INFO - Epoch(train)  [98][225/474]  lr: 6.0891e-05  eta: 0:55:21  time: 2.6444  data_time: 0.0030  memory: 19885  grad_norm: 20.9876  loss: 2.4940  loss_text: 0.5439  loss_center: 0.8875  loss_reg_x: 0.6247  loss_reg_y: 0.4379
2026/01/04 16:38:57 - mmengine - INFO - Epoch(train)  [98][230/474]  lr: 6.0891e-05  eta: 0:55:08  time: 2.7556  data_time: 0.0028  memory: 19885  grad_norm: 22.1082  loss: 2.5364  loss_text: 0.5571  loss_center: 0.8962  loss_reg_x: 0.6459  loss_reg_y: 0.4372
2026/01/04 16:39:10 - mmengine - INFO - Epoch(train)  [98][235/474]  lr: 6.0891e-05  eta: 0:54:54  time: 2.8257  data_time: 0.0030  memory: 19885  grad_norm: 23.2274  loss: 2.5755  loss_text: 0.5663  loss_center: 0.8536  loss_reg_x: 0.6459  loss_reg_y: 0.5097
2026/01/04 16:39:24 - mmengine - INFO - Epoch(train)  [98][240/474]  lr: 6.0891e-05  eta: 0:54:39  time: 2.7105  data_time: 0.0030  memory: 19885  grad_norm: 25.2566  loss: 2.7782  loss_text: 0.5897  loss_center: 0.9198  loss_reg_x: 0.6677  loss_reg_y: 0.6010
2026/01/04 16:39:37 - mmengine - INFO - Epoch(train)  [98][245/474]  lr: 6.0891e-05  eta: 0:54:25  time: 2.6997  data_time: 0.0027  memory: 19885  grad_norm: 25.7528  loss: 2.6936  loss_text: 0.5611  loss_center: 0.9189  loss_reg_x: 0.6491  loss_reg_y: 0.5644
2026/01/04 16:39:52 - mmengine - INFO - Epoch(train)  [98][250/474]  lr: 6.0891e-05  eta: 0:54:12  time: 2.7986  data_time: 0.0028  memory: 19885  grad_norm: 22.9492  loss: 2.5086  loss_text: 0.5330  loss_center: 0.8587  loss_reg_x: 0.5947  loss_reg_y: 0.5222
2026/01/04 16:40:06 - mmengine - INFO - Epoch(train)  [98][255/474]  lr: 6.0891e-05  eta: 0:53:58  time: 2.8394  data_time: 0.0034  memory: 19885  grad_norm: 31.9844  loss: 2.7579  loss_text: 0.5634  loss_center: 0.9184  loss_reg_x: 0.7154  loss_reg_y: 0.5608
2026/01/04 16:40:19 - mmengine - INFO - Epoch(train)  [98][260/474]  lr: 6.0891e-05  eta: 0:53:43  time: 2.7198  data_time: 0.0032  memory: 19885  grad_norm: 31.9574  loss: 2.8768  loss_text: 0.5895  loss_center: 0.9437  loss_reg_x: 0.8075  loss_reg_y: 0.5361
2026/01/04 16:40:32 - mmengine - INFO - Epoch(train)  [98][265/474]  lr: 6.0891e-05  eta: 0:53:29  time: 2.6590  data_time: 0.0028  memory: 19885  grad_norm: 23.2317  loss: 2.6292  loss_text: 0.5842  loss_center: 0.9051  loss_reg_x: 0.6499  loss_reg_y: 0.4900
2026/01/04 16:40:46 - mmengine - INFO - Epoch(train)  [98][270/474]  lr: 6.0891e-05  eta: 0:53:15  time: 2.7199  data_time: 0.0030  memory: 19885  grad_norm: 22.6317  loss: 2.4933  loss_text: 0.5626  loss_center: 0.9038  loss_reg_x: 0.5584  loss_reg_y: 0.4685
