2026/01/07 01:35:51 - mmengine - INFO - 
------------------------------------------------------------
System environment:
    sys.platform: linux
    Python: 3.8.20 (default, Oct  3 2024, 15:24:27) [GCC 11.2.0]
    CUDA available: True
    MUSA available: False
    numpy_random_seed: 1683536875
    GPU 0,1: NVIDIA GeForce RTX 3090
    CUDA_HOME: /usr/local/cuda
    NVCC: Cuda compilation tools, release 11.1, V11.1.105
    GCC: gcc (Ubuntu 9.4.0-1ubuntu1~20.04.2) 9.4.0
    PyTorch: 1.10.2+cu111
    PyTorch compiling details: PyTorch built with:
  - GCC 7.3
  - C++ Version: 201402
  - Intel(R) Math Kernel Library Version 2020.0.0 Product Build 20191122 for Intel(R) 64 architecture applications
  - Intel(R) MKL-DNN v2.2.3 (Git Hash 7336ca9f055cf1bfa13efb658fe15dc9b41f0740)
  - OpenMP 201511 (a.k.a. OpenMP 4.5)
  - LAPACK is enabled (usually provided by MKL)
  - NNPACK is enabled
  - CPU capability usage: AVX2
  - CUDA Runtime 11.1
  - NVCC architecture flags: -gencode;arch=compute_37,code=sm_37;-gencode;arch=compute_50,code=sm_50;-gencode;arch=compute_60,code=sm_60;-gencode;arch=compute_70,code=sm_70;-gencode;arch=compute_75,code=sm_75;-gencode;arch=compute_80,code=sm_80;-gencode;arch=compute_86,code=sm_86
  - CuDNN 8.0.5
  - Magma 2.5.2
  - Build settings: BLAS_INFO=mkl, BUILD_TYPE=Release, CUDA_VERSION=11.1, CUDNN_VERSION=8.0.5, CXX_COMPILER=/opt/rh/devtoolset-7/root/usr/bin/c++, CXX_FLAGS= -Wno-deprecated -fvisibility-inlines-hidden -DUSE_PTHREADPOOL -fopenmp -DNDEBUG -DUSE_KINETO -DUSE_FBGEMM -DUSE_QNNPACK -DUSE_PYTORCH_QNNPACK -DUSE_XNNPACK -DSYMBOLICATE_MOBILE_DEBUG_HANDLE -DEDGE_PROFILER_USE_KINETO -O2 -fPIC -Wno-narrowing -Wall -Wextra -Werror=return-type -Wno-missing-field-initializers -Wno-type-limits -Wno-array-bounds -Wno-unknown-pragmas -Wno-sign-compare -Wno-unused-parameter -Wno-unused-variable -Wno-unused-function -Wno-unused-result -Wno-unused-local-typedefs -Wno-strict-overflow -Wno-strict-aliasing -Wno-error=deprecated-declarations -Wno-stringop-overflow -Wno-psabi -Wno-error=pedantic -Wno-error=redundant-decls -Wno-error=old-style-cast -fdiagnostics-color=always -faligned-new -Wno-unused-but-set-variable -Wno-maybe-uninitialized -fno-math-errno -fno-trapping-math -Werror=format -Wno-stringop-overflow, LAPACK_INFO=mkl, PERF_WITH_AVX=1, PERF_WITH_AVX2=1, PERF_WITH_AVX512=1, TORCH_VERSION=1.10.2, USE_CUDA=ON, USE_CUDNN=ON, USE_EXCEPTION_PTR=1, USE_GFLAGS=OFF, USE_GLOG=OFF, USE_MKL=ON, USE_MKLDNN=ON, USE_MPI=OFF, USE_NCCL=ON, USE_NNPACK=ON, USE_OPENMP=ON, 

    TorchVision: 0.11.3+cu111
    OpenCV: 4.12.0
    MMEngine: 0.10.7

Runtime environment:
    cudnn_benchmark: True
    mp_cfg: {'mp_start_method': 'fork', 'opencv_num_threads': 0}
    dist_cfg: {'backend': 'nccl'}
    seed: 1683536875
    Distributed launcher: pytorch
    Distributed training: True
    GPU number: 2
------------------------------------------------------------

2026/01/07 01:35:52 - mmengine - INFO - Config:
auto_scale_lr = dict(base_batch_size=256, enable=True)
default_hooks = dict(
    checkpoint=dict(
        interval=1,
        max_keep_ckpts=3,
        rule='greater',
        save_best='Fudan/recog/word_acc',
        type='CheckpointHook'),
    logger=dict(interval=50, type='LoggerHook'),
    param_scheduler=dict(type='ParamSchedulerHook'),
    sampler_seed=dict(type='DistSamplerSeedHook'),
    sync_buffer=dict(type='SyncBuffersHook'),
    timer=dict(type='IterTimerHook'),
    visualization=dict(
        draw_gt=False,
        draw_pred=False,
        enable=False,
        interval=1,
        show=False,
        type='VisualizationHook'))
default_scope = 'mmocr'
dictionary = dict(
    dict_file='data/charset/charset_rec_cn_en.txt',
    type='Dictionary',
    with_padding=True,
    with_unknown=True)
env_cfg = dict(
    cudnn_benchmark=True,
    dist_cfg=dict(backend='nccl'),
    mp_cfg=dict(mp_start_method='fork', opencv_num_threads=0))
fudan_scene_rec_root = 'data/fudan/scene'
fudan_scene_test_dataloader = dict(
    batch_size=64,
    dataset=dict(
        ann_file='scene_test',
        data_root='data/fudan/scene',
        pipeline=None,
        type='RecogLMDBDataset'),
    num_workers=8,
    persistent_workers=True,
    pin_memory=True,
    sampler=dict(shuffle=False, type='DefaultSampler'))
fudan_scene_textrecog_test = dict(
    ann_file='scene_test',
    data_root='data/fudan/scene',
    pipeline=None,
    type='RecogLMDBDataset')
fudan_scene_textrecog_train = dict(
    ann_file='scene_train',
    data_root='data/fudan/scene',
    pipeline=None,
    type='RecogLMDBDataset')
fudan_scene_textrecog_val = dict(
    ann_file='scene_val',
    data_root='data/fudan/scene',
    pipeline=None,
    type='RecogLMDBDataset')
fudan_scene_train_dataloader = dict(
    batch_size=64,
    dataset=dict(
        ann_file='scene_train',
        data_root='data/fudan/scene',
        pipeline=None,
        type='RecogLMDBDataset'),
    num_workers=8,
    persistent_workers=True,
    pin_memory=True,
    sampler=dict(shuffle=True, type='DefaultSampler'))
fudan_scene_val_dataloader = dict(
    batch_size=64,
    dataset=dict(
        ann_file='scene_val',
        data_root='data/fudan/scene',
        pipeline=None,
        type='RecogLMDBDataset'),
    num_workers=8,
    persistent_workers=True,
    pin_memory=True,
    sampler=dict(shuffle=False, type='DefaultSampler'))
launcher = 'pytorch'
load_from = 'work_dirs/svtr-large_pretrain/best_PretrainCN_holdout_recog_word_acc_epoch_20.pth'
log_level = 'INFO'
log_processor = dict(by_epoch=True, type='LogProcessor', window_size=10)
model = dict(
    data_preprocessor=dict(
        mean=[
            127.5,
        ], std=[
            127.5,
        ], type='TextRecogDataPreprocessor'),
    decoder=dict(
        dictionary=dict(
            dict_file='data/charset/charset_rec_cn_en.txt',
            type='Dictionary',
            with_padding=True,
            with_unknown=True),
        in_channels=384,
        max_seq_len=40,
        module_loss=dict(
            letter_case='lower', type='CTCModuleLoss', zero_infinity=True),
        postprocessor=dict(type='CTCPostProcessor'),
        type='SVTRDecoder'),
    encoder=dict(
        depth=[
            3,
            9,
            9,
        ],
        embed_dims=[
            192,
            256,
            512,
        ],
        img_size=[
            48,
            160,
        ],
        in_channels=3,
        max_seq_len=40,
        merging_types='Conv',
        mixer_types=[
            'Local',
            'Local',
            'Local',
            'Local',
            'Local',
            'Local',
            'Local',
            'Local',
            'Local',
            'Local',
            'Global',
            'Global',
            'Global',
            'Global',
            'Global',
            'Global',
            'Global',
            'Global',
            'Global',
            'Global',
            'Global',
        ],
        num_heads=[
            6,
            8,
            16,
        ],
        out_channels=384,
        prenorm=False,
        type='SVTREncoder',
        window_size=[
            [
                7,
                11,
            ],
            [
                7,
                11,
            ],
            [
                7,
                11,
            ],
        ]),
    preprocessor=dict(
        in_channels=3,
        margins=[
            0.05,
            0.05,
        ],
        num_control_points=20,
        output_image_size=(
            48,
            160,
        ),
        resized_image_size=(
            32,
            64,
        ),
        type='STN'),
    type='SVTR')
optim_wrapper = dict(
    loss_scale='dynamic',
    optimizer=dict(
        betas=(
            0.9,
            0.99,
        ),
        eps=8e-08,
        lr=0.00025,
        type='AdamW',
        weight_decay=0.05),
    type='AmpOptimWrapper')
param_scheduler = [
    dict(
        convert_to_iter_based=True,
        end=2,
        end_factor=1.0,
        start_factor=0.5,
        type='LinearLR',
        verbose=False),
    dict(
        T_max=29,
        begin=2,
        convert_to_iter_based=True,
        end=30,
        type='CosineAnnealingLR',
        verbose=False),
]
pretrain_epoch = 20
pretrain_work_dir = 'work_dirs/svtr-large_pretrain'
randomness = dict(seed=None)
resume = False
test_cfg = dict(type='TestLoop')
test_dataloader = dict(
    batch_size=64,
    dataset=dict(
        ann_file='scene_test',
        data_root='data/fudan/scene',
        pipeline=[
            dict(type='LoadImageFromNDArray'),
            dict(scale=(
                256,
                64,
            ), type='Resize'),
            dict(type='LoadOCRAnnotations', with_text=True),
            dict(
                meta_keys=(
                    'img_path',
                    'ori_shape',
                    'img_shape',
                    'valid_ratio',
                ),
                type='PackTextRecogInputs'),
        ],
        type='RecogLMDBDataset'),
    num_workers=4,
    persistent_workers=True,
    pin_memory=True,
    prefetch_factor=2,
    sampler=dict(shuffle=False, type='DefaultSampler'))
test_evaluator = dict(
    dataset_prefixes=[
        'Fudan',
    ],
    metrics=[
        dict(mode=[
            'exact',
        ], type='WordMetric'),
        dict(type='OneMinusNEDMetric'),
    ],
    type='MultiDatasetsEvaluator')
test_pipeline = [
    dict(type='LoadImageFromNDArray'),
    dict(scale=(
        256,
        64,
    ), type='Resize'),
    dict(type='LoadOCRAnnotations', with_text=True),
    dict(
        meta_keys=(
            'img_path',
            'ori_shape',
            'img_shape',
            'valid_ratio',
        ),
        type='PackTextRecogInputs'),
]
train_cfg = dict(max_epochs=30, type='EpochBasedTrainLoop', val_interval=1)
train_dataloader = dict(
    batch_size=128,
    dataset=dict(
        ann_file='scene_train',
        data_root='data/fudan/scene',
        pipeline=[
            dict(ignore_empty=True, min_size=5, type='LoadImageFromNDArray'),
            dict(type='LoadOCRAnnotations', with_text=True),
            dict(
                prob=0.4,
                transforms=[
                    dict(type='TextRecogGeneralAug'),
                ],
                type='RandomApply'),
            dict(
                prob=0.4,
                transforms=[
                    dict(type='CropHeight'),
                ],
                type='RandomApply'),
            dict(
                condition='min(results["img_shape"])>10',
                true_transforms=dict(
                    prob=0.4,
                    transforms=[
                        dict(
                            kernel_size=5,
                            op='GaussianBlur',
                            sigma=1,
                            type='TorchVisionWrapper'),
                    ],
                    type='RandomApply'),
                type='ConditionApply'),
            dict(
                prob=0.4,
                transforms=[
                    dict(
                        brightness=0.5,
                        contrast=0.5,
                        hue=0.1,
                        op='ColorJitter',
                        saturation=0.5,
                        type='TorchVisionWrapper'),
                ],
                type='RandomApply'),
            dict(
                prob=0.4,
                transforms=[
                    dict(type='ImageContentJitter'),
                ],
                type='RandomApply'),
            dict(
                prob=0.4,
                transforms=[
                    dict(
                        args=[
                            dict(
                                cls='AdditiveGaussianNoise',
                                scale=0.31622776601683794),
                        ],
                        type='ImgAugWrapper'),
                ],
                type='RandomApply'),
            dict(
                prob=0.4,
                transforms=[
                    dict(type='ReversePixels'),
                ],
                type='RandomApply'),
            dict(scale=(
                256,
                64,
            ), type='Resize'),
            dict(
                meta_keys=(
                    'img_path',
                    'ori_shape',
                    'img_shape',
                    'valid_ratio',
                ),
                type='PackTextRecogInputs'),
        ],
        type='RecogLMDBDataset'),
    num_workers=4,
    persistent_workers=True,
    pin_memory=True,
    prefetch_factor=2,
    sampler=dict(shuffle=True, type='DefaultSampler'))
train_pipeline = [
    dict(ignore_empty=True, min_size=5, type='LoadImageFromNDArray'),
    dict(type='LoadOCRAnnotations', with_text=True),
    dict(
        prob=0.4,
        transforms=[
            dict(type='TextRecogGeneralAug'),
        ],
        type='RandomApply'),
    dict(prob=0.4, transforms=[
        dict(type='CropHeight'),
    ], type='RandomApply'),
    dict(
        condition='min(results["img_shape"])>10',
        true_transforms=dict(
            prob=0.4,
            transforms=[
                dict(
                    kernel_size=5,
                    op='GaussianBlur',
                    sigma=1,
                    type='TorchVisionWrapper'),
            ],
            type='RandomApply'),
        type='ConditionApply'),
    dict(
        prob=0.4,
        transforms=[
            dict(
                brightness=0.5,
                contrast=0.5,
                hue=0.1,
                op='ColorJitter',
                saturation=0.5,
                type='TorchVisionWrapper'),
        ],
        type='RandomApply'),
    dict(
        prob=0.4,
        transforms=[
            dict(type='ImageContentJitter'),
        ],
        type='RandomApply'),
    dict(
        prob=0.4,
        transforms=[
            dict(
                args=[
                    dict(
                        cls='AdditiveGaussianNoise',
                        scale=0.31622776601683794),
                ],
                type='ImgAugWrapper'),
        ],
        type='RandomApply'),
    dict(
        prob=0.4,
        transforms=[
            dict(type='ReversePixels'),
        ],
        type='RandomApply'),
    dict(scale=(
        256,
        64,
    ), type='Resize'),
    dict(
        meta_keys=(
            'img_path',
            'ori_shape',
            'img_shape',
            'valid_ratio',
        ),
        type='PackTextRecogInputs'),
]
tta_model = dict(type='EncoderDecoderRecognizerTTAModel')
tta_pipeline = [
    dict(type='LoadImageFromNDArray'),
    dict(
        transforms=[
            [
                dict(
                    condition="results['img_shape'][1]<results['img_shape'][0]",
                    true_transforms=[
                        dict(
                            args=[
                                dict(cls='Rot90', k=0, keep_size=False),
                            ],
                            type='ImgAugWrapper'),
                    ],
                    type='ConditionApply'),
                dict(
                    condition="results['img_shape'][1]<results['img_shape'][0]",
                    true_transforms=[
                        dict(
                            args=[
                                dict(cls='Rot90', k=1, keep_size=False),
                            ],
                            type='ImgAugWrapper'),
                    ],
                    type='ConditionApply'),
                dict(
                    condition="results['img_shape'][1]<results['img_shape'][0]",
                    true_transforms=[
                        dict(
                            args=[
                                dict(cls='Rot90', k=3, keep_size=False),
                            ],
                            type='ImgAugWrapper'),
                    ],
                    type='ConditionApply'),
            ],
            [
                dict(scale=(
                    256,
                    64,
                ), type='Resize'),
            ],
            [
                dict(type='LoadOCRAnnotations', with_text=True),
            ],
            [
                dict(
                    meta_keys=(
                        'img_path',
                        'ori_shape',
                        'img_shape',
                        'valid_ratio',
                    ),
                    type='PackTextRecogInputs'),
            ],
        ],
        type='TestTimeAug'),
]
val_cfg = dict(type='ValLoop')
val_dataloader = dict(
    batch_size=64,
    dataset=dict(
        ann_file='scene_val',
        data_root='data/fudan/scene',
        pipeline=[
            dict(type='LoadImageFromNDArray'),
            dict(scale=(
                256,
                64,
            ), type='Resize'),
            dict(type='LoadOCRAnnotations', with_text=True),
            dict(
                meta_keys=(
                    'img_path',
                    'ori_shape',
                    'img_shape',
                    'valid_ratio',
                ),
                type='PackTextRecogInputs'),
        ],
        type='RecogLMDBDataset'),
    num_workers=4,
    persistent_workers=True,
    pin_memory=True,
    prefetch_factor=2,
    sampler=dict(shuffle=False, type='DefaultSampler'))
val_evaluator = dict(
    dataset_prefixes=[
        'Fudan',
    ],
    metrics=[
        dict(mode=[
            'exact',
        ], type='WordMetric'),
        dict(type='OneMinusNEDMetric'),
    ],
    type='MultiDatasetsEvaluator')
vis_backends = [
    dict(type='LocalVisBackend'),
]
visualizer = dict(
    name='visualizer',
    type='TextRecogLocalVisualizer',
    vis_backends=[
        dict(type='LocalVisBackend'),
    ])
work_dir = 'work_dirs/svtr-large_finetune'

2026/01/07 01:35:53 - mmengine - INFO - Hooks will be executed in the following order:
before_run:
(VERY_HIGH   ) RuntimeInfoHook                    
(BELOW_NORMAL) LoggerHook                         
 -------------------- 
before_train:
(VERY_HIGH   ) RuntimeInfoHook                    
(NORMAL      ) IterTimerHook                      
(VERY_LOW    ) CheckpointHook                     
 -------------------- 
before_train_epoch:
(VERY_HIGH   ) RuntimeInfoHook                    
(NORMAL      ) IterTimerHook                      
(NORMAL      ) DistSamplerSeedHook                
 -------------------- 
before_train_iter:
(VERY_HIGH   ) RuntimeInfoHook                    
(NORMAL      ) IterTimerHook                      
 -------------------- 
after_train_iter:
(VERY_HIGH   ) RuntimeInfoHook                    
(NORMAL      ) IterTimerHook                      
(BELOW_NORMAL) LoggerHook                         
(LOW         ) ParamSchedulerHook                 
(VERY_LOW    ) CheckpointHook                     
 -------------------- 
after_train_epoch:
(NORMAL      ) IterTimerHook                      
(NORMAL      ) SyncBuffersHook                    
(LOW         ) ParamSchedulerHook                 
(VERY_LOW    ) CheckpointHook                     
 -------------------- 
before_val:
(VERY_HIGH   ) RuntimeInfoHook                    
 -------------------- 
before_val_epoch:
(NORMAL      ) IterTimerHook                      
(NORMAL      ) SyncBuffersHook                    
 -------------------- 
before_val_iter:
(NORMAL      ) IterTimerHook                      
 -------------------- 
after_val_iter:
(NORMAL      ) IterTimerHook                      
(NORMAL      ) VisualizationHook                  
(BELOW_NORMAL) LoggerHook                         
 -------------------- 
after_val_epoch:
(VERY_HIGH   ) RuntimeInfoHook                    
(NORMAL      ) IterTimerHook                      
(BELOW_NORMAL) LoggerHook                         
(LOW         ) ParamSchedulerHook                 
(VERY_LOW    ) CheckpointHook                     
 -------------------- 
after_val:
(VERY_HIGH   ) RuntimeInfoHook                    
 -------------------- 
after_train:
(VERY_HIGH   ) RuntimeInfoHook                    
(VERY_LOW    ) CheckpointHook                     
 -------------------- 
before_test:
(VERY_HIGH   ) RuntimeInfoHook                    
 -------------------- 
before_test_epoch:
(NORMAL      ) IterTimerHook                      
 -------------------- 
before_test_iter:
(NORMAL      ) IterTimerHook                      
 -------------------- 
after_test_iter:
(NORMAL      ) IterTimerHook                      
(NORMAL      ) VisualizationHook                  
(BELOW_NORMAL) LoggerHook                         
 -------------------- 
after_test_epoch:
(VERY_HIGH   ) RuntimeInfoHook                    
(NORMAL      ) IterTimerHook                      
(BELOW_NORMAL) LoggerHook                         
 -------------------- 
after_test:
(VERY_HIGH   ) RuntimeInfoHook                    
 -------------------- 
after_run:
(BELOW_NORMAL) LoggerHook                         
 -------------------- 
2026/01/07 01:36:00 - mmengine - INFO - LR is set based on batch size of 256 and the current batch size is 256. Scaling the original LR by 1.0.
Name of parameter - Initialization information

preprocessor.stn_convnet.0.conv.weight - torch.Size([32, 3, 3, 3]): 
XavierInit: gain=1, distribution=normal, bias=0 

preprocessor.stn_convnet.0.bn.weight - torch.Size([32]): 
The value is the same before and after calling `init_weights` of SVTR  

preprocessor.stn_convnet.0.bn.bias - torch.Size([32]): 
The value is the same before and after calling `init_weights` of SVTR  

preprocessor.stn_convnet.2.conv.weight - torch.Size([64, 32, 3, 3]): 
XavierInit: gain=1, distribution=normal, bias=0 

preprocessor.stn_convnet.2.bn.weight - torch.Size([64]): 
The value is the same before and after calling `init_weights` of SVTR  

preprocessor.stn_convnet.2.bn.bias - torch.Size([64]): 
The value is the same before and after calling `init_weights` of SVTR  

preprocessor.stn_convnet.4.conv.weight - torch.Size([128, 64, 3, 3]): 
XavierInit: gain=1, distribution=normal, bias=0 

preprocessor.stn_convnet.4.bn.weight - torch.Size([128]): 
The value is the same before and after calling `init_weights` of SVTR  

preprocessor.stn_convnet.4.bn.bias - torch.Size([128]): 
The value is the same before and after calling `init_weights` of SVTR  

preprocessor.stn_convnet.6.conv.weight - torch.Size([256, 128, 3, 3]): 
XavierInit: gain=1, distribution=normal, bias=0 

preprocessor.stn_convnet.6.bn.weight - torch.Size([256]): 
The value is the same before and after calling `init_weights` of SVTR  

preprocessor.stn_convnet.6.bn.bias - torch.Size([256]): 
The value is the same before and after calling `init_weights` of SVTR  

preprocessor.stn_convnet.8.conv.weight - torch.Size([256, 256, 3, 3]): 
XavierInit: gain=1, distribution=normal, bias=0 

preprocessor.stn_convnet.8.bn.weight - torch.Size([256]): 
The value is the same before and after calling `init_weights` of SVTR  

preprocessor.stn_convnet.8.bn.bias - torch.Size([256]): 
The value is the same before and after calling `init_weights` of SVTR  

preprocessor.stn_convnet.10.conv.weight - torch.Size([256, 256, 3, 3]): 
XavierInit: gain=1, distribution=normal, bias=0 

preprocessor.stn_convnet.10.bn.weight - torch.Size([256]): 
The value is the same before and after calling `init_weights` of SVTR  

preprocessor.stn_convnet.10.bn.bias - torch.Size([256]): 
The value is the same before and after calling `init_weights` of SVTR  

preprocessor.stn_fc1.0.weight - torch.Size([512, 512]): 
The value is the same before and after calling `init_weights` of SVTR  

preprocessor.stn_fc1.0.bias - torch.Size([512]): 
The value is the same before and after calling `init_weights` of SVTR  

preprocessor.stn_fc1.1.weight - torch.Size([512]): 
The value is the same before and after calling `init_weights` of SVTR  

preprocessor.stn_fc1.1.bias - torch.Size([512]): 
The value is the same before and after calling `init_weights` of SVTR  

preprocessor.stn_fc2.weight - torch.Size([40, 512]): 
The value is the same before and after calling `init_weights` of SVTR  

preprocessor.stn_fc2.bias - torch.Size([40]): 
The value is the same before and after calling `init_weights` of SVTR  

encoder.absolute_pos_embed - torch.Size([1, 480, 192]): 
The value is the same before and after calling `init_weights` of SVTR  

encoder.patch_embed.net.ConvModule0.conv.weight - torch.Size([96, 3, 3, 3]): 
The value is the same before and after calling `init_weights` of SVTR  

encoder.patch_embed.net.ConvModule0.bn.weight - torch.Size([96]): 
The value is the same before and after calling `init_weights` of SVTR  

encoder.patch_embed.net.ConvModule0.bn.bias - torch.Size([96]): 
The value is the same before and after calling `init_weights` of SVTR  

encoder.patch_embed.net.ConvModule1.conv.weight - torch.Size([192, 96, 3, 3]): 
The value is the same before and after calling `init_weights` of SVTR  

encoder.patch_embed.net.ConvModule1.bn.weight - torch.Size([192]): 
The value is the same before and after calling `init_weights` of SVTR  

encoder.patch_embed.net.ConvModule1.bn.bias - torch.Size([192]): 
The value is the same before and after calling `init_weights` of SVTR  

encoder.blocks1.0.norm1.weight - torch.Size([192]): 
The value is the same before and after calling `init_weights` of SVTR  

encoder.blocks1.0.norm1.bias - torch.Size([192]): 
The value is the same before and after calling `init_weights` of SVTR  

encoder.blocks1.0.mixer.qkv.weight - torch.Size([576, 192]): 
The value is the same before and after calling `init_weights` of SVTR  

encoder.blocks1.0.mixer.qkv.bias - torch.Size([576]): 
The value is the same before and after calling `init_weights` of SVTR  

encoder.blocks1.0.mixer.proj.weight - torch.Size([192, 192]): 
The value is the same before and after calling `init_weights` of SVTR  

encoder.blocks1.0.mixer.proj.bias - torch.Size([192]): 
The value is the same before and after calling `init_weights` of SVTR  

encoder.blocks1.0.norm2.weight - torch.Size([192]): 
The value is the same before and after calling `init_weights` of SVTR  

encoder.blocks1.0.norm2.bias - torch.Size([192]): 
The value is the same before and after calling `init_weights` of SVTR  

encoder.blocks1.0.mlp.fc1.weight - torch.Size([768, 192]): 
The value is the same before and after calling `init_weights` of SVTR  

encoder.blocks1.0.mlp.fc1.bias - torch.Size([768]): 
The value is the same before and after calling `init_weights` of SVTR  

encoder.blocks1.0.mlp.fc2.weight - torch.Size([192, 768]): 
The value is the same before and after calling `init_weights` of SVTR  

encoder.blocks1.0.mlp.fc2.bias - torch.Size([192]): 
The value is the same before and after calling `init_weights` of SVTR  

encoder.blocks1.1.norm1.weight - torch.Size([192]): 
The value is the same before and after calling `init_weights` of SVTR  

encoder.blocks1.1.norm1.bias - torch.Size([192]): 
The value is the same before and after calling `init_weights` of SVTR  

encoder.blocks1.1.mixer.qkv.weight - torch.Size([576, 192]): 
The value is the same before and after calling `init_weights` of SVTR  

encoder.blocks1.1.mixer.qkv.bias - torch.Size([576]): 
The value is the same before and after calling `init_weights` of SVTR  

encoder.blocks1.1.mixer.proj.weight - torch.Size([192, 192]): 
The value is the same before and after calling `init_weights` of SVTR  

encoder.blocks1.1.mixer.proj.bias - torch.Size([192]): 
The value is the same before and after calling `init_weights` of SVTR  

encoder.blocks1.1.norm2.weight - torch.Size([192]): 
The value is the same before and after calling `init_weights` of SVTR  

encoder.blocks1.1.norm2.bias - torch.Size([192]): 
The value is the same before and after calling `init_weights` of SVTR  

encoder.blocks1.1.mlp.fc1.weight - torch.Size([768, 192]): 
The value is the same before and after calling `init_weights` of SVTR  

encoder.blocks1.1.mlp.fc1.bias - torch.Size([768]): 
The value is the same before and after calling `init_weights` of SVTR  

encoder.blocks1.1.mlp.fc2.weight - torch.Size([192, 768]): 
The value is the same before and after calling `init_weights` of SVTR  

encoder.blocks1.1.mlp.fc2.bias - torch.Size([192]): 
The value is the same before and after calling `init_weights` of SVTR  

encoder.blocks1.2.norm1.weight - torch.Size([192]): 
The value is the same before and after calling `init_weights` of SVTR  

encoder.blocks1.2.norm1.bias - torch.Size([192]): 
The value is the same before and after calling `init_weights` of SVTR  

encoder.blocks1.2.mixer.qkv.weight - torch.Size([576, 192]): 
The value is the same before and after calling `init_weights` of SVTR  

encoder.blocks1.2.mixer.qkv.bias - torch.Size([576]): 
The value is the same before and after calling `init_weights` of SVTR  

encoder.blocks1.2.mixer.proj.weight - torch.Size([192, 192]): 
The value is the same before and after calling `init_weights` of SVTR  

encoder.blocks1.2.mixer.proj.bias - torch.Size([192]): 
The value is the same before and after calling `init_weights` of SVTR  

encoder.blocks1.2.norm2.weight - torch.Size([192]): 
The value is the same before and after calling `init_weights` of SVTR  

encoder.blocks1.2.norm2.bias - torch.Size([192]): 
The value is the same before and after calling `init_weights` of SVTR  

encoder.blocks1.2.mlp.fc1.weight - torch.Size([768, 192]): 
The value is the same before and after calling `init_weights` of SVTR  

encoder.blocks1.2.mlp.fc1.bias - torch.Size([768]): 
The value is the same before and after calling `init_weights` of SVTR  

encoder.blocks1.2.mlp.fc2.weight - torch.Size([192, 768]): 
The value is the same before and after calling `init_weights` of SVTR  

encoder.blocks1.2.mlp.fc2.bias - torch.Size([192]): 
The value is the same before and after calling `init_weights` of SVTR  

encoder.downsample1.conv.weight - torch.Size([256, 192, 3, 3]): 
The value is the same before and after calling `init_weights` of SVTR  

encoder.downsample1.conv.bias - torch.Size([256]): 
The value is the same before and after calling `init_weights` of SVTR  

encoder.downsample1.norm.weight - torch.Size([256]): 
The value is the same before and after calling `init_weights` of SVTR  

encoder.downsample1.norm.bias - torch.Size([256]): 
The value is the same before and after calling `init_weights` of SVTR  

encoder.blocks2.0.norm1.weight - torch.Size([256]): 
The value is the same before and after calling `init_weights` of SVTR  

encoder.blocks2.0.norm1.bias - torch.Size([256]): 
The value is the same before and after calling `init_weights` of SVTR  

encoder.blocks2.0.mixer.qkv.weight - torch.Size([768, 256]): 
The value is the same before and after calling `init_weights` of SVTR  

encoder.blocks2.0.mixer.qkv.bias - torch.Size([768]): 
The value is the same before and after calling `init_weights` of SVTR  

encoder.blocks2.0.mixer.proj.weight - torch.Size([256, 256]): 
The value is the same before and after calling `init_weights` of SVTR  

encoder.blocks2.0.mixer.proj.bias - torch.Size([256]): 
The value is the same before and after calling `init_weights` of SVTR  

encoder.blocks2.0.norm2.weight - torch.Size([256]): 
The value is the same before and after calling `init_weights` of SVTR  

encoder.blocks2.0.norm2.bias - torch.Size([256]): 
The value is the same before and after calling `init_weights` of SVTR  

encoder.blocks2.0.mlp.fc1.weight - torch.Size([1024, 256]): 
The value is the same before and after calling `init_weights` of SVTR  

encoder.blocks2.0.mlp.fc1.bias - torch.Size([1024]): 
The value is the same before and after calling `init_weights` of SVTR  

encoder.blocks2.0.mlp.fc2.weight - torch.Size([256, 1024]): 
The value is the same before and after calling `init_weights` of SVTR  

encoder.blocks2.0.mlp.fc2.bias - torch.Size([256]): 
The value is the same before and after calling `init_weights` of SVTR  

encoder.blocks2.1.norm1.weight - torch.Size([256]): 
The value is the same before and after calling `init_weights` of SVTR  

encoder.blocks2.1.norm1.bias - torch.Size([256]): 
The value is the same before and after calling `init_weights` of SVTR  

encoder.blocks2.1.mixer.qkv.weight - torch.Size([768, 256]): 
The value is the same before and after calling `init_weights` of SVTR  

encoder.blocks2.1.mixer.qkv.bias - torch.Size([768]): 
The value is the same before and after calling `init_weights` of SVTR  

encoder.blocks2.1.mixer.proj.weight - torch.Size([256, 256]): 
The value is the same before and after calling `init_weights` of SVTR  

encoder.blocks2.1.mixer.proj.bias - torch.Size([256]): 
The value is the same before and after calling `init_weights` of SVTR  

encoder.blocks2.1.norm2.weight - torch.Size([256]): 
The value is the same before and after calling `init_weights` of SVTR  

encoder.blocks2.1.norm2.bias - torch.Size([256]): 
The value is the same before and after calling `init_weights` of SVTR  

encoder.blocks2.1.mlp.fc1.weight - torch.Size([1024, 256]): 
The value is the same before and after calling `init_weights` of SVTR  

encoder.blocks2.1.mlp.fc1.bias - torch.Size([1024]): 
The value is the same before and after calling `init_weights` of SVTR  

encoder.blocks2.1.mlp.fc2.weight - torch.Size([256, 1024]): 
The value is the same before and after calling `init_weights` of SVTR  

encoder.blocks2.1.mlp.fc2.bias - torch.Size([256]): 
The value is the same before and after calling `init_weights` of SVTR  

encoder.blocks2.2.norm1.weight - torch.Size([256]): 
The value is the same before and after calling `init_weights` of SVTR  

encoder.blocks2.2.norm1.bias - torch.Size([256]): 
The value is the same before and after calling `init_weights` of SVTR  

encoder.blocks2.2.mixer.qkv.weight - torch.Size([768, 256]): 
The value is the same before and after calling `init_weights` of SVTR  

encoder.blocks2.2.mixer.qkv.bias - torch.Size([768]): 
The value is the same before and after calling `init_weights` of SVTR  

encoder.blocks2.2.mixer.proj.weight - torch.Size([256, 256]): 
The value is the same before and after calling `init_weights` of SVTR  

encoder.blocks2.2.mixer.proj.bias - torch.Size([256]): 
The value is the same before and after calling `init_weights` of SVTR  

encoder.blocks2.2.norm2.weight - torch.Size([256]): 
The value is the same before and after calling `init_weights` of SVTR  

encoder.blocks2.2.norm2.bias - torch.Size([256]): 
The value is the same before and after calling `init_weights` of SVTR  

encoder.blocks2.2.mlp.fc1.weight - torch.Size([1024, 256]): 
The value is the same before and after calling `init_weights` of SVTR  

encoder.blocks2.2.mlp.fc1.bias - torch.Size([1024]): 
The value is the same before and after calling `init_weights` of SVTR  

encoder.blocks2.2.mlp.fc2.weight - torch.Size([256, 1024]): 
The value is the same before and after calling `init_weights` of SVTR  

encoder.blocks2.2.mlp.fc2.bias - torch.Size([256]): 
The value is the same before and after calling `init_weights` of SVTR  

encoder.blocks2.3.norm1.weight - torch.Size([256]): 
The value is the same before and after calling `init_weights` of SVTR  

encoder.blocks2.3.norm1.bias - torch.Size([256]): 
The value is the same before and after calling `init_weights` of SVTR  

encoder.blocks2.3.mixer.qkv.weight - torch.Size([768, 256]): 
The value is the same before and after calling `init_weights` of SVTR  

encoder.blocks2.3.mixer.qkv.bias - torch.Size([768]): 
The value is the same before and after calling `init_weights` of SVTR  

encoder.blocks2.3.mixer.proj.weight - torch.Size([256, 256]): 
The value is the same before and after calling `init_weights` of SVTR  

encoder.blocks2.3.mixer.proj.bias - torch.Size([256]): 
The value is the same before and after calling `init_weights` of SVTR  

encoder.blocks2.3.norm2.weight - torch.Size([256]): 
The value is the same before and after calling `init_weights` of SVTR  

encoder.blocks2.3.norm2.bias - torch.Size([256]): 
The value is the same before and after calling `init_weights` of SVTR  

encoder.blocks2.3.mlp.fc1.weight - torch.Size([1024, 256]): 
The value is the same before and after calling `init_weights` of SVTR  

encoder.blocks2.3.mlp.fc1.bias - torch.Size([1024]): 
The value is the same before and after calling `init_weights` of SVTR  

encoder.blocks2.3.mlp.fc2.weight - torch.Size([256, 1024]): 
The value is the same before and after calling `init_weights` of SVTR  

encoder.blocks2.3.mlp.fc2.bias - torch.Size([256]): 
The value is the same before and after calling `init_weights` of SVTR  

encoder.blocks2.4.norm1.weight - torch.Size([256]): 
The value is the same before and after calling `init_weights` of SVTR  

encoder.blocks2.4.norm1.bias - torch.Size([256]): 
The value is the same before and after calling `init_weights` of SVTR  

encoder.blocks2.4.mixer.qkv.weight - torch.Size([768, 256]): 
The value is the same before and after calling `init_weights` of SVTR  

encoder.blocks2.4.mixer.qkv.bias - torch.Size([768]): 
The value is the same before and after calling `init_weights` of SVTR  

encoder.blocks2.4.mixer.proj.weight - torch.Size([256, 256]): 
The value is the same before and after calling `init_weights` of SVTR  

encoder.blocks2.4.mixer.proj.bias - torch.Size([256]): 
The value is the same before and after calling `init_weights` of SVTR  

encoder.blocks2.4.norm2.weight - torch.Size([256]): 
The value is the same before and after calling `init_weights` of SVTR  

encoder.blocks2.4.norm2.bias - torch.Size([256]): 
The value is the same before and after calling `init_weights` of SVTR  

encoder.blocks2.4.mlp.fc1.weight - torch.Size([1024, 256]): 
The value is the same before and after calling `init_weights` of SVTR  

encoder.blocks2.4.mlp.fc1.bias - torch.Size([1024]): 
The value is the same before and after calling `init_weights` of SVTR  

encoder.blocks2.4.mlp.fc2.weight - torch.Size([256, 1024]): 
The value is the same before and after calling `init_weights` of SVTR  

encoder.blocks2.4.mlp.fc2.bias - torch.Size([256]): 
The value is the same before and after calling `init_weights` of SVTR  

encoder.blocks2.5.norm1.weight - torch.Size([256]): 
The value is the same before and after calling `init_weights` of SVTR  

encoder.blocks2.5.norm1.bias - torch.Size([256]): 
The value is the same before and after calling `init_weights` of SVTR  

encoder.blocks2.5.mixer.qkv.weight - torch.Size([768, 256]): 
The value is the same before and after calling `init_weights` of SVTR  

encoder.blocks2.5.mixer.qkv.bias - torch.Size([768]): 
The value is the same before and after calling `init_weights` of SVTR  

encoder.blocks2.5.mixer.proj.weight - torch.Size([256, 256]): 
The value is the same before and after calling `init_weights` of SVTR  

encoder.blocks2.5.mixer.proj.bias - torch.Size([256]): 
The value is the same before and after calling `init_weights` of SVTR  

encoder.blocks2.5.norm2.weight - torch.Size([256]): 
The value is the same before and after calling `init_weights` of SVTR  

encoder.blocks2.5.norm2.bias - torch.Size([256]): 
The value is the same before and after calling `init_weights` of SVTR  

encoder.blocks2.5.mlp.fc1.weight - torch.Size([1024, 256]): 
The value is the same before and after calling `init_weights` of SVTR  

encoder.blocks2.5.mlp.fc1.bias - torch.Size([1024]): 
The value is the same before and after calling `init_weights` of SVTR  

encoder.blocks2.5.mlp.fc2.weight - torch.Size([256, 1024]): 
The value is the same before and after calling `init_weights` of SVTR  

encoder.blocks2.5.mlp.fc2.bias - torch.Size([256]): 
The value is the same before and after calling `init_weights` of SVTR  

encoder.blocks2.6.norm1.weight - torch.Size([256]): 
The value is the same before and after calling `init_weights` of SVTR  

encoder.blocks2.6.norm1.bias - torch.Size([256]): 
The value is the same before and after calling `init_weights` of SVTR  

encoder.blocks2.6.mixer.qkv.weight - torch.Size([768, 256]): 
The value is the same before and after calling `init_weights` of SVTR  

encoder.blocks2.6.mixer.qkv.bias - torch.Size([768]): 
The value is the same before and after calling `init_weights` of SVTR  

encoder.blocks2.6.mixer.proj.weight - torch.Size([256, 256]): 
The value is the same before and after calling `init_weights` of SVTR  

encoder.blocks2.6.mixer.proj.bias - torch.Size([256]): 
The value is the same before and after calling `init_weights` of SVTR  

encoder.blocks2.6.norm2.weight - torch.Size([256]): 
The value is the same before and after calling `init_weights` of SVTR  

encoder.blocks2.6.norm2.bias - torch.Size([256]): 
The value is the same before and after calling `init_weights` of SVTR  

encoder.blocks2.6.mlp.fc1.weight - torch.Size([1024, 256]): 
The value is the same before and after calling `init_weights` of SVTR  

encoder.blocks2.6.mlp.fc1.bias - torch.Size([1024]): 
The value is the same before and after calling `init_weights` of SVTR  

encoder.blocks2.6.mlp.fc2.weight - torch.Size([256, 1024]): 
The value is the same before and after calling `init_weights` of SVTR  

encoder.blocks2.6.mlp.fc2.bias - torch.Size([256]): 
The value is the same before and after calling `init_weights` of SVTR  

encoder.blocks2.7.norm1.weight - torch.Size([256]): 
The value is the same before and after calling `init_weights` of SVTR  

encoder.blocks2.7.norm1.bias - torch.Size([256]): 
The value is the same before and after calling `init_weights` of SVTR  

encoder.blocks2.7.mixer.qkv.weight - torch.Size([768, 256]): 
The value is the same before and after calling `init_weights` of SVTR  

encoder.blocks2.7.mixer.qkv.bias - torch.Size([768]): 
The value is the same before and after calling `init_weights` of SVTR  

encoder.blocks2.7.mixer.proj.weight - torch.Size([256, 256]): 
The value is the same before and after calling `init_weights` of SVTR  

encoder.blocks2.7.mixer.proj.bias - torch.Size([256]): 
The value is the same before and after calling `init_weights` of SVTR  

encoder.blocks2.7.norm2.weight - torch.Size([256]): 
The value is the same before and after calling `init_weights` of SVTR  

encoder.blocks2.7.norm2.bias - torch.Size([256]): 
The value is the same before and after calling `init_weights` of SVTR  

encoder.blocks2.7.mlp.fc1.weight - torch.Size([1024, 256]): 
The value is the same before and after calling `init_weights` of SVTR  

encoder.blocks2.7.mlp.fc1.bias - torch.Size([1024]): 
The value is the same before and after calling `init_weights` of SVTR  

encoder.blocks2.7.mlp.fc2.weight - torch.Size([256, 1024]): 
The value is the same before and after calling `init_weights` of SVTR  

encoder.blocks2.7.mlp.fc2.bias - torch.Size([256]): 
The value is the same before and after calling `init_weights` of SVTR  

encoder.blocks2.8.norm1.weight - torch.Size([256]): 
The value is the same before and after calling `init_weights` of SVTR  

encoder.blocks2.8.norm1.bias - torch.Size([256]): 
The value is the same before and after calling `init_weights` of SVTR  

encoder.blocks2.8.mixer.qkv.weight - torch.Size([768, 256]): 
The value is the same before and after calling `init_weights` of SVTR  

encoder.blocks2.8.mixer.qkv.bias - torch.Size([768]): 
The value is the same before and after calling `init_weights` of SVTR  

encoder.blocks2.8.mixer.proj.weight - torch.Size([256, 256]): 
The value is the same before and after calling `init_weights` of SVTR  

encoder.blocks2.8.mixer.proj.bias - torch.Size([256]): 
The value is the same before and after calling `init_weights` of SVTR  

encoder.blocks2.8.norm2.weight - torch.Size([256]): 
The value is the same before and after calling `init_weights` of SVTR  

encoder.blocks2.8.norm2.bias - torch.Size([256]): 
The value is the same before and after calling `init_weights` of SVTR  

encoder.blocks2.8.mlp.fc1.weight - torch.Size([1024, 256]): 
The value is the same before and after calling `init_weights` of SVTR  

encoder.blocks2.8.mlp.fc1.bias - torch.Size([1024]): 
The value is the same before and after calling `init_weights` of SVTR  

encoder.blocks2.8.mlp.fc2.weight - torch.Size([256, 1024]): 
The value is the same before and after calling `init_weights` of SVTR  

encoder.blocks2.8.mlp.fc2.bias - torch.Size([256]): 
The value is the same before and after calling `init_weights` of SVTR  

encoder.downsample2.conv.weight - torch.Size([512, 256, 3, 3]): 
The value is the same before and after calling `init_weights` of SVTR  

encoder.downsample2.conv.bias - torch.Size([512]): 
The value is the same before and after calling `init_weights` of SVTR  

encoder.downsample2.norm.weight - torch.Size([512]): 
The value is the same before and after calling `init_weights` of SVTR  

encoder.downsample2.norm.bias - torch.Size([512]): 
The value is the same before and after calling `init_weights` of SVTR  

encoder.blocks3.0.norm1.weight - torch.Size([512]): 
The value is the same before and after calling `init_weights` of SVTR  

encoder.blocks3.0.norm1.bias - torch.Size([512]): 
The value is the same before and after calling `init_weights` of SVTR  

encoder.blocks3.0.mixer.qkv.weight - torch.Size([1536, 512]): 
The value is the same before and after calling `init_weights` of SVTR  

encoder.blocks3.0.mixer.qkv.bias - torch.Size([1536]): 
The value is the same before and after calling `init_weights` of SVTR  

encoder.blocks3.0.mixer.proj.weight - torch.Size([512, 512]): 
The value is the same before and after calling `init_weights` of SVTR  

encoder.blocks3.0.mixer.proj.bias - torch.Size([512]): 
The value is the same before and after calling `init_weights` of SVTR  

encoder.blocks3.0.norm2.weight - torch.Size([512]): 
The value is the same before and after calling `init_weights` of SVTR  

encoder.blocks3.0.norm2.bias - torch.Size([512]): 
The value is the same before and after calling `init_weights` of SVTR  

encoder.blocks3.0.mlp.fc1.weight - torch.Size([2048, 512]): 
The value is the same before and after calling `init_weights` of SVTR  

encoder.blocks3.0.mlp.fc1.bias - torch.Size([2048]): 
The value is the same before and after calling `init_weights` of SVTR  

encoder.blocks3.0.mlp.fc2.weight - torch.Size([512, 2048]): 
The value is the same before and after calling `init_weights` of SVTR  

encoder.blocks3.0.mlp.fc2.bias - torch.Size([512]): 
The value is the same before and after calling `init_weights` of SVTR  

encoder.blocks3.1.norm1.weight - torch.Size([512]): 
The value is the same before and after calling `init_weights` of SVTR  

encoder.blocks3.1.norm1.bias - torch.Size([512]): 
The value is the same before and after calling `init_weights` of SVTR  

encoder.blocks3.1.mixer.qkv.weight - torch.Size([1536, 512]): 
The value is the same before and after calling `init_weights` of SVTR  

encoder.blocks3.1.mixer.qkv.bias - torch.Size([1536]): 
The value is the same before and after calling `init_weights` of SVTR  

encoder.blocks3.1.mixer.proj.weight - torch.Size([512, 512]): 
The value is the same before and after calling `init_weights` of SVTR  

encoder.blocks3.1.mixer.proj.bias - torch.Size([512]): 
The value is the same before and after calling `init_weights` of SVTR  

encoder.blocks3.1.norm2.weight - torch.Size([512]): 
The value is the same before and after calling `init_weights` of SVTR  

encoder.blocks3.1.norm2.bias - torch.Size([512]): 
The value is the same before and after calling `init_weights` of SVTR  

encoder.blocks3.1.mlp.fc1.weight - torch.Size([2048, 512]): 
The value is the same before and after calling `init_weights` of SVTR  

encoder.blocks3.1.mlp.fc1.bias - torch.Size([2048]): 
The value is the same before and after calling `init_weights` of SVTR  

encoder.blocks3.1.mlp.fc2.weight - torch.Size([512, 2048]): 
The value is the same before and after calling `init_weights` of SVTR  

encoder.blocks3.1.mlp.fc2.bias - torch.Size([512]): 
The value is the same before and after calling `init_weights` of SVTR  

encoder.blocks3.2.norm1.weight - torch.Size([512]): 
The value is the same before and after calling `init_weights` of SVTR  

encoder.blocks3.2.norm1.bias - torch.Size([512]): 
The value is the same before and after calling `init_weights` of SVTR  

encoder.blocks3.2.mixer.qkv.weight - torch.Size([1536, 512]): 
The value is the same before and after calling `init_weights` of SVTR  

encoder.blocks3.2.mixer.qkv.bias - torch.Size([1536]): 
The value is the same before and after calling `init_weights` of SVTR  

encoder.blocks3.2.mixer.proj.weight - torch.Size([512, 512]): 
The value is the same before and after calling `init_weights` of SVTR  

encoder.blocks3.2.mixer.proj.bias - torch.Size([512]): 
The value is the same before and after calling `init_weights` of SVTR  

encoder.blocks3.2.norm2.weight - torch.Size([512]): 
The value is the same before and after calling `init_weights` of SVTR  

encoder.blocks3.2.norm2.bias - torch.Size([512]): 
The value is the same before and after calling `init_weights` of SVTR  

encoder.blocks3.2.mlp.fc1.weight - torch.Size([2048, 512]): 
The value is the same before and after calling `init_weights` of SVTR  

encoder.blocks3.2.mlp.fc1.bias - torch.Size([2048]): 
The value is the same before and after calling `init_weights` of SVTR  

encoder.blocks3.2.mlp.fc2.weight - torch.Size([512, 2048]): 
The value is the same before and after calling `init_weights` of SVTR  

encoder.blocks3.2.mlp.fc2.bias - torch.Size([512]): 
The value is the same before and after calling `init_weights` of SVTR  

encoder.blocks3.3.norm1.weight - torch.Size([512]): 
The value is the same before and after calling `init_weights` of SVTR  

encoder.blocks3.3.norm1.bias - torch.Size([512]): 
The value is the same before and after calling `init_weights` of SVTR  

encoder.blocks3.3.mixer.qkv.weight - torch.Size([1536, 512]): 
The value is the same before and after calling `init_weights` of SVTR  

encoder.blocks3.3.mixer.qkv.bias - torch.Size([1536]): 
The value is the same before and after calling `init_weights` of SVTR  

encoder.blocks3.3.mixer.proj.weight - torch.Size([512, 512]): 
The value is the same before and after calling `init_weights` of SVTR  

encoder.blocks3.3.mixer.proj.bias - torch.Size([512]): 
The value is the same before and after calling `init_weights` of SVTR  

encoder.blocks3.3.norm2.weight - torch.Size([512]): 
The value is the same before and after calling `init_weights` of SVTR  

encoder.blocks3.3.norm2.bias - torch.Size([512]): 
The value is the same before and after calling `init_weights` of SVTR  

encoder.blocks3.3.mlp.fc1.weight - torch.Size([2048, 512]): 
The value is the same before and after calling `init_weights` of SVTR  

encoder.blocks3.3.mlp.fc1.bias - torch.Size([2048]): 
The value is the same before and after calling `init_weights` of SVTR  

encoder.blocks3.3.mlp.fc2.weight - torch.Size([512, 2048]): 
The value is the same before and after calling `init_weights` of SVTR  

encoder.blocks3.3.mlp.fc2.bias - torch.Size([512]): 
The value is the same before and after calling `init_weights` of SVTR  

encoder.blocks3.4.norm1.weight - torch.Size([512]): 
The value is the same before and after calling `init_weights` of SVTR  

encoder.blocks3.4.norm1.bias - torch.Size([512]): 
The value is the same before and after calling `init_weights` of SVTR  

encoder.blocks3.4.mixer.qkv.weight - torch.Size([1536, 512]): 
The value is the same before and after calling `init_weights` of SVTR  

encoder.blocks3.4.mixer.qkv.bias - torch.Size([1536]): 
The value is the same before and after calling `init_weights` of SVTR  

encoder.blocks3.4.mixer.proj.weight - torch.Size([512, 512]): 
The value is the same before and after calling `init_weights` of SVTR  

encoder.blocks3.4.mixer.proj.bias - torch.Size([512]): 
The value is the same before and after calling `init_weights` of SVTR  

encoder.blocks3.4.norm2.weight - torch.Size([512]): 
The value is the same before and after calling `init_weights` of SVTR  

encoder.blocks3.4.norm2.bias - torch.Size([512]): 
The value is the same before and after calling `init_weights` of SVTR  

encoder.blocks3.4.mlp.fc1.weight - torch.Size([2048, 512]): 
The value is the same before and after calling `init_weights` of SVTR  

encoder.blocks3.4.mlp.fc1.bias - torch.Size([2048]): 
The value is the same before and after calling `init_weights` of SVTR  

encoder.blocks3.4.mlp.fc2.weight - torch.Size([512, 2048]): 
The value is the same before and after calling `init_weights` of SVTR  

encoder.blocks3.4.mlp.fc2.bias - torch.Size([512]): 
The value is the same before and after calling `init_weights` of SVTR  

encoder.blocks3.5.norm1.weight - torch.Size([512]): 
The value is the same before and after calling `init_weights` of SVTR  

encoder.blocks3.5.norm1.bias - torch.Size([512]): 
The value is the same before and after calling `init_weights` of SVTR  

encoder.blocks3.5.mixer.qkv.weight - torch.Size([1536, 512]): 
The value is the same before and after calling `init_weights` of SVTR  

encoder.blocks3.5.mixer.qkv.bias - torch.Size([1536]): 
The value is the same before and after calling `init_weights` of SVTR  

encoder.blocks3.5.mixer.proj.weight - torch.Size([512, 512]): 
The value is the same before and after calling `init_weights` of SVTR  

encoder.blocks3.5.mixer.proj.bias - torch.Size([512]): 
The value is the same before and after calling `init_weights` of SVTR  

encoder.blocks3.5.norm2.weight - torch.Size([512]): 
The value is the same before and after calling `init_weights` of SVTR  

encoder.blocks3.5.norm2.bias - torch.Size([512]): 
The value is the same before and after calling `init_weights` of SVTR  

encoder.blocks3.5.mlp.fc1.weight - torch.Size([2048, 512]): 
The value is the same before and after calling `init_weights` of SVTR  

encoder.blocks3.5.mlp.fc1.bias - torch.Size([2048]): 
The value is the same before and after calling `init_weights` of SVTR  

encoder.blocks3.5.mlp.fc2.weight - torch.Size([512, 2048]): 
The value is the same before and after calling `init_weights` of SVTR  

encoder.blocks3.5.mlp.fc2.bias - torch.Size([512]): 
The value is the same before and after calling `init_weights` of SVTR  

encoder.blocks3.6.norm1.weight - torch.Size([512]): 
The value is the same before and after calling `init_weights` of SVTR  

encoder.blocks3.6.norm1.bias - torch.Size([512]): 
The value is the same before and after calling `init_weights` of SVTR  

encoder.blocks3.6.mixer.qkv.weight - torch.Size([1536, 512]): 
The value is the same before and after calling `init_weights` of SVTR  

encoder.blocks3.6.mixer.qkv.bias - torch.Size([1536]): 
The value is the same before and after calling `init_weights` of SVTR  

encoder.blocks3.6.mixer.proj.weight - torch.Size([512, 512]): 
The value is the same before and after calling `init_weights` of SVTR  

encoder.blocks3.6.mixer.proj.bias - torch.Size([512]): 
The value is the same before and after calling `init_weights` of SVTR  

encoder.blocks3.6.norm2.weight - torch.Size([512]): 
The value is the same before and after calling `init_weights` of SVTR  

encoder.blocks3.6.norm2.bias - torch.Size([512]): 
The value is the same before and after calling `init_weights` of SVTR  

encoder.blocks3.6.mlp.fc1.weight - torch.Size([2048, 512]): 
The value is the same before and after calling `init_weights` of SVTR  

encoder.blocks3.6.mlp.fc1.bias - torch.Size([2048]): 
The value is the same before and after calling `init_weights` of SVTR  

encoder.blocks3.6.mlp.fc2.weight - torch.Size([512, 2048]): 
The value is the same before and after calling `init_weights` of SVTR  

encoder.blocks3.6.mlp.fc2.bias - torch.Size([512]): 
The value is the same before and after calling `init_weights` of SVTR  

encoder.blocks3.7.norm1.weight - torch.Size([512]): 
The value is the same before and after calling `init_weights` of SVTR  

encoder.blocks3.7.norm1.bias - torch.Size([512]): 
The value is the same before and after calling `init_weights` of SVTR  

encoder.blocks3.7.mixer.qkv.weight - torch.Size([1536, 512]): 
The value is the same before and after calling `init_weights` of SVTR  

encoder.blocks3.7.mixer.qkv.bias - torch.Size([1536]): 
The value is the same before and after calling `init_weights` of SVTR  

encoder.blocks3.7.mixer.proj.weight - torch.Size([512, 512]): 
The value is the same before and after calling `init_weights` of SVTR  

encoder.blocks3.7.mixer.proj.bias - torch.Size([512]): 
The value is the same before and after calling `init_weights` of SVTR  

encoder.blocks3.7.norm2.weight - torch.Size([512]): 
The value is the same before and after calling `init_weights` of SVTR  

encoder.blocks3.7.norm2.bias - torch.Size([512]): 
The value is the same before and after calling `init_weights` of SVTR  

encoder.blocks3.7.mlp.fc1.weight - torch.Size([2048, 512]): 
The value is the same before and after calling `init_weights` of SVTR  

encoder.blocks3.7.mlp.fc1.bias - torch.Size([2048]): 
The value is the same before and after calling `init_weights` of SVTR  

encoder.blocks3.7.mlp.fc2.weight - torch.Size([512, 2048]): 
The value is the same before and after calling `init_weights` of SVTR  

encoder.blocks3.7.mlp.fc2.bias - torch.Size([512]): 
The value is the same before and after calling `init_weights` of SVTR  

encoder.blocks3.8.norm1.weight - torch.Size([512]): 
The value is the same before and after calling `init_weights` of SVTR  

encoder.blocks3.8.norm1.bias - torch.Size([512]): 
The value is the same before and after calling `init_weights` of SVTR  

encoder.blocks3.8.mixer.qkv.weight - torch.Size([1536, 512]): 
The value is the same before and after calling `init_weights` of SVTR  

encoder.blocks3.8.mixer.qkv.bias - torch.Size([1536]): 
The value is the same before and after calling `init_weights` of SVTR  

encoder.blocks3.8.mixer.proj.weight - torch.Size([512, 512]): 
The value is the same before and after calling `init_weights` of SVTR  

encoder.blocks3.8.mixer.proj.bias - torch.Size([512]): 
The value is the same before and after calling `init_weights` of SVTR  

encoder.blocks3.8.norm2.weight - torch.Size([512]): 
The value is the same before and after calling `init_weights` of SVTR  

encoder.blocks3.8.norm2.bias - torch.Size([512]): 
The value is the same before and after calling `init_weights` of SVTR  

encoder.blocks3.8.mlp.fc1.weight - torch.Size([2048, 512]): 
The value is the same before and after calling `init_weights` of SVTR  

encoder.blocks3.8.mlp.fc1.bias - torch.Size([2048]): 
The value is the same before and after calling `init_weights` of SVTR  

encoder.blocks3.8.mlp.fc2.weight - torch.Size([512, 2048]): 
The value is the same before and after calling `init_weights` of SVTR  

encoder.blocks3.8.mlp.fc2.bias - torch.Size([512]): 
The value is the same before and after calling `init_weights` of SVTR  

encoder.layer_norm.weight - torch.Size([512]): 
The value is the same before and after calling `init_weights` of SVTR  

encoder.layer_norm.bias - torch.Size([512]): 
The value is the same before and after calling `init_weights` of SVTR  

encoder.last_conv.weight - torch.Size([384, 512, 1, 1]): 
The value is the same before and after calling `init_weights` of SVTR  

decoder.decoder.weight - torch.Size([5885, 384]): 
The value is the same before and after calling `init_weights` of SVTR  

decoder.decoder.bias - torch.Size([5885]): 
The value is the same before and after calling `init_weights` of SVTR  
2026/01/07 01:36:02 - mmengine - INFO - Load checkpoint from work_dirs/svtr-large_pretrain/best_PretrainCN_holdout_recog_word_acc_epoch_20.pth
2026/01/07 01:36:02 - mmengine - WARNING - "FileClient" will be deprecated in future. Please use io functions in https://mmengine.readthedocs.io/en/latest/api/fileio.html#file-io
2026/01/07 01:36:02 - mmengine - WARNING - "HardDiskBackend" is the alias of "LocalBackend" and the former will be deprecated in future.
2026/01/07 01:36:02 - mmengine - INFO - Checkpoints will be saved to /root/lanyun-tmp/mmocr/work_dirs/svtr-large_finetune.
2026/01/07 01:36:41 - mmengine - INFO - Epoch(train)  [1][  50/1989]  lr: 1.2654e-04  eta: 13:11:10  time: 0.7350  data_time: 0.0479  memory: 18262  loss: 3.7344  loss_ctc: 3.7344
2026/01/07 01:37:15 - mmengine - INFO - Epoch(train)  [1][ 100/1989]  lr: 1.2811e-04  eta: 12:08:00  time: 0.9382  data_time: 0.1873  memory: 18262  loss: 3.4812  loss_ctc: 3.4812
2026/01/07 01:37:49 - mmengine - INFO - Epoch(train)  [1][ 150/1989]  lr: 1.2968e-04  eta: 11:46:57  time: 0.6229  data_time: 0.1824  memory: 18262  loss: 3.4264  loss_ctc: 3.4264
2026/01/07 01:38:22 - mmengine - INFO - Epoch(train)  [1][ 200/1989]  lr: 1.3125e-04  eta: 11:33:36  time: 0.6086  data_time: 0.0551  memory: 18262  loss: 3.2020  loss_ctc: 3.2020
2026/01/07 01:38:55 - mmengine - INFO - Epoch(train)  [1][ 250/1989]  lr: 1.3283e-04  eta: 11:27:39  time: 0.8177  data_time: 0.2198  memory: 18262  loss: 3.1163  loss_ctc: 3.1163
2026/01/07 01:39:28 - mmengine - INFO - Epoch(train)  [1][ 300/1989]  lr: 1.3440e-04  eta: 11:21:04  time: 0.6109  data_time: 0.0939  memory: 18262  loss: 3.0262  loss_ctc: 3.0262
2026/01/07 01:40:02 - mmengine - INFO - Epoch(train)  [1][ 350/1989]  lr: 1.3597e-04  eta: 11:19:23  time: 0.6757  data_time: 0.0334  memory: 18262  loss: 3.4414  loss_ctc: 3.4414
2026/01/07 01:40:37 - mmengine - INFO - Epoch(train)  [1][ 400/1989]  lr: 1.3754e-04  eta: 11:21:04  time: 0.9893  data_time: 0.5541  memory: 18262  loss: 3.0611  loss_ctc: 3.0611
2026/01/07 01:41:11 - mmengine - INFO - Epoch(train)  [1][ 450/1989]  lr: 1.3911e-04  eta: 11:18:34  time: 0.6436  data_time: 0.0061  memory: 18262  loss: 3.2122  loss_ctc: 3.2122
2026/01/07 01:41:51 - mmengine - INFO - Epoch(train)  [1][ 500/1989]  lr: 1.4068e-04  eta: 11:28:52  time: 0.9955  data_time: 0.1067  memory: 18262  loss: 2.8749  loss_ctc: 2.8749
2026/01/07 01:42:25 - mmengine - INFO - Epoch(train)  [1][ 550/1989]  lr: 1.4226e-04  eta: 11:26:23  time: 0.6394  data_time: 0.1926  memory: 18262  loss: 3.0844  loss_ctc: 3.0844
2026/01/07 01:42:57 - mmengine - INFO - Epoch(train)  [1][ 600/1989]  lr: 1.4383e-04  eta: 11:21:41  time: 0.6101  data_time: 0.1553  memory: 18262  loss: 2.9542  loss_ctc: 2.9542
2026/01/07 01:43:31 - mmengine - INFO - Epoch(train)  [1][ 650/1989]  lr: 1.4540e-04  eta: 11:19:50  time: 0.5918  data_time: 0.1268  memory: 18262  loss: 3.0052  loss_ctc: 3.0052
2026/01/07 01:44:07 - mmengine - INFO - Epoch(train)  [1][ 700/1989]  lr: 1.4697e-04  eta: 11:21:04  time: 0.7948  data_time: 0.3524  memory: 18262  loss: 2.8497  loss_ctc: 2.8497
2026/01/07 01:44:47 - mmengine - INFO - Epoch(train)  [1][ 750/1989]  lr: 1.4854e-04  eta: 11:27:51  time: 0.9131  data_time: 0.2872  memory: 18262  loss: 2.8002  loss_ctc: 2.8002
2026/01/07 01:45:19 - mmengine - INFO - Epoch(train)  [1][ 800/1989]  lr: 1.5011e-04  eta: 11:23:32  time: 0.6669  data_time: 0.2184  memory: 18262  loss: 3.0892  loss_ctc: 3.0892
2026/01/07 01:45:55 - mmengine - INFO - Epoch(train)  [1][ 850/1989]  lr: 1.5168e-04  eta: 11:24:49  time: 0.9421  data_time: 0.5091  memory: 18262  loss: 2.9226  loss_ctc: 2.9226
2026/01/07 01:46:29 - mmengine - INFO - Epoch(train)  [1][ 900/1989]  lr: 1.5326e-04  eta: 11:22:53  time: 0.7476  data_time: 0.0017  memory: 18262  loss: 2.7357  loss_ctc: 2.7357
2026/01/07 01:47:09 - mmengine - INFO - Epoch(train)  [1][ 950/1989]  lr: 1.5483e-04  eta: 11:27:05  time: 0.7349  data_time: 0.0017  memory: 18262  loss: 2.7465  loss_ctc: 2.7465
2026/01/07 01:47:41 - mmengine - INFO - Exp name: svtr-large_fudan_scene_finetune_from_pretrain_cn_scene_20260107_013544
2026/01/07 01:47:41 - mmengine - INFO - Epoch(train)  [1][1000/1989]  lr: 1.5640e-04  eta: 11:23:57  time: 0.7304  data_time: 0.2946  memory: 18262  loss: 2.6960  loss_ctc: 2.6960
2026/01/07 01:48:16 - mmengine - INFO - Epoch(train)  [1][1050/1989]  lr: 1.5797e-04  eta: 11:23:07  time: 0.5650  data_time: 0.1264  memory: 18262  loss: 2.8609  loss_ctc: 2.8609
2026/01/07 01:48:51 - mmengine - INFO - Epoch(train)  [1][1100/1989]  lr: 1.5954e-04  eta: 11:22:56  time: 0.6480  data_time: 0.0685  memory: 18262  loss: 2.9661  loss_ctc: 2.9661
2026/01/07 01:49:23 - mmengine - INFO - Epoch(train)  [1][1150/1989]  lr: 1.6111e-04  eta: 11:19:26  time: 0.5668  data_time: 0.1230  memory: 18262  loss: 2.8284  loss_ctc: 2.8284
2026/01/07 01:49:59 - mmengine - INFO - Epoch(train)  [1][1200/1989]  lr: 1.6269e-04  eta: 11:20:07  time: 0.9508  data_time: 0.5190  memory: 18262  loss: 2.6839  loss_ctc: 2.6839
2026/01/07 01:50:36 - mmengine - INFO - Epoch(train)  [1][1250/1989]  lr: 1.6426e-04  eta: 11:20:51  time: 0.7236  data_time: 0.0018  memory: 18262  loss: 2.8155  loss_ctc: 2.8155
2026/01/07 01:51:16 - mmengine - INFO - Epoch(train)  [1][1300/1989]  lr: 1.6583e-04  eta: 11:24:02  time: 0.7027  data_time: 0.0690  memory: 18262  loss: 2.7823  loss_ctc: 2.7823
2026/01/07 01:51:51 - mmengine - INFO - Epoch(train)  [1][1350/1989]  lr: 1.6740e-04  eta: 11:23:46  time: 0.8744  data_time: 0.4155  memory: 18262  loss: 2.8716  loss_ctc: 2.8716
2026/01/07 01:52:30 - mmengine - INFO - Epoch(train)  [1][1400/1989]  lr: 1.6897e-04  eta: 11:25:42  time: 0.9798  data_time: 0.4447  memory: 18262  loss: 2.9885  loss_ctc: 2.9885
2026/01/07 01:53:09 - mmengine - INFO - Epoch(train)  [1][1450/1989]  lr: 1.7054e-04  eta: 11:27:36  time: 0.8358  data_time: 0.0785  memory: 18262  loss: 2.8946  loss_ctc: 2.8946
2026/01/07 01:53:46 - mmengine - INFO - Epoch(train)  [1][1500/1989]  lr: 1.7211e-04  eta: 11:27:35  time: 0.5245  data_time: 0.0030  memory: 18262  loss: 2.8531  loss_ctc: 2.8531
2026/01/07 01:54:22 - mmengine - INFO - Epoch(train)  [1][1550/1989]  lr: 1.7369e-04  eta: 11:27:51  time: 0.6988  data_time: 0.0016  memory: 18262  loss: 2.9061  loss_ctc: 2.9061
2026/01/07 01:55:02 - mmengine - INFO - Epoch(train)  [1][1600/1989]  lr: 1.7526e-04  eta: 11:29:54  time: 0.7697  data_time: 0.0019  memory: 18262  loss: 2.6863  loss_ctc: 2.6863
2026/01/07 01:55:40 - mmengine - INFO - Epoch(train)  [1][1650/1989]  lr: 1.7683e-04  eta: 11:30:19  time: 0.5631  data_time: 0.1181  memory: 18262  loss: 2.7096  loss_ctc: 2.7096
2026/01/07 01:56:13 - mmengine - INFO - Epoch(train)  [1][1700/1989]  lr: 1.7840e-04  eta: 11:28:13  time: 0.6730  data_time: 0.1772  memory: 18262  loss: 2.9249  loss_ctc: 2.9249
2026/01/07 01:56:50 - mmengine - INFO - Epoch(train)  [1][1750/1989]  lr: 1.7997e-04  eta: 11:28:34  time: 0.7167  data_time: 0.0469  memory: 18262  loss: 2.7030  loss_ctc: 2.7030
2026/01/07 01:57:27 - mmengine - INFO - Epoch(train)  [1][1800/1989]  lr: 1.8154e-04  eta: 11:28:47  time: 1.0281  data_time: 0.5889  memory: 18262  loss: 3.2755  loss_ctc: 3.2755
2026/01/07 01:58:00 - mmengine - INFO - Epoch(train)  [1][1850/1989]  lr: 1.8312e-04  eta: 11:26:35  time: 0.7257  data_time: 0.2140  memory: 18262  loss: 2.8257  loss_ctc: 2.8257
2026/01/07 01:58:36 - mmengine - INFO - Epoch(train)  [1][1900/1989]  lr: 1.8469e-04  eta: 11:26:09  time: 0.6842  data_time: 0.0017  memory: 18262  loss: 2.8058  loss_ctc: 2.8058
2026/01/07 01:59:09 - mmengine - INFO - Epoch(train)  [1][1950/1989]  lr: 1.8626e-04  eta: 11:24:24  time: 0.6995  data_time: 0.2588  memory: 18262  loss: 2.7656  loss_ctc: 2.7656
2026/01/07 01:59:38 - mmengine - INFO - Exp name: svtr-large_fudan_scene_finetune_from_pretrain_cn_scene_20260107_013544
2026/01/07 01:59:38 - mmengine - INFO - Saving checkpoint at 1 epochs
2026/01/07 01:59:48 - mmengine - INFO - Epoch(val)  [1][ 50/498]    eta: 0:01:06  time: 0.1285  data_time: 0.0005  memory: 18262  
2026/01/07 01:59:54 - mmengine - INFO - Epoch(val)  [1][100/498]    eta: 0:00:55  time: 0.1391  data_time: 0.0005  memory: 1674  
2026/01/07 02:00:01 - mmengine - INFO - Epoch(val)  [1][150/498]    eta: 0:00:47  time: 0.1309  data_time: 0.0005  memory: 1674  
2026/01/07 02:00:07 - mmengine - INFO - Epoch(val)  [1][200/498]    eta: 0:00:40  time: 0.1302  data_time: 0.0005  memory: 1674  
2026/01/07 02:00:14 - mmengine - INFO - Epoch(val)  [1][250/498]    eta: 0:00:33  time: 0.1338  data_time: 0.0005  memory: 1674  
2026/01/07 02:00:21 - mmengine - INFO - Epoch(val)  [1][300/498]    eta: 0:00:26  time: 0.1343  data_time: 0.0005  memory: 1674  
2026/01/07 02:00:27 - mmengine - INFO - Epoch(val)  [1][350/498]    eta: 0:00:19  time: 0.1327  data_time: 0.0005  memory: 1674  
2026/01/07 02:00:34 - mmengine - INFO - Epoch(val)  [1][400/498]    eta: 0:00:13  time: 0.1337  data_time: 0.0005  memory: 1674  
2026/01/07 02:00:41 - mmengine - INFO - Epoch(val)  [1][450/498]    eta: 0:00:06  time: 0.1359  data_time: 0.0005  memory: 1674  
2026/01/07 02:01:04 - mmengine - INFO - Epoch(val) [1][498/498]    Fudan/recog/word_acc: 0.4390  Fudan/recog/1-N.E.D: 0.6288  data_time: 0.0018  time: 0.1347
2026/01/07 02:01:06 - mmengine - INFO - The best checkpoint with 0.4390 Fudan/recog/word_acc at 1 epoch is saved to best_Fudan_recog_word_acc_epoch_1.pth.
2026/01/07 02:01:48 - mmengine - INFO - Exp name: svtr-large_fudan_scene_finetune_from_pretrain_cn_scene_20260107_013544
2026/01/07 02:02:20 - mmengine - INFO - Epoch(train)  [2][  50/1989]  lr: 1.8906e-04  eta: 11:26:24  time: 0.7615  data_time: 0.0873  memory: 18281  loss: 2.8909  loss_ctc: 2.8909
2026/01/07 02:02:58 - mmengine - INFO - Epoch(train)  [2][ 100/1989]  lr: 1.9063e-04  eta: 11:26:49  time: 0.7297  data_time: 0.3034  memory: 18277  loss: 3.0647  loss_ctc: 3.0647
2026/01/07 02:03:36 - mmengine - INFO - Epoch(train)  [2][ 150/1989]  lr: 1.9220e-04  eta: 11:27:31  time: 0.9111  data_time: 0.0922  memory: 18277  loss: 2.6935  loss_ctc: 2.6935
2026/01/07 02:04:10 - mmengine - INFO - Epoch(train)  [2][ 200/1989]  lr: 1.9377e-04  eta: 11:26:10  time: 0.4380  data_time: 0.0017  memory: 18277  loss: 2.8762  loss_ctc: 2.8762
2026/01/07 02:04:46 - mmengine - INFO - Epoch(train)  [2][ 250/1989]  lr: 1.9534e-04  eta: 11:25:20  time: 1.0079  data_time: 0.5554  memory: 18277  loss: 2.7695  loss_ctc: 2.7695
2026/01/07 02:05:21 - mmengine - INFO - Epoch(train)  [2][ 300/1989]  lr: 1.9691e-04  eta: 11:24:41  time: 0.4340  data_time: 0.0041  memory: 18277  loss: 2.9210  loss_ctc: 2.9210
2026/01/07 02:05:56 - mmengine - INFO - Epoch(train)  [2][ 350/1989]  lr: 1.9849e-04  eta: 11:23:40  time: 0.7766  data_time: 0.3513  memory: 18277  loss: 2.7218  loss_ctc: 2.7218
2026/01/07 02:06:32 - mmengine - INFO - Epoch(train)  [2][ 400/1989]  lr: 2.0006e-04  eta: 11:22:57  time: 0.4480  data_time: 0.0080  memory: 18277  loss: 2.8538  loss_ctc: 2.8538
2026/01/07 02:07:05 - mmengine - INFO - Epoch(train)  [2][ 450/1989]  lr: 2.0163e-04  eta: 11:21:23  time: 0.5683  data_time: 0.0864  memory: 18277  loss: 3.1422  loss_ctc: 3.1422
2026/01/07 02:07:44 - mmengine - INFO - Epoch(train)  [2][ 500/1989]  lr: 2.0320e-04  eta: 11:22:14  time: 0.5603  data_time: 0.0018  memory: 18277  loss: 2.9805  loss_ctc: 2.9805
2026/01/07 02:08:19 - mmengine - INFO - Epoch(train)  [2][ 550/1989]  lr: 2.0477e-04  eta: 11:21:22  time: 0.7104  data_time: 0.2613  memory: 18277  loss: 2.8082  loss_ctc: 2.8082
2026/01/07 02:08:57 - mmengine - INFO - Epoch(train)  [2][ 600/1989]  lr: 2.0634e-04  eta: 11:21:23  time: 0.6716  data_time: 0.0019  memory: 18277  loss: 3.0031  loss_ctc: 3.0031
2026/01/07 02:09:30 - mmengine - INFO - Epoch(train)  [2][ 650/1989]  lr: 2.0791e-04  eta: 11:19:57  time: 0.5700  data_time: 0.0616  memory: 18277  loss: 2.8835  loss_ctc: 2.8835
2026/01/07 02:10:08 - mmengine - INFO - Epoch(train)  [2][ 700/1989]  lr: 2.0949e-04  eta: 11:20:11  time: 0.9315  data_time: 0.5083  memory: 18277  loss: 3.1086  loss_ctc: 3.1086
2026/01/07 02:10:51 - mmengine - INFO - Epoch(train)  [2][ 750/1989]  lr: 2.1106e-04  eta: 11:21:52  time: 0.6867  data_time: 0.2523  memory: 18277  loss: 2.8216  loss_ctc: 2.8216
2026/01/07 02:11:31 - mmengine - INFO - Epoch(train)  [2][ 800/1989]  lr: 2.1263e-04  eta: 11:22:32  time: 0.6654  data_time: 0.0022  memory: 18277  loss: 2.8920  loss_ctc: 2.8920
2026/01/07 02:12:02 - mmengine - INFO - Epoch(train)  [2][ 850/1989]  lr: 2.1420e-04  eta: 11:20:35  time: 0.6705  data_time: 0.2323  memory: 18277  loss: 2.7819  loss_ctc: 2.7819
2026/01/07 02:12:41 - mmengine - INFO - Epoch(train)  [2][ 900/1989]  lr: 2.1577e-04  eta: 11:20:54  time: 0.7788  data_time: 0.0477  memory: 18277  loss: 2.9745  loss_ctc: 2.9745
2026/01/07 02:13:15 - mmengine - INFO - Epoch(train)  [2][ 950/1989]  lr: 2.1734e-04  eta: 11:19:41  time: 0.7375  data_time: 0.1688  memory: 18277  loss: 3.0010  loss_ctc: 3.0010
2026/01/07 02:13:53 - mmengine - INFO - Epoch(train)  [2][1000/1989]  lr: 2.1892e-04  eta: 11:19:30  time: 0.6169  data_time: 0.0017  memory: 18277  loss: 2.6712  loss_ctc: 2.6712
2026/01/07 02:14:00 - mmengine - INFO - Exp name: svtr-large_fudan_scene_finetune_from_pretrain_cn_scene_20260107_013544
2026/01/07 02:14:28 - mmengine - INFO - Epoch(train)  [2][1050/1989]  lr: 2.2049e-04  eta: 11:18:36  time: 0.6686  data_time: 0.0655  memory: 18277  loss: 2.9867  loss_ctc: 2.9867
2026/01/07 02:15:02 - mmengine - INFO - Epoch(train)  [2][1100/1989]  lr: 2.2206e-04  eta: 11:17:36  time: 0.7194  data_time: 0.2758  memory: 18277  loss: 2.8740  loss_ctc: 2.8740
2026/01/07 02:15:32 - mmengine - INFO - Epoch(train)  [2][1150/1989]  lr: 2.2363e-04  eta: 11:15:19  time: 0.6306  data_time: 0.0260  memory: 18277  loss: 2.8927  loss_ctc: 2.8927
2026/01/07 02:16:09 - mmengine - INFO - Epoch(train)  [2][1200/1989]  lr: 2.2520e-04  eta: 11:14:56  time: 0.9890  data_time: 0.0020  memory: 18277  loss: 2.9233  loss_ctc: 2.9233
2026/01/07 02:16:42 - mmengine - INFO - Epoch(train)  [2][1250/1989]  lr: 2.2677e-04  eta: 11:13:35  time: 0.5636  data_time: 0.0018  memory: 18277  loss: 2.8732  loss_ctc: 2.8732
2026/01/07 02:17:16 - mmengine - INFO - Epoch(train)  [2][1300/1989]  lr: 2.2834e-04  eta: 11:12:16  time: 0.6105  data_time: 0.1784  memory: 18277  loss: 3.0797  loss_ctc: 3.0797
2026/01/07 02:17:51 - mmengine - INFO - Epoch(train)  [2][1350/1989]  lr: 2.2992e-04  eta: 11:11:30  time: 0.6509  data_time: 0.0018  memory: 18277  loss: 2.8054  loss_ctc: 2.8054
2026/01/07 02:18:27 - mmengine - INFO - Epoch(train)  [2][1400/1989]  lr: 2.3149e-04  eta: 11:10:57  time: 0.7186  data_time: 0.0017  memory: 18277  loss: 2.7054  loss_ctc: 2.7054
2026/01/07 02:19:04 - mmengine - INFO - Epoch(train)  [2][1450/1989]  lr: 2.3306e-04  eta: 11:10:42  time: 0.6695  data_time: 0.2367  memory: 18277  loss: 3.0970  loss_ctc: 3.0970
2026/01/07 02:19:41 - mmengine - INFO - Epoch(train)  [2][1500/1989]  lr: 2.3463e-04  eta: 11:10:25  time: 0.6366  data_time: 0.0201  memory: 18277  loss: 2.7905  loss_ctc: 2.7905
2026/01/07 02:20:15 - mmengine - INFO - Epoch(train)  [2][1550/1989]  lr: 2.3620e-04  eta: 11:09:20  time: 0.6394  data_time: 0.0018  memory: 18277  loss: 2.6543  loss_ctc: 2.6543
2026/01/07 02:20:51 - mmengine - INFO - Epoch(train)  [2][1600/1989]  lr: 2.3777e-04  eta: 11:08:53  time: 0.4565  data_time: 0.0017  memory: 18277  loss: 2.8444  loss_ctc: 2.8444
2026/01/07 02:21:26 - mmengine - INFO - Epoch(train)  [2][1650/1989]  lr: 2.3934e-04  eta: 11:07:58  time: 0.8262  data_time: 0.0017  memory: 18277  loss: 3.0512  loss_ctc: 3.0512
2026/01/07 02:22:00 - mmengine - INFO - Epoch(train)  [2][1700/1989]  lr: 2.4092e-04  eta: 11:07:03  time: 0.5804  data_time: 0.0017  memory: 18277  loss: 2.9134  loss_ctc: 2.9134
2026/01/07 02:22:33 - mmengine - INFO - Epoch(train)  [2][1750/1989]  lr: 2.4249e-04  eta: 11:05:42  time: 0.6833  data_time: 0.0019  memory: 18277  loss: 2.6848  loss_ctc: 2.6848
2026/01/07 02:23:10 - mmengine - INFO - Epoch(train)  [2][1800/1989]  lr: 2.4406e-04  eta: 11:05:27  time: 0.6740  data_time: 0.2338  memory: 18277  loss: 2.6852  loss_ctc: 2.6852
2026/01/07 02:23:45 - mmengine - INFO - Epoch(train)  [2][1850/1989]  lr: 2.4563e-04  eta: 11:04:41  time: 0.4937  data_time: 0.0018  memory: 18277  loss: 3.0730  loss_ctc: 3.0730
2026/01/07 02:24:26 - mmengine - INFO - Epoch(train)  [2][1900/1989]  lr: 2.4720e-04  eta: 11:05:18  time: 0.7102  data_time: 0.2748  memory: 18277  loss: 2.7362  loss_ctc: 2.7362
2026/01/07 02:24:58 - mmengine - INFO - Epoch(train)  [2][1950/1989]  lr: 2.4877e-04  eta: 11:03:48  time: 0.5892  data_time: 0.0020  memory: 18277  loss: 2.9061  loss_ctc: 2.9061
2026/01/07 02:25:26 - mmengine - INFO - Exp name: svtr-large_fudan_scene_finetune_from_pretrain_cn_scene_20260107_013544
2026/01/07 02:25:26 - mmengine - INFO - Saving checkpoint at 2 epochs
2026/01/07 02:25:35 - mmengine - INFO - Epoch(val)  [2][ 50/498]    eta: 0:01:05  time: 0.1358  data_time: 0.0005  memory: 18277  
2026/01/07 02:25:42 - mmengine - INFO - Epoch(val)  [2][100/498]    eta: 0:00:55  time: 0.1338  data_time: 0.0006  memory: 1675  
2026/01/07 02:25:49 - mmengine - INFO - Epoch(val)  [2][150/498]    eta: 0:00:48  time: 0.1330  data_time: 0.0005  memory: 1675  
2026/01/07 02:25:56 - mmengine - INFO - Epoch(val)  [2][200/498]    eta: 0:00:41  time: 0.1366  data_time: 0.0005  memory: 1675  
2026/01/07 02:26:03 - mmengine - INFO - Epoch(val)  [2][250/498]    eta: 0:00:34  time: 0.1331  data_time: 0.0006  memory: 1675  
2026/01/07 02:26:10 - mmengine - INFO - Epoch(val)  [2][300/498]    eta: 0:00:27  time: 0.1338  data_time: 0.0005  memory: 1675  
2026/01/07 02:26:17 - mmengine - INFO - Epoch(val)  [2][350/498]    eta: 0:00:20  time: 0.1361  data_time: 0.0006  memory: 1675  
2026/01/07 02:26:23 - mmengine - INFO - Epoch(val)  [2][400/498]    eta: 0:00:13  time: 0.1345  data_time: 0.0007  memory: 1675  
2026/01/07 02:26:30 - mmengine - INFO - Epoch(val)  [2][450/498]    eta: 0:00:06  time: 0.1544  data_time: 0.0006  memory: 1675  
2026/01/07 02:26:52 - mmengine - INFO - Epoch(val) [2][498/498]    Fudan/recog/word_acc: 0.4604  Fudan/recog/1-N.E.D: 0.6503  data_time: 0.0009  time: 0.1371
2026/01/07 02:26:52 - mmengine - INFO - The previous best checkpoint /root/lanyun-tmp/mmocr/work_dirs/svtr-large_finetune/best_Fudan_recog_word_acc_epoch_1.pth is removed
2026/01/07 02:26:54 - mmengine - INFO - The best checkpoint with 0.4604 Fudan/recog/word_acc at 2 epoch is saved to best_Fudan_recog_word_acc_epoch_2.pth.
2026/01/07 02:27:31 - mmengine - INFO - Exp name: svtr-large_fudan_scene_finetune_from_pretrain_cn_scene_20260107_013544
2026/01/07 02:27:51 - mmengine - INFO - Epoch(train)  [3][  50/1989]  lr: 2.5000e-04  eta: 11:03:59  time: 0.5458  data_time: 0.0943  memory: 18277  loss: 2.7506  loss_ctc: 2.7506
2026/01/07 02:28:28 - mmengine - INFO - Epoch(train)  [3][ 100/1989]  lr: 2.5000e-04  eta: 11:03:49  time: 0.7722  data_time: 0.0021  memory: 18277  loss: 2.8845  loss_ctc: 2.8845
2026/01/07 02:29:08 - mmengine - INFO - Epoch(train)  [3][ 150/1989]  lr: 2.5000e-04  eta: 11:04:06  time: 1.2359  data_time: 0.8050  memory: 18277  loss: 3.0195  loss_ctc: 3.0195
2026/01/07 02:29:46 - mmengine - INFO - Epoch(train)  [3][ 200/1989]  lr: 2.4999e-04  eta: 11:03:59  time: 0.6861  data_time: 0.0681  memory: 18277  loss: 2.6191  loss_ctc: 2.6191
2026/01/07 02:30:22 - mmengine - INFO - Epoch(train)  [3][ 250/1989]  lr: 2.4999e-04  eta: 11:03:29  time: 0.6309  data_time: 0.0020  memory: 18277  loss: 2.7486  loss_ctc: 2.7486
2026/01/07 02:31:00 - mmengine - INFO - Epoch(train)  [3][ 300/1989]  lr: 2.4998e-04  eta: 11:03:19  time: 0.8508  data_time: 0.0029  memory: 18277  loss: 2.7679  loss_ctc: 2.7679
2026/01/07 02:31:33 - mmengine - INFO - Epoch(train)  [3][ 350/1989]  lr: 2.4998e-04  eta: 11:02:06  time: 0.8794  data_time: 0.0678  memory: 18277  loss: 3.0081  loss_ctc: 3.0081
2026/01/07 02:32:05 - mmengine - INFO - Epoch(train)  [3][ 400/1989]  lr: 2.4997e-04  eta: 11:00:32  time: 0.5336  data_time: 0.0131  memory: 18277  loss: 2.8151  loss_ctc: 2.8151
2026/01/07 02:32:42 - mmengine - INFO - Epoch(train)  [3][ 450/1989]  lr: 2.4996e-04  eta: 11:00:17  time: 0.7723  data_time: 0.2773  memory: 18277  loss: 2.5711  loss_ctc: 2.5711
2026/01/07 02:33:19 - mmengine - INFO - Epoch(train)  [3][ 500/1989]  lr: 2.4995e-04  eta: 10:59:58  time: 0.6010  data_time: 0.1649  memory: 18277  loss: 2.7395  loss_ctc: 2.7395
2026/01/07 02:33:53 - mmengine - INFO - Epoch(train)  [3][ 550/1989]  lr: 2.4994e-04  eta: 10:58:49  time: 0.7641  data_time: 0.0019  memory: 18277  loss: 2.8318  loss_ctc: 2.8318
2026/01/07 02:34:27 - mmengine - INFO - Epoch(train)  [3][ 600/1989]  lr: 2.4993e-04  eta: 10:57:52  time: 0.8199  data_time: 0.0371  memory: 18277  loss: 2.9732  loss_ctc: 2.9732
2026/01/07 02:35:00 - mmengine - INFO - Epoch(train)  [3][ 650/1989]  lr: 2.4992e-04  eta: 10:56:42  time: 0.5095  data_time: 0.0018  memory: 18277  loss: 2.6956  loss_ctc: 2.6956
2026/01/07 02:35:33 - mmengine - INFO - Epoch(train)  [3][ 700/1989]  lr: 2.4991e-04  eta: 10:55:38  time: 0.7907  data_time: 0.0020  memory: 18277  loss: 2.7875  loss_ctc: 2.7875
2026/01/07 02:36:07 - mmengine - INFO - Epoch(train)  [3][ 750/1989]  lr: 2.4990e-04  eta: 10:54:42  time: 0.7297  data_time: 0.0021  memory: 18277  loss: 2.6967  loss_ctc: 2.6967
