Loads checkpoint by local backend from path: /root/lanyun-tmp/mmocr/work_dirs/fcenet_r50dcnv2_fpn_finetune_art_rctw_rects/best_icdar_hmean_epoch_96.pth
01/06 01:04:18 - mmengine - INFO - ModulatedDeformConvPack backbone.layer2.0.conv2 is upgraded to version 2.
01/06 01:04:18 - mmengine - INFO - ModulatedDeformConvPack backbone.layer2.1.conv2 is upgraded to version 2.
01/06 01:04:18 - mmengine - INFO - ModulatedDeformConvPack backbone.layer2.2.conv2 is upgraded to version 2.
01/06 01:04:18 - mmengine - INFO - ModulatedDeformConvPack backbone.layer2.3.conv2 is upgraded to version 2.
01/06 01:04:18 - mmengine - INFO - ModulatedDeformConvPack backbone.layer3.0.conv2 is upgraded to version 2.
01/06 01:04:18 - mmengine - INFO - ModulatedDeformConvPack backbone.layer3.1.conv2 is upgraded to version 2.
01/06 01:04:18 - mmengine - INFO - ModulatedDeformConvPack backbone.layer3.2.conv2 is upgraded to version 2.
01/06 01:04:18 - mmengine - INFO - ModulatedDeformConvPack backbone.layer3.3.conv2 is upgraded to version 2.
01/06 01:04:18 - mmengine - INFO - ModulatedDeformConvPack backbone.layer3.4.conv2 is upgraded to version 2.
01/06 01:04:18 - mmengine - INFO - ModulatedDeformConvPack backbone.layer3.5.conv2 is upgraded to version 2.
01/06 01:04:18 - mmengine - INFO - ModulatedDeformConvPack backbone.layer4.0.conv2 is upgraded to version 2.
01/06 01:04:18 - mmengine - INFO - ModulatedDeformConvPack backbone.layer4.1.conv2 is upgraded to version 2.
01/06 01:04:18 - mmengine - INFO - ModulatedDeformConvPack backbone.layer4.2.conv2 is upgraded to version 2.
{
  "total_images": 3363,
  "total_stage1_instances": 60137,
  "total_candidates": 45310,
  "total_selected": 12919,
  "refine_success": 2575,
  "refine_fallback": 10344,
  "refined_per_image_hist": {
    "0": 1668,
    "1": 1158,
    "2": 344,
    "3": 113,
    "4": 40,
    "5": 21,
    "6": 13,
    "7": 3,
    "8": 2,
    "10": 1
  }
}
{
  "total": 671220.9909688681,
  "avg_per_image": 199.58994676445676,
  "stage2_total": 571904.2517635971,
  "stage2_avg_per_patch": 44.27188819969013,
  "stage2_patches": 12918
}
