2026/01/01 10:29:23 - mmengine - INFO - 
------------------------------------------------------------
System environment:
    sys.platform: linux
    Python: 3.8.20 (default, Oct  3 2024, 15:24:27) [GCC 11.2.0]
    CUDA available: True
    MUSA available: False
    numpy_random_seed: 795886269
    GPU 0,1: NVIDIA GeForce RTX 3090
    CUDA_HOME: /usr/local/cuda
    NVCC: Cuda compilation tools, release 11.1, V11.1.105
    GCC: gcc (Ubuntu 9.4.0-1ubuntu1~20.04.2) 9.4.0
    PyTorch: 1.10.2+cu111
    PyTorch compiling details: PyTorch built with:
  - GCC 7.3
  - C++ Version: 201402
  - Intel(R) Math Kernel Library Version 2020.0.0 Product Build 20191122 for Intel(R) 64 architecture applications
  - Intel(R) MKL-DNN v2.2.3 (Git Hash 7336ca9f055cf1bfa13efb658fe15dc9b41f0740)
  - OpenMP 201511 (a.k.a. OpenMP 4.5)
  - LAPACK is enabled (usually provided by MKL)
  - NNPACK is enabled
  - CPU capability usage: AVX2
  - CUDA Runtime 11.1
  - NVCC architecture flags: -gencode;arch=compute_37,code=sm_37;-gencode;arch=compute_50,code=sm_50;-gencode;arch=compute_60,code=sm_60;-gencode;arch=compute_70,code=sm_70;-gencode;arch=compute_75,code=sm_75;-gencode;arch=compute_80,code=sm_80;-gencode;arch=compute_86,code=sm_86
  - CuDNN 8.0.5
  - Magma 2.5.2
  - Build settings: BLAS_INFO=mkl, BUILD_TYPE=Release, CUDA_VERSION=11.1, CUDNN_VERSION=8.0.5, CXX_COMPILER=/opt/rh/devtoolset-7/root/usr/bin/c++, CXX_FLAGS= -Wno-deprecated -fvisibility-inlines-hidden -DUSE_PTHREADPOOL -fopenmp -DNDEBUG -DUSE_KINETO -DUSE_FBGEMM -DUSE_QNNPACK -DUSE_PYTORCH_QNNPACK -DUSE_XNNPACK -DSYMBOLICATE_MOBILE_DEBUG_HANDLE -DEDGE_PROFILER_USE_KINETO -O2 -fPIC -Wno-narrowing -Wall -Wextra -Werror=return-type -Wno-missing-field-initializers -Wno-type-limits -Wno-array-bounds -Wno-unknown-pragmas -Wno-sign-compare -Wno-unused-parameter -Wno-unused-variable -Wno-unused-function -Wno-unused-result -Wno-unused-local-typedefs -Wno-strict-overflow -Wno-strict-aliasing -Wno-error=deprecated-declarations -Wno-stringop-overflow -Wno-psabi -Wno-error=pedantic -Wno-error=redundant-decls -Wno-error=old-style-cast -fdiagnostics-color=always -faligned-new -Wno-unused-but-set-variable -Wno-maybe-uninitialized -fno-math-errno -fno-trapping-math -Werror=format -Wno-stringop-overflow, LAPACK_INFO=mkl, PERF_WITH_AVX=1, PERF_WITH_AVX2=1, PERF_WITH_AVX512=1, TORCH_VERSION=1.10.2, USE_CUDA=ON, USE_CUDNN=ON, USE_EXCEPTION_PTR=1, USE_GFLAGS=OFF, USE_GLOG=OFF, USE_MKL=ON, USE_MKLDNN=ON, USE_MPI=OFF, USE_NCCL=ON, USE_NNPACK=ON, USE_OPENMP=ON, 

    TorchVision: 0.11.3+cu111
    OpenCV: 4.12.0
    MMEngine: 0.10.7

Runtime environment:
    cudnn_benchmark: True
    mp_cfg: {'mp_start_method': 'fork', 'opencv_num_threads': 0}
    dist_cfg: {'backend': 'nccl'}
    seed: 795886269
    Distributed launcher: pytorch
    Distributed training: True
    GPU number: 2
------------------------------------------------------------

2026/01/01 10:29:24 - mmengine - INFO - Config:
auto_scale_lr = dict(base_batch_size=32, enable=True)
custom_hooks = [
    dict(
        min_delta=0.001,
        monitor='icdar/hmean',
        patience=12,
        rule='greater',
        type='EarlyStoppingHook'),
]
default_hooks = dict(
    checkpoint=dict(
        interval=3,
        max_keep_ckpts=3,
        rule='greater',
        save_best='icdar/hmean',
        type='CheckpointHook'),
    logger=dict(interval=5, type='LoggerHook'),
    param_scheduler=dict(type='ParamSchedulerHook'),
    sampler_seed=dict(type='DistSamplerSeedHook'),
    sync_buffer=dict(type='SyncBuffersHook'),
    timer=dict(type='IterTimerHook'),
    visualization=dict(
        draw_gt=False,
        draw_pred=False,
        enable=False,
        interval=1,
        show=False,
        type='VisualizationHook'))
default_scope = 'mmocr'
env_cfg = dict(
    cudnn_benchmark=True,
    dist_cfg=dict(backend='nccl'),
    mp_cfg=dict(mp_start_method='fork', opencv_num_threads=0))
launcher = 'pytorch'
load_from = 'work_dirs/fcenet_r50dcnv2_fpn_pretrain_lsvt_ctw/best_icdar_hmean_epoch_60.pth'
log_level = 'INFO'
log_processor = dict(by_epoch=True, type='LogProcessor', window_size=10)
max_epochs = 100
model = dict(
    backbone=dict(
        dcn=dict(deform_groups=2, fallback_on_stride=False, type='DCNv2'),
        depth=50,
        frozen_stages=-1,
        init_cfg=dict(checkpoint='torchvision://resnet50', type='Pretrained'),
        norm_cfg=dict(requires_grad=True, type='BN'),
        norm_eval=True,
        num_stages=4,
        out_indices=(
            1,
            2,
            3,
        ),
        stage_with_dcn=(
            False,
            True,
            True,
            True,
        ),
        style='pytorch',
        type='mmdet.ResNet'),
    data_preprocessor=dict(
        bgr_to_rgb=True,
        mean=[
            123.675,
            116.28,
            103.53,
        ],
        pad_size_divisor=32,
        std=[
            58.395,
            57.12,
            57.375,
        ],
        type='TextDetDataPreprocessor'),
    det_head=dict(
        fourier_degree=5,
        in_channels=256,
        module_loss=dict(
            level_proportion_range=(
                (
                    0,
                    0.25,
                ),
                (
                    0.2,
                    0.65,
                ),
                (
                    0.55,
                    1.0,
                ),
            ),
            num_sample=50,
            type='FCEModuleLoss'),
        postprocessor=dict(
            alpha=1.0,
            beta=2.0,
            num_reconstr_points=50,
            scales=(
                8,
                16,
                32,
            ),
            score_thr=0.3,
            text_repr_type='poly',
            type='FCEPostprocessor'),
        type='FCEHead'),
    neck=dict(
        act_cfg=None,
        add_extra_convs='on_output',
        in_channels=[
            512,
            1024,
            2048,
        ],
        num_outs=3,
        out_channels=256,
        relu_before_extra_convs=True,
        type='mmdet.FPN'),
    type='FCENet')
optim_wrapper = dict(
    clip_grad=dict(max_norm=5, norm_type=2),
    loss_scale='dynamic',
    optimizer=dict(lr=0.001, momentum=0.9, type='SGD', weight_decay=0.0005),
    type='AmpOptimWrapper')
param_scheduler = [
    dict(begin=0, by_epoch=True, end=2, start_factor=0.1, type='LinearLR'),
    dict(
        begin=2,
        by_epoch=True,
        end=100,
        eta_min=1e-07,
        power=0.9,
        type='PolyLR'),
]
randomness = dict(seed=None)
resume = False
test_cfg = dict(type='TestLoop')
test_dataloader = dict(
    batch_size=1,
    dataset=dict(
        datasets=[
            dict(
                ann_file='instances_val.json',
                data_root='data/art_mmocr',
                pipeline=None,
                test_mode=True,
                type='OCRDataset'),
            dict(
                ann_file='instances_val.json',
                data_root='data/rctw17_mmocr',
                pipeline=None,
                test_mode=True,
                type='OCRDataset'),
            dict(
                ann_file='instances_val.json',
                data_root='data/rects_mmocr',
                pipeline=None,
                test_mode=True,
                type='OCRDataset'),
        ],
        pipeline=[
            dict(
                color_type='color_ignore_orientation',
                type='LoadImageFromFile'),
            dict(keep_ratio=True, scale=(
                2260,
                2260,
            ), type='Resize'),
            dict(
                type='LoadOCRAnnotations',
                with_bbox=True,
                with_label=True,
                with_polygon=True),
            dict(fix_from_bbox=False, type='FixInvalidPolygon'),
            dict(
                meta_keys=(
                    'img_path',
                    'ori_shape',
                    'img_shape',
                    'scale_factor',
                ),
                type='PackTextDetInputs'),
        ],
        type='ConcatDataset'),
    num_workers=2,
    persistent_workers=True,
    pin_memory=True,
    sampler=dict(shuffle=False, type='DefaultSampler'))
test_evaluator = dict(
    dataset_prefixes=dict(
        art='data/art_mmocr',
        rctw='data/rctw17_mmocr',
        rects='data/rects_mmocr'),
    type='MultiDatasetHmeanIOUMetric')
test_list = [
    dict(
        ann_file='instances_val.json',
        data_root='data/art_mmocr',
        pipeline=None,
        test_mode=True,
        type='OCRDataset'),
    dict(
        ann_file='instances_val.json',
        data_root='data/rctw17_mmocr',
        pipeline=None,
        test_mode=True,
        type='OCRDataset'),
    dict(
        ann_file='instances_val.json',
        data_root='data/rects_mmocr',
        pipeline=None,
        test_mode=True,
        type='OCRDataset'),
]
test_pipeline = [
    dict(color_type='color_ignore_orientation', type='LoadImageFromFile'),
    dict(keep_ratio=True, scale=(
        2260,
        2260,
    ), type='Resize'),
    dict(
        type='LoadOCRAnnotations',
        with_bbox=True,
        with_label=True,
        with_polygon=True),
    dict(fix_from_bbox=False, type='FixInvalidPolygon'),
    dict(
        meta_keys=(
            'img_path',
            'ori_shape',
            'img_shape',
            'scale_factor',
        ),
        type='PackTextDetInputs'),
]
textdet_art_data_root = 'data/art_mmocr'
textdet_art_rctw_rects_data_root = 'data/textdet_finetune_art_rctw_rects'
textdet_art_rctw_rects_test = dict(
    ann_file='instances_val.json',
    data_root='data/textdet_finetune_art_rctw_rects',
    pipeline=None,
    test_mode=True,
    type='OCRDataset')
textdet_art_rctw_rects_train = dict(
    ann_file='instances_train.json',
    data_root='data/textdet_finetune_art_rctw_rects',
    filter_cfg=dict(filter_empty_gt=True, min_size=32),
    pipeline=None,
    type='OCRDataset')
textdet_art_test = dict(
    ann_file='instances_val.json',
    data_root='data/art_mmocr',
    pipeline=None,
    test_mode=True,
    type='OCRDataset')
textdet_art_train = dict(
    ann_file='instances_train.json',
    data_root='data/art_mmocr',
    filter_cfg=dict(filter_empty_gt=True, min_size=32),
    pipeline=None,
    type='OCRDataset')
textdet_rctw_data_root = 'data/rctw17_mmocr'
textdet_rctw_test = dict(
    ann_file='instances_val.json',
    data_root='data/rctw17_mmocr',
    pipeline=None,
    test_mode=True,
    type='OCRDataset')
textdet_rctw_train = dict(
    ann_file='instances_train.json',
    data_root='data/rctw17_mmocr',
    filter_cfg=dict(filter_empty_gt=True, min_size=32),
    pipeline=None,
    type='OCRDataset')
textdet_rects_data_root = 'data/rects_mmocr'
textdet_rects_test = dict(
    ann_file='instances_val.json',
    data_root='data/rects_mmocr',
    pipeline=None,
    test_mode=True,
    type='OCRDataset')
textdet_rects_train = dict(
    ann_file='instances_train.json',
    data_root='data/rects_mmocr',
    filter_cfg=dict(filter_empty_gt=True, min_size=32),
    pipeline=None,
    type='OCRDataset')
train_cfg = dict(max_epochs=100, type='EpochBasedTrainLoop', val_interval=3)
train_dataloader = dict(
    batch_size=32,
    dataset=dict(
        datasets=[
            dict(
                ann_file='instances_train.json',
                data_root='data/art_mmocr',
                filter_cfg=dict(filter_empty_gt=True, min_size=32),
                pipeline=None,
                type='OCRDataset'),
            dict(
                ann_file='instances_train.json',
                data_root='data/rctw17_mmocr',
                filter_cfg=dict(filter_empty_gt=True, min_size=32),
                pipeline=None,
                type='OCRDataset'),
            dict(
                ann_file='instances_train.json',
                data_root='data/rects_mmocr',
                filter_cfg=dict(filter_empty_gt=True, min_size=32),
                pipeline=None,
                type='OCRDataset'),
        ],
        pipeline=[
            dict(
                color_type='color_ignore_orientation',
                type='LoadImageFromFile'),
            dict(
                type='LoadOCRAnnotations',
                with_bbox=True,
                with_label=True,
                with_polygon=True),
            dict(fix_from_bbox=False, type='FixInvalidPolygon'),
            dict(
                keep_ratio=True,
                ratio_range=(
                    0.75,
                    2.5,
                ),
                scale=(
                    800,
                    800,
                ),
                type='RandomResize'),
            dict(
                crop_ratio=0.5,
                iter_num=1,
                min_area_ratio=0.2,
                type='TextDetRandomCropFlip'),
            dict(
                prob=0.8,
                transforms=[
                    dict(min_side_ratio=0.3, type='RandomCrop'),
                ],
                type='RandomApply'),
            dict(
                prob=0.5,
                transforms=[
                    dict(
                        max_angle=30,
                        pad_with_fixed_color=False,
                        type='RandomRotate',
                        use_canvas=True),
                ],
                type='RandomApply'),
            dict(
                prob=[
                    0.6,
                    0.4,
                ],
                transforms=[
                    [
                        dict(keep_ratio=True, scale=800, type='Resize'),
                        dict(target_scale=800, type='SourceImagePad'),
                    ],
                    dict(keep_ratio=False, scale=800, type='Resize'),
                ],
                type='RandomChoice'),
            dict(direction='horizontal', prob=0.5, type='RandomFlip'),
            dict(
                brightness=0.12549019607843137,
                contrast=0.5,
                op='ColorJitter',
                saturation=0.5,
                type='TorchVisionWrapper'),
            dict(
                meta_keys=(
                    'img_path',
                    'ori_shape',
                    'img_shape',
                    'scale_factor',
                ),
                type='PackTextDetInputs'),
        ],
        type='ConcatDataset'),
    num_workers=6,
    persistent_workers=True,
    pin_memory=True,
    sampler=dict(shuffle=True, type='DefaultSampler'))
train_list = [
    dict(
        ann_file='instances_train.json',
        data_root='data/art_mmocr',
        filter_cfg=dict(filter_empty_gt=True, min_size=32),
        pipeline=None,
        type='OCRDataset'),
    dict(
        ann_file='instances_train.json',
        data_root='data/rctw17_mmocr',
        filter_cfg=dict(filter_empty_gt=True, min_size=32),
        pipeline=None,
        type='OCRDataset'),
    dict(
        ann_file='instances_train.json',
        data_root='data/rects_mmocr',
        filter_cfg=dict(filter_empty_gt=True, min_size=32),
        pipeline=None,
        type='OCRDataset'),
]
train_pipeline = [
    dict(color_type='color_ignore_orientation', type='LoadImageFromFile'),
    dict(
        type='LoadOCRAnnotations',
        with_bbox=True,
        with_label=True,
        with_polygon=True),
    dict(fix_from_bbox=False, type='FixInvalidPolygon'),
    dict(
        keep_ratio=True,
        ratio_range=(
            0.75,
            2.5,
        ),
        scale=(
            800,
            800,
        ),
        type='RandomResize'),
    dict(
        crop_ratio=0.5,
        iter_num=1,
        min_area_ratio=0.2,
        type='TextDetRandomCropFlip'),
    dict(
        prob=0.8,
        transforms=[
            dict(min_side_ratio=0.3, type='RandomCrop'),
        ],
        type='RandomApply'),
    dict(
        prob=0.5,
        transforms=[
            dict(
                max_angle=30,
                pad_with_fixed_color=False,
                type='RandomRotate',
                use_canvas=True),
        ],
        type='RandomApply'),
    dict(
        prob=[
            0.6,
            0.4,
        ],
        transforms=[
            [
                dict(keep_ratio=True, scale=800, type='Resize'),
                dict(target_scale=800, type='SourceImagePad'),
            ],
            dict(keep_ratio=False, scale=800, type='Resize'),
        ],
        type='RandomChoice'),
    dict(direction='horizontal', prob=0.5, type='RandomFlip'),
    dict(
        brightness=0.12549019607843137,
        contrast=0.5,
        op='ColorJitter',
        saturation=0.5,
        type='TorchVisionWrapper'),
    dict(
        meta_keys=(
            'img_path',
            'ori_shape',
            'img_shape',
            'scale_factor',
        ),
        type='PackTextDetInputs'),
]
val_cfg = dict(type='ValLoop')
val_dataloader = dict(
    batch_size=1,
    dataset=dict(
        datasets=[
            dict(
                ann_file='instances_val.json',
                data_root='data/art_mmocr',
                pipeline=None,
                test_mode=True,
                type='OCRDataset'),
            dict(
                ann_file='instances_val.json',
                data_root='data/rctw17_mmocr',
                pipeline=None,
                test_mode=True,
                type='OCRDataset'),
            dict(
                ann_file='instances_val.json',
                data_root='data/rects_mmocr',
                pipeline=None,
                test_mode=True,
                type='OCRDataset'),
        ],
        pipeline=[
            dict(
                color_type='color_ignore_orientation',
                type='LoadImageFromFile'),
            dict(keep_ratio=True, scale=(
                2260,
                2260,
            ), type='Resize'),
            dict(
                type='LoadOCRAnnotations',
                with_bbox=True,
                with_label=True,
                with_polygon=True),
            dict(fix_from_bbox=False, type='FixInvalidPolygon'),
            dict(
                meta_keys=(
                    'img_path',
                    'ori_shape',
                    'img_shape',
                    'scale_factor',
                ),
                type='PackTextDetInputs'),
        ],
        type='ConcatDataset'),
    num_workers=2,
    persistent_workers=True,
    pin_memory=True,
    sampler=dict(shuffle=False, type='DefaultSampler'))
val_evaluator = dict(
    dataset_prefixes=dict(
        art='data/art_mmocr',
        rctw='data/rctw17_mmocr',
        rects='data/rects_mmocr'),
    type='MultiDatasetHmeanIOUMetric')
vis_backends = [
    dict(type='LocalVisBackend'),
]
visualizer = dict(
    name='visualizer',
    type='TextDetLocalVisualizer',
    vis_backends=[
        dict(type='LocalVisBackend'),
    ])
work_dir = 'work_dirs/fcenet_r50dcnv2_fpn_finetune_art_rctw_rects'

2026/01/01 10:29:25 - mmengine - INFO - Hooks will be executed in the following order:
before_run:
(VERY_HIGH   ) RuntimeInfoHook                    
(BELOW_NORMAL) LoggerHook                         
(LOWEST      ) EarlyStoppingHook                  
 -------------------- 
before_train:
(VERY_HIGH   ) RuntimeInfoHook                    
(NORMAL      ) IterTimerHook                      
(VERY_LOW    ) CheckpointHook                     
 -------------------- 
before_train_epoch:
(VERY_HIGH   ) RuntimeInfoHook                    
(NORMAL      ) IterTimerHook                      
(NORMAL      ) DistSamplerSeedHook                
 -------------------- 
before_train_iter:
(VERY_HIGH   ) RuntimeInfoHook                    
(NORMAL      ) IterTimerHook                      
 -------------------- 
after_train_iter:
(VERY_HIGH   ) RuntimeInfoHook                    
(NORMAL      ) IterTimerHook                      
(BELOW_NORMAL) LoggerHook                         
(LOW         ) ParamSchedulerHook                 
(VERY_LOW    ) CheckpointHook                     
 -------------------- 
after_train_epoch:
(NORMAL      ) IterTimerHook                      
(NORMAL      ) SyncBuffersHook                    
(LOW         ) ParamSchedulerHook                 
(VERY_LOW    ) CheckpointHook                     
 -------------------- 
before_val:
(VERY_HIGH   ) RuntimeInfoHook                    
 -------------------- 
before_val_epoch:
(NORMAL      ) IterTimerHook                      
(NORMAL      ) SyncBuffersHook                    
 -------------------- 
before_val_iter:
(NORMAL      ) IterTimerHook                      
 -------------------- 
after_val_iter:
(NORMAL      ) IterTimerHook                      
(NORMAL      ) VisualizationHook                  
(BELOW_NORMAL) LoggerHook                         
 -------------------- 
after_val_epoch:
(VERY_HIGH   ) RuntimeInfoHook                    
(NORMAL      ) IterTimerHook                      
(BELOW_NORMAL) LoggerHook                         
(LOW         ) ParamSchedulerHook                 
(VERY_LOW    ) CheckpointHook                     
(LOWEST      ) EarlyStoppingHook                  
 -------------------- 
after_val:
(VERY_HIGH   ) RuntimeInfoHook                    
 -------------------- 
after_train:
(VERY_HIGH   ) RuntimeInfoHook                    
(VERY_LOW    ) CheckpointHook                     
 -------------------- 
before_test:
(VERY_HIGH   ) RuntimeInfoHook                    
 -------------------- 
before_test_epoch:
(NORMAL      ) IterTimerHook                      
 -------------------- 
before_test_iter:
(NORMAL      ) IterTimerHook                      
 -------------------- 
after_test_iter:
(NORMAL      ) IterTimerHook                      
(NORMAL      ) VisualizationHook                  
(BELOW_NORMAL) LoggerHook                         
 -------------------- 
after_test_epoch:
(VERY_HIGH   ) RuntimeInfoHook                    
(NORMAL      ) IterTimerHook                      
(BELOW_NORMAL) LoggerHook                         
 -------------------- 
after_test:
(VERY_HIGH   ) RuntimeInfoHook                    
 -------------------- 
after_run:
(BELOW_NORMAL) LoggerHook                         
 -------------------- 
2026/01/01 10:29:29 - mmengine - INFO - LR is set based on batch size of 32 and the current batch size is 64. Scaling the original LR by 2.0.
2026/01/01 10:29:30 - mmengine - INFO - load model from: torchvision://resnet50
2026/01/01 10:29:30 - mmengine - INFO - Loads checkpoint by torchvision backend from path: torchvision://resnet50
2026/01/01 10:29:30 - mmengine - WARNING - The model and loaded state dict do not match exactly

unexpected key in source state_dict: fc.weight, fc.bias

missing keys in source state_dict: layer2.0.conv2.conv_offset.weight, layer2.0.conv2.conv_offset.bias, layer2.1.conv2.conv_offset.weight, layer2.1.conv2.conv_offset.bias, layer2.2.conv2.conv_offset.weight, layer2.2.conv2.conv_offset.bias, layer2.3.conv2.conv_offset.weight, layer2.3.conv2.conv_offset.bias, layer3.0.conv2.conv_offset.weight, layer3.0.conv2.conv_offset.bias, layer3.1.conv2.conv_offset.weight, layer3.1.conv2.conv_offset.bias, layer3.2.conv2.conv_offset.weight, layer3.2.conv2.conv_offset.bias, layer3.3.conv2.conv_offset.weight, layer3.3.conv2.conv_offset.bias, layer3.4.conv2.conv_offset.weight, layer3.4.conv2.conv_offset.bias, layer3.5.conv2.conv_offset.weight, layer3.5.conv2.conv_offset.bias, layer4.0.conv2.conv_offset.weight, layer4.0.conv2.conv_offset.bias, layer4.1.conv2.conv_offset.weight, layer4.1.conv2.conv_offset.bias, layer4.2.conv2.conv_offset.weight, layer4.2.conv2.conv_offset.bias

Name of parameter - Initialization information

backbone.conv1.weight - torch.Size([64, 3, 7, 7]): 
PretrainedInit: load from torchvision://resnet50 

backbone.bn1.weight - torch.Size([64]): 
PretrainedInit: load from torchvision://resnet50 

backbone.bn1.bias - torch.Size([64]): 
PretrainedInit: load from torchvision://resnet50 

backbone.layer1.0.conv1.weight - torch.Size([64, 64, 1, 1]): 
PretrainedInit: load from torchvision://resnet50 

backbone.layer1.0.bn1.weight - torch.Size([64]): 
PretrainedInit: load from torchvision://resnet50 

backbone.layer1.0.bn1.bias - torch.Size([64]): 
PretrainedInit: load from torchvision://resnet50 

backbone.layer1.0.conv2.weight - torch.Size([64, 64, 3, 3]): 
PretrainedInit: load from torchvision://resnet50 

backbone.layer1.0.bn2.weight - torch.Size([64]): 
PretrainedInit: load from torchvision://resnet50 

backbone.layer1.0.bn2.bias - torch.Size([64]): 
PretrainedInit: load from torchvision://resnet50 

backbone.layer1.0.conv3.weight - torch.Size([256, 64, 1, 1]): 
PretrainedInit: load from torchvision://resnet50 

backbone.layer1.0.bn3.weight - torch.Size([256]): 
PretrainedInit: load from torchvision://resnet50 

backbone.layer1.0.bn3.bias - torch.Size([256]): 
PretrainedInit: load from torchvision://resnet50 

backbone.layer1.0.downsample.0.weight - torch.Size([256, 64, 1, 1]): 
PretrainedInit: load from torchvision://resnet50 

backbone.layer1.0.downsample.1.weight - torch.Size([256]): 
PretrainedInit: load from torchvision://resnet50 

backbone.layer1.0.downsample.1.bias - torch.Size([256]): 
PretrainedInit: load from torchvision://resnet50 

backbone.layer1.1.conv1.weight - torch.Size([64, 256, 1, 1]): 
PretrainedInit: load from torchvision://resnet50 

backbone.layer1.1.bn1.weight - torch.Size([64]): 
PretrainedInit: load from torchvision://resnet50 

backbone.layer1.1.bn1.bias - torch.Size([64]): 
PretrainedInit: load from torchvision://resnet50 

backbone.layer1.1.conv2.weight - torch.Size([64, 64, 3, 3]): 
PretrainedInit: load from torchvision://resnet50 

backbone.layer1.1.bn2.weight - torch.Size([64]): 
PretrainedInit: load from torchvision://resnet50 

backbone.layer1.1.bn2.bias - torch.Size([64]): 
PretrainedInit: load from torchvision://resnet50 

backbone.layer1.1.conv3.weight - torch.Size([256, 64, 1, 1]): 
PretrainedInit: load from torchvision://resnet50 

backbone.layer1.1.bn3.weight - torch.Size([256]): 
PretrainedInit: load from torchvision://resnet50 

backbone.layer1.1.bn3.bias - torch.Size([256]): 
PretrainedInit: load from torchvision://resnet50 

backbone.layer1.2.conv1.weight - torch.Size([64, 256, 1, 1]): 
PretrainedInit: load from torchvision://resnet50 

backbone.layer1.2.bn1.weight - torch.Size([64]): 
PretrainedInit: load from torchvision://resnet50 

backbone.layer1.2.bn1.bias - torch.Size([64]): 
PretrainedInit: load from torchvision://resnet50 

backbone.layer1.2.conv2.weight - torch.Size([64, 64, 3, 3]): 
PretrainedInit: load from torchvision://resnet50 

backbone.layer1.2.bn2.weight - torch.Size([64]): 
PretrainedInit: load from torchvision://resnet50 

backbone.layer1.2.bn2.bias - torch.Size([64]): 
PretrainedInit: load from torchvision://resnet50 

backbone.layer1.2.conv3.weight - torch.Size([256, 64, 1, 1]): 
PretrainedInit: load from torchvision://resnet50 

backbone.layer1.2.bn3.weight - torch.Size([256]): 
PretrainedInit: load from torchvision://resnet50 

backbone.layer1.2.bn3.bias - torch.Size([256]): 
PretrainedInit: load from torchvision://resnet50 

backbone.layer2.0.conv1.weight - torch.Size([128, 256, 1, 1]): 
PretrainedInit: load from torchvision://resnet50 

backbone.layer2.0.bn1.weight - torch.Size([128]): 
PretrainedInit: load from torchvision://resnet50 

backbone.layer2.0.bn1.bias - torch.Size([128]): 
PretrainedInit: load from torchvision://resnet50 

backbone.layer2.0.conv2.weight - torch.Size([128, 128, 3, 3]): 
PretrainedInit: load from torchvision://resnet50 

backbone.layer2.0.conv2.conv_offset.weight - torch.Size([54, 128, 3, 3]): 
The value is the same before and after calling `init_weights` of FCENet  

backbone.layer2.0.conv2.conv_offset.bias - torch.Size([54]): 
The value is the same before and after calling `init_weights` of FCENet  

backbone.layer2.0.bn2.weight - torch.Size([128]): 
PretrainedInit: load from torchvision://resnet50 

backbone.layer2.0.bn2.bias - torch.Size([128]): 
PretrainedInit: load from torchvision://resnet50 

backbone.layer2.0.conv3.weight - torch.Size([512, 128, 1, 1]): 
PretrainedInit: load from torchvision://resnet50 

backbone.layer2.0.bn3.weight - torch.Size([512]): 
PretrainedInit: load from torchvision://resnet50 

backbone.layer2.0.bn3.bias - torch.Size([512]): 
PretrainedInit: load from torchvision://resnet50 

backbone.layer2.0.downsample.0.weight - torch.Size([512, 256, 1, 1]): 
PretrainedInit: load from torchvision://resnet50 

backbone.layer2.0.downsample.1.weight - torch.Size([512]): 
PretrainedInit: load from torchvision://resnet50 

backbone.layer2.0.downsample.1.bias - torch.Size([512]): 
PretrainedInit: load from torchvision://resnet50 

backbone.layer2.1.conv1.weight - torch.Size([128, 512, 1, 1]): 
PretrainedInit: load from torchvision://resnet50 

backbone.layer2.1.bn1.weight - torch.Size([128]): 
PretrainedInit: load from torchvision://resnet50 

backbone.layer2.1.bn1.bias - torch.Size([128]): 
PretrainedInit: load from torchvision://resnet50 

backbone.layer2.1.conv2.weight - torch.Size([128, 128, 3, 3]): 
PretrainedInit: load from torchvision://resnet50 

backbone.layer2.1.conv2.conv_offset.weight - torch.Size([54, 128, 3, 3]): 
The value is the same before and after calling `init_weights` of FCENet  

backbone.layer2.1.conv2.conv_offset.bias - torch.Size([54]): 
The value is the same before and after calling `init_weights` of FCENet  

backbone.layer2.1.bn2.weight - torch.Size([128]): 
PretrainedInit: load from torchvision://resnet50 

backbone.layer2.1.bn2.bias - torch.Size([128]): 
PretrainedInit: load from torchvision://resnet50 

backbone.layer2.1.conv3.weight - torch.Size([512, 128, 1, 1]): 
PretrainedInit: load from torchvision://resnet50 

backbone.layer2.1.bn3.weight - torch.Size([512]): 
PretrainedInit: load from torchvision://resnet50 

backbone.layer2.1.bn3.bias - torch.Size([512]): 
PretrainedInit: load from torchvision://resnet50 

backbone.layer2.2.conv1.weight - torch.Size([128, 512, 1, 1]): 
PretrainedInit: load from torchvision://resnet50 

backbone.layer2.2.bn1.weight - torch.Size([128]): 
PretrainedInit: load from torchvision://resnet50 

backbone.layer2.2.bn1.bias - torch.Size([128]): 
PretrainedInit: load from torchvision://resnet50 

backbone.layer2.2.conv2.weight - torch.Size([128, 128, 3, 3]): 
PretrainedInit: load from torchvision://resnet50 

backbone.layer2.2.conv2.conv_offset.weight - torch.Size([54, 128, 3, 3]): 
The value is the same before and after calling `init_weights` of FCENet  

backbone.layer2.2.conv2.conv_offset.bias - torch.Size([54]): 
The value is the same before and after calling `init_weights` of FCENet  

backbone.layer2.2.bn2.weight - torch.Size([128]): 
PretrainedInit: load from torchvision://resnet50 

backbone.layer2.2.bn2.bias - torch.Size([128]): 
PretrainedInit: load from torchvision://resnet50 

backbone.layer2.2.conv3.weight - torch.Size([512, 128, 1, 1]): 
PretrainedInit: load from torchvision://resnet50 

backbone.layer2.2.bn3.weight - torch.Size([512]): 
PretrainedInit: load from torchvision://resnet50 

backbone.layer2.2.bn3.bias - torch.Size([512]): 
PretrainedInit: load from torchvision://resnet50 

backbone.layer2.3.conv1.weight - torch.Size([128, 512, 1, 1]): 
PretrainedInit: load from torchvision://resnet50 

backbone.layer2.3.bn1.weight - torch.Size([128]): 
PretrainedInit: load from torchvision://resnet50 

backbone.layer2.3.bn1.bias - torch.Size([128]): 
PretrainedInit: load from torchvision://resnet50 

backbone.layer2.3.conv2.weight - torch.Size([128, 128, 3, 3]): 
PretrainedInit: load from torchvision://resnet50 

backbone.layer2.3.conv2.conv_offset.weight - torch.Size([54, 128, 3, 3]): 
The value is the same before and after calling `init_weights` of FCENet  

backbone.layer2.3.conv2.conv_offset.bias - torch.Size([54]): 
The value is the same before and after calling `init_weights` of FCENet  

backbone.layer2.3.bn2.weight - torch.Size([128]): 
PretrainedInit: load from torchvision://resnet50 

backbone.layer2.3.bn2.bias - torch.Size([128]): 
PretrainedInit: load from torchvision://resnet50 

backbone.layer2.3.conv3.weight - torch.Size([512, 128, 1, 1]): 
PretrainedInit: load from torchvision://resnet50 

backbone.layer2.3.bn3.weight - torch.Size([512]): 
PretrainedInit: load from torchvision://resnet50 

backbone.layer2.3.bn3.bias - torch.Size([512]): 
PretrainedInit: load from torchvision://resnet50 

backbone.layer3.0.conv1.weight - torch.Size([256, 512, 1, 1]): 
PretrainedInit: load from torchvision://resnet50 

backbone.layer3.0.bn1.weight - torch.Size([256]): 
PretrainedInit: load from torchvision://resnet50 

backbone.layer3.0.bn1.bias - torch.Size([256]): 
PretrainedInit: load from torchvision://resnet50 

backbone.layer3.0.conv2.weight - torch.Size([256, 256, 3, 3]): 
PretrainedInit: load from torchvision://resnet50 

backbone.layer3.0.conv2.conv_offset.weight - torch.Size([54, 256, 3, 3]): 
The value is the same before and after calling `init_weights` of FCENet  

backbone.layer3.0.conv2.conv_offset.bias - torch.Size([54]): 
The value is the same before and after calling `init_weights` of FCENet  

backbone.layer3.0.bn2.weight - torch.Size([256]): 
PretrainedInit: load from torchvision://resnet50 

backbone.layer3.0.bn2.bias - torch.Size([256]): 
PretrainedInit: load from torchvision://resnet50 

backbone.layer3.0.conv3.weight - torch.Size([1024, 256, 1, 1]): 
PretrainedInit: load from torchvision://resnet50 

backbone.layer3.0.bn3.weight - torch.Size([1024]): 
PretrainedInit: load from torchvision://resnet50 

backbone.layer3.0.bn3.bias - torch.Size([1024]): 
PretrainedInit: load from torchvision://resnet50 

backbone.layer3.0.downsample.0.weight - torch.Size([1024, 512, 1, 1]): 
PretrainedInit: load from torchvision://resnet50 

backbone.layer3.0.downsample.1.weight - torch.Size([1024]): 
PretrainedInit: load from torchvision://resnet50 

backbone.layer3.0.downsample.1.bias - torch.Size([1024]): 
PretrainedInit: load from torchvision://resnet50 

backbone.layer3.1.conv1.weight - torch.Size([256, 1024, 1, 1]): 
PretrainedInit: load from torchvision://resnet50 

backbone.layer3.1.bn1.weight - torch.Size([256]): 
PretrainedInit: load from torchvision://resnet50 

backbone.layer3.1.bn1.bias - torch.Size([256]): 
PretrainedInit: load from torchvision://resnet50 

backbone.layer3.1.conv2.weight - torch.Size([256, 256, 3, 3]): 
PretrainedInit: load from torchvision://resnet50 

backbone.layer3.1.conv2.conv_offset.weight - torch.Size([54, 256, 3, 3]): 
The value is the same before and after calling `init_weights` of FCENet  

backbone.layer3.1.conv2.conv_offset.bias - torch.Size([54]): 
The value is the same before and after calling `init_weights` of FCENet  

backbone.layer3.1.bn2.weight - torch.Size([256]): 
PretrainedInit: load from torchvision://resnet50 

backbone.layer3.1.bn2.bias - torch.Size([256]): 
PretrainedInit: load from torchvision://resnet50 

backbone.layer3.1.conv3.weight - torch.Size([1024, 256, 1, 1]): 
PretrainedInit: load from torchvision://resnet50 

backbone.layer3.1.bn3.weight - torch.Size([1024]): 
PretrainedInit: load from torchvision://resnet50 

backbone.layer3.1.bn3.bias - torch.Size([1024]): 
PretrainedInit: load from torchvision://resnet50 

backbone.layer3.2.conv1.weight - torch.Size([256, 1024, 1, 1]): 
PretrainedInit: load from torchvision://resnet50 

backbone.layer3.2.bn1.weight - torch.Size([256]): 
PretrainedInit: load from torchvision://resnet50 

backbone.layer3.2.bn1.bias - torch.Size([256]): 
PretrainedInit: load from torchvision://resnet50 

backbone.layer3.2.conv2.weight - torch.Size([256, 256, 3, 3]): 
PretrainedInit: load from torchvision://resnet50 

backbone.layer3.2.conv2.conv_offset.weight - torch.Size([54, 256, 3, 3]): 
The value is the same before and after calling `init_weights` of FCENet  

backbone.layer3.2.conv2.conv_offset.bias - torch.Size([54]): 
The value is the same before and after calling `init_weights` of FCENet  

backbone.layer3.2.bn2.weight - torch.Size([256]): 
PretrainedInit: load from torchvision://resnet50 

backbone.layer3.2.bn2.bias - torch.Size([256]): 
PretrainedInit: load from torchvision://resnet50 

backbone.layer3.2.conv3.weight - torch.Size([1024, 256, 1, 1]): 
PretrainedInit: load from torchvision://resnet50 

backbone.layer3.2.bn3.weight - torch.Size([1024]): 
PretrainedInit: load from torchvision://resnet50 

backbone.layer3.2.bn3.bias - torch.Size([1024]): 
PretrainedInit: load from torchvision://resnet50 

backbone.layer3.3.conv1.weight - torch.Size([256, 1024, 1, 1]): 
PretrainedInit: load from torchvision://resnet50 

backbone.layer3.3.bn1.weight - torch.Size([256]): 
PretrainedInit: load from torchvision://resnet50 

backbone.layer3.3.bn1.bias - torch.Size([256]): 
PretrainedInit: load from torchvision://resnet50 

backbone.layer3.3.conv2.weight - torch.Size([256, 256, 3, 3]): 
PretrainedInit: load from torchvision://resnet50 

backbone.layer3.3.conv2.conv_offset.weight - torch.Size([54, 256, 3, 3]): 
The value is the same before and after calling `init_weights` of FCENet  

backbone.layer3.3.conv2.conv_offset.bias - torch.Size([54]): 
The value is the same before and after calling `init_weights` of FCENet  

backbone.layer3.3.bn2.weight - torch.Size([256]): 
PretrainedInit: load from torchvision://resnet50 

backbone.layer3.3.bn2.bias - torch.Size([256]): 
PretrainedInit: load from torchvision://resnet50 

backbone.layer3.3.conv3.weight - torch.Size([1024, 256, 1, 1]): 
PretrainedInit: load from torchvision://resnet50 

backbone.layer3.3.bn3.weight - torch.Size([1024]): 
PretrainedInit: load from torchvision://resnet50 

backbone.layer3.3.bn3.bias - torch.Size([1024]): 
PretrainedInit: load from torchvision://resnet50 

backbone.layer3.4.conv1.weight - torch.Size([256, 1024, 1, 1]): 
PretrainedInit: load from torchvision://resnet50 

backbone.layer3.4.bn1.weight - torch.Size([256]): 
PretrainedInit: load from torchvision://resnet50 

backbone.layer3.4.bn1.bias - torch.Size([256]): 
PretrainedInit: load from torchvision://resnet50 

backbone.layer3.4.conv2.weight - torch.Size([256, 256, 3, 3]): 
PretrainedInit: load from torchvision://resnet50 

backbone.layer3.4.conv2.conv_offset.weight - torch.Size([54, 256, 3, 3]): 
The value is the same before and after calling `init_weights` of FCENet  

backbone.layer3.4.conv2.conv_offset.bias - torch.Size([54]): 
The value is the same before and after calling `init_weights` of FCENet  

backbone.layer3.4.bn2.weight - torch.Size([256]): 
PretrainedInit: load from torchvision://resnet50 

backbone.layer3.4.bn2.bias - torch.Size([256]): 
PretrainedInit: load from torchvision://resnet50 

backbone.layer3.4.conv3.weight - torch.Size([1024, 256, 1, 1]): 
PretrainedInit: load from torchvision://resnet50 

backbone.layer3.4.bn3.weight - torch.Size([1024]): 
PretrainedInit: load from torchvision://resnet50 

backbone.layer3.4.bn3.bias - torch.Size([1024]): 
PretrainedInit: load from torchvision://resnet50 

backbone.layer3.5.conv1.weight - torch.Size([256, 1024, 1, 1]): 
PretrainedInit: load from torchvision://resnet50 

backbone.layer3.5.bn1.weight - torch.Size([256]): 
PretrainedInit: load from torchvision://resnet50 

backbone.layer3.5.bn1.bias - torch.Size([256]): 
PretrainedInit: load from torchvision://resnet50 

backbone.layer3.5.conv2.weight - torch.Size([256, 256, 3, 3]): 
PretrainedInit: load from torchvision://resnet50 

backbone.layer3.5.conv2.conv_offset.weight - torch.Size([54, 256, 3, 3]): 
The value is the same before and after calling `init_weights` of FCENet  

backbone.layer3.5.conv2.conv_offset.bias - torch.Size([54]): 
The value is the same before and after calling `init_weights` of FCENet  

backbone.layer3.5.bn2.weight - torch.Size([256]): 
PretrainedInit: load from torchvision://resnet50 

backbone.layer3.5.bn2.bias - torch.Size([256]): 
PretrainedInit: load from torchvision://resnet50 

backbone.layer3.5.conv3.weight - torch.Size([1024, 256, 1, 1]): 
PretrainedInit: load from torchvision://resnet50 

backbone.layer3.5.bn3.weight - torch.Size([1024]): 
PretrainedInit: load from torchvision://resnet50 

backbone.layer3.5.bn3.bias - torch.Size([1024]): 
PretrainedInit: load from torchvision://resnet50 

backbone.layer4.0.conv1.weight - torch.Size([512, 1024, 1, 1]): 
PretrainedInit: load from torchvision://resnet50 

backbone.layer4.0.bn1.weight - torch.Size([512]): 
PretrainedInit: load from torchvision://resnet50 

backbone.layer4.0.bn1.bias - torch.Size([512]): 
PretrainedInit: load from torchvision://resnet50 

backbone.layer4.0.conv2.weight - torch.Size([512, 512, 3, 3]): 
PretrainedInit: load from torchvision://resnet50 

backbone.layer4.0.conv2.conv_offset.weight - torch.Size([54, 512, 3, 3]): 
The value is the same before and after calling `init_weights` of FCENet  

backbone.layer4.0.conv2.conv_offset.bias - torch.Size([54]): 
The value is the same before and after calling `init_weights` of FCENet  

backbone.layer4.0.bn2.weight - torch.Size([512]): 
PretrainedInit: load from torchvision://resnet50 

backbone.layer4.0.bn2.bias - torch.Size([512]): 
PretrainedInit: load from torchvision://resnet50 

backbone.layer4.0.conv3.weight - torch.Size([2048, 512, 1, 1]): 
PretrainedInit: load from torchvision://resnet50 

backbone.layer4.0.bn3.weight - torch.Size([2048]): 
PretrainedInit: load from torchvision://resnet50 

backbone.layer4.0.bn3.bias - torch.Size([2048]): 
PretrainedInit: load from torchvision://resnet50 

backbone.layer4.0.downsample.0.weight - torch.Size([2048, 1024, 1, 1]): 
PretrainedInit: load from torchvision://resnet50 

backbone.layer4.0.downsample.1.weight - torch.Size([2048]): 
PretrainedInit: load from torchvision://resnet50 

backbone.layer4.0.downsample.1.bias - torch.Size([2048]): 
PretrainedInit: load from torchvision://resnet50 

backbone.layer4.1.conv1.weight - torch.Size([512, 2048, 1, 1]): 
PretrainedInit: load from torchvision://resnet50 

backbone.layer4.1.bn1.weight - torch.Size([512]): 
PretrainedInit: load from torchvision://resnet50 

backbone.layer4.1.bn1.bias - torch.Size([512]): 
PretrainedInit: load from torchvision://resnet50 

backbone.layer4.1.conv2.weight - torch.Size([512, 512, 3, 3]): 
PretrainedInit: load from torchvision://resnet50 

backbone.layer4.1.conv2.conv_offset.weight - torch.Size([54, 512, 3, 3]): 
The value is the same before and after calling `init_weights` of FCENet  

backbone.layer4.1.conv2.conv_offset.bias - torch.Size([54]): 
The value is the same before and after calling `init_weights` of FCENet  

backbone.layer4.1.bn2.weight - torch.Size([512]): 
PretrainedInit: load from torchvision://resnet50 

backbone.layer4.1.bn2.bias - torch.Size([512]): 
PretrainedInit: load from torchvision://resnet50 

backbone.layer4.1.conv3.weight - torch.Size([2048, 512, 1, 1]): 
PretrainedInit: load from torchvision://resnet50 

backbone.layer4.1.bn3.weight - torch.Size([2048]): 
PretrainedInit: load from torchvision://resnet50 

backbone.layer4.1.bn3.bias - torch.Size([2048]): 
PretrainedInit: load from torchvision://resnet50 

backbone.layer4.2.conv1.weight - torch.Size([512, 2048, 1, 1]): 
PretrainedInit: load from torchvision://resnet50 

backbone.layer4.2.bn1.weight - torch.Size([512]): 
PretrainedInit: load from torchvision://resnet50 

backbone.layer4.2.bn1.bias - torch.Size([512]): 
PretrainedInit: load from torchvision://resnet50 

backbone.layer4.2.conv2.weight - torch.Size([512, 512, 3, 3]): 
PretrainedInit: load from torchvision://resnet50 

backbone.layer4.2.conv2.conv_offset.weight - torch.Size([54, 512, 3, 3]): 
The value is the same before and after calling `init_weights` of FCENet  

backbone.layer4.2.conv2.conv_offset.bias - torch.Size([54]): 
The value is the same before and after calling `init_weights` of FCENet  

backbone.layer4.2.bn2.weight - torch.Size([512]): 
PretrainedInit: load from torchvision://resnet50 

backbone.layer4.2.bn2.bias - torch.Size([512]): 
PretrainedInit: load from torchvision://resnet50 

backbone.layer4.2.conv3.weight - torch.Size([2048, 512, 1, 1]): 
PretrainedInit: load from torchvision://resnet50 

backbone.layer4.2.bn3.weight - torch.Size([2048]): 
PretrainedInit: load from torchvision://resnet50 

backbone.layer4.2.bn3.bias - torch.Size([2048]): 
PretrainedInit: load from torchvision://resnet50 

neck.lateral_convs.0.conv.weight - torch.Size([256, 512, 1, 1]): 
XavierInit: gain=1, distribution=uniform, bias=0 

neck.lateral_convs.0.conv.bias - torch.Size([256]): 
The value is the same before and after calling `init_weights` of FCENet  

neck.lateral_convs.1.conv.weight - torch.Size([256, 1024, 1, 1]): 
XavierInit: gain=1, distribution=uniform, bias=0 

neck.lateral_convs.1.conv.bias - torch.Size([256]): 
The value is the same before and after calling `init_weights` of FCENet  

neck.lateral_convs.2.conv.weight - torch.Size([256, 2048, 1, 1]): 
XavierInit: gain=1, distribution=uniform, bias=0 

neck.lateral_convs.2.conv.bias - torch.Size([256]): 
The value is the same before and after calling `init_weights` of FCENet  

neck.fpn_convs.0.conv.weight - torch.Size([256, 256, 3, 3]): 
XavierInit: gain=1, distribution=uniform, bias=0 

neck.fpn_convs.0.conv.bias - torch.Size([256]): 
The value is the same before and after calling `init_weights` of FCENet  

neck.fpn_convs.1.conv.weight - torch.Size([256, 256, 3, 3]): 
XavierInit: gain=1, distribution=uniform, bias=0 

neck.fpn_convs.1.conv.bias - torch.Size([256]): 
The value is the same before and after calling `init_weights` of FCENet  

neck.fpn_convs.2.conv.weight - torch.Size([256, 256, 3, 3]): 
XavierInit: gain=1, distribution=uniform, bias=0 

neck.fpn_convs.2.conv.bias - torch.Size([256]): 
The value is the same before and after calling `init_weights` of FCENet  

det_head.out_conv_cls.weight - torch.Size([4, 256, 3, 3]): 
NormalInit: mean=0, std=0.01, bias=0 

det_head.out_conv_cls.bias - torch.Size([4]): 
NormalInit: mean=0, std=0.01, bias=0 

det_head.out_conv_reg.weight - torch.Size([22, 256, 3, 3]): 
NormalInit: mean=0, std=0.01, bias=0 

det_head.out_conv_reg.bias - torch.Size([22]): 
NormalInit: mean=0, std=0.01, bias=0 
2026/01/01 10:29:31 - mmengine - INFO - ModulatedDeformConvPack backbone.layer2.0.conv2 is upgraded to version 2.
2026/01/01 10:29:31 - mmengine - INFO - ModulatedDeformConvPack backbone.layer2.1.conv2 is upgraded to version 2.
2026/01/01 10:29:31 - mmengine - INFO - ModulatedDeformConvPack backbone.layer2.2.conv2 is upgraded to version 2.
2026/01/01 10:29:31 - mmengine - INFO - ModulatedDeformConvPack backbone.layer2.3.conv2 is upgraded to version 2.
2026/01/01 10:29:31 - mmengine - INFO - ModulatedDeformConvPack backbone.layer3.0.conv2 is upgraded to version 2.
2026/01/01 10:29:31 - mmengine - INFO - ModulatedDeformConvPack backbone.layer3.1.conv2 is upgraded to version 2.
2026/01/01 10:29:31 - mmengine - INFO - ModulatedDeformConvPack backbone.layer3.2.conv2 is upgraded to version 2.
2026/01/01 10:29:31 - mmengine - INFO - ModulatedDeformConvPack backbone.layer3.3.conv2 is upgraded to version 2.
2026/01/01 10:29:31 - mmengine - INFO - ModulatedDeformConvPack backbone.layer3.4.conv2 is upgraded to version 2.
2026/01/01 10:29:31 - mmengine - INFO - ModulatedDeformConvPack backbone.layer3.5.conv2 is upgraded to version 2.
2026/01/01 10:29:31 - mmengine - INFO - ModulatedDeformConvPack backbone.layer4.0.conv2 is upgraded to version 2.
2026/01/01 10:29:31 - mmengine - INFO - ModulatedDeformConvPack backbone.layer4.1.conv2 is upgraded to version 2.
2026/01/01 10:29:31 - mmengine - INFO - ModulatedDeformConvPack backbone.layer4.2.conv2 is upgraded to version 2.
2026/01/01 10:29:31 - mmengine - INFO - Load checkpoint from work_dirs/fcenet_r50dcnv2_fpn_pretrain_lsvt_ctw/best_icdar_hmean_epoch_60.pth
2026/01/01 10:29:31 - mmengine - WARNING - "FileClient" will be deprecated in future. Please use io functions in https://mmengine.readthedocs.io/en/latest/api/fileio.html#file-io
2026/01/01 10:29:31 - mmengine - WARNING - "HardDiskBackend" is the alias of "LocalBackend" and the former will be deprecated in future.
2026/01/01 10:29:31 - mmengine - INFO - Checkpoints will be saved to /root/lanyun-tmp/mmocr/work_dirs/fcenet_r50dcnv2_fpn_finetune_art_rctw_rects.
2026/01/01 10:29:53 - mmengine - INFO - Epoch(train)   [1][  5/474]  lr: 2.0000e-04  eta: 2 days, 10:15:44  time: 4.4255  data_time: 0.8150  memory: 20553  grad_norm: inf  loss: 4.7508  loss_text: 1.0974  loss_center: 1.3343  loss_reg_x: 1.5663  loss_reg_y: 0.7527
2026/01/01 10:30:06 - mmengine - INFO - Epoch(train)   [1][ 10/474]  lr: 2.0000e-04  eta: 1 day, 22:10:10  time: 3.5073  data_time: 0.4089  memory: 19882  grad_norm: inf  loss: 4.3909  loss_text: 1.0175  loss_center: 1.2444  loss_reg_x: 1.4010  loss_reg_y: 0.7279
2026/01/01 10:30:19 - mmengine - INFO - Epoch(train)   [1][ 15/474]  lr: 2.0000e-04  eta: 1 day, 18:03:23  time: 2.5800  data_time: 0.0030  memory: 19882  grad_norm: 31.0253  loss: 4.3029  loss_text: 0.9189  loss_center: 1.1834  loss_reg_x: 1.3931  loss_reg_y: 0.8074
2026/01/01 10:30:32 - mmengine - INFO - Epoch(train)   [1][ 20/474]  lr: 2.0000e-04  eta: 1 day, 16:23:19  time: 2.6303  data_time: 0.0031  memory: 19882  grad_norm: 25.7480  loss: 4.5420  loss_text: 0.9297  loss_center: 1.1981  loss_reg_x: 1.5802  loss_reg_y: 0.8339
2026/01/01 10:30:45 - mmengine - INFO - Epoch(train)   [1][ 25/474]  lr: 2.0000e-04  eta: 1 day, 15:15:39  time: 2.6658  data_time: 0.0033  memory: 19882  grad_norm: inf  loss: 4.3551  loss_text: 0.9307  loss_center: 1.1923  loss_reg_x: 1.4748  loss_reg_y: 0.7573
2026/01/01 10:30:58 - mmengine - INFO - Epoch(train)   [1][ 30/474]  lr: 2.0000e-04  eta: 1 day, 14:14:18  time: 2.5805  data_time: 0.0034  memory: 19882  grad_norm: inf  loss: 4.4201  loss_text: 0.9252  loss_center: 1.2220  loss_reg_x: 1.4557  loss_reg_y: 0.8173
2026/01/01 10:31:11 - mmengine - INFO - Epoch(train)   [1][ 35/474]  lr: 2.0000e-04  eta: 1 day, 13:48:22  time: 2.5986  data_time: 0.0030  memory: 19882  grad_norm: 27.3762  loss: 4.6071  loss_text: 0.9462  loss_center: 1.2095  loss_reg_x: 1.5867  loss_reg_y: 0.8646
2026/01/01 10:31:25 - mmengine - INFO - Epoch(train)   [1][ 40/474]  lr: 2.0000e-04  eta: 1 day, 13:27:17  time: 2.6702  data_time: 0.0034  memory: 19882  grad_norm: 23.0016  loss: 4.5369  loss_text: 0.9251  loss_center: 1.1897  loss_reg_x: 1.5669  loss_reg_y: 0.8552
2026/01/01 10:31:38 - mmengine - INFO - Epoch(train)   [1][ 45/474]  lr: 2.0000e-04  eta: 1 day, 13:21:06  time: 2.7207  data_time: 0.0034  memory: 19882  grad_norm: 23.9566  loss: 4.2205  loss_text: 0.8561  loss_center: 1.1752  loss_reg_x: 1.3925  loss_reg_y: 0.7967
2026/01/01 10:31:51 - mmengine - INFO - Epoch(train)   [1][ 50/474]  lr: 2.0000e-04  eta: 1 day, 13:02:36  time: 2.6937  data_time: 0.0029  memory: 19882  grad_norm: 25.8780  loss: 4.0754  loss_text: 0.8687  loss_center: 1.1679  loss_reg_x: 1.2556  loss_reg_y: 0.7832
2026/01/01 10:32:07 - mmengine - INFO - Epoch(train)   [1][ 55/474]  lr: 2.0000e-04  eta: 1 day, 13:25:44  time: 2.8751  data_time: 0.0027  memory: 19882  grad_norm: 26.2204  loss: 4.3691  loss_text: 0.9359  loss_center: 1.2155  loss_reg_x: 1.3847  loss_reg_y: 0.8331
2026/01/01 10:32:20 - mmengine - INFO - Epoch(train)   [1][ 60/474]  lr: 2.0000e-04  eta: 1 day, 13:11:26  time: 2.8872  data_time: 0.0026  memory: 19882  grad_norm: 25.7608  loss: 4.3979  loss_text: 0.8850  loss_center: 1.2305  loss_reg_x: 1.4464  loss_reg_y: 0.8359
2026/01/01 10:32:34 - mmengine - INFO - Epoch(train)   [1][ 65/474]  lr: 2.0000e-04  eta: 1 day, 13:05:54  time: 2.6866  data_time: 0.0025  memory: 19882  grad_norm: 25.7839  loss: 4.3127  loss_text: 0.8886  loss_center: 1.2134  loss_reg_x: 1.3784  loss_reg_y: 0.8324
2026/01/01 10:32:47 - mmengine - INFO - Epoch(train)   [1][ 70/474]  lr: 2.0000e-04  eta: 1 day, 12:56:58  time: 2.7040  data_time: 0.0023  memory: 19882  grad_norm: 27.8444  loss: 4.2931  loss_text: 0.9204  loss_center: 1.1757  loss_reg_x: 1.3800  loss_reg_y: 0.8170
2026/01/01 10:33:02 - mmengine - INFO - Epoch(train)   [1][ 75/474]  lr: 2.0000e-04  eta: 1 day, 13:03:01  time: 2.7984  data_time: 0.0023  memory: 19882  grad_norm: 26.7833  loss: 3.9718  loss_text: 0.8603  loss_center: 1.1064  loss_reg_x: 1.2625  loss_reg_y: 0.7425
2026/01/01 10:33:16 - mmengine - INFO - Epoch(train)   [1][ 80/474]  lr: 2.0000e-04  eta: 1 day, 13:01:11  time: 2.8579  data_time: 0.0026  memory: 19882  grad_norm: 25.9082  loss: 4.2138  loss_text: 0.8728  loss_center: 1.1780  loss_reg_x: 1.3437  loss_reg_y: 0.8192
2026/01/01 10:33:29 - mmengine - INFO - Epoch(train)   [1][ 85/474]  lr: 2.0000e-04  eta: 1 day, 12:54:48  time: 2.7350  data_time: 0.0027  memory: 19882  grad_norm: 24.0908  loss: 4.1278  loss_text: 0.8593  loss_center: 1.1812  loss_reg_x: 1.3003  loss_reg_y: 0.7870
2026/01/01 10:33:43 - mmengine - INFO - Epoch(train)   [1][ 90/474]  lr: 2.0000e-04  eta: 1 day, 12:54:53  time: 2.7498  data_time: 0.0025  memory: 19882  grad_norm: 23.4221  loss: 3.9193  loss_text: 0.8420  loss_center: 1.1096  loss_reg_x: 1.2054  loss_reg_y: 0.7624
2026/01/01 10:33:57 - mmengine - INFO - Epoch(train)   [1][ 95/474]  lr: 2.0000e-04  eta: 1 day, 12:50:20  time: 2.7605  data_time: 0.0024  memory: 19882  grad_norm: 28.4090  loss: 4.3145  loss_text: 0.9004  loss_center: 1.1764  loss_reg_x: 1.3501  loss_reg_y: 0.8876
2026/01/01 10:34:11 - mmengine - INFO - Epoch(train)   [1][100/474]  lr: 2.0000e-04  eta: 1 day, 12:48:10  time: 2.7297  data_time: 0.0023  memory: 19882  grad_norm: 30.9045  loss: 4.1839  loss_text: 0.8708  loss_center: 1.1810  loss_reg_x: 1.2817  loss_reg_y: 0.8503
2026/01/01 10:34:24 - mmengine - INFO - Epoch(train)   [1][105/474]  lr: 2.0000e-04  eta: 1 day, 12:44:49  time: 2.7362  data_time: 0.0022  memory: 19882  grad_norm: 26.7825  loss: 3.9317  loss_text: 0.8238  loss_center: 1.1193  loss_reg_x: 1.2301  loss_reg_y: 0.7584
2026/01/01 10:34:38 - mmengine - INFO - Epoch(train)   [1][110/474]  lr: 2.0000e-04  eta: 1 day, 12:43:03  time: 2.7362  data_time: 0.0024  memory: 19882  grad_norm: 24.6134  loss: 4.2446  loss_text: 0.8933  loss_center: 1.1645  loss_reg_x: 1.3409  loss_reg_y: 0.8459
2026/01/01 10:34:52 - mmengine - INFO - Epoch(train)   [1][115/474]  lr: 2.0000e-04  eta: 1 day, 12:41:29  time: 2.7553  data_time: 0.0024  memory: 19882  grad_norm: 28.9300  loss: 4.6600  loss_text: 0.9096  loss_center: 1.2227  loss_reg_x: 1.5093  loss_reg_y: 1.0184
2026/01/01 10:35:05 - mmengine - INFO - Epoch(train)   [1][120/474]  lr: 2.0000e-04  eta: 1 day, 12:32:56  time: 2.6484  data_time: 0.0024  memory: 19882  grad_norm: 30.7265  loss: 4.4167  loss_text: 0.8845  loss_center: 1.1947  loss_reg_x: 1.4309  loss_reg_y: 0.9066
2026/01/01 10:35:18 - mmengine - INFO - Epoch(train)   [1][125/474]  lr: 2.0000e-04  eta: 1 day, 12:26:33  time: 2.5639  data_time: 0.0024  memory: 19882  grad_norm: 29.3959  loss: 4.1605  loss_text: 0.8392  loss_center: 1.2024  loss_reg_x: 1.3074  loss_reg_y: 0.8114
2026/01/01 10:35:30 - mmengine - INFO - Epoch(train)   [1][130/474]  lr: 2.0000e-04  eta: 1 day, 12:18:23  time: 2.5504  data_time: 0.0023  memory: 19882  grad_norm: 27.2128  loss: 4.1802  loss_text: 0.7892  loss_center: 1.2256  loss_reg_x: 1.3815  loss_reg_y: 0.7840
2026/01/01 10:35:44 - mmengine - INFO - Epoch(train)   [1][135/474]  lr: 2.0000e-04  eta: 1 day, 12:17:26  time: 2.6268  data_time: 0.0025  memory: 19882  grad_norm: 25.2992  loss: 4.1156  loss_text: 0.8030  loss_center: 1.2008  loss_reg_x: 1.2914  loss_reg_y: 0.8205
2026/01/01 10:35:57 - mmengine - INFO - Epoch(train)   [1][140/474]  lr: 2.0000e-04  eta: 1 day, 12:16:01  time: 2.7312  data_time: 0.0025  memory: 19882  grad_norm: 23.8274  loss: 3.9325  loss_text: 0.7730  loss_center: 1.1605  loss_reg_x: 1.1541  loss_reg_y: 0.8449
2026/01/01 10:36:11 - mmengine - INFO - Epoch(train)   [1][145/474]  lr: 2.0000e-04  eta: 1 day, 12:14:00  time: 2.7094  data_time: 0.0024  memory: 19882  grad_norm: 28.2662  loss: 3.9944  loss_text: 0.7792  loss_center: 1.1559  loss_reg_x: 1.2689  loss_reg_y: 0.7903
2026/01/01 10:36:25 - mmengine - INFO - Epoch(train)   [1][150/474]  lr: 2.0000e-04  eta: 1 day, 12:16:31  time: 2.7809  data_time: 0.0023  memory: 19882  grad_norm: 30.0181  loss: 4.1177  loss_text: 0.8103  loss_center: 1.1322  loss_reg_x: 1.2957  loss_reg_y: 0.8795
2026/01/01 10:36:39 - mmengine - INFO - Epoch(train)   [1][155/474]  lr: 2.0000e-04  eta: 1 day, 12:15:15  time: 2.7942  data_time: 0.0023  memory: 19882  grad_norm: 25.1507  loss: 4.0229  loss_text: 0.7961  loss_center: 1.1166  loss_reg_x: 1.2127  loss_reg_y: 0.8976
2026/01/01 10:36:52 - mmengine - INFO - Epoch(train)   [1][160/474]  lr: 2.0000e-04  eta: 1 day, 12:11:09  time: 2.6642  data_time: 0.0022  memory: 19882  grad_norm: 29.3605  loss: 4.0657  loss_text: 0.7718  loss_center: 1.1444  loss_reg_x: 1.2770  loss_reg_y: 0.8726
2026/01/01 10:37:05 - mmengine - INFO - Epoch(train)   [1][165/474]  lr: 2.0000e-04  eta: 1 day, 12:06:43  time: 2.5932  data_time: 0.0024  memory: 19882  grad_norm: 31.3392  loss: 3.9839  loss_text: 0.7628  loss_center: 1.1216  loss_reg_x: 1.2739  loss_reg_y: 0.8256
2026/01/01 10:37:18 - mmengine - INFO - Epoch(train)   [1][170/474]  lr: 2.0000e-04  eta: 1 day, 12:05:11  time: 2.6388  data_time: 0.0026  memory: 19882  grad_norm: 29.1442  loss: 3.9466  loss_text: 0.7766  loss_center: 1.1113  loss_reg_x: 1.2608  loss_reg_y: 0.7979
2026/01/01 10:37:31 - mmengine - INFO - Epoch(train)   [1][175/474]  lr: 2.0000e-04  eta: 1 day, 12:01:02  time: 2.6362  data_time: 0.0025  memory: 19882  grad_norm: 30.2358  loss: 4.0695  loss_text: 0.8211  loss_center: 1.1347  loss_reg_x: 1.3403  loss_reg_y: 0.7734
2026/01/01 10:37:45 - mmengine - INFO - Epoch(train)   [1][180/474]  lr: 2.0000e-04  eta: 1 day, 12:00:41  time: 2.6581  data_time: 0.0029  memory: 19882  grad_norm: 31.8787  loss: 4.0426  loss_text: 0.8197  loss_center: 1.1230  loss_reg_x: 1.3420  loss_reg_y: 0.7579
2026/01/01 10:37:58 - mmengine - INFO - Epoch(train)   [1][185/474]  lr: 2.0000e-04  eta: 1 day, 11:57:35  time: 2.6751  data_time: 0.0028  memory: 19882  grad_norm: 29.2934  loss: 4.0478  loss_text: 0.8287  loss_center: 1.1572  loss_reg_x: 1.2907  loss_reg_y: 0.7711
2026/01/01 10:38:12 - mmengine - INFO - Epoch(train)   [1][190/474]  lr: 2.0000e-04  eta: 1 day, 12:00:19  time: 2.7475  data_time: 0.0024  memory: 19882  grad_norm: 27.8563  loss: 3.9511  loss_text: 0.8454  loss_center: 1.1169  loss_reg_x: 1.2138  loss_reg_y: 0.7751
2026/01/01 10:38:26 - mmengine - INFO - Epoch(train)   [1][195/474]  lr: 2.0000e-04  eta: 1 day, 11:58:06  time: 2.7659  data_time: 0.0023  memory: 19882  grad_norm: 28.9940  loss: 3.7504  loss_text: 0.8208  loss_center: 1.0757  loss_reg_x: 1.0954  loss_reg_y: 0.7586
2026/01/01 10:38:39 - mmengine - INFO - Epoch(train)   [1][200/474]  lr: 2.0000e-04  eta: 1 day, 11:57:13  time: 2.6787  data_time: 0.0023  memory: 19882  grad_norm: 22.9825  loss: 3.6745  loss_text: 0.8161  loss_center: 1.0914  loss_reg_x: 1.0479  loss_reg_y: 0.7192
2026/01/01 10:38:52 - mmengine - INFO - Epoch(train)   [1][205/474]  lr: 2.0000e-04  eta: 1 day, 11:55:41  time: 2.6923  data_time: 0.0023  memory: 19882  grad_norm: 21.5480  loss: 4.0286  loss_text: 0.8572  loss_center: 1.1500  loss_reg_x: 1.2126  loss_reg_y: 0.8089
2026/01/01 10:39:06 - mmengine - INFO - Epoch(train)   [1][210/474]  lr: 2.0000e-04  eta: 1 day, 11:53:33  time: 2.6564  data_time: 0.0024  memory: 19882  grad_norm: 23.0838  loss: 4.0939  loss_text: 0.8721  loss_center: 1.1730  loss_reg_x: 1.2181  loss_reg_y: 0.8307
2026/01/01 10:39:20 - mmengine - INFO - Epoch(train)   [1][215/474]  lr: 2.0000e-04  eta: 1 day, 11:54:27  time: 2.7192  data_time: 0.0025  memory: 19882  grad_norm: 26.6039  loss: 3.9168  loss_text: 0.8744  loss_center: 1.1378  loss_reg_x: 1.1229  loss_reg_y: 0.7816
2026/01/01 10:39:33 - mmengine - INFO - Epoch(train)   [1][220/474]  lr: 2.0000e-04  eta: 1 day, 11:52:49  time: 2.7306  data_time: 0.0024  memory: 19882  grad_norm: 30.0704  loss: 4.0891  loss_text: 0.8732  loss_center: 1.1562  loss_reg_x: 1.2900  loss_reg_y: 0.7697
2026/01/01 10:39:46 - mmengine - INFO - Epoch(train)   [1][225/474]  lr: 2.0000e-04  eta: 1 day, 11:50:31  time: 2.6402  data_time: 0.0023  memory: 19882  grad_norm: 27.6958  loss: 3.9973  loss_text: 0.8766  loss_center: 1.1313  loss_reg_x: 1.2453  loss_reg_y: 0.7441
2026/01/01 10:40:00 - mmengine - INFO - Epoch(train)   [1][230/474]  lr: 2.0000e-04  eta: 1 day, 11:49:23  time: 2.6503  data_time: 0.0022  memory: 19882  grad_norm: 26.7828  loss: 3.8477  loss_text: 0.8764  loss_center: 1.1487  loss_reg_x: 1.1031  loss_reg_y: 0.7196
2026/01/01 10:40:13 - mmengine - INFO - Epoch(train)   [1][235/474]  lr: 2.0000e-04  eta: 1 day, 11:50:04  time: 2.7354  data_time: 0.0022  memory: 19882  grad_norm: 26.9086  loss: 3.9291  loss_text: 0.8349  loss_center: 1.1600  loss_reg_x: 1.2164  loss_reg_y: 0.7179
2026/01/01 10:40:27 - mmengine - INFO - Epoch(train)   [1][240/474]  lr: 2.0000e-04  eta: 1 day, 11:48:54  time: 2.7336  data_time: 0.0022  memory: 19882  grad_norm: 26.8364  loss: 3.9701  loss_text: 0.8144  loss_center: 1.1701  loss_reg_x: 1.2583  loss_reg_y: 0.7272
2026/01/01 10:40:40 - mmengine - INFO - Epoch(train)   [1][245/474]  lr: 2.0000e-04  eta: 1 day, 11:46:23  time: 2.6345  data_time: 0.0022  memory: 19882  grad_norm: 26.1881  loss: 3.9759  loss_text: 0.7844  loss_center: 1.1668  loss_reg_x: 1.2728  loss_reg_y: 0.7520
2026/01/01 10:40:54 - mmengine - INFO - Epoch(train)   [1][250/474]  lr: 2.0000e-04  eta: 1 day, 11:46:38  time: 2.6763  data_time: 0.0022  memory: 19882  grad_norm: 29.4662  loss: 3.8627  loss_text: 0.7817  loss_center: 1.1327  loss_reg_x: 1.2046  loss_reg_y: 0.7437
2026/01/01 10:41:07 - mmengine - INFO - Epoch(train)   [1][255/474]  lr: 2.0000e-04  eta: 1 day, 11:45:42  time: 2.7239  data_time: 0.0021  memory: 19882  grad_norm: 29.6995  loss: 3.7438  loss_text: 0.8066  loss_center: 1.1070  loss_reg_x: 1.1274  loss_reg_y: 0.7028
2026/01/01 10:41:21 - mmengine - INFO - Epoch(train)   [1][260/474]  lr: 2.0000e-04  eta: 1 day, 11:45:02  time: 2.6934  data_time: 0.0021  memory: 19882  grad_norm: 28.2543  loss: 3.8140  loss_text: 0.8125  loss_center: 1.0846  loss_reg_x: 1.2101  loss_reg_y: 0.7067
2026/01/01 10:41:34 - mmengine - INFO - Epoch(train)   [1][265/474]  lr: 2.0000e-04  eta: 1 day, 11:44:26  time: 2.7034  data_time: 0.0022  memory: 19882  grad_norm: 29.7385  loss: 4.0301  loss_text: 0.8529  loss_center: 1.1406  loss_reg_x: 1.2848  loss_reg_y: 0.7519
2026/01/01 10:41:47 - mmengine - INFO - Epoch(train)   [1][270/474]  lr: 2.0000e-04  eta: 1 day, 11:43:15  time: 2.6847  data_time: 0.0022  memory: 19882  grad_norm: 26.7722  loss: 4.6030  loss_text: 0.9077  loss_center: 1.2272  loss_reg_x: 1.5621  loss_reg_y: 0.9059
2026/01/01 10:42:01 - mmengine - INFO - Epoch(train)   [1][275/474]  lr: 2.0000e-04  eta: 1 day, 11:44:13  time: 2.7377  data_time: 0.0024  memory: 19882  grad_norm: 24.9570  loss: 4.4644  loss_text: 0.8859  loss_center: 1.2183  loss_reg_x: 1.4606  loss_reg_y: 0.8996
2026/01/01 10:42:15 - mmengine - INFO - Epoch(train)   [1][280/474]  lr: 2.0000e-04  eta: 1 day, 11:44:00  time: 2.7717  data_time: 0.0025  memory: 19882  grad_norm: 23.9385  loss: 4.0351  loss_text: 0.8724  loss_center: 1.1801  loss_reg_x: 1.2210  loss_reg_y: 0.7617
2026/01/01 10:42:29 - mmengine - INFO - Epoch(train)   [1][285/474]  lr: 2.0000e-04  eta: 1 day, 11:43:16  time: 2.7125  data_time: 0.0026  memory: 19882  grad_norm: 22.6751  loss: 4.1521  loss_text: 0.8525  loss_center: 1.2448  loss_reg_x: 1.3118  loss_reg_y: 0.7431
