Loads checkpoint by local backend from path: /root/lanyun-tmp/mmocr/work_dirs/fcenet_r50dcnv2_fpn_finetune_art_rctw_rects/best_icdar_hmean_epoch_96.pth
01/06 01:01:23 - mmengine - INFO - ModulatedDeformConvPack backbone.layer2.0.conv2 is upgraded to version 2.
01/06 01:01:23 - mmengine - INFO - ModulatedDeformConvPack backbone.layer2.1.conv2 is upgraded to version 2.
01/06 01:01:23 - mmengine - INFO - ModulatedDeformConvPack backbone.layer2.2.conv2 is upgraded to version 2.
01/06 01:01:23 - mmengine - INFO - ModulatedDeformConvPack backbone.layer2.3.conv2 is upgraded to version 2.
01/06 01:01:23 - mmengine - INFO - ModulatedDeformConvPack backbone.layer3.0.conv2 is upgraded to version 2.
01/06 01:01:23 - mmengine - INFO - ModulatedDeformConvPack backbone.layer3.1.conv2 is upgraded to version 2.
01/06 01:01:23 - mmengine - INFO - ModulatedDeformConvPack backbone.layer3.2.conv2 is upgraded to version 2.
01/06 01:01:23 - mmengine - INFO - ModulatedDeformConvPack backbone.layer3.3.conv2 is upgraded to version 2.
01/06 01:01:23 - mmengine - INFO - ModulatedDeformConvPack backbone.layer3.4.conv2 is upgraded to version 2.
01/06 01:01:23 - mmengine - INFO - ModulatedDeformConvPack backbone.layer3.5.conv2 is upgraded to version 2.
01/06 01:01:23 - mmengine - INFO - ModulatedDeformConvPack backbone.layer4.0.conv2 is upgraded to version 2.
01/06 01:01:23 - mmengine - INFO - ModulatedDeformConvPack backbone.layer4.1.conv2 is upgraded to version 2.
01/06 01:01:23 - mmengine - INFO - ModulatedDeformConvPack backbone.layer4.2.conv2 is upgraded to version 2.
{
  "total_images": 10,
  "total_stage1_instances": 126,
  "total_candidates": 89,
  "total_selected": 32,
  "refine_success": 6,
  "refine_fallback": 26,
  "refined_per_image_hist": {
    "0": 7,
    "1": 1,
    "2": 1,
    "3": 1
  }
}
{
  "total": 1799.9106645584106,
  "avg_per_image": 179.99106645584106,
  "stage2_total": 1560.0660312920809,
  "stage2_avg_per_patch": 48.75206347787753,
  "stage2_patches": 32
}
