2026/01/07 16:45:22 - mmengine - INFO - 
------------------------------------------------------------
System environment:
    sys.platform: linux
    Python: 3.8.20 (default, Oct  3 2024, 15:24:27) [GCC 11.2.0]
    CUDA available: True
    MUSA available: False
    numpy_random_seed: 1203452057
    GPU 0,1: NVIDIA GeForce RTX 3090
    CUDA_HOME: /usr/local/cuda
    NVCC: Cuda compilation tools, release 11.1, V11.1.105
    GCC: gcc (Ubuntu 9.4.0-1ubuntu1~20.04.2) 9.4.0
    PyTorch: 1.10.2+cu111
    PyTorch compiling details: PyTorch built with:
  - GCC 7.3
  - C++ Version: 201402
  - Intel(R) Math Kernel Library Version 2020.0.0 Product Build 20191122 for Intel(R) 64 architecture applications
  - Intel(R) MKL-DNN v2.2.3 (Git Hash 7336ca9f055cf1bfa13efb658fe15dc9b41f0740)
  - OpenMP 201511 (a.k.a. OpenMP 4.5)
  - LAPACK is enabled (usually provided by MKL)
  - NNPACK is enabled
  - CPU capability usage: AVX2
  - CUDA Runtime 11.1
  - NVCC architecture flags: -gencode;arch=compute_37,code=sm_37;-gencode;arch=compute_50,code=sm_50;-gencode;arch=compute_60,code=sm_60;-gencode;arch=compute_70,code=sm_70;-gencode;arch=compute_75,code=sm_75;-gencode;arch=compute_80,code=sm_80;-gencode;arch=compute_86,code=sm_86
  - CuDNN 8.0.5
  - Magma 2.5.2
  - Build settings: BLAS_INFO=mkl, BUILD_TYPE=Release, CUDA_VERSION=11.1, CUDNN_VERSION=8.0.5, CXX_COMPILER=/opt/rh/devtoolset-7/root/usr/bin/c++, CXX_FLAGS= -Wno-deprecated -fvisibility-inlines-hidden -DUSE_PTHREADPOOL -fopenmp -DNDEBUG -DUSE_KINETO -DUSE_FBGEMM -DUSE_QNNPACK -DUSE_PYTORCH_QNNPACK -DUSE_XNNPACK -DSYMBOLICATE_MOBILE_DEBUG_HANDLE -DEDGE_PROFILER_USE_KINETO -O2 -fPIC -Wno-narrowing -Wall -Wextra -Werror=return-type -Wno-missing-field-initializers -Wno-type-limits -Wno-array-bounds -Wno-unknown-pragmas -Wno-sign-compare -Wno-unused-parameter -Wno-unused-variable -Wno-unused-function -Wno-unused-result -Wno-unused-local-typedefs -Wno-strict-overflow -Wno-strict-aliasing -Wno-error=deprecated-declarations -Wno-stringop-overflow -Wno-psabi -Wno-error=pedantic -Wno-error=redundant-decls -Wno-error=old-style-cast -fdiagnostics-color=always -faligned-new -Wno-unused-but-set-variable -Wno-maybe-uninitialized -fno-math-errno -fno-trapping-math -Werror=format -Wno-stringop-overflow, LAPACK_INFO=mkl, PERF_WITH_AVX=1, PERF_WITH_AVX2=1, PERF_WITH_AVX512=1, TORCH_VERSION=1.10.2, USE_CUDA=ON, USE_CUDNN=ON, USE_EXCEPTION_PTR=1, USE_GFLAGS=OFF, USE_GLOG=OFF, USE_MKL=ON, USE_MKLDNN=ON, USE_MPI=OFF, USE_NCCL=ON, USE_NNPACK=ON, USE_OPENMP=ON, 

    TorchVision: 0.11.3+cu111
    OpenCV: 4.12.0
    MMEngine: 0.10.7

Runtime environment:
    cudnn_benchmark: True
    mp_cfg: {'mp_start_method': 'fork', 'opencv_num_threads': 0}
    dist_cfg: {'backend': 'nccl'}
    seed: 1203452057
    Distributed launcher: pytorch
    Distributed training: True
    GPU number: 2
------------------------------------------------------------

2026/01/07 16:45:23 - mmengine - INFO - Config:
auto_scale_lr = dict(base_batch_size=256, enable=True)
default_hooks = dict(
    checkpoint=dict(
        interval=1,
        max_keep_ckpts=3,
        rule='greater',
        save_best='Fudan/recog/word_acc',
        type='CheckpointHook'),
    logger=dict(interval=50, type='LoggerHook'),
    param_scheduler=dict(type='ParamSchedulerHook'),
    sampler_seed=dict(type='DistSamplerSeedHook'),
    sync_buffer=dict(type='SyncBuffersHook'),
    timer=dict(type='IterTimerHook'),
    visualization=dict(
        draw_gt=False,
        draw_pred=False,
        enable=False,
        interval=1,
        show=False,
        type='VisualizationHook'))
default_scope = 'mmocr'
dictionary = dict(
    dict_file='data/charset/charset_rec_cn_en.txt',
    type='Dictionary',
    with_padding=True,
    with_unknown=True)
env_cfg = dict(
    cudnn_benchmark=True,
    dist_cfg=dict(backend='nccl'),
    mp_cfg=dict(mp_start_method='fork', opencv_num_threads=0))
fudan_scene_rec_root = 'data/fudan/scene'
fudan_scene_test_dataloader = dict(
    batch_size=64,
    dataset=dict(
        ann_file='scene_test',
        data_root='data/fudan/scene',
        pipeline=None,
        type='RecogLMDBDataset'),
    num_workers=8,
    persistent_workers=True,
    pin_memory=True,
    sampler=dict(shuffle=False, type='DefaultSampler'))
fudan_scene_textrecog_test = dict(
    ann_file='scene_test',
    data_root='data/fudan/scene',
    pipeline=None,
    type='RecogLMDBDataset')
fudan_scene_textrecog_train = dict(
    ann_file='scene_train',
    data_root='data/fudan/scene',
    pipeline=None,
    type='RecogLMDBDataset')
fudan_scene_textrecog_val = dict(
    ann_file='scene_val',
    data_root='data/fudan/scene',
    pipeline=None,
    type='RecogLMDBDataset')
fudan_scene_train_dataloader = dict(
    batch_size=64,
    dataset=dict(
        ann_file='scene_train',
        data_root='data/fudan/scene',
        pipeline=None,
        type='RecogLMDBDataset'),
    num_workers=8,
    persistent_workers=True,
    pin_memory=True,
    sampler=dict(shuffle=True, type='DefaultSampler'))
fudan_scene_val_dataloader = dict(
    batch_size=64,
    dataset=dict(
        ann_file='scene_val',
        data_root='data/fudan/scene',
        pipeline=None,
        type='RecogLMDBDataset'),
    num_workers=8,
    persistent_workers=True,
    pin_memory=True,
    sampler=dict(shuffle=False, type='DefaultSampler'))
launcher = 'pytorch'
load_from = None
log_level = 'INFO'
log_processor = dict(by_epoch=True, type='LogProcessor', window_size=10)
model = dict(
    data_preprocessor=dict(
        mean=[
            127.5,
        ], std=[
            127.5,
        ], type='TextRecogDataPreprocessor'),
    decoder=dict(
        dictionary=dict(
            dict_file='data/charset/charset_rec_cn_en.txt',
            type='Dictionary',
            with_padding=True,
            with_unknown=True),
        in_channels=384,
        max_seq_len=40,
        module_loss=dict(
            letter_case='lower', type='CTCModuleLoss', zero_infinity=True),
        postprocessor=dict(type='CTCPostProcessor'),
        type='SVTRDecoder'),
    encoder=dict(
        depth=[
            3,
            9,
            9,
        ],
        embed_dims=[
            192,
            256,
            512,
        ],
        img_size=[
            48,
            160,
        ],
        in_channels=3,
        max_seq_len=40,
        merging_types='Conv',
        mixer_types=[
            'Local',
            'Local',
            'Local',
            'Local',
            'Local',
            'Local',
            'Local',
            'Local',
            'Local',
            'Local',
            'Global',
            'Global',
            'Global',
            'Global',
            'Global',
            'Global',
            'Global',
            'Global',
            'Global',
            'Global',
            'Global',
        ],
        num_heads=[
            6,
            8,
            16,
        ],
        out_channels=384,
        prenorm=False,
        type='SVTREncoder',
        window_size=[
            [
                7,
                11,
            ],
            [
                7,
                11,
            ],
            [
                7,
                11,
            ],
        ]),
    preprocessor=dict(
        in_channels=3,
        margins=[
            0.05,
            0.05,
        ],
        num_control_points=20,
        output_image_size=(
            48,
            160,
        ),
        resized_image_size=(
            32,
            64,
        ),
        type='STN'),
    type='SVTR')
optim_wrapper = dict(
    loss_scale='dynamic',
    optimizer=dict(
        betas=(
            0.9,
            0.99,
        ),
        eps=8e-08,
        lr=0.00025,
        type='AdamW',
        weight_decay=0.05),
    type='AmpOptimWrapper')
param_scheduler = [
    dict(
        convert_to_iter_based=True,
        end=2,
        end_factor=1.0,
        start_factor=0.5,
        type='LinearLR',
        verbose=False),
    dict(
        T_max=29,
        begin=2,
        convert_to_iter_based=True,
        end=30,
        type='CosineAnnealingLR',
        verbose=False),
]
pretrain_epoch = 20
pretrain_work_dir = 'work_dirs/svtr-large_pretrain'
randomness = dict(seed=None)
resume = True
test_cfg = dict(type='TestLoop')
test_dataloader = dict(
    batch_size=64,
    dataset=dict(
        ann_file='scene_test',
        data_root='data/fudan/scene',
        pipeline=[
            dict(type='LoadImageFromNDArray'),
            dict(scale=(
                256,
                64,
            ), type='Resize'),
            dict(type='LoadOCRAnnotations', with_text=True),
            dict(
                meta_keys=(
                    'img_path',
                    'ori_shape',
                    'img_shape',
                    'valid_ratio',
                ),
                type='PackTextRecogInputs'),
        ],
        type='RecogLMDBDataset'),
    num_workers=2,
    persistent_workers=True,
    pin_memory=True,
    prefetch_factor=2,
    sampler=dict(shuffle=False, type='DefaultSampler'))
test_evaluator = dict(
    dataset_prefixes=[
        'Fudan',
    ],
    metrics=[
        dict(mode=[
            'exact',
        ], type='WordMetric'),
        dict(type='OneMinusNEDMetric'),
    ],
    type='MultiDatasetsEvaluator')
test_pipeline = [
    dict(type='LoadImageFromNDArray'),
    dict(scale=(
        256,
        64,
    ), type='Resize'),
    dict(type='LoadOCRAnnotations', with_text=True),
    dict(
        meta_keys=(
            'img_path',
            'ori_shape',
            'img_shape',
            'valid_ratio',
        ),
        type='PackTextRecogInputs'),
]
train_cfg = dict(max_epochs=30, type='EpochBasedTrainLoop', val_interval=1)
train_dataloader = dict(
    batch_size=128,
    dataset=dict(
        ann_file='scene_train',
        data_root='data/fudan/scene',
        pipeline=[
            dict(ignore_empty=True, min_size=5, type='LoadImageFromNDArray'),
            dict(type='LoadOCRAnnotations', with_text=True),
            dict(
                prob=0.4,
                transforms=[
                    dict(type='TextRecogGeneralAug'),
                ],
                type='RandomApply'),
            dict(
                prob=0.4,
                transforms=[
                    dict(type='CropHeight'),
                ],
                type='RandomApply'),
            dict(
                condition='min(results["img_shape"])>10',
                true_transforms=dict(
                    prob=0.4,
                    transforms=[
                        dict(
                            kernel_size=5,
                            op='GaussianBlur',
                            sigma=1,
                            type='TorchVisionWrapper'),
                    ],
                    type='RandomApply'),
                type='ConditionApply'),
            dict(
                prob=0.4,
                transforms=[
                    dict(
                        brightness=0.5,
                        contrast=0.5,
                        hue=0.1,
                        op='ColorJitter',
                        saturation=0.5,
                        type='TorchVisionWrapper'),
                ],
                type='RandomApply'),
            dict(
                prob=0.4,
                transforms=[
                    dict(type='ImageContentJitter'),
                ],
                type='RandomApply'),
            dict(
                prob=0.4,
                transforms=[
                    dict(
                        args=[
                            dict(
                                cls='AdditiveGaussianNoise',
                                scale=0.31622776601683794),
                        ],
                        type='ImgAugWrapper'),
                ],
                type='RandomApply'),
            dict(
                prob=0.4,
                transforms=[
                    dict(type='ReversePixels'),
                ],
                type='RandomApply'),
            dict(scale=(
                256,
                64,
            ), type='Resize'),
            dict(
                meta_keys=(
                    'img_path',
                    'ori_shape',
                    'img_shape',
                    'valid_ratio',
                ),
                type='PackTextRecogInputs'),
        ],
        type='RecogLMDBDataset'),
    num_workers=2,
    persistent_workers=True,
    pin_memory=True,
    prefetch_factor=2,
    sampler=dict(shuffle=True, type='DefaultSampler'))
train_pipeline = [
    dict(ignore_empty=True, min_size=5, type='LoadImageFromNDArray'),
    dict(type='LoadOCRAnnotations', with_text=True),
    dict(
        prob=0.4,
        transforms=[
            dict(type='TextRecogGeneralAug'),
        ],
        type='RandomApply'),
    dict(prob=0.4, transforms=[
        dict(type='CropHeight'),
    ], type='RandomApply'),
    dict(
        condition='min(results["img_shape"])>10',
        true_transforms=dict(
            prob=0.4,
            transforms=[
                dict(
                    kernel_size=5,
                    op='GaussianBlur',
                    sigma=1,
                    type='TorchVisionWrapper'),
            ],
            type='RandomApply'),
        type='ConditionApply'),
    dict(
        prob=0.4,
        transforms=[
            dict(
                brightness=0.5,
                contrast=0.5,
                hue=0.1,
                op='ColorJitter',
                saturation=0.5,
                type='TorchVisionWrapper'),
        ],
        type='RandomApply'),
    dict(
        prob=0.4,
        transforms=[
            dict(type='ImageContentJitter'),
        ],
        type='RandomApply'),
    dict(
        prob=0.4,
        transforms=[
            dict(
                args=[
                    dict(
                        cls='AdditiveGaussianNoise',
                        scale=0.31622776601683794),
                ],
                type='ImgAugWrapper'),
        ],
        type='RandomApply'),
    dict(
        prob=0.4,
        transforms=[
            dict(type='ReversePixels'),
        ],
        type='RandomApply'),
    dict(scale=(
        256,
        64,
    ), type='Resize'),
    dict(
        meta_keys=(
            'img_path',
            'ori_shape',
            'img_shape',
            'valid_ratio',
        ),
        type='PackTextRecogInputs'),
]
tta_model = dict(type='EncoderDecoderRecognizerTTAModel')
tta_pipeline = [
    dict(type='LoadImageFromNDArray'),
    dict(
        transforms=[
            [
                dict(
                    condition="results['img_shape'][1]<results['img_shape'][0]",
                    true_transforms=[
                        dict(
                            args=[
                                dict(cls='Rot90', k=0, keep_size=False),
                            ],
                            type='ImgAugWrapper'),
                    ],
                    type='ConditionApply'),
                dict(
                    condition="results['img_shape'][1]<results['img_shape'][0]",
                    true_transforms=[
                        dict(
                            args=[
                                dict(cls='Rot90', k=1, keep_size=False),
                            ],
                            type='ImgAugWrapper'),
                    ],
                    type='ConditionApply'),
                dict(
                    condition="results['img_shape'][1]<results['img_shape'][0]",
                    true_transforms=[
                        dict(
                            args=[
                                dict(cls='Rot90', k=3, keep_size=False),
                            ],
                            type='ImgAugWrapper'),
                    ],
                    type='ConditionApply'),
            ],
            [
                dict(scale=(
                    256,
                    64,
                ), type='Resize'),
            ],
            [
                dict(type='LoadOCRAnnotations', with_text=True),
            ],
            [
                dict(
                    meta_keys=(
                        'img_path',
                        'ori_shape',
                        'img_shape',
                        'valid_ratio',
                    ),
                    type='PackTextRecogInputs'),
            ],
        ],
        type='TestTimeAug'),
]
val_cfg = dict(type='ValLoop')
val_dataloader = dict(
    batch_size=64,
    dataset=dict(
        ann_file='scene_val',
        data_root='data/fudan/scene',
        pipeline=[
            dict(type='LoadImageFromNDArray'),
            dict(scale=(
                256,
                64,
            ), type='Resize'),
            dict(type='LoadOCRAnnotations', with_text=True),
            dict(
                meta_keys=(
                    'img_path',
                    'ori_shape',
                    'img_shape',
                    'valid_ratio',
                ),
                type='PackTextRecogInputs'),
        ],
        type='RecogLMDBDataset'),
    num_workers=2,
    persistent_workers=True,
    pin_memory=True,
    prefetch_factor=2,
    sampler=dict(shuffle=False, type='DefaultSampler'))
val_evaluator = dict(
    dataset_prefixes=[
        'Fudan',
    ],
    metrics=[
        dict(mode=[
            'exact',
        ], type='WordMetric'),
        dict(type='OneMinusNEDMetric'),
    ],
    type='MultiDatasetsEvaluator')
vis_backends = [
    dict(type='LocalVisBackend'),
]
visualizer = dict(
    name='visualizer',
    type='TextRecogLocalVisualizer',
    vis_backends=[
        dict(type='LocalVisBackend'),
    ])
work_dir = 'work_dirs/svtr-large_finetune'

2026/01/07 16:45:24 - mmengine - INFO - Hooks will be executed in the following order:
before_run:
(VERY_HIGH   ) RuntimeInfoHook                    
(BELOW_NORMAL) LoggerHook                         
 -------------------- 
before_train:
(VERY_HIGH   ) RuntimeInfoHook                    
(NORMAL      ) IterTimerHook                      
(VERY_LOW    ) CheckpointHook                     
 -------------------- 
before_train_epoch:
(VERY_HIGH   ) RuntimeInfoHook                    
(NORMAL      ) IterTimerHook                      
(NORMAL      ) DistSamplerSeedHook                
 -------------------- 
before_train_iter:
(VERY_HIGH   ) RuntimeInfoHook                    
(NORMAL      ) IterTimerHook                      
 -------------------- 
after_train_iter:
(VERY_HIGH   ) RuntimeInfoHook                    
(NORMAL      ) IterTimerHook                      
(BELOW_NORMAL) LoggerHook                         
(LOW         ) ParamSchedulerHook                 
(VERY_LOW    ) CheckpointHook                     
 -------------------- 
after_train_epoch:
(NORMAL      ) IterTimerHook                      
(NORMAL      ) SyncBuffersHook                    
(LOW         ) ParamSchedulerHook                 
(VERY_LOW    ) CheckpointHook                     
 -------------------- 
before_val:
(VERY_HIGH   ) RuntimeInfoHook                    
 -------------------- 
before_val_epoch:
(NORMAL      ) IterTimerHook                      
(NORMAL      ) SyncBuffersHook                    
 -------------------- 
before_val_iter:
(NORMAL      ) IterTimerHook                      
 -------------------- 
after_val_iter:
(NORMAL      ) IterTimerHook                      
(NORMAL      ) VisualizationHook                  
(BELOW_NORMAL) LoggerHook                         
 -------------------- 
after_val_epoch:
(VERY_HIGH   ) RuntimeInfoHook                    
(NORMAL      ) IterTimerHook                      
(BELOW_NORMAL) LoggerHook                         
(LOW         ) ParamSchedulerHook                 
(VERY_LOW    ) CheckpointHook                     
 -------------------- 
after_val:
(VERY_HIGH   ) RuntimeInfoHook                    
 -------------------- 
after_train:
(VERY_HIGH   ) RuntimeInfoHook                    
(VERY_LOW    ) CheckpointHook                     
 -------------------- 
before_test:
(VERY_HIGH   ) RuntimeInfoHook                    
 -------------------- 
before_test_epoch:
(NORMAL      ) IterTimerHook                      
 -------------------- 
before_test_iter:
(NORMAL      ) IterTimerHook                      
 -------------------- 
after_test_iter:
(NORMAL      ) IterTimerHook                      
(NORMAL      ) VisualizationHook                  
(BELOW_NORMAL) LoggerHook                         
 -------------------- 
after_test_epoch:
(VERY_HIGH   ) RuntimeInfoHook                    
(NORMAL      ) IterTimerHook                      
(BELOW_NORMAL) LoggerHook                         
 -------------------- 
after_test:
(VERY_HIGH   ) RuntimeInfoHook                    
 -------------------- 
after_run:
(BELOW_NORMAL) LoggerHook                         
 -------------------- 
2026/01/07 16:45:32 - mmengine - INFO - LR is set based on batch size of 256 and the current batch size is 256. Scaling the original LR by 1.0.
Name of parameter - Initialization information

preprocessor.stn_convnet.0.conv.weight - torch.Size([32, 3, 3, 3]): 
XavierInit: gain=1, distribution=normal, bias=0 

preprocessor.stn_convnet.0.bn.weight - torch.Size([32]): 
The value is the same before and after calling `init_weights` of SVTR  

preprocessor.stn_convnet.0.bn.bias - torch.Size([32]): 
The value is the same before and after calling `init_weights` of SVTR  

preprocessor.stn_convnet.2.conv.weight - torch.Size([64, 32, 3, 3]): 
XavierInit: gain=1, distribution=normal, bias=0 

preprocessor.stn_convnet.2.bn.weight - torch.Size([64]): 
The value is the same before and after calling `init_weights` of SVTR  

preprocessor.stn_convnet.2.bn.bias - torch.Size([64]): 
The value is the same before and after calling `init_weights` of SVTR  

preprocessor.stn_convnet.4.conv.weight - torch.Size([128, 64, 3, 3]): 
XavierInit: gain=1, distribution=normal, bias=0 

preprocessor.stn_convnet.4.bn.weight - torch.Size([128]): 
The value is the same before and after calling `init_weights` of SVTR  

preprocessor.stn_convnet.4.bn.bias - torch.Size([128]): 
The value is the same before and after calling `init_weights` of SVTR  

preprocessor.stn_convnet.6.conv.weight - torch.Size([256, 128, 3, 3]): 
XavierInit: gain=1, distribution=normal, bias=0 

preprocessor.stn_convnet.6.bn.weight - torch.Size([256]): 
The value is the same before and after calling `init_weights` of SVTR  

preprocessor.stn_convnet.6.bn.bias - torch.Size([256]): 
The value is the same before and after calling `init_weights` of SVTR  

preprocessor.stn_convnet.8.conv.weight - torch.Size([256, 256, 3, 3]): 
XavierInit: gain=1, distribution=normal, bias=0 

preprocessor.stn_convnet.8.bn.weight - torch.Size([256]): 
The value is the same before and after calling `init_weights` of SVTR  

preprocessor.stn_convnet.8.bn.bias - torch.Size([256]): 
The value is the same before and after calling `init_weights` of SVTR  

preprocessor.stn_convnet.10.conv.weight - torch.Size([256, 256, 3, 3]): 
XavierInit: gain=1, distribution=normal, bias=0 

preprocessor.stn_convnet.10.bn.weight - torch.Size([256]): 
The value is the same before and after calling `init_weights` of SVTR  

preprocessor.stn_convnet.10.bn.bias - torch.Size([256]): 
The value is the same before and after calling `init_weights` of SVTR  

preprocessor.stn_fc1.0.weight - torch.Size([512, 512]): 
The value is the same before and after calling `init_weights` of SVTR  

preprocessor.stn_fc1.0.bias - torch.Size([512]): 
The value is the same before and after calling `init_weights` of SVTR  

preprocessor.stn_fc1.1.weight - torch.Size([512]): 
The value is the same before and after calling `init_weights` of SVTR  

preprocessor.stn_fc1.1.bias - torch.Size([512]): 
The value is the same before and after calling `init_weights` of SVTR  

preprocessor.stn_fc2.weight - torch.Size([40, 512]): 
The value is the same before and after calling `init_weights` of SVTR  

preprocessor.stn_fc2.bias - torch.Size([40]): 
The value is the same before and after calling `init_weights` of SVTR  

encoder.absolute_pos_embed - torch.Size([1, 480, 192]): 
The value is the same before and after calling `init_weights` of SVTR  

encoder.patch_embed.net.ConvModule0.conv.weight - torch.Size([96, 3, 3, 3]): 
The value is the same before and after calling `init_weights` of SVTR  

encoder.patch_embed.net.ConvModule0.bn.weight - torch.Size([96]): 
The value is the same before and after calling `init_weights` of SVTR  

encoder.patch_embed.net.ConvModule0.bn.bias - torch.Size([96]): 
The value is the same before and after calling `init_weights` of SVTR  

encoder.patch_embed.net.ConvModule1.conv.weight - torch.Size([192, 96, 3, 3]): 
The value is the same before and after calling `init_weights` of SVTR  

encoder.patch_embed.net.ConvModule1.bn.weight - torch.Size([192]): 
The value is the same before and after calling `init_weights` of SVTR  

encoder.patch_embed.net.ConvModule1.bn.bias - torch.Size([192]): 
The value is the same before and after calling `init_weights` of SVTR  

encoder.blocks1.0.norm1.weight - torch.Size([192]): 
The value is the same before and after calling `init_weights` of SVTR  

encoder.blocks1.0.norm1.bias - torch.Size([192]): 
The value is the same before and after calling `init_weights` of SVTR  

encoder.blocks1.0.mixer.qkv.weight - torch.Size([576, 192]): 
The value is the same before and after calling `init_weights` of SVTR  

encoder.blocks1.0.mixer.qkv.bias - torch.Size([576]): 
The value is the same before and after calling `init_weights` of SVTR  

encoder.blocks1.0.mixer.proj.weight - torch.Size([192, 192]): 
The value is the same before and after calling `init_weights` of SVTR  

encoder.blocks1.0.mixer.proj.bias - torch.Size([192]): 
The value is the same before and after calling `init_weights` of SVTR  

encoder.blocks1.0.norm2.weight - torch.Size([192]): 
The value is the same before and after calling `init_weights` of SVTR  

encoder.blocks1.0.norm2.bias - torch.Size([192]): 
The value is the same before and after calling `init_weights` of SVTR  

encoder.blocks1.0.mlp.fc1.weight - torch.Size([768, 192]): 
The value is the same before and after calling `init_weights` of SVTR  

encoder.blocks1.0.mlp.fc1.bias - torch.Size([768]): 
The value is the same before and after calling `init_weights` of SVTR  

encoder.blocks1.0.mlp.fc2.weight - torch.Size([192, 768]): 
The value is the same before and after calling `init_weights` of SVTR  

encoder.blocks1.0.mlp.fc2.bias - torch.Size([192]): 
The value is the same before and after calling `init_weights` of SVTR  

encoder.blocks1.1.norm1.weight - torch.Size([192]): 
The value is the same before and after calling `init_weights` of SVTR  

encoder.blocks1.1.norm1.bias - torch.Size([192]): 
The value is the same before and after calling `init_weights` of SVTR  

encoder.blocks1.1.mixer.qkv.weight - torch.Size([576, 192]): 
The value is the same before and after calling `init_weights` of SVTR  

encoder.blocks1.1.mixer.qkv.bias - torch.Size([576]): 
The value is the same before and after calling `init_weights` of SVTR  

encoder.blocks1.1.mixer.proj.weight - torch.Size([192, 192]): 
The value is the same before and after calling `init_weights` of SVTR  

encoder.blocks1.1.mixer.proj.bias - torch.Size([192]): 
The value is the same before and after calling `init_weights` of SVTR  

encoder.blocks1.1.norm2.weight - torch.Size([192]): 
The value is the same before and after calling `init_weights` of SVTR  

encoder.blocks1.1.norm2.bias - torch.Size([192]): 
The value is the same before and after calling `init_weights` of SVTR  

encoder.blocks1.1.mlp.fc1.weight - torch.Size([768, 192]): 
The value is the same before and after calling `init_weights` of SVTR  

encoder.blocks1.1.mlp.fc1.bias - torch.Size([768]): 
The value is the same before and after calling `init_weights` of SVTR  

encoder.blocks1.1.mlp.fc2.weight - torch.Size([192, 768]): 
The value is the same before and after calling `init_weights` of SVTR  

encoder.blocks1.1.mlp.fc2.bias - torch.Size([192]): 
The value is the same before and after calling `init_weights` of SVTR  

encoder.blocks1.2.norm1.weight - torch.Size([192]): 
The value is the same before and after calling `init_weights` of SVTR  

encoder.blocks1.2.norm1.bias - torch.Size([192]): 
The value is the same before and after calling `init_weights` of SVTR  

encoder.blocks1.2.mixer.qkv.weight - torch.Size([576, 192]): 
The value is the same before and after calling `init_weights` of SVTR  

encoder.blocks1.2.mixer.qkv.bias - torch.Size([576]): 
The value is the same before and after calling `init_weights` of SVTR  

encoder.blocks1.2.mixer.proj.weight - torch.Size([192, 192]): 
The value is the same before and after calling `init_weights` of SVTR  

encoder.blocks1.2.mixer.proj.bias - torch.Size([192]): 
The value is the same before and after calling `init_weights` of SVTR  

encoder.blocks1.2.norm2.weight - torch.Size([192]): 
The value is the same before and after calling `init_weights` of SVTR  

encoder.blocks1.2.norm2.bias - torch.Size([192]): 
The value is the same before and after calling `init_weights` of SVTR  

encoder.blocks1.2.mlp.fc1.weight - torch.Size([768, 192]): 
The value is the same before and after calling `init_weights` of SVTR  

encoder.blocks1.2.mlp.fc1.bias - torch.Size([768]): 
The value is the same before and after calling `init_weights` of SVTR  

encoder.blocks1.2.mlp.fc2.weight - torch.Size([192, 768]): 
The value is the same before and after calling `init_weights` of SVTR  

encoder.blocks1.2.mlp.fc2.bias - torch.Size([192]): 
The value is the same before and after calling `init_weights` of SVTR  

encoder.downsample1.conv.weight - torch.Size([256, 192, 3, 3]): 
The value is the same before and after calling `init_weights` of SVTR  

encoder.downsample1.conv.bias - torch.Size([256]): 
The value is the same before and after calling `init_weights` of SVTR  

encoder.downsample1.norm.weight - torch.Size([256]): 
The value is the same before and after calling `init_weights` of SVTR  

encoder.downsample1.norm.bias - torch.Size([256]): 
The value is the same before and after calling `init_weights` of SVTR  

encoder.blocks2.0.norm1.weight - torch.Size([256]): 
The value is the same before and after calling `init_weights` of SVTR  

encoder.blocks2.0.norm1.bias - torch.Size([256]): 
The value is the same before and after calling `init_weights` of SVTR  

encoder.blocks2.0.mixer.qkv.weight - torch.Size([768, 256]): 
The value is the same before and after calling `init_weights` of SVTR  

encoder.blocks2.0.mixer.qkv.bias - torch.Size([768]): 
The value is the same before and after calling `init_weights` of SVTR  

encoder.blocks2.0.mixer.proj.weight - torch.Size([256, 256]): 
The value is the same before and after calling `init_weights` of SVTR  

encoder.blocks2.0.mixer.proj.bias - torch.Size([256]): 
The value is the same before and after calling `init_weights` of SVTR  

encoder.blocks2.0.norm2.weight - torch.Size([256]): 
The value is the same before and after calling `init_weights` of SVTR  

encoder.blocks2.0.norm2.bias - torch.Size([256]): 
The value is the same before and after calling `init_weights` of SVTR  

encoder.blocks2.0.mlp.fc1.weight - torch.Size([1024, 256]): 
The value is the same before and after calling `init_weights` of SVTR  

encoder.blocks2.0.mlp.fc1.bias - torch.Size([1024]): 
The value is the same before and after calling `init_weights` of SVTR  

encoder.blocks2.0.mlp.fc2.weight - torch.Size([256, 1024]): 
The value is the same before and after calling `init_weights` of SVTR  

encoder.blocks2.0.mlp.fc2.bias - torch.Size([256]): 
The value is the same before and after calling `init_weights` of SVTR  

encoder.blocks2.1.norm1.weight - torch.Size([256]): 
The value is the same before and after calling `init_weights` of SVTR  

encoder.blocks2.1.norm1.bias - torch.Size([256]): 
The value is the same before and after calling `init_weights` of SVTR  

encoder.blocks2.1.mixer.qkv.weight - torch.Size([768, 256]): 
The value is the same before and after calling `init_weights` of SVTR  

encoder.blocks2.1.mixer.qkv.bias - torch.Size([768]): 
The value is the same before and after calling `init_weights` of SVTR  

encoder.blocks2.1.mixer.proj.weight - torch.Size([256, 256]): 
The value is the same before and after calling `init_weights` of SVTR  

encoder.blocks2.1.mixer.proj.bias - torch.Size([256]): 
The value is the same before and after calling `init_weights` of SVTR  

encoder.blocks2.1.norm2.weight - torch.Size([256]): 
The value is the same before and after calling `init_weights` of SVTR  

encoder.blocks2.1.norm2.bias - torch.Size([256]): 
The value is the same before and after calling `init_weights` of SVTR  

encoder.blocks2.1.mlp.fc1.weight - torch.Size([1024, 256]): 
The value is the same before and after calling `init_weights` of SVTR  

encoder.blocks2.1.mlp.fc1.bias - torch.Size([1024]): 
The value is the same before and after calling `init_weights` of SVTR  

encoder.blocks2.1.mlp.fc2.weight - torch.Size([256, 1024]): 
The value is the same before and after calling `init_weights` of SVTR  

encoder.blocks2.1.mlp.fc2.bias - torch.Size([256]): 
The value is the same before and after calling `init_weights` of SVTR  

encoder.blocks2.2.norm1.weight - torch.Size([256]): 
The value is the same before and after calling `init_weights` of SVTR  

encoder.blocks2.2.norm1.bias - torch.Size([256]): 
The value is the same before and after calling `init_weights` of SVTR  

encoder.blocks2.2.mixer.qkv.weight - torch.Size([768, 256]): 
The value is the same before and after calling `init_weights` of SVTR  

encoder.blocks2.2.mixer.qkv.bias - torch.Size([768]): 
The value is the same before and after calling `init_weights` of SVTR  

encoder.blocks2.2.mixer.proj.weight - torch.Size([256, 256]): 
The value is the same before and after calling `init_weights` of SVTR  

encoder.blocks2.2.mixer.proj.bias - torch.Size([256]): 
The value is the same before and after calling `init_weights` of SVTR  

encoder.blocks2.2.norm2.weight - torch.Size([256]): 
The value is the same before and after calling `init_weights` of SVTR  

encoder.blocks2.2.norm2.bias - torch.Size([256]): 
The value is the same before and after calling `init_weights` of SVTR  

encoder.blocks2.2.mlp.fc1.weight - torch.Size([1024, 256]): 
The value is the same before and after calling `init_weights` of SVTR  

encoder.blocks2.2.mlp.fc1.bias - torch.Size([1024]): 
The value is the same before and after calling `init_weights` of SVTR  

encoder.blocks2.2.mlp.fc2.weight - torch.Size([256, 1024]): 
The value is the same before and after calling `init_weights` of SVTR  

encoder.blocks2.2.mlp.fc2.bias - torch.Size([256]): 
The value is the same before and after calling `init_weights` of SVTR  

encoder.blocks2.3.norm1.weight - torch.Size([256]): 
The value is the same before and after calling `init_weights` of SVTR  

encoder.blocks2.3.norm1.bias - torch.Size([256]): 
The value is the same before and after calling `init_weights` of SVTR  

encoder.blocks2.3.mixer.qkv.weight - torch.Size([768, 256]): 
The value is the same before and after calling `init_weights` of SVTR  

encoder.blocks2.3.mixer.qkv.bias - torch.Size([768]): 
The value is the same before and after calling `init_weights` of SVTR  

encoder.blocks2.3.mixer.proj.weight - torch.Size([256, 256]): 
The value is the same before and after calling `init_weights` of SVTR  

encoder.blocks2.3.mixer.proj.bias - torch.Size([256]): 
The value is the same before and after calling `init_weights` of SVTR  

encoder.blocks2.3.norm2.weight - torch.Size([256]): 
The value is the same before and after calling `init_weights` of SVTR  

encoder.blocks2.3.norm2.bias - torch.Size([256]): 
The value is the same before and after calling `init_weights` of SVTR  

encoder.blocks2.3.mlp.fc1.weight - torch.Size([1024, 256]): 
The value is the same before and after calling `init_weights` of SVTR  

encoder.blocks2.3.mlp.fc1.bias - torch.Size([1024]): 
The value is the same before and after calling `init_weights` of SVTR  

encoder.blocks2.3.mlp.fc2.weight - torch.Size([256, 1024]): 
The value is the same before and after calling `init_weights` of SVTR  

encoder.blocks2.3.mlp.fc2.bias - torch.Size([256]): 
The value is the same before and after calling `init_weights` of SVTR  

encoder.blocks2.4.norm1.weight - torch.Size([256]): 
The value is the same before and after calling `init_weights` of SVTR  

encoder.blocks2.4.norm1.bias - torch.Size([256]): 
The value is the same before and after calling `init_weights` of SVTR  

encoder.blocks2.4.mixer.qkv.weight - torch.Size([768, 256]): 
The value is the same before and after calling `init_weights` of SVTR  

encoder.blocks2.4.mixer.qkv.bias - torch.Size([768]): 
The value is the same before and after calling `init_weights` of SVTR  

encoder.blocks2.4.mixer.proj.weight - torch.Size([256, 256]): 
The value is the same before and after calling `init_weights` of SVTR  

encoder.blocks2.4.mixer.proj.bias - torch.Size([256]): 
The value is the same before and after calling `init_weights` of SVTR  

encoder.blocks2.4.norm2.weight - torch.Size([256]): 
The value is the same before and after calling `init_weights` of SVTR  

encoder.blocks2.4.norm2.bias - torch.Size([256]): 
The value is the same before and after calling `init_weights` of SVTR  

encoder.blocks2.4.mlp.fc1.weight - torch.Size([1024, 256]): 
The value is the same before and after calling `init_weights` of SVTR  

encoder.blocks2.4.mlp.fc1.bias - torch.Size([1024]): 
The value is the same before and after calling `init_weights` of SVTR  

encoder.blocks2.4.mlp.fc2.weight - torch.Size([256, 1024]): 
The value is the same before and after calling `init_weights` of SVTR  

encoder.blocks2.4.mlp.fc2.bias - torch.Size([256]): 
The value is the same before and after calling `init_weights` of SVTR  

encoder.blocks2.5.norm1.weight - torch.Size([256]): 
The value is the same before and after calling `init_weights` of SVTR  

encoder.blocks2.5.norm1.bias - torch.Size([256]): 
The value is the same before and after calling `init_weights` of SVTR  

encoder.blocks2.5.mixer.qkv.weight - torch.Size([768, 256]): 
The value is the same before and after calling `init_weights` of SVTR  

encoder.blocks2.5.mixer.qkv.bias - torch.Size([768]): 
The value is the same before and after calling `init_weights` of SVTR  

encoder.blocks2.5.mixer.proj.weight - torch.Size([256, 256]): 
The value is the same before and after calling `init_weights` of SVTR  

encoder.blocks2.5.mixer.proj.bias - torch.Size([256]): 
The value is the same before and after calling `init_weights` of SVTR  

encoder.blocks2.5.norm2.weight - torch.Size([256]): 
The value is the same before and after calling `init_weights` of SVTR  

encoder.blocks2.5.norm2.bias - torch.Size([256]): 
The value is the same before and after calling `init_weights` of SVTR  

encoder.blocks2.5.mlp.fc1.weight - torch.Size([1024, 256]): 
The value is the same before and after calling `init_weights` of SVTR  

encoder.blocks2.5.mlp.fc1.bias - torch.Size([1024]): 
The value is the same before and after calling `init_weights` of SVTR  

encoder.blocks2.5.mlp.fc2.weight - torch.Size([256, 1024]): 
The value is the same before and after calling `init_weights` of SVTR  

encoder.blocks2.5.mlp.fc2.bias - torch.Size([256]): 
The value is the same before and after calling `init_weights` of SVTR  

encoder.blocks2.6.norm1.weight - torch.Size([256]): 
The value is the same before and after calling `init_weights` of SVTR  

encoder.blocks2.6.norm1.bias - torch.Size([256]): 
The value is the same before and after calling `init_weights` of SVTR  

encoder.blocks2.6.mixer.qkv.weight - torch.Size([768, 256]): 
The value is the same before and after calling `init_weights` of SVTR  

encoder.blocks2.6.mixer.qkv.bias - torch.Size([768]): 
The value is the same before and after calling `init_weights` of SVTR  

encoder.blocks2.6.mixer.proj.weight - torch.Size([256, 256]): 
The value is the same before and after calling `init_weights` of SVTR  

encoder.blocks2.6.mixer.proj.bias - torch.Size([256]): 
The value is the same before and after calling `init_weights` of SVTR  

encoder.blocks2.6.norm2.weight - torch.Size([256]): 
The value is the same before and after calling `init_weights` of SVTR  

encoder.blocks2.6.norm2.bias - torch.Size([256]): 
The value is the same before and after calling `init_weights` of SVTR  

encoder.blocks2.6.mlp.fc1.weight - torch.Size([1024, 256]): 
The value is the same before and after calling `init_weights` of SVTR  

encoder.blocks2.6.mlp.fc1.bias - torch.Size([1024]): 
The value is the same before and after calling `init_weights` of SVTR  

encoder.blocks2.6.mlp.fc2.weight - torch.Size([256, 1024]): 
The value is the same before and after calling `init_weights` of SVTR  

encoder.blocks2.6.mlp.fc2.bias - torch.Size([256]): 
The value is the same before and after calling `init_weights` of SVTR  

encoder.blocks2.7.norm1.weight - torch.Size([256]): 
The value is the same before and after calling `init_weights` of SVTR  

encoder.blocks2.7.norm1.bias - torch.Size([256]): 
The value is the same before and after calling `init_weights` of SVTR  

encoder.blocks2.7.mixer.qkv.weight - torch.Size([768, 256]): 
The value is the same before and after calling `init_weights` of SVTR  

encoder.blocks2.7.mixer.qkv.bias - torch.Size([768]): 
The value is the same before and after calling `init_weights` of SVTR  

encoder.blocks2.7.mixer.proj.weight - torch.Size([256, 256]): 
The value is the same before and after calling `init_weights` of SVTR  

encoder.blocks2.7.mixer.proj.bias - torch.Size([256]): 
The value is the same before and after calling `init_weights` of SVTR  

encoder.blocks2.7.norm2.weight - torch.Size([256]): 
The value is the same before and after calling `init_weights` of SVTR  

encoder.blocks2.7.norm2.bias - torch.Size([256]): 
The value is the same before and after calling `init_weights` of SVTR  

encoder.blocks2.7.mlp.fc1.weight - torch.Size([1024, 256]): 
The value is the same before and after calling `init_weights` of SVTR  

encoder.blocks2.7.mlp.fc1.bias - torch.Size([1024]): 
The value is the same before and after calling `init_weights` of SVTR  

encoder.blocks2.7.mlp.fc2.weight - torch.Size([256, 1024]): 
The value is the same before and after calling `init_weights` of SVTR  

encoder.blocks2.7.mlp.fc2.bias - torch.Size([256]): 
The value is the same before and after calling `init_weights` of SVTR  

encoder.blocks2.8.norm1.weight - torch.Size([256]): 
The value is the same before and after calling `init_weights` of SVTR  

encoder.blocks2.8.norm1.bias - torch.Size([256]): 
The value is the same before and after calling `init_weights` of SVTR  

encoder.blocks2.8.mixer.qkv.weight - torch.Size([768, 256]): 
The value is the same before and after calling `init_weights` of SVTR  

encoder.blocks2.8.mixer.qkv.bias - torch.Size([768]): 
The value is the same before and after calling `init_weights` of SVTR  

encoder.blocks2.8.mixer.proj.weight - torch.Size([256, 256]): 
The value is the same before and after calling `init_weights` of SVTR  

encoder.blocks2.8.mixer.proj.bias - torch.Size([256]): 
The value is the same before and after calling `init_weights` of SVTR  

encoder.blocks2.8.norm2.weight - torch.Size([256]): 
The value is the same before and after calling `init_weights` of SVTR  

encoder.blocks2.8.norm2.bias - torch.Size([256]): 
The value is the same before and after calling `init_weights` of SVTR  

encoder.blocks2.8.mlp.fc1.weight - torch.Size([1024, 256]): 
The value is the same before and after calling `init_weights` of SVTR  

encoder.blocks2.8.mlp.fc1.bias - torch.Size([1024]): 
The value is the same before and after calling `init_weights` of SVTR  

encoder.blocks2.8.mlp.fc2.weight - torch.Size([256, 1024]): 
The value is the same before and after calling `init_weights` of SVTR  

encoder.blocks2.8.mlp.fc2.bias - torch.Size([256]): 
The value is the same before and after calling `init_weights` of SVTR  

encoder.downsample2.conv.weight - torch.Size([512, 256, 3, 3]): 
The value is the same before and after calling `init_weights` of SVTR  

encoder.downsample2.conv.bias - torch.Size([512]): 
The value is the same before and after calling `init_weights` of SVTR  

encoder.downsample2.norm.weight - torch.Size([512]): 
The value is the same before and after calling `init_weights` of SVTR  

encoder.downsample2.norm.bias - torch.Size([512]): 
The value is the same before and after calling `init_weights` of SVTR  

encoder.blocks3.0.norm1.weight - torch.Size([512]): 
The value is the same before and after calling `init_weights` of SVTR  

encoder.blocks3.0.norm1.bias - torch.Size([512]): 
The value is the same before and after calling `init_weights` of SVTR  

encoder.blocks3.0.mixer.qkv.weight - torch.Size([1536, 512]): 
The value is the same before and after calling `init_weights` of SVTR  

encoder.blocks3.0.mixer.qkv.bias - torch.Size([1536]): 
The value is the same before and after calling `init_weights` of SVTR  

encoder.blocks3.0.mixer.proj.weight - torch.Size([512, 512]): 
The value is the same before and after calling `init_weights` of SVTR  

encoder.blocks3.0.mixer.proj.bias - torch.Size([512]): 
The value is the same before and after calling `init_weights` of SVTR  

encoder.blocks3.0.norm2.weight - torch.Size([512]): 
The value is the same before and after calling `init_weights` of SVTR  

encoder.blocks3.0.norm2.bias - torch.Size([512]): 
The value is the same before and after calling `init_weights` of SVTR  

encoder.blocks3.0.mlp.fc1.weight - torch.Size([2048, 512]): 
The value is the same before and after calling `init_weights` of SVTR  

encoder.blocks3.0.mlp.fc1.bias - torch.Size([2048]): 
The value is the same before and after calling `init_weights` of SVTR  

encoder.blocks3.0.mlp.fc2.weight - torch.Size([512, 2048]): 
The value is the same before and after calling `init_weights` of SVTR  

encoder.blocks3.0.mlp.fc2.bias - torch.Size([512]): 
The value is the same before and after calling `init_weights` of SVTR  

encoder.blocks3.1.norm1.weight - torch.Size([512]): 
The value is the same before and after calling `init_weights` of SVTR  

encoder.blocks3.1.norm1.bias - torch.Size([512]): 
The value is the same before and after calling `init_weights` of SVTR  

encoder.blocks3.1.mixer.qkv.weight - torch.Size([1536, 512]): 
The value is the same before and after calling `init_weights` of SVTR  

encoder.blocks3.1.mixer.qkv.bias - torch.Size([1536]): 
The value is the same before and after calling `init_weights` of SVTR  

encoder.blocks3.1.mixer.proj.weight - torch.Size([512, 512]): 
The value is the same before and after calling `init_weights` of SVTR  

encoder.blocks3.1.mixer.proj.bias - torch.Size([512]): 
The value is the same before and after calling `init_weights` of SVTR  

encoder.blocks3.1.norm2.weight - torch.Size([512]): 
The value is the same before and after calling `init_weights` of SVTR  

encoder.blocks3.1.norm2.bias - torch.Size([512]): 
The value is the same before and after calling `init_weights` of SVTR  

encoder.blocks3.1.mlp.fc1.weight - torch.Size([2048, 512]): 
The value is the same before and after calling `init_weights` of SVTR  

encoder.blocks3.1.mlp.fc1.bias - torch.Size([2048]): 
The value is the same before and after calling `init_weights` of SVTR  

encoder.blocks3.1.mlp.fc2.weight - torch.Size([512, 2048]): 
The value is the same before and after calling `init_weights` of SVTR  

encoder.blocks3.1.mlp.fc2.bias - torch.Size([512]): 
The value is the same before and after calling `init_weights` of SVTR  

encoder.blocks3.2.norm1.weight - torch.Size([512]): 
The value is the same before and after calling `init_weights` of SVTR  

encoder.blocks3.2.norm1.bias - torch.Size([512]): 
The value is the same before and after calling `init_weights` of SVTR  

encoder.blocks3.2.mixer.qkv.weight - torch.Size([1536, 512]): 
The value is the same before and after calling `init_weights` of SVTR  

encoder.blocks3.2.mixer.qkv.bias - torch.Size([1536]): 
The value is the same before and after calling `init_weights` of SVTR  

encoder.blocks3.2.mixer.proj.weight - torch.Size([512, 512]): 
The value is the same before and after calling `init_weights` of SVTR  

encoder.blocks3.2.mixer.proj.bias - torch.Size([512]): 
The value is the same before and after calling `init_weights` of SVTR  

encoder.blocks3.2.norm2.weight - torch.Size([512]): 
The value is the same before and after calling `init_weights` of SVTR  

encoder.blocks3.2.norm2.bias - torch.Size([512]): 
The value is the same before and after calling `init_weights` of SVTR  

encoder.blocks3.2.mlp.fc1.weight - torch.Size([2048, 512]): 
The value is the same before and after calling `init_weights` of SVTR  

encoder.blocks3.2.mlp.fc1.bias - torch.Size([2048]): 
The value is the same before and after calling `init_weights` of SVTR  

encoder.blocks3.2.mlp.fc2.weight - torch.Size([512, 2048]): 
The value is the same before and after calling `init_weights` of SVTR  

encoder.blocks3.2.mlp.fc2.bias - torch.Size([512]): 
The value is the same before and after calling `init_weights` of SVTR  

encoder.blocks3.3.norm1.weight - torch.Size([512]): 
The value is the same before and after calling `init_weights` of SVTR  

encoder.blocks3.3.norm1.bias - torch.Size([512]): 
The value is the same before and after calling `init_weights` of SVTR  

encoder.blocks3.3.mixer.qkv.weight - torch.Size([1536, 512]): 
The value is the same before and after calling `init_weights` of SVTR  

encoder.blocks3.3.mixer.qkv.bias - torch.Size([1536]): 
The value is the same before and after calling `init_weights` of SVTR  

encoder.blocks3.3.mixer.proj.weight - torch.Size([512, 512]): 
The value is the same before and after calling `init_weights` of SVTR  

encoder.blocks3.3.mixer.proj.bias - torch.Size([512]): 
The value is the same before and after calling `init_weights` of SVTR  

encoder.blocks3.3.norm2.weight - torch.Size([512]): 
The value is the same before and after calling `init_weights` of SVTR  

encoder.blocks3.3.norm2.bias - torch.Size([512]): 
The value is the same before and after calling `init_weights` of SVTR  

encoder.blocks3.3.mlp.fc1.weight - torch.Size([2048, 512]): 
The value is the same before and after calling `init_weights` of SVTR  

encoder.blocks3.3.mlp.fc1.bias - torch.Size([2048]): 
The value is the same before and after calling `init_weights` of SVTR  

encoder.blocks3.3.mlp.fc2.weight - torch.Size([512, 2048]): 
The value is the same before and after calling `init_weights` of SVTR  

encoder.blocks3.3.mlp.fc2.bias - torch.Size([512]): 
The value is the same before and after calling `init_weights` of SVTR  

encoder.blocks3.4.norm1.weight - torch.Size([512]): 
The value is the same before and after calling `init_weights` of SVTR  

encoder.blocks3.4.norm1.bias - torch.Size([512]): 
The value is the same before and after calling `init_weights` of SVTR  

encoder.blocks3.4.mixer.qkv.weight - torch.Size([1536, 512]): 
The value is the same before and after calling `init_weights` of SVTR  

encoder.blocks3.4.mixer.qkv.bias - torch.Size([1536]): 
The value is the same before and after calling `init_weights` of SVTR  

encoder.blocks3.4.mixer.proj.weight - torch.Size([512, 512]): 
The value is the same before and after calling `init_weights` of SVTR  

encoder.blocks3.4.mixer.proj.bias - torch.Size([512]): 
The value is the same before and after calling `init_weights` of SVTR  

encoder.blocks3.4.norm2.weight - torch.Size([512]): 
The value is the same before and after calling `init_weights` of SVTR  

encoder.blocks3.4.norm2.bias - torch.Size([512]): 
The value is the same before and after calling `init_weights` of SVTR  

encoder.blocks3.4.mlp.fc1.weight - torch.Size([2048, 512]): 
The value is the same before and after calling `init_weights` of SVTR  

encoder.blocks3.4.mlp.fc1.bias - torch.Size([2048]): 
The value is the same before and after calling `init_weights` of SVTR  

encoder.blocks3.4.mlp.fc2.weight - torch.Size([512, 2048]): 
The value is the same before and after calling `init_weights` of SVTR  

encoder.blocks3.4.mlp.fc2.bias - torch.Size([512]): 
The value is the same before and after calling `init_weights` of SVTR  

encoder.blocks3.5.norm1.weight - torch.Size([512]): 
The value is the same before and after calling `init_weights` of SVTR  

encoder.blocks3.5.norm1.bias - torch.Size([512]): 
The value is the same before and after calling `init_weights` of SVTR  

encoder.blocks3.5.mixer.qkv.weight - torch.Size([1536, 512]): 
The value is the same before and after calling `init_weights` of SVTR  

encoder.blocks3.5.mixer.qkv.bias - torch.Size([1536]): 
The value is the same before and after calling `init_weights` of SVTR  

encoder.blocks3.5.mixer.proj.weight - torch.Size([512, 512]): 
The value is the same before and after calling `init_weights` of SVTR  

encoder.blocks3.5.mixer.proj.bias - torch.Size([512]): 
The value is the same before and after calling `init_weights` of SVTR  

encoder.blocks3.5.norm2.weight - torch.Size([512]): 
The value is the same before and after calling `init_weights` of SVTR  

encoder.blocks3.5.norm2.bias - torch.Size([512]): 
The value is the same before and after calling `init_weights` of SVTR  

encoder.blocks3.5.mlp.fc1.weight - torch.Size([2048, 512]): 
The value is the same before and after calling `init_weights` of SVTR  

encoder.blocks3.5.mlp.fc1.bias - torch.Size([2048]): 
The value is the same before and after calling `init_weights` of SVTR  

encoder.blocks3.5.mlp.fc2.weight - torch.Size([512, 2048]): 
The value is the same before and after calling `init_weights` of SVTR  

encoder.blocks3.5.mlp.fc2.bias - torch.Size([512]): 
The value is the same before and after calling `init_weights` of SVTR  

encoder.blocks3.6.norm1.weight - torch.Size([512]): 
The value is the same before and after calling `init_weights` of SVTR  

encoder.blocks3.6.norm1.bias - torch.Size([512]): 
The value is the same before and after calling `init_weights` of SVTR  

encoder.blocks3.6.mixer.qkv.weight - torch.Size([1536, 512]): 
The value is the same before and after calling `init_weights` of SVTR  

encoder.blocks3.6.mixer.qkv.bias - torch.Size([1536]): 
The value is the same before and after calling `init_weights` of SVTR  

encoder.blocks3.6.mixer.proj.weight - torch.Size([512, 512]): 
The value is the same before and after calling `init_weights` of SVTR  

encoder.blocks3.6.mixer.proj.bias - torch.Size([512]): 
The value is the same before and after calling `init_weights` of SVTR  

encoder.blocks3.6.norm2.weight - torch.Size([512]): 
The value is the same before and after calling `init_weights` of SVTR  

encoder.blocks3.6.norm2.bias - torch.Size([512]): 
The value is the same before and after calling `init_weights` of SVTR  

encoder.blocks3.6.mlp.fc1.weight - torch.Size([2048, 512]): 
The value is the same before and after calling `init_weights` of SVTR  

encoder.blocks3.6.mlp.fc1.bias - torch.Size([2048]): 
The value is the same before and after calling `init_weights` of SVTR  

encoder.blocks3.6.mlp.fc2.weight - torch.Size([512, 2048]): 
The value is the same before and after calling `init_weights` of SVTR  

encoder.blocks3.6.mlp.fc2.bias - torch.Size([512]): 
The value is the same before and after calling `init_weights` of SVTR  

encoder.blocks3.7.norm1.weight - torch.Size([512]): 
The value is the same before and after calling `init_weights` of SVTR  

encoder.blocks3.7.norm1.bias - torch.Size([512]): 
The value is the same before and after calling `init_weights` of SVTR  

encoder.blocks3.7.mixer.qkv.weight - torch.Size([1536, 512]): 
The value is the same before and after calling `init_weights` of SVTR  

encoder.blocks3.7.mixer.qkv.bias - torch.Size([1536]): 
The value is the same before and after calling `init_weights` of SVTR  

encoder.blocks3.7.mixer.proj.weight - torch.Size([512, 512]): 
The value is the same before and after calling `init_weights` of SVTR  

encoder.blocks3.7.mixer.proj.bias - torch.Size([512]): 
The value is the same before and after calling `init_weights` of SVTR  

encoder.blocks3.7.norm2.weight - torch.Size([512]): 
The value is the same before and after calling `init_weights` of SVTR  

encoder.blocks3.7.norm2.bias - torch.Size([512]): 
The value is the same before and after calling `init_weights` of SVTR  

encoder.blocks3.7.mlp.fc1.weight - torch.Size([2048, 512]): 
The value is the same before and after calling `init_weights` of SVTR  

encoder.blocks3.7.mlp.fc1.bias - torch.Size([2048]): 
The value is the same before and after calling `init_weights` of SVTR  

encoder.blocks3.7.mlp.fc2.weight - torch.Size([512, 2048]): 
The value is the same before and after calling `init_weights` of SVTR  

encoder.blocks3.7.mlp.fc2.bias - torch.Size([512]): 
The value is the same before and after calling `init_weights` of SVTR  

encoder.blocks3.8.norm1.weight - torch.Size([512]): 
The value is the same before and after calling `init_weights` of SVTR  

encoder.blocks3.8.norm1.bias - torch.Size([512]): 
The value is the same before and after calling `init_weights` of SVTR  

encoder.blocks3.8.mixer.qkv.weight - torch.Size([1536, 512]): 
The value is the same before and after calling `init_weights` of SVTR  

encoder.blocks3.8.mixer.qkv.bias - torch.Size([1536]): 
The value is the same before and after calling `init_weights` of SVTR  

encoder.blocks3.8.mixer.proj.weight - torch.Size([512, 512]): 
The value is the same before and after calling `init_weights` of SVTR  

encoder.blocks3.8.mixer.proj.bias - torch.Size([512]): 
The value is the same before and after calling `init_weights` of SVTR  

encoder.blocks3.8.norm2.weight - torch.Size([512]): 
The value is the same before and after calling `init_weights` of SVTR  

encoder.blocks3.8.norm2.bias - torch.Size([512]): 
The value is the same before and after calling `init_weights` of SVTR  

encoder.blocks3.8.mlp.fc1.weight - torch.Size([2048, 512]): 
The value is the same before and after calling `init_weights` of SVTR  

encoder.blocks3.8.mlp.fc1.bias - torch.Size([2048]): 
The value is the same before and after calling `init_weights` of SVTR  

encoder.blocks3.8.mlp.fc2.weight - torch.Size([512, 2048]): 
The value is the same before and after calling `init_weights` of SVTR  

encoder.blocks3.8.mlp.fc2.bias - torch.Size([512]): 
The value is the same before and after calling `init_weights` of SVTR  

encoder.layer_norm.weight - torch.Size([512]): 
The value is the same before and after calling `init_weights` of SVTR  

encoder.layer_norm.bias - torch.Size([512]): 
The value is the same before and after calling `init_weights` of SVTR  

encoder.last_conv.weight - torch.Size([384, 512, 1, 1]): 
The value is the same before and after calling `init_weights` of SVTR  

decoder.decoder.weight - torch.Size([5885, 384]): 
The value is the same before and after calling `init_weights` of SVTR  

decoder.decoder.bias - torch.Size([5885]): 
The value is the same before and after calling `init_weights` of SVTR  
2026/01/07 16:45:34 - mmengine - INFO - Auto resumed from the latest checkpoint /root/lanyun-tmp/mmocr/work_dirs/svtr-large_finetune/epoch_27.pth.
2026/01/07 16:45:34 - mmengine - INFO - Load checkpoint from /root/lanyun-tmp/mmocr/work_dirs/svtr-large_finetune/epoch_27.pth
2026/01/07 16:45:34 - mmengine - INFO - resumed epoch: 27, iter: 53703
2026/01/07 16:45:34 - mmengine - WARNING - "FileClient" will be deprecated in future. Please use io functions in https://mmengine.readthedocs.io/en/latest/api/fileio.html#file-io
2026/01/07 16:45:34 - mmengine - WARNING - "HardDiskBackend" is the alias of "LocalBackend" and the former will be deprecated in future.
2026/01/07 16:45:34 - mmengine - INFO - Checkpoints will be saved to /root/lanyun-tmp/mmocr/work_dirs/svtr-large_finetune.
2026/01/07 16:47:03 - mmengine - INFO - Epoch(train) [28][  50/1989]  lr: 1.1413e-05  eta: 2:55:53  time: 1.6763  data_time: 1.1682  memory: 18271  loss: 0.9987  loss_ctc: 0.9987
2026/01/07 16:48:29 - mmengine - INFO - Epoch(train) [28][ 100/1989]  lr: 1.1272e-05  eta: 2:51:23  time: 2.0308  data_time: 0.0087  memory: 18271  loss: 0.9884  loss_ctc: 0.9884
2026/01/07 16:49:44 - mmengine - INFO - Epoch(train) [28][ 150/1989]  lr: 1.1131e-05  eta: 2:41:47  time: 1.2229  data_time: 0.5127  memory: 18271  loss: 0.9567  loss_ctc: 0.9567
2026/01/07 16:51:11 - mmengine - INFO - Epoch(train) [28][ 200/1989]  lr: 1.0991e-05  eta: 2:41:53  time: 1.3625  data_time: 0.0021  memory: 18271  loss: 0.9467  loss_ctc: 0.9467
2026/01/07 16:52:40 - mmengine - INFO - Epoch(train) [28][ 250/1989]  lr: 1.0852e-05  eta: 2:42:10  time: 2.0310  data_time: 0.0020  memory: 18271  loss: 1.0745  loss_ctc: 1.0745
2026/01/07 16:53:51 - mmengine - INFO - Exp name: svtr-large_fudan_scene_finetune_from_pretrain_cn_scene_20260107_164514
2026/01/07 16:53:55 - mmengine - INFO - Epoch(train) [28][ 300/1989]  lr: 1.0713e-05  eta: 2:37:46  time: 1.3606  data_time: 0.8738  memory: 18271  loss: 1.0049  loss_ctc: 1.0049
2026/01/07 16:55:28 - mmengine - INFO - Epoch(train) [28][ 350/1989]  lr: 1.0576e-05  eta: 2:38:45  time: 2.0112  data_time: 1.5675  memory: 18271  loss: 1.0077  loss_ctc: 1.0077
2026/01/07 16:56:54 - mmengine - INFO - Epoch(train) [28][ 400/1989]  lr: 1.0439e-05  eta: 2:37:43  time: 1.3457  data_time: 0.0045  memory: 18271  loss: 1.0189  loss_ctc: 1.0189
2026/01/07 16:58:20 - mmengine - INFO - Epoch(train) [28][ 450/1989]  lr: 1.0304e-05  eta: 2:36:34  time: 1.7214  data_time: 0.0020  memory: 18271  loss: 0.9226  loss_ctc: 0.9226
2026/01/07 16:59:36 - mmengine - INFO - Epoch(train) [28][ 500/1989]  lr: 1.0169e-05  eta: 2:33:25  time: 1.4901  data_time: 0.6699  memory: 18271  loss: 1.0650  loss_ctc: 1.0650
2026/01/07 17:01:12 - mmengine - INFO - Epoch(train) [28][ 550/1989]  lr: 1.0035e-05  eta: 2:33:54  time: 1.8303  data_time: 0.2317  memory: 18271  loss: 0.9526  loss_ctc: 0.9526
2026/01/07 17:02:31 - mmengine - INFO - Epoch(train) [28][ 600/1989]  lr: 9.9014e-06  eta: 2:31:30  time: 1.4799  data_time: 1.0103  memory: 18271  loss: 0.9632  loss_ctc: 0.9632
2026/01/07 17:03:53 - mmengine - INFO - Epoch(train) [28][ 650/1989]  lr: 9.7691e-06  eta: 2:29:46  time: 1.6333  data_time: 0.0036  memory: 18271  loss: 0.9649  loss_ctc: 0.9649
2026/01/07 17:05:10 - mmengine - INFO - Epoch(train) [28][ 700/1989]  lr: 9.6376e-06  eta: 2:27:24  time: 1.5101  data_time: 1.0462  memory: 18271  loss: 1.0241  loss_ctc: 1.0241
2026/01/07 17:06:28 - mmengine - INFO - Epoch(train) [28][ 750/1989]  lr: 9.5069e-06  eta: 2:25:17  time: 1.6126  data_time: 0.2766  memory: 18271  loss: 0.9371  loss_ctc: 0.9371
2026/01/07 17:07:47 - mmengine - INFO - Epoch(train) [28][ 800/1989]  lr: 9.3771e-06  eta: 2:23:27  time: 1.5279  data_time: 0.7532  memory: 18271  loss: 1.0515  loss_ctc: 1.0515
2026/01/07 17:09:11 - mmengine - INFO - Epoch(train) [28][ 850/1989]  lr: 9.2482e-06  eta: 2:22:06  time: 1.8209  data_time: 0.0022  memory: 18271  loss: 1.0760  loss_ctc: 1.0760
2026/01/07 17:10:34 - mmengine - INFO - Epoch(train) [28][ 900/1989]  lr: 9.1201e-06  eta: 2:20:40  time: 1.8187  data_time: 0.3899  memory: 18271  loss: 0.9834  loss_ctc: 0.9834
2026/01/07 17:12:00 - mmengine - INFO - Epoch(train) [28][ 950/1989]  lr: 8.9929e-06  eta: 2:19:31  time: 1.6590  data_time: 0.3287  memory: 18271  loss: 0.9004  loss_ctc: 0.9004
2026/01/07 17:13:22 - mmengine - INFO - Epoch(train) [28][1000/1989]  lr: 8.8666e-06  eta: 2:18:01  time: 1.7564  data_time: 0.8743  memory: 18271  loss: 0.9434  loss_ctc: 0.9434
2026/01/07 17:14:45 - mmengine - INFO - Epoch(train) [28][1050/1989]  lr: 8.7411e-06  eta: 2:16:38  time: 2.0068  data_time: 0.0212  memory: 18271  loss: 0.9553  loss_ctc: 0.9553
2026/01/07 17:16:01 - mmengine - INFO - Epoch(train) [28][1100/1989]  lr: 8.6165e-06  eta: 2:14:42  time: 1.4310  data_time: 0.3715  memory: 18271  loss: 1.0413  loss_ctc: 1.0413
2026/01/07 17:17:23 - mmengine - INFO - Epoch(train) [28][1150/1989]  lr: 8.4927e-06  eta: 2:13:13  time: 1.4686  data_time: 0.0021  memory: 18271  loss: 1.0497  loss_ctc: 1.0497
2026/01/07 17:18:48 - mmengine - INFO - Epoch(train) [28][1200/1989]  lr: 8.3698e-06  eta: 2:11:58  time: 1.9061  data_time: 0.6261  memory: 18271  loss: 0.9110  loss_ctc: 0.9110
2026/01/07 17:20:06 - mmengine - INFO - Epoch(train) [28][1250/1989]  lr: 8.2478e-06  eta: 2:10:17  time: 1.5724  data_time: 1.0039  memory: 18271  loss: 0.9506  loss_ctc: 0.9506
2026/01/07 17:21:15 - mmengine - INFO - Exp name: svtr-large_fudan_scene_finetune_from_pretrain_cn_scene_20260107_164514
2026/01/07 17:21:21 - mmengine - INFO - Epoch(train) [28][1300/1989]  lr: 8.1266e-06  eta: 2:08:26  time: 1.5736  data_time: 1.1315  memory: 18271  loss: 0.9606  loss_ctc: 0.9606
2026/01/07 17:22:43 - mmengine - INFO - Epoch(train) [28][1350/1989]  lr: 8.0063e-06  eta: 2:07:01  time: 1.5893  data_time: 0.0021  memory: 18271  loss: 1.0209  loss_ctc: 1.0209
2026/01/07 17:23:58 - mmengine - INFO - Epoch(train) [28][1400/1989]  lr: 7.8869e-06  eta: 2:05:12  time: 1.6991  data_time: 1.1924  memory: 18271  loss: 1.0137  loss_ctc: 1.0137
2026/01/07 17:25:16 - mmengine - INFO - Epoch(train) [28][1450/1989]  lr: 7.7683e-06  eta: 2:03:39  time: 1.2795  data_time: 0.4645  memory: 18271  loss: 1.0211  loss_ctc: 1.0211
2026/01/07 17:26:35 - mmengine - INFO - Epoch(train) [28][1500/1989]  lr: 7.6506e-06  eta: 2:02:07  time: 1.7226  data_time: 0.0038  memory: 18271  loss: 1.0088  loss_ctc: 1.0088
2026/01/07 17:27:55 - mmengine - INFO - Epoch(train) [28][1550/1989]  lr: 7.5338e-06  eta: 2:00:39  time: 1.4509  data_time: 0.2874  memory: 18271  loss: 1.0313  loss_ctc: 1.0313
2026/01/07 17:29:26 - mmengine - INFO - Epoch(train) [28][1600/1989]  lr: 7.4178e-06  eta: 1:59:42  time: 2.0708  data_time: 0.1841  memory: 18271  loss: 0.9602  loss_ctc: 0.9602
2026/01/07 17:30:57 - mmengine - INFO - Epoch(train) [28][1650/1989]  lr: 7.3027e-06  eta: 1:58:43  time: 2.1986  data_time: 0.0719  memory: 18271  loss: 1.0732  loss_ctc: 1.0732
2026/01/07 17:32:16 - mmengine - INFO - Epoch(train) [28][1700/1989]  lr: 7.1885e-06  eta: 1:57:12  time: 1.7930  data_time: 0.2394  memory: 18271  loss: 1.0730  loss_ctc: 1.0730
2026/01/07 17:33:38 - mmengine - INFO - Epoch(train) [28][1750/1989]  lr: 7.0752e-06  eta: 1:55:47  time: 1.5651  data_time: 0.0106  memory: 18271  loss: 1.0049  loss_ctc: 1.0049
2026/01/07 17:34:55 - mmengine - INFO - Epoch(train) [28][1800/1989]  lr: 6.9627e-06  eta: 1:54:14  time: 1.7807  data_time: 0.3780  memory: 18271  loss: 1.0554  loss_ctc: 1.0554
2026/01/07 17:36:20 - mmengine - INFO - Epoch(train) [28][1850/1989]  lr: 6.8511e-06  eta: 1:52:57  time: 1.6011  data_time: 0.0062  memory: 18271  loss: 0.9588  loss_ctc: 0.9588
2026/01/07 17:37:48 - mmengine - INFO - Epoch(train) [28][1900/1989]  lr: 6.7404e-06  eta: 1:51:46  time: 1.6960  data_time: 1.2484  memory: 18271  loss: 1.0578  loss_ctc: 1.0578
2026/01/07 17:39:07 - mmengine - INFO - Epoch(train) [28][1950/1989]  lr: 6.6306e-06  eta: 1:50:18  time: 1.4998  data_time: 1.0122  memory: 18271  loss: 0.9338  loss_ctc: 0.9338
2026/01/07 17:40:04 - mmengine - INFO - Exp name: svtr-large_fudan_scene_finetune_from_pretrain_cn_scene_20260107_164514
2026/01/07 17:40:04 - mmengine - INFO - Saving checkpoint at 28 epochs
2026/01/07 17:40:17 - mmengine - INFO - Epoch(val) [28][ 50/498]    eta: 0:01:31  time: 0.1799  data_time: 0.0006  memory: 18271  
2026/01/07 17:40:27 - mmengine - INFO - Epoch(val) [28][100/498]    eta: 0:01:17  time: 0.1928  data_time: 0.0006  memory: 1666  
2026/01/07 17:40:36 - mmengine - INFO - Epoch(val) [28][150/498]    eta: 0:01:07  time: 0.1852  data_time: 0.0006  memory: 1666  
2026/01/07 17:40:46 - mmengine - INFO - Epoch(val) [28][200/498]    eta: 0:00:57  time: 0.1912  data_time: 0.0005  memory: 1666  
2026/01/07 17:40:55 - mmengine - INFO - Epoch(val) [28][250/498]    eta: 0:00:47  time: 0.1945  data_time: 0.0006  memory: 1666  
2026/01/07 17:41:04 - mmengine - INFO - Epoch(val) [28][300/498]    eta: 0:00:37  time: 0.1817  data_time: 0.0006  memory: 1666  
2026/01/07 17:41:13 - mmengine - INFO - Epoch(val) [28][350/498]    eta: 0:00:27  time: 0.1871  data_time: 0.0006  memory: 1666  
2026/01/07 17:41:23 - mmengine - INFO - Epoch(val) [28][400/498]    eta: 0:00:18  time: 0.1814  data_time: 0.0005  memory: 1666  
2026/01/07 17:41:32 - mmengine - INFO - Epoch(val) [28][450/498]    eta: 0:00:09  time: 0.1802  data_time: 0.0005  memory: 1666  
2026/01/07 17:41:42 - mmengine - INFO - Epoch(val) [28][498/498]    Fudan/recog/word_acc: 0.6738  Fudan/recog/1-N.E.D: 0.8402  data_time: 0.0021  time: 0.1884
2026/01/07 17:41:42 - mmengine - INFO - The previous best checkpoint /root/lanyun-tmp/mmocr/work_dirs/svtr-large_finetune/best_Fudan_recog_word_acc_epoch_27.pth is removed
2026/01/07 17:41:44 - mmengine - INFO - The best checkpoint with 0.6738 Fudan/recog/word_acc at 28 epoch is saved to best_Fudan_recog_word_acc_epoch_28.pth.
2026/01/07 17:43:09 - mmengine - INFO - Epoch(train) [29][  50/1989]  lr: 6.4373e-06  eta: 1:47:36  time: 1.4093  data_time: 0.0065  memory: 18271  loss: 0.9945  loss_ctc: 0.9945
2026/01/07 17:44:27 - mmengine - INFO - Epoch(train) [29][ 100/1989]  lr: 6.3299e-06  eta: 1:46:07  time: 1.3099  data_time: 0.0023  memory: 18271  loss: 1.0089  loss_ctc: 1.0089
2026/01/07 17:45:45 - mmengine - INFO - Epoch(train) [29][ 150/1989]  lr: 6.2234e-06  eta: 1:44:37  time: 2.0078  data_time: 1.4798  memory: 18271  loss: 1.0007  loss_ctc: 1.0007
2026/01/07 17:47:02 - mmengine - INFO - Epoch(train) [29][ 200/1989]  lr: 6.1177e-06  eta: 1:43:06  time: 1.6945  data_time: 0.7212  memory: 18271  loss: 0.9675  loss_ctc: 0.9675
2026/01/07 17:48:26 - mmengine - INFO - Epoch(train) [29][ 250/1989]  lr: 6.0130e-06  eta: 1:41:48  time: 1.4302  data_time: 0.3739  memory: 18271  loss: 1.0247  loss_ctc: 1.0247
2026/01/07 17:49:52 - mmengine - INFO - Epoch(train) [29][ 300/1989]  lr: 5.9091e-06  eta: 1:40:33  time: 1.7635  data_time: 0.0020  memory: 18271  loss: 0.9326  loss_ctc: 0.9326
2026/01/07 17:50:04 - mmengine - INFO - Exp name: svtr-large_fudan_scene_finetune_from_pretrain_cn_scene_20260107_164514
2026/01/07 17:51:12 - mmengine - INFO - Epoch(train) [29][ 350/1989]  lr: 5.8061e-06  eta: 1:39:07  time: 1.6491  data_time: 1.0068  memory: 18271  loss: 0.9205  loss_ctc: 0.9205
2026/01/07 17:52:36 - mmengine - INFO - Epoch(train) [29][ 400/1989]  lr: 5.7040e-06  eta: 1:37:49  time: 1.6417  data_time: 0.8748  memory: 18271  loss: 1.0485  loss_ctc: 1.0485
2026/01/07 17:53:54 - mmengine - INFO - Epoch(train) [29][ 450/1989]  lr: 5.6028e-06  eta: 1:36:21  time: 1.8505  data_time: 1.3837  memory: 18271  loss: 0.9489  loss_ctc: 0.9489
2026/01/07 17:55:11 - mmengine - INFO - Epoch(train) [29][ 500/1989]  lr: 5.5025e-06  eta: 1:34:52  time: 1.3221  data_time: 0.7872  memory: 18271  loss: 0.9755  loss_ctc: 0.9755
2026/01/07 17:56:46 - mmengine - INFO - Epoch(train) [29][ 550/1989]  lr: 5.4030e-06  eta: 1:33:48  time: 1.9937  data_time: 1.5474  memory: 18271  loss: 1.0906  loss_ctc: 1.0906
2026/01/07 17:57:58 - mmengine - INFO - Epoch(train) [29][ 600/1989]  lr: 5.3045e-06  eta: 1:32:13  time: 1.4049  data_time: 0.0861  memory: 18271  loss: 1.0304  loss_ctc: 1.0304
2026/01/07 17:59:23 - mmengine - INFO - Epoch(train) [29][ 650/1989]  lr: 5.2068e-06  eta: 1:30:54  time: 1.6693  data_time: 0.5502  memory: 18271  loss: 0.9937  loss_ctc: 0.9937
2026/01/07 18:00:41 - mmengine - INFO - Epoch(train) [29][ 700/1989]  lr: 5.1100e-06  eta: 1:29:27  time: 1.7243  data_time: 1.2720  memory: 18271  loss: 0.9566  loss_ctc: 0.9566
2026/01/07 18:02:10 - mmengine - INFO - Epoch(train) [29][ 750/1989]  lr: 5.0141e-06  eta: 1:28:14  time: 1.4289  data_time: 0.9777  memory: 18271  loss: 1.0236  loss_ctc: 1.0236
2026/01/07 18:03:35 - mmengine - INFO - Epoch(train) [29][ 800/1989]  lr: 4.9191e-06  eta: 1:26:56  time: 1.5641  data_time: 0.1121  memory: 18271  loss: 0.9444  loss_ctc: 0.9444
2026/01/07 18:04:52 - mmengine - INFO - Epoch(train) [29][ 850/1989]  lr: 4.8250e-06  eta: 1:25:28  time: 1.7584  data_time: 1.0153  memory: 18271  loss: 0.9219  loss_ctc: 0.9219
2026/01/07 18:06:11 - mmengine - INFO - Epoch(train) [29][ 900/1989]  lr: 4.7318e-06  eta: 1:24:03  time: 1.7129  data_time: 0.5340  memory: 18271  loss: 0.9916  loss_ctc: 0.9916
2026/01/07 18:07:33 - mmengine - INFO - Epoch(train) [29][ 950/1989]  lr: 4.6395e-06  eta: 1:22:41  time: 1.7627  data_time: 1.2868  memory: 18271  loss: 0.9655  loss_ctc: 0.9655
2026/01/07 18:08:46 - mmengine - INFO - Epoch(train) [29][1000/1989]  lr: 4.5481e-06  eta: 1:21:10  time: 1.4660  data_time: 1.0251  memory: 18271  loss: 1.0272  loss_ctc: 1.0272
2026/01/07 18:10:01 - mmengine - INFO - Epoch(train) [29][1050/1989]  lr: 4.4575e-06  eta: 1:19:42  time: 1.3554  data_time: 0.5999  memory: 18271  loss: 0.9508  loss_ctc: 0.9508
2026/01/07 18:11:22 - mmengine - INFO - Epoch(train) [29][1100/1989]  lr: 4.3679e-06  eta: 1:18:19  time: 1.6303  data_time: 0.8827  memory: 18271  loss: 0.9821  loss_ctc: 0.9821
2026/01/07 18:12:44 - mmengine - INFO - Epoch(train) [29][1150/1989]  lr: 4.2791e-06  eta: 1:16:58  time: 1.7523  data_time: 1.3022  memory: 18271  loss: 1.0411  loss_ctc: 1.0411
2026/01/07 18:14:04 - mmengine - INFO - Epoch(train) [29][1200/1989]  lr: 4.1913e-06  eta: 1:15:35  time: 1.2443  data_time: 0.8031  memory: 18271  loss: 0.9713  loss_ctc: 0.9713
2026/01/07 18:15:24 - mmengine - INFO - Epoch(train) [29][1250/1989]  lr: 4.1043e-06  eta: 1:14:12  time: 1.4530  data_time: 1.0024  memory: 18271  loss: 0.9474  loss_ctc: 0.9474
2026/01/07 18:16:51 - mmengine - INFO - Epoch(train) [29][1300/1989]  lr: 4.0182e-06  eta: 1:12:54  time: 1.4524  data_time: 0.2884  memory: 18271  loss: 0.9099  loss_ctc: 0.9099
2026/01/07 18:17:03 - mmengine - INFO - Exp name: svtr-large_fudan_scene_finetune_from_pretrain_cn_scene_20260107_164514
2026/01/07 18:18:12 - mmengine - INFO - Epoch(train) [29][1350/1989]  lr: 3.9331e-06  eta: 1:11:33  time: 1.7488  data_time: 0.8909  memory: 18271  loss: 0.9988  loss_ctc: 0.9988
2026/01/07 18:19:36 - mmengine - INFO - Epoch(train) [29][1400/1989]  lr: 3.8488e-06  eta: 1:10:13  time: 1.1824  data_time: 0.7285  memory: 18271  loss: 1.0589  loss_ctc: 1.0589
2026/01/07 18:20:53 - mmengine - INFO - Epoch(train) [29][1450/1989]  lr: 3.7654e-06  eta: 1:08:47  time: 1.5633  data_time: 0.6084  memory: 18271  loss: 0.9082  loss_ctc: 0.9082
2026/01/07 18:22:11 - mmengine - INFO - Epoch(train) [29][1500/1989]  lr: 3.6830e-06  eta: 1:07:23  time: 1.3174  data_time: 0.0985  memory: 18271  loss: 0.9183  loss_ctc: 0.9183
2026/01/07 18:23:33 - mmengine - INFO - Epoch(train) [29][1550/1989]  lr: 3.6014e-06  eta: 1:06:02  time: 1.9789  data_time: 1.5399  memory: 18271  loss: 0.9458  loss_ctc: 0.9458
2026/01/07 18:24:52 - mmengine - INFO - Epoch(train) [29][1600/1989]  lr: 3.5207e-06  eta: 1:04:39  time: 1.9086  data_time: 0.1103  memory: 18271  loss: 1.0383  loss_ctc: 1.0383
2026/01/07 18:26:09 - mmengine - INFO - Epoch(train) [29][1650/1989]  lr: 3.4409e-06  eta: 1:03:14  time: 1.6340  data_time: 0.9139  memory: 18271  loss: 0.9596  loss_ctc: 0.9596
2026/01/07 18:27:31 - mmengine - INFO - Epoch(train) [29][1700/1989]  lr: 3.3621e-06  eta: 1:01:53  time: 1.4390  data_time: 0.7498  memory: 18271  loss: 1.0209  loss_ctc: 1.0209
2026/01/07 18:28:46 - mmengine - INFO - Epoch(train) [29][1750/1989]  lr: 3.2841e-06  eta: 1:00:27  time: 1.6041  data_time: 0.0033  memory: 18271  loss: 0.9168  loss_ctc: 0.9168
2026/01/07 18:30:06 - mmengine - INFO - Epoch(train) [29][1800/1989]  lr: 3.2070e-06  eta: 0:59:05  time: 1.5606  data_time: 0.8536  memory: 18271  loss: 1.0271  loss_ctc: 1.0271
2026/01/07 18:31:34 - mmengine - INFO - Epoch(train) [29][1850/1989]  lr: 3.1309e-06  eta: 0:57:48  time: 1.6862  data_time: 0.2948  memory: 18271  loss: 0.9324  loss_ctc: 0.9324
2026/01/07 18:32:56 - mmengine - INFO - Epoch(train) [29][1900/1989]  lr: 3.0556e-06  eta: 0:56:26  time: 1.5666  data_time: 1.1038  memory: 18271  loss: 0.9863  loss_ctc: 0.9863
2026/01/07 18:34:14 - mmengine - INFO - Epoch(train) [29][1950/1989]  lr: 2.9813e-06  eta: 0:55:03  time: 1.8575  data_time: 1.1407  memory: 18271  loss: 0.9113  loss_ctc: 0.9113
2026/01/07 18:35:19 - mmengine - INFO - Exp name: svtr-large_fudan_scene_finetune_from_pretrain_cn_scene_20260107_164514
2026/01/07 18:35:19 - mmengine - INFO - Saving checkpoint at 29 epochs
2026/01/07 18:35:32 - mmengine - INFO - Epoch(val) [29][ 50/498]    eta: 0:01:28  time: 0.1891  data_time: 0.0006  memory: 18271  
2026/01/07 18:35:41 - mmengine - INFO - Epoch(val) [29][100/498]    eta: 0:01:16  time: 0.1821  data_time: 0.0006  memory: 1667  
2026/01/07 18:35:51 - mmengine - INFO - Epoch(val) [29][150/498]    eta: 0:01:06  time: 0.1974  data_time: 0.0005  memory: 1667  
2026/01/07 18:36:00 - mmengine - INFO - Epoch(val) [29][200/498]    eta: 0:00:56  time: 0.1816  data_time: 0.0005  memory: 1667  
2026/01/07 18:36:09 - mmengine - INFO - Epoch(val) [29][250/498]    eta: 0:00:46  time: 0.1920  data_time: 0.0006  memory: 1667  
2026/01/07 18:36:19 - mmengine - INFO - Epoch(val) [29][300/498]    eta: 0:00:37  time: 0.1836  data_time: 0.0006  memory: 1667  
2026/01/07 18:36:28 - mmengine - INFO - Epoch(val) [29][350/498]    eta: 0:00:27  time: 0.1812  data_time: 0.0005  memory: 1667  
2026/01/07 18:36:38 - mmengine - INFO - Epoch(val) [29][400/498]    eta: 0:00:18  time: 0.1923  data_time: 0.0005  memory: 1667  
2026/01/07 18:36:47 - mmengine - INFO - Epoch(val) [29][450/498]    eta: 0:00:08  time: 0.1785  data_time: 0.0005  memory: 1667  
2026/01/07 18:36:56 - mmengine - INFO - Epoch(val) [29][498/498]    Fudan/recog/word_acc: 0.6738  Fudan/recog/1-N.E.D: 0.8407  data_time: 0.0011  time: 0.1868
2026/01/07 18:38:27 - mmengine - INFO - Epoch(train) [30][  50/1989]  lr: 2.8512e-06  eta: 0:52:44  time: 2.2618  data_time: 1.8102  memory: 18271  loss: 0.9441  loss_ctc: 0.9441
2026/01/07 18:39:48 - mmengine - INFO - Epoch(train) [30][ 100/1989]  lr: 2.7793e-06  eta: 0:51:21  time: 2.1023  data_time: 1.6241  memory: 18271  loss: 0.9362  loss_ctc: 0.9362
2026/01/07 18:41:10 - mmengine - INFO - Epoch(train) [30][ 150/1989]  lr: 2.7084e-06  eta: 0:50:00  time: 1.6230  data_time: 0.0590  memory: 18271  loss: 1.0476  loss_ctc: 1.0476
2026/01/07 18:42:33 - mmengine - INFO - Epoch(train) [30][ 200/1989]  lr: 2.6384e-06  eta: 0:48:39  time: 1.5731  data_time: 1.1182  memory: 18271  loss: 1.0016  loss_ctc: 1.0016
2026/01/07 18:43:44 - mmengine - INFO - Epoch(train) [30][ 250/1989]  lr: 2.5692e-06  eta: 0:47:13  time: 1.3742  data_time: 0.6419  memory: 18271  loss: 0.8647  loss_ctc: 0.8647
2026/01/07 18:45:08 - mmengine - INFO - Epoch(train) [30][ 300/1989]  lr: 2.5010e-06  eta: 0:45:53  time: 1.6740  data_time: 1.2250  memory: 18271  loss: 0.9041  loss_ctc: 0.9041
2026/01/07 18:45:40 - mmengine - INFO - Exp name: svtr-large_fudan_scene_finetune_from_pretrain_cn_scene_20260107_164514
2026/01/07 18:46:34 - mmengine - INFO - Epoch(train) [30][ 350/1989]  lr: 2.4337e-06  eta: 0:44:33  time: 1.7150  data_time: 0.0171  memory: 18271  loss: 0.9849  loss_ctc: 0.9849
2026/01/07 18:47:44 - mmengine - INFO - Epoch(train) [30][ 400/1989]  lr: 2.3673e-06  eta: 0:43:07  time: 1.3950  data_time: 0.8933  memory: 18271  loss: 0.9016  loss_ctc: 0.9016
2026/01/07 18:49:03 - mmengine - INFO - Epoch(train) [30][ 450/1989]  lr: 2.3019e-06  eta: 0:41:45  time: 1.4683  data_time: 1.0025  memory: 18271  loss: 1.0324  loss_ctc: 1.0324
2026/01/07 18:50:26 - mmengine - INFO - Epoch(train) [30][ 500/1989]  lr: 2.2373e-06  eta: 0:40:24  time: 1.5611  data_time: 0.0885  memory: 18271  loss: 1.0128  loss_ctc: 1.0128
2026/01/07 18:51:46 - mmengine - INFO - Epoch(train) [30][ 550/1989]  lr: 2.1736e-06  eta: 0:39:02  time: 1.6344  data_time: 0.0020  memory: 18271  loss: 1.0166  loss_ctc: 1.0166
2026/01/07 18:53:11 - mmengine - INFO - Epoch(train) [30][ 600/1989]  lr: 2.1109e-06  eta: 0:37:42  time: 1.8028  data_time: 1.2587  memory: 18271  loss: 0.9402  loss_ctc: 0.9402
2026/01/07 18:54:26 - mmengine - INFO - Epoch(train) [30][ 650/1989]  lr: 2.0490e-06  eta: 0:36:18  time: 1.2549  data_time: 0.7629  memory: 18271  loss: 1.0257  loss_ctc: 1.0257
2026/01/07 18:55:48 - mmengine - INFO - Epoch(train) [30][ 700/1989]  lr: 1.9881e-06  eta: 0:34:57  time: 1.7162  data_time: 1.2409  memory: 18271  loss: 0.9500  loss_ctc: 0.9500
2026/01/07 18:57:18 - mmengine - INFO - Epoch(train) [30][ 750/1989]  lr: 1.9281e-06  eta: 0:33:38  time: 2.1407  data_time: 1.5831  memory: 18271  loss: 0.9969  loss_ctc: 0.9969
2026/01/07 18:58:34 - mmengine - INFO - Epoch(train) [30][ 800/1989]  lr: 1.8690e-06  eta: 0:32:15  time: 1.5828  data_time: 0.3513  memory: 18271  loss: 1.0055  loss_ctc: 1.0055
2026/01/07 18:59:56 - mmengine - INFO - Epoch(train) [30][ 850/1989]  lr: 1.8108e-06  eta: 0:30:54  time: 1.5037  data_time: 0.0660  memory: 18271  loss: 1.0539  loss_ctc: 1.0539
2026/01/07 19:01:12 - mmengine - INFO - Epoch(train) [30][ 900/1989]  lr: 1.7535e-06  eta: 0:29:32  time: 1.5575  data_time: 0.3287  memory: 18271  loss: 0.8937  loss_ctc: 0.8937
2026/01/07 19:02:34 - mmengine - INFO - Epoch(train) [30][ 950/1989]  lr: 1.6972e-06  eta: 0:28:10  time: 1.7605  data_time: 0.0019  memory: 18271  loss: 0.9563  loss_ctc: 0.9563
2026/01/07 19:03:52 - mmengine - INFO - Epoch(train) [30][1000/1989]  lr: 1.6417e-06  eta: 0:26:48  time: 1.3350  data_time: 0.1281  memory: 18271  loss: 1.0140  loss_ctc: 1.0140
2026/01/07 19:05:14 - mmengine - INFO - Epoch(train) [30][1050/1989]  lr: 1.5872e-06  eta: 0:25:27  time: 1.8091  data_time: 1.3562  memory: 18271  loss: 1.0056  loss_ctc: 1.0056
2026/01/07 19:06:32 - mmengine - INFO - Epoch(train) [30][1100/1989]  lr: 1.5336e-06  eta: 0:24:05  time: 1.3638  data_time: 0.9044  memory: 18271  loss: 1.0626  loss_ctc: 1.0626
2026/01/07 19:07:45 - mmengine - INFO - Epoch(train) [30][1150/1989]  lr: 1.4809e-06  eta: 0:22:42  time: 1.1557  data_time: 0.3503  memory: 18271  loss: 0.9145  loss_ctc: 0.9145
2026/01/07 19:09:10 - mmengine - INFO - Epoch(train) [30][1200/1989]  lr: 1.4291e-06  eta: 0:21:22  time: 1.5949  data_time: 1.1040  memory: 18271  loss: 0.9162  loss_ctc: 0.9162
2026/01/07 19:10:30 - mmengine - INFO - Epoch(train) [30][1250/1989]  lr: 1.3782e-06  eta: 0:20:00  time: 1.8674  data_time: 1.3981  memory: 18271  loss: 0.9083  loss_ctc: 0.9083
2026/01/07 19:12:01 - mmengine - INFO - Epoch(train) [30][1300/1989]  lr: 1.3283e-06  eta: 0:18:40  time: 1.5123  data_time: 0.9006  memory: 18271  loss: 0.9441  loss_ctc: 0.9441
2026/01/07 19:12:32 - mmengine - INFO - Exp name: svtr-large_fudan_scene_finetune_from_pretrain_cn_scene_20260107_164514
2026/01/07 19:13:30 - mmengine - INFO - Epoch(train) [30][1350/1989]  lr: 1.2792e-06  eta: 0:17:20  time: 1.4625  data_time: 0.0326  memory: 18271  loss: 0.9248  loss_ctc: 0.9248
2026/01/07 19:14:49 - mmengine - INFO - Epoch(train) [30][1400/1989]  lr: 1.2311e-06  eta: 0:15:58  time: 1.4181  data_time: 0.3928  memory: 18271  loss: 0.9883  loss_ctc: 0.9883
