Loads checkpoint by local backend from path: /root/lanyun-tmp/mmocr/work_dirs/fcenet_r50dcnv2_fpn_finetune_art_rctw_rects/best_icdar_hmean_epoch_96.pth
01/05 15:12:31 - mmengine - INFO - ModulatedDeformConvPack backbone.layer2.0.conv2 is upgraded to version 2.
01/05 15:12:31 - mmengine - INFO - ModulatedDeformConvPack backbone.layer2.1.conv2 is upgraded to version 2.
01/05 15:12:31 - mmengine - INFO - ModulatedDeformConvPack backbone.layer2.2.conv2 is upgraded to version 2.
01/05 15:12:31 - mmengine - INFO - ModulatedDeformConvPack backbone.layer2.3.conv2 is upgraded to version 2.
01/05 15:12:31 - mmengine - INFO - ModulatedDeformConvPack backbone.layer3.0.conv2 is upgraded to version 2.
01/05 15:12:31 - mmengine - INFO - ModulatedDeformConvPack backbone.layer3.1.conv2 is upgraded to version 2.
01/05 15:12:31 - mmengine - INFO - ModulatedDeformConvPack backbone.layer3.2.conv2 is upgraded to version 2.
01/05 15:12:31 - mmengine - INFO - ModulatedDeformConvPack backbone.layer3.3.conv2 is upgraded to version 2.
01/05 15:12:31 - mmengine - INFO - ModulatedDeformConvPack backbone.layer3.4.conv2 is upgraded to version 2.
01/05 15:12:31 - mmengine - INFO - ModulatedDeformConvPack backbone.layer3.5.conv2 is upgraded to version 2.
01/05 15:12:31 - mmengine - INFO - ModulatedDeformConvPack backbone.layer4.0.conv2 is upgraded to version 2.
01/05 15:12:31 - mmengine - INFO - ModulatedDeformConvPack backbone.layer4.1.conv2 is upgraded to version 2.
01/05 15:12:31 - mmengine - INFO - ModulatedDeformConvPack backbone.layer4.2.conv2 is upgraded to version 2.
{
  "total_images": 20,
  "total_stage1_instances": 253,
  "total_candidates": 164,
  "total_selected": 60,
  "refine_success": 8,
  "refine_fallback": 52,
  "refined_per_image_hist": {
    "0": 15,
    "1": 3,
    "2": 1,
    "3": 1
  }
}
{
  "total": 3096.309387125075,
  "avg_per_image": 154.81546935625374,
  "stage2_total": 2530.985916033387,
  "stage2_avg_per_patch": 42.183098600556455,
  "stage2_patches": 60
}
