2026/01/02 15:28:38 - mmengine - INFO - 
------------------------------------------------------------
System environment:
    sys.platform: linux
    Python: 3.8.20 (default, Oct  3 2024, 15:24:27) [GCC 11.2.0]
    CUDA available: True
    MUSA available: False
    numpy_random_seed: 1442326563
    GPU 0,1: NVIDIA GeForce RTX 3090
    CUDA_HOME: /usr/local/cuda
    NVCC: Cuda compilation tools, release 11.1, V11.1.105
    GCC: gcc (Ubuntu 9.4.0-1ubuntu1~20.04.2) 9.4.0
    PyTorch: 1.10.2+cu111
    PyTorch compiling details: PyTorch built with:
  - GCC 7.3
  - C++ Version: 201402
  - Intel(R) Math Kernel Library Version 2020.0.0 Product Build 20191122 for Intel(R) 64 architecture applications
  - Intel(R) MKL-DNN v2.2.3 (Git Hash 7336ca9f055cf1bfa13efb658fe15dc9b41f0740)
  - OpenMP 201511 (a.k.a. OpenMP 4.5)
  - LAPACK is enabled (usually provided by MKL)
  - NNPACK is enabled
  - CPU capability usage: AVX2
  - CUDA Runtime 11.1
  - NVCC architecture flags: -gencode;arch=compute_37,code=sm_37;-gencode;arch=compute_50,code=sm_50;-gencode;arch=compute_60,code=sm_60;-gencode;arch=compute_70,code=sm_70;-gencode;arch=compute_75,code=sm_75;-gencode;arch=compute_80,code=sm_80;-gencode;arch=compute_86,code=sm_86
  - CuDNN 8.0.5
  - Magma 2.5.2
  - Build settings: BLAS_INFO=mkl, BUILD_TYPE=Release, CUDA_VERSION=11.1, CUDNN_VERSION=8.0.5, CXX_COMPILER=/opt/rh/devtoolset-7/root/usr/bin/c++, CXX_FLAGS= -Wno-deprecated -fvisibility-inlines-hidden -DUSE_PTHREADPOOL -fopenmp -DNDEBUG -DUSE_KINETO -DUSE_FBGEMM -DUSE_QNNPACK -DUSE_PYTORCH_QNNPACK -DUSE_XNNPACK -DSYMBOLICATE_MOBILE_DEBUG_HANDLE -DEDGE_PROFILER_USE_KINETO -O2 -fPIC -Wno-narrowing -Wall -Wextra -Werror=return-type -Wno-missing-field-initializers -Wno-type-limits -Wno-array-bounds -Wno-unknown-pragmas -Wno-sign-compare -Wno-unused-parameter -Wno-unused-variable -Wno-unused-function -Wno-unused-result -Wno-unused-local-typedefs -Wno-strict-overflow -Wno-strict-aliasing -Wno-error=deprecated-declarations -Wno-stringop-overflow -Wno-psabi -Wno-error=pedantic -Wno-error=redundant-decls -Wno-error=old-style-cast -fdiagnostics-color=always -faligned-new -Wno-unused-but-set-variable -Wno-maybe-uninitialized -fno-math-errno -fno-trapping-math -Werror=format -Wno-stringop-overflow, LAPACK_INFO=mkl, PERF_WITH_AVX=1, PERF_WITH_AVX2=1, PERF_WITH_AVX512=1, TORCH_VERSION=1.10.2, USE_CUDA=ON, USE_CUDNN=ON, USE_EXCEPTION_PTR=1, USE_GFLAGS=OFF, USE_GLOG=OFF, USE_MKL=ON, USE_MKLDNN=ON, USE_MPI=OFF, USE_NCCL=ON, USE_NNPACK=ON, USE_OPENMP=ON, 

    TorchVision: 0.11.3+cu111
    OpenCV: 4.12.0
    MMEngine: 0.10.7

Runtime environment:
    cudnn_benchmark: True
    mp_cfg: {'mp_start_method': 'fork', 'opencv_num_threads': 0}
    dist_cfg: {'backend': 'nccl'}
    seed: 1442326563
    Distributed launcher: pytorch
    Distributed training: True
    GPU number: 2
------------------------------------------------------------

2026/01/02 15:28:39 - mmengine - INFO - Config:
auto_scale_lr = dict(base_batch_size=32, enable=True)
custom_hooks = [
    dict(
        min_delta=0.001,
        monitor='icdar/hmean',
        patience=12,
        rule='greater',
        type='EarlyStoppingHook'),
]
default_hooks = dict(
    checkpoint=dict(
        interval=2,
        max_keep_ckpts=3,
        rule='greater',
        save_best='icdar/hmean',
        type='CheckpointHook'),
    logger=dict(interval=5, type='LoggerHook'),
    param_scheduler=dict(type='ParamSchedulerHook'),
    sampler_seed=dict(type='DistSamplerSeedHook'),
    sync_buffer=dict(type='SyncBuffersHook'),
    timer=dict(type='IterTimerHook'),
    visualization=dict(
        draw_gt=False,
        draw_pred=False,
        enable=False,
        interval=1,
        show=False,
        type='VisualizationHook'))
default_scope = 'mmocr'
env_cfg = dict(
    cudnn_benchmark=True,
    dist_cfg=dict(backend='nccl'),
    mp_cfg=dict(mp_start_method='fork', opencv_num_threads=0))
launcher = 'pytorch'
load_from = None
log_level = 'INFO'
log_processor = dict(by_epoch=True, type='LogProcessor', window_size=10)
max_epochs = 100
model = dict(
    backbone=dict(
        dcn=dict(deform_groups=2, fallback_on_stride=False, type='DCNv2'),
        depth=50,
        frozen_stages=-1,
        init_cfg=dict(checkpoint='torchvision://resnet50', type='Pretrained'),
        norm_cfg=dict(requires_grad=True, type='BN'),
        norm_eval=True,
        num_stages=4,
        out_indices=(
            1,
            2,
            3,
        ),
        stage_with_dcn=(
            False,
            True,
            True,
            True,
        ),
        style='pytorch',
        type='mmdet.ResNet'),
    data_preprocessor=dict(
        bgr_to_rgb=True,
        mean=[
            123.675,
            116.28,
            103.53,
        ],
        pad_size_divisor=32,
        std=[
            58.395,
            57.12,
            57.375,
        ],
        type='TextDetDataPreprocessor'),
    det_head=dict(
        fourier_degree=5,
        in_channels=256,
        module_loss=dict(
            level_proportion_range=(
                (
                    0,
                    0.25,
                ),
                (
                    0.2,
                    0.65,
                ),
                (
                    0.55,
                    1.0,
                ),
            ),
            num_sample=50,
            type='FCEModuleLoss'),
        postprocessor=dict(
            alpha=1.0,
            beta=2.0,
            num_reconstr_points=50,
            scales=(
                8,
                16,
                32,
            ),
            score_thr=0.3,
            text_repr_type='poly',
            type='FCEPostprocessor'),
        type='FCEHead'),
    neck=dict(
        act_cfg=None,
        add_extra_convs='on_output',
        in_channels=[
            512,
            1024,
            2048,
        ],
        num_outs=3,
        out_channels=256,
        relu_before_extra_convs=True,
        type='mmdet.FPN'),
    type='FCENet')
optim_wrapper = dict(
    clip_grad=dict(max_norm=5, norm_type=2),
    loss_scale='dynamic',
    optimizer=dict(lr=0.001, momentum=0.9, type='SGD', weight_decay=0.0005),
    type='AmpOptimWrapper')
param_scheduler = [
    dict(begin=0, by_epoch=True, end=2, start_factor=0.1, type='LinearLR'),
    dict(
        begin=2,
        by_epoch=True,
        end=100,
        eta_min=1e-07,
        power=0.9,
        type='PolyLR'),
]
randomness = dict(seed=None)
resume = True
test_cfg = dict(type='TestLoop')
test_dataloader = dict(
    batch_size=1,
    dataset=dict(
        datasets=[
            dict(
                ann_file='instances_val.json',
                data_root='data/art_mmocr',
                pipeline=None,
                test_mode=True,
                type='OCRDataset'),
            dict(
                ann_file='instances_val.json',
                data_root='data/rctw17_mmocr',
                pipeline=None,
                test_mode=True,
                type='OCRDataset'),
            dict(
                ann_file='instances_val.json',
                data_root='data/rects_mmocr',
                pipeline=None,
                test_mode=True,
                type='OCRDataset'),
        ],
        pipeline=[
            dict(
                color_type='color_ignore_orientation',
                type='LoadImageFromFile'),
            dict(keep_ratio=True, scale=(
                2260,
                2260,
            ), type='Resize'),
            dict(
                type='LoadOCRAnnotations',
                with_bbox=True,
                with_label=True,
                with_polygon=True),
            dict(fix_from_bbox=False, type='FixInvalidPolygon'),
            dict(
                meta_keys=(
                    'img_path',
                    'ori_shape',
                    'img_shape',
                    'scale_factor',
                ),
                type='PackTextDetInputs'),
        ],
        type='ConcatDataset'),
    num_workers=2,
    persistent_workers=True,
    pin_memory=True,
    sampler=dict(shuffle=False, type='DefaultSampler'))
test_evaluator = dict(
    dataset_prefixes=dict(
        art='data/art_mmocr',
        rctw='data/rctw17_mmocr',
        rects='data/rects_mmocr'),
    type='MultiDatasetHmeanIOUMetric')
test_list = [
    dict(
        ann_file='instances_val.json',
        data_root='data/art_mmocr',
        pipeline=None,
        test_mode=True,
        type='OCRDataset'),
    dict(
        ann_file='instances_val.json',
        data_root='data/rctw17_mmocr',
        pipeline=None,
        test_mode=True,
        type='OCRDataset'),
    dict(
        ann_file='instances_val.json',
        data_root='data/rects_mmocr',
        pipeline=None,
        test_mode=True,
        type='OCRDataset'),
]
test_pipeline = [
    dict(color_type='color_ignore_orientation', type='LoadImageFromFile'),
    dict(keep_ratio=True, scale=(
        2260,
        2260,
    ), type='Resize'),
    dict(
        type='LoadOCRAnnotations',
        with_bbox=True,
        with_label=True,
        with_polygon=True),
    dict(fix_from_bbox=False, type='FixInvalidPolygon'),
    dict(
        meta_keys=(
            'img_path',
            'ori_shape',
            'img_shape',
            'scale_factor',
        ),
        type='PackTextDetInputs'),
]
textdet_art_data_root = 'data/art_mmocr'
textdet_art_rctw_rects_data_root = 'data/textdet_finetune_art_rctw_rects'
textdet_art_rctw_rects_test = dict(
    ann_file='instances_val.json',
    data_root='data/textdet_finetune_art_rctw_rects',
    pipeline=None,
    test_mode=True,
    type='OCRDataset')
textdet_art_rctw_rects_train = dict(
    ann_file='instances_train.json',
    data_root='data/textdet_finetune_art_rctw_rects',
    filter_cfg=dict(filter_empty_gt=True, min_size=32),
    pipeline=None,
    type='OCRDataset')
textdet_art_test = dict(
    ann_file='instances_val.json',
    data_root='data/art_mmocr',
    pipeline=None,
    test_mode=True,
    type='OCRDataset')
textdet_art_train = dict(
    ann_file='instances_train.json',
    data_root='data/art_mmocr',
    filter_cfg=dict(filter_empty_gt=True, min_size=32),
    pipeline=None,
    type='OCRDataset')
textdet_rctw_data_root = 'data/rctw17_mmocr'
textdet_rctw_test = dict(
    ann_file='instances_val.json',
    data_root='data/rctw17_mmocr',
    pipeline=None,
    test_mode=True,
    type='OCRDataset')
textdet_rctw_train = dict(
    ann_file='instances_train.json',
    data_root='data/rctw17_mmocr',
    filter_cfg=dict(filter_empty_gt=True, min_size=32),
    pipeline=None,
    type='OCRDataset')
textdet_rects_data_root = 'data/rects_mmocr'
textdet_rects_test = dict(
    ann_file='instances_val.json',
    data_root='data/rects_mmocr',
    pipeline=None,
    test_mode=True,
    type='OCRDataset')
textdet_rects_train = dict(
    ann_file='instances_train.json',
    data_root='data/rects_mmocr',
    filter_cfg=dict(filter_empty_gt=True, min_size=32),
    pipeline=None,
    type='OCRDataset')
train_cfg = dict(max_epochs=100, type='EpochBasedTrainLoop', val_interval=2)
train_dataloader = dict(
    batch_size=32,
    dataset=dict(
        datasets=[
            dict(
                ann_file='instances_train.json',
                data_root='data/art_mmocr',
                filter_cfg=dict(filter_empty_gt=True, min_size=32),
                pipeline=None,
                type='OCRDataset'),
            dict(
                ann_file='instances_train.json',
                data_root='data/rctw17_mmocr',
                filter_cfg=dict(filter_empty_gt=True, min_size=32),
                pipeline=None,
                type='OCRDataset'),
            dict(
                ann_file='instances_train.json',
                data_root='data/rects_mmocr',
                filter_cfg=dict(filter_empty_gt=True, min_size=32),
                pipeline=None,
                type='OCRDataset'),
        ],
        pipeline=[
            dict(
                color_type='color_ignore_orientation',
                type='LoadImageFromFile'),
            dict(
                type='LoadOCRAnnotations',
                with_bbox=True,
                with_label=True,
                with_polygon=True),
            dict(fix_from_bbox=False, type='FixInvalidPolygon'),
            dict(
                keep_ratio=True,
                ratio_range=(
                    0.75,
                    2.5,
                ),
                scale=(
                    800,
                    800,
                ),
                type='RandomResize'),
            dict(
                crop_ratio=0.5,
                iter_num=1,
                min_area_ratio=0.2,
                type='TextDetRandomCropFlip'),
            dict(
                prob=0.8,
                transforms=[
                    dict(min_side_ratio=0.3, type='RandomCrop'),
                ],
                type='RandomApply'),
            dict(
                prob=0.5,
                transforms=[
                    dict(
                        max_angle=30,
                        pad_with_fixed_color=False,
                        type='RandomRotate',
                        use_canvas=True),
                ],
                type='RandomApply'),
            dict(
                prob=[
                    0.6,
                    0.4,
                ],
                transforms=[
                    [
                        dict(keep_ratio=True, scale=800, type='Resize'),
                        dict(target_scale=800, type='SourceImagePad'),
                    ],
                    dict(keep_ratio=False, scale=800, type='Resize'),
                ],
                type='RandomChoice'),
            dict(direction='horizontal', prob=0.5, type='RandomFlip'),
            dict(
                brightness=0.12549019607843137,
                contrast=0.5,
                op='ColorJitter',
                saturation=0.5,
                type='TorchVisionWrapper'),
            dict(
                meta_keys=(
                    'img_path',
                    'ori_shape',
                    'img_shape',
                    'scale_factor',
                ),
                type='PackTextDetInputs'),
        ],
        type='ConcatDataset'),
    num_workers=6,
    persistent_workers=True,
    pin_memory=True,
    sampler=dict(shuffle=True, type='DefaultSampler'))
train_list = [
    dict(
        ann_file='instances_train.json',
        data_root='data/art_mmocr',
        filter_cfg=dict(filter_empty_gt=True, min_size=32),
        pipeline=None,
        type='OCRDataset'),
    dict(
        ann_file='instances_train.json',
        data_root='data/rctw17_mmocr',
        filter_cfg=dict(filter_empty_gt=True, min_size=32),
        pipeline=None,
        type='OCRDataset'),
    dict(
        ann_file='instances_train.json',
        data_root='data/rects_mmocr',
        filter_cfg=dict(filter_empty_gt=True, min_size=32),
        pipeline=None,
        type='OCRDataset'),
]
train_pipeline = [
    dict(color_type='color_ignore_orientation', type='LoadImageFromFile'),
    dict(
        type='LoadOCRAnnotations',
        with_bbox=True,
        with_label=True,
        with_polygon=True),
    dict(fix_from_bbox=False, type='FixInvalidPolygon'),
    dict(
        keep_ratio=True,
        ratio_range=(
            0.75,
            2.5,
        ),
        scale=(
            800,
            800,
        ),
        type='RandomResize'),
    dict(
        crop_ratio=0.5,
        iter_num=1,
        min_area_ratio=0.2,
        type='TextDetRandomCropFlip'),
    dict(
        prob=0.8,
        transforms=[
            dict(min_side_ratio=0.3, type='RandomCrop'),
        ],
        type='RandomApply'),
    dict(
        prob=0.5,
        transforms=[
            dict(
                max_angle=30,
                pad_with_fixed_color=False,
                type='RandomRotate',
                use_canvas=True),
        ],
        type='RandomApply'),
    dict(
        prob=[
            0.6,
            0.4,
        ],
        transforms=[
            [
                dict(keep_ratio=True, scale=800, type='Resize'),
                dict(target_scale=800, type='SourceImagePad'),
            ],
            dict(keep_ratio=False, scale=800, type='Resize'),
        ],
        type='RandomChoice'),
    dict(direction='horizontal', prob=0.5, type='RandomFlip'),
    dict(
        brightness=0.12549019607843137,
        contrast=0.5,
        op='ColorJitter',
        saturation=0.5,
        type='TorchVisionWrapper'),
    dict(
        meta_keys=(
            'img_path',
            'ori_shape',
            'img_shape',
            'scale_factor',
        ),
        type='PackTextDetInputs'),
]
val_cfg = dict(type='ValLoop')
val_dataloader = dict(
    batch_size=1,
    dataset=dict(
        datasets=[
            dict(
                ann_file='instances_val.json',
                data_root='data/art_mmocr',
                pipeline=None,
                test_mode=True,
                type='OCRDataset'),
            dict(
                ann_file='instances_val.json',
                data_root='data/rctw17_mmocr',
                pipeline=None,
                test_mode=True,
                type='OCRDataset'),
            dict(
                ann_file='instances_val.json',
                data_root='data/rects_mmocr',
                pipeline=None,
                test_mode=True,
                type='OCRDataset'),
        ],
        pipeline=[
            dict(
                color_type='color_ignore_orientation',
                type='LoadImageFromFile'),
            dict(keep_ratio=True, scale=(
                2260,
                2260,
            ), type='Resize'),
            dict(
                type='LoadOCRAnnotations',
                with_bbox=True,
                with_label=True,
                with_polygon=True),
            dict(fix_from_bbox=False, type='FixInvalidPolygon'),
            dict(
                meta_keys=(
                    'img_path',
                    'ori_shape',
                    'img_shape',
                    'scale_factor',
                ),
                type='PackTextDetInputs'),
        ],
        type='ConcatDataset'),
    num_workers=2,
    persistent_workers=True,
    pin_memory=True,
    sampler=dict(shuffle=False, type='DefaultSampler'))
val_evaluator = dict(
    dataset_prefixes=dict(
        art='data/art_mmocr',
        rctw='data/rctw17_mmocr',
        rects='data/rects_mmocr'),
    type='MultiDatasetHmeanIOUMetric')
vis_backends = [
    dict(type='LocalVisBackend'),
]
visualizer = dict(
    name='visualizer',
    type='TextDetLocalVisualizer',
    vis_backends=[
        dict(type='LocalVisBackend'),
    ])
work_dir = 'work_dirs/fcenet_r50dcnv2_fpn_finetune_art_rctw_rects'

2026/01/02 15:28:41 - mmengine - INFO - Hooks will be executed in the following order:
before_run:
(VERY_HIGH   ) RuntimeInfoHook                    
(BELOW_NORMAL) LoggerHook                         
(LOWEST      ) EarlyStoppingHook                  
 -------------------- 
before_train:
(VERY_HIGH   ) RuntimeInfoHook                    
(NORMAL      ) IterTimerHook                      
(VERY_LOW    ) CheckpointHook                     
 -------------------- 
before_train_epoch:
(VERY_HIGH   ) RuntimeInfoHook                    
(NORMAL      ) IterTimerHook                      
(NORMAL      ) DistSamplerSeedHook                
 -------------------- 
before_train_iter:
(VERY_HIGH   ) RuntimeInfoHook                    
(NORMAL      ) IterTimerHook                      
 -------------------- 
after_train_iter:
(VERY_HIGH   ) RuntimeInfoHook                    
(NORMAL      ) IterTimerHook                      
(BELOW_NORMAL) LoggerHook                         
(LOW         ) ParamSchedulerHook                 
(VERY_LOW    ) CheckpointHook                     
 -------------------- 
after_train_epoch:
(NORMAL      ) IterTimerHook                      
(NORMAL      ) SyncBuffersHook                    
(LOW         ) ParamSchedulerHook                 
(VERY_LOW    ) CheckpointHook                     
 -------------------- 
before_val:
(VERY_HIGH   ) RuntimeInfoHook                    
 -------------------- 
before_val_epoch:
(NORMAL      ) IterTimerHook                      
(NORMAL      ) SyncBuffersHook                    
 -------------------- 
before_val_iter:
(NORMAL      ) IterTimerHook                      
 -------------------- 
after_val_iter:
(NORMAL      ) IterTimerHook                      
(NORMAL      ) VisualizationHook                  
(BELOW_NORMAL) LoggerHook                         
 -------------------- 
after_val_epoch:
(VERY_HIGH   ) RuntimeInfoHook                    
(NORMAL      ) IterTimerHook                      
(BELOW_NORMAL) LoggerHook                         
(LOW         ) ParamSchedulerHook                 
(VERY_LOW    ) CheckpointHook                     
(LOWEST      ) EarlyStoppingHook                  
 -------------------- 
after_val:
(VERY_HIGH   ) RuntimeInfoHook                    
 -------------------- 
after_train:
(VERY_HIGH   ) RuntimeInfoHook                    
(VERY_LOW    ) CheckpointHook                     
 -------------------- 
before_test:
(VERY_HIGH   ) RuntimeInfoHook                    
 -------------------- 
before_test_epoch:
(NORMAL      ) IterTimerHook                      
 -------------------- 
before_test_iter:
(NORMAL      ) IterTimerHook                      
 -------------------- 
after_test_iter:
(NORMAL      ) IterTimerHook                      
(NORMAL      ) VisualizationHook                  
(BELOW_NORMAL) LoggerHook                         
 -------------------- 
after_test_epoch:
(VERY_HIGH   ) RuntimeInfoHook                    
(NORMAL      ) IterTimerHook                      
(BELOW_NORMAL) LoggerHook                         
 -------------------- 
after_test:
(VERY_HIGH   ) RuntimeInfoHook                    
 -------------------- 
after_run:
(BELOW_NORMAL) LoggerHook                         
 -------------------- 
2026/01/02 15:28:45 - mmengine - INFO - LR is set based on batch size of 32 and the current batch size is 64. Scaling the original LR by 2.0.
2026/01/02 15:28:46 - mmengine - INFO - load model from: torchvision://resnet50
2026/01/02 15:28:46 - mmengine - INFO - Loads checkpoint by torchvision backend from path: torchvision://resnet50
2026/01/02 15:28:46 - mmengine - WARNING - The model and loaded state dict do not match exactly

unexpected key in source state_dict: fc.weight, fc.bias

missing keys in source state_dict: layer2.0.conv2.conv_offset.weight, layer2.0.conv2.conv_offset.bias, layer2.1.conv2.conv_offset.weight, layer2.1.conv2.conv_offset.bias, layer2.2.conv2.conv_offset.weight, layer2.2.conv2.conv_offset.bias, layer2.3.conv2.conv_offset.weight, layer2.3.conv2.conv_offset.bias, layer3.0.conv2.conv_offset.weight, layer3.0.conv2.conv_offset.bias, layer3.1.conv2.conv_offset.weight, layer3.1.conv2.conv_offset.bias, layer3.2.conv2.conv_offset.weight, layer3.2.conv2.conv_offset.bias, layer3.3.conv2.conv_offset.weight, layer3.3.conv2.conv_offset.bias, layer3.4.conv2.conv_offset.weight, layer3.4.conv2.conv_offset.bias, layer3.5.conv2.conv_offset.weight, layer3.5.conv2.conv_offset.bias, layer4.0.conv2.conv_offset.weight, layer4.0.conv2.conv_offset.bias, layer4.1.conv2.conv_offset.weight, layer4.1.conv2.conv_offset.bias, layer4.2.conv2.conv_offset.weight, layer4.2.conv2.conv_offset.bias

Name of parameter - Initialization information

backbone.conv1.weight - torch.Size([64, 3, 7, 7]): 
PretrainedInit: load from torchvision://resnet50 

backbone.bn1.weight - torch.Size([64]): 
PretrainedInit: load from torchvision://resnet50 

backbone.bn1.bias - torch.Size([64]): 
PretrainedInit: load from torchvision://resnet50 

backbone.layer1.0.conv1.weight - torch.Size([64, 64, 1, 1]): 
PretrainedInit: load from torchvision://resnet50 

backbone.layer1.0.bn1.weight - torch.Size([64]): 
PretrainedInit: load from torchvision://resnet50 

backbone.layer1.0.bn1.bias - torch.Size([64]): 
PretrainedInit: load from torchvision://resnet50 

backbone.layer1.0.conv2.weight - torch.Size([64, 64, 3, 3]): 
PretrainedInit: load from torchvision://resnet50 

backbone.layer1.0.bn2.weight - torch.Size([64]): 
PretrainedInit: load from torchvision://resnet50 

backbone.layer1.0.bn2.bias - torch.Size([64]): 
PretrainedInit: load from torchvision://resnet50 

backbone.layer1.0.conv3.weight - torch.Size([256, 64, 1, 1]): 
PretrainedInit: load from torchvision://resnet50 

backbone.layer1.0.bn3.weight - torch.Size([256]): 
PretrainedInit: load from torchvision://resnet50 

backbone.layer1.0.bn3.bias - torch.Size([256]): 
PretrainedInit: load from torchvision://resnet50 

backbone.layer1.0.downsample.0.weight - torch.Size([256, 64, 1, 1]): 
PretrainedInit: load from torchvision://resnet50 

backbone.layer1.0.downsample.1.weight - torch.Size([256]): 
PretrainedInit: load from torchvision://resnet50 

backbone.layer1.0.downsample.1.bias - torch.Size([256]): 
PretrainedInit: load from torchvision://resnet50 

backbone.layer1.1.conv1.weight - torch.Size([64, 256, 1, 1]): 
PretrainedInit: load from torchvision://resnet50 

backbone.layer1.1.bn1.weight - torch.Size([64]): 
PretrainedInit: load from torchvision://resnet50 

backbone.layer1.1.bn1.bias - torch.Size([64]): 
PretrainedInit: load from torchvision://resnet50 

backbone.layer1.1.conv2.weight - torch.Size([64, 64, 3, 3]): 
PretrainedInit: load from torchvision://resnet50 

backbone.layer1.1.bn2.weight - torch.Size([64]): 
PretrainedInit: load from torchvision://resnet50 

backbone.layer1.1.bn2.bias - torch.Size([64]): 
PretrainedInit: load from torchvision://resnet50 

backbone.layer1.1.conv3.weight - torch.Size([256, 64, 1, 1]): 
PretrainedInit: load from torchvision://resnet50 

backbone.layer1.1.bn3.weight - torch.Size([256]): 
PretrainedInit: load from torchvision://resnet50 

backbone.layer1.1.bn3.bias - torch.Size([256]): 
PretrainedInit: load from torchvision://resnet50 

backbone.layer1.2.conv1.weight - torch.Size([64, 256, 1, 1]): 
PretrainedInit: load from torchvision://resnet50 

backbone.layer1.2.bn1.weight - torch.Size([64]): 
PretrainedInit: load from torchvision://resnet50 

backbone.layer1.2.bn1.bias - torch.Size([64]): 
PretrainedInit: load from torchvision://resnet50 

backbone.layer1.2.conv2.weight - torch.Size([64, 64, 3, 3]): 
PretrainedInit: load from torchvision://resnet50 

backbone.layer1.2.bn2.weight - torch.Size([64]): 
PretrainedInit: load from torchvision://resnet50 

backbone.layer1.2.bn2.bias - torch.Size([64]): 
PretrainedInit: load from torchvision://resnet50 

backbone.layer1.2.conv3.weight - torch.Size([256, 64, 1, 1]): 
PretrainedInit: load from torchvision://resnet50 

backbone.layer1.2.bn3.weight - torch.Size([256]): 
PretrainedInit: load from torchvision://resnet50 

backbone.layer1.2.bn3.bias - torch.Size([256]): 
PretrainedInit: load from torchvision://resnet50 

backbone.layer2.0.conv1.weight - torch.Size([128, 256, 1, 1]): 
PretrainedInit: load from torchvision://resnet50 

backbone.layer2.0.bn1.weight - torch.Size([128]): 
PretrainedInit: load from torchvision://resnet50 

backbone.layer2.0.bn1.bias - torch.Size([128]): 
PretrainedInit: load from torchvision://resnet50 

backbone.layer2.0.conv2.weight - torch.Size([128, 128, 3, 3]): 
PretrainedInit: load from torchvision://resnet50 

backbone.layer2.0.conv2.conv_offset.weight - torch.Size([54, 128, 3, 3]): 
The value is the same before and after calling `init_weights` of FCENet  

backbone.layer2.0.conv2.conv_offset.bias - torch.Size([54]): 
The value is the same before and after calling `init_weights` of FCENet  

backbone.layer2.0.bn2.weight - torch.Size([128]): 
PretrainedInit: load from torchvision://resnet50 

backbone.layer2.0.bn2.bias - torch.Size([128]): 
PretrainedInit: load from torchvision://resnet50 

backbone.layer2.0.conv3.weight - torch.Size([512, 128, 1, 1]): 
PretrainedInit: load from torchvision://resnet50 

backbone.layer2.0.bn3.weight - torch.Size([512]): 
PretrainedInit: load from torchvision://resnet50 

backbone.layer2.0.bn3.bias - torch.Size([512]): 
PretrainedInit: load from torchvision://resnet50 

backbone.layer2.0.downsample.0.weight - torch.Size([512, 256, 1, 1]): 
PretrainedInit: load from torchvision://resnet50 

backbone.layer2.0.downsample.1.weight - torch.Size([512]): 
PretrainedInit: load from torchvision://resnet50 

backbone.layer2.0.downsample.1.bias - torch.Size([512]): 
PretrainedInit: load from torchvision://resnet50 

backbone.layer2.1.conv1.weight - torch.Size([128, 512, 1, 1]): 
PretrainedInit: load from torchvision://resnet50 

backbone.layer2.1.bn1.weight - torch.Size([128]): 
PretrainedInit: load from torchvision://resnet50 

backbone.layer2.1.bn1.bias - torch.Size([128]): 
PretrainedInit: load from torchvision://resnet50 

backbone.layer2.1.conv2.weight - torch.Size([128, 128, 3, 3]): 
PretrainedInit: load from torchvision://resnet50 

backbone.layer2.1.conv2.conv_offset.weight - torch.Size([54, 128, 3, 3]): 
The value is the same before and after calling `init_weights` of FCENet  

backbone.layer2.1.conv2.conv_offset.bias - torch.Size([54]): 
The value is the same before and after calling `init_weights` of FCENet  

backbone.layer2.1.bn2.weight - torch.Size([128]): 
PretrainedInit: load from torchvision://resnet50 

backbone.layer2.1.bn2.bias - torch.Size([128]): 
PretrainedInit: load from torchvision://resnet50 

backbone.layer2.1.conv3.weight - torch.Size([512, 128, 1, 1]): 
PretrainedInit: load from torchvision://resnet50 

backbone.layer2.1.bn3.weight - torch.Size([512]): 
PretrainedInit: load from torchvision://resnet50 

backbone.layer2.1.bn3.bias - torch.Size([512]): 
PretrainedInit: load from torchvision://resnet50 

backbone.layer2.2.conv1.weight - torch.Size([128, 512, 1, 1]): 
PretrainedInit: load from torchvision://resnet50 

backbone.layer2.2.bn1.weight - torch.Size([128]): 
PretrainedInit: load from torchvision://resnet50 

backbone.layer2.2.bn1.bias - torch.Size([128]): 
PretrainedInit: load from torchvision://resnet50 

backbone.layer2.2.conv2.weight - torch.Size([128, 128, 3, 3]): 
PretrainedInit: load from torchvision://resnet50 

backbone.layer2.2.conv2.conv_offset.weight - torch.Size([54, 128, 3, 3]): 
The value is the same before and after calling `init_weights` of FCENet  

backbone.layer2.2.conv2.conv_offset.bias - torch.Size([54]): 
The value is the same before and after calling `init_weights` of FCENet  

backbone.layer2.2.bn2.weight - torch.Size([128]): 
PretrainedInit: load from torchvision://resnet50 

backbone.layer2.2.bn2.bias - torch.Size([128]): 
PretrainedInit: load from torchvision://resnet50 

backbone.layer2.2.conv3.weight - torch.Size([512, 128, 1, 1]): 
PretrainedInit: load from torchvision://resnet50 

backbone.layer2.2.bn3.weight - torch.Size([512]): 
PretrainedInit: load from torchvision://resnet50 

backbone.layer2.2.bn3.bias - torch.Size([512]): 
PretrainedInit: load from torchvision://resnet50 

backbone.layer2.3.conv1.weight - torch.Size([128, 512, 1, 1]): 
PretrainedInit: load from torchvision://resnet50 

backbone.layer2.3.bn1.weight - torch.Size([128]): 
PretrainedInit: load from torchvision://resnet50 

backbone.layer2.3.bn1.bias - torch.Size([128]): 
PretrainedInit: load from torchvision://resnet50 

backbone.layer2.3.conv2.weight - torch.Size([128, 128, 3, 3]): 
PretrainedInit: load from torchvision://resnet50 

backbone.layer2.3.conv2.conv_offset.weight - torch.Size([54, 128, 3, 3]): 
The value is the same before and after calling `init_weights` of FCENet  

backbone.layer2.3.conv2.conv_offset.bias - torch.Size([54]): 
The value is the same before and after calling `init_weights` of FCENet  

backbone.layer2.3.bn2.weight - torch.Size([128]): 
PretrainedInit: load from torchvision://resnet50 

backbone.layer2.3.bn2.bias - torch.Size([128]): 
PretrainedInit: load from torchvision://resnet50 

backbone.layer2.3.conv3.weight - torch.Size([512, 128, 1, 1]): 
PretrainedInit: load from torchvision://resnet50 

backbone.layer2.3.bn3.weight - torch.Size([512]): 
PretrainedInit: load from torchvision://resnet50 

backbone.layer2.3.bn3.bias - torch.Size([512]): 
PretrainedInit: load from torchvision://resnet50 

backbone.layer3.0.conv1.weight - torch.Size([256, 512, 1, 1]): 
PretrainedInit: load from torchvision://resnet50 

backbone.layer3.0.bn1.weight - torch.Size([256]): 
PretrainedInit: load from torchvision://resnet50 

backbone.layer3.0.bn1.bias - torch.Size([256]): 
PretrainedInit: load from torchvision://resnet50 

backbone.layer3.0.conv2.weight - torch.Size([256, 256, 3, 3]): 
PretrainedInit: load from torchvision://resnet50 

backbone.layer3.0.conv2.conv_offset.weight - torch.Size([54, 256, 3, 3]): 
The value is the same before and after calling `init_weights` of FCENet  

backbone.layer3.0.conv2.conv_offset.bias - torch.Size([54]): 
The value is the same before and after calling `init_weights` of FCENet  

backbone.layer3.0.bn2.weight - torch.Size([256]): 
PretrainedInit: load from torchvision://resnet50 

backbone.layer3.0.bn2.bias - torch.Size([256]): 
PretrainedInit: load from torchvision://resnet50 

backbone.layer3.0.conv3.weight - torch.Size([1024, 256, 1, 1]): 
PretrainedInit: load from torchvision://resnet50 

backbone.layer3.0.bn3.weight - torch.Size([1024]): 
PretrainedInit: load from torchvision://resnet50 

backbone.layer3.0.bn3.bias - torch.Size([1024]): 
PretrainedInit: load from torchvision://resnet50 

backbone.layer3.0.downsample.0.weight - torch.Size([1024, 512, 1, 1]): 
PretrainedInit: load from torchvision://resnet50 

backbone.layer3.0.downsample.1.weight - torch.Size([1024]): 
PretrainedInit: load from torchvision://resnet50 

backbone.layer3.0.downsample.1.bias - torch.Size([1024]): 
PretrainedInit: load from torchvision://resnet50 

backbone.layer3.1.conv1.weight - torch.Size([256, 1024, 1, 1]): 
PretrainedInit: load from torchvision://resnet50 

backbone.layer3.1.bn1.weight - torch.Size([256]): 
PretrainedInit: load from torchvision://resnet50 

backbone.layer3.1.bn1.bias - torch.Size([256]): 
PretrainedInit: load from torchvision://resnet50 

backbone.layer3.1.conv2.weight - torch.Size([256, 256, 3, 3]): 
PretrainedInit: load from torchvision://resnet50 

backbone.layer3.1.conv2.conv_offset.weight - torch.Size([54, 256, 3, 3]): 
The value is the same before and after calling `init_weights` of FCENet  

backbone.layer3.1.conv2.conv_offset.bias - torch.Size([54]): 
The value is the same before and after calling `init_weights` of FCENet  

backbone.layer3.1.bn2.weight - torch.Size([256]): 
PretrainedInit: load from torchvision://resnet50 

backbone.layer3.1.bn2.bias - torch.Size([256]): 
PretrainedInit: load from torchvision://resnet50 

backbone.layer3.1.conv3.weight - torch.Size([1024, 256, 1, 1]): 
PretrainedInit: load from torchvision://resnet50 

backbone.layer3.1.bn3.weight - torch.Size([1024]): 
PretrainedInit: load from torchvision://resnet50 

backbone.layer3.1.bn3.bias - torch.Size([1024]): 
PretrainedInit: load from torchvision://resnet50 

backbone.layer3.2.conv1.weight - torch.Size([256, 1024, 1, 1]): 
PretrainedInit: load from torchvision://resnet50 

backbone.layer3.2.bn1.weight - torch.Size([256]): 
PretrainedInit: load from torchvision://resnet50 

backbone.layer3.2.bn1.bias - torch.Size([256]): 
PretrainedInit: load from torchvision://resnet50 

backbone.layer3.2.conv2.weight - torch.Size([256, 256, 3, 3]): 
PretrainedInit: load from torchvision://resnet50 

backbone.layer3.2.conv2.conv_offset.weight - torch.Size([54, 256, 3, 3]): 
The value is the same before and after calling `init_weights` of FCENet  

backbone.layer3.2.conv2.conv_offset.bias - torch.Size([54]): 
The value is the same before and after calling `init_weights` of FCENet  

backbone.layer3.2.bn2.weight - torch.Size([256]): 
PretrainedInit: load from torchvision://resnet50 

backbone.layer3.2.bn2.bias - torch.Size([256]): 
PretrainedInit: load from torchvision://resnet50 

backbone.layer3.2.conv3.weight - torch.Size([1024, 256, 1, 1]): 
PretrainedInit: load from torchvision://resnet50 

backbone.layer3.2.bn3.weight - torch.Size([1024]): 
PretrainedInit: load from torchvision://resnet50 

backbone.layer3.2.bn3.bias - torch.Size([1024]): 
PretrainedInit: load from torchvision://resnet50 

backbone.layer3.3.conv1.weight - torch.Size([256, 1024, 1, 1]): 
PretrainedInit: load from torchvision://resnet50 

backbone.layer3.3.bn1.weight - torch.Size([256]): 
PretrainedInit: load from torchvision://resnet50 

backbone.layer3.3.bn1.bias - torch.Size([256]): 
PretrainedInit: load from torchvision://resnet50 

backbone.layer3.3.conv2.weight - torch.Size([256, 256, 3, 3]): 
PretrainedInit: load from torchvision://resnet50 

backbone.layer3.3.conv2.conv_offset.weight - torch.Size([54, 256, 3, 3]): 
The value is the same before and after calling `init_weights` of FCENet  

backbone.layer3.3.conv2.conv_offset.bias - torch.Size([54]): 
The value is the same before and after calling `init_weights` of FCENet  

backbone.layer3.3.bn2.weight - torch.Size([256]): 
PretrainedInit: load from torchvision://resnet50 

backbone.layer3.3.bn2.bias - torch.Size([256]): 
PretrainedInit: load from torchvision://resnet50 

backbone.layer3.3.conv3.weight - torch.Size([1024, 256, 1, 1]): 
PretrainedInit: load from torchvision://resnet50 

backbone.layer3.3.bn3.weight - torch.Size([1024]): 
PretrainedInit: load from torchvision://resnet50 

backbone.layer3.3.bn3.bias - torch.Size([1024]): 
PretrainedInit: load from torchvision://resnet50 

backbone.layer3.4.conv1.weight - torch.Size([256, 1024, 1, 1]): 
PretrainedInit: load from torchvision://resnet50 

backbone.layer3.4.bn1.weight - torch.Size([256]): 
PretrainedInit: load from torchvision://resnet50 

backbone.layer3.4.bn1.bias - torch.Size([256]): 
PretrainedInit: load from torchvision://resnet50 

backbone.layer3.4.conv2.weight - torch.Size([256, 256, 3, 3]): 
PretrainedInit: load from torchvision://resnet50 

backbone.layer3.4.conv2.conv_offset.weight - torch.Size([54, 256, 3, 3]): 
The value is the same before and after calling `init_weights` of FCENet  

backbone.layer3.4.conv2.conv_offset.bias - torch.Size([54]): 
The value is the same before and after calling `init_weights` of FCENet  

backbone.layer3.4.bn2.weight - torch.Size([256]): 
PretrainedInit: load from torchvision://resnet50 

backbone.layer3.4.bn2.bias - torch.Size([256]): 
PretrainedInit: load from torchvision://resnet50 

backbone.layer3.4.conv3.weight - torch.Size([1024, 256, 1, 1]): 
PretrainedInit: load from torchvision://resnet50 

backbone.layer3.4.bn3.weight - torch.Size([1024]): 
PretrainedInit: load from torchvision://resnet50 

backbone.layer3.4.bn3.bias - torch.Size([1024]): 
PretrainedInit: load from torchvision://resnet50 

backbone.layer3.5.conv1.weight - torch.Size([256, 1024, 1, 1]): 
PretrainedInit: load from torchvision://resnet50 

backbone.layer3.5.bn1.weight - torch.Size([256]): 
PretrainedInit: load from torchvision://resnet50 

backbone.layer3.5.bn1.bias - torch.Size([256]): 
PretrainedInit: load from torchvision://resnet50 

backbone.layer3.5.conv2.weight - torch.Size([256, 256, 3, 3]): 
PretrainedInit: load from torchvision://resnet50 

backbone.layer3.5.conv2.conv_offset.weight - torch.Size([54, 256, 3, 3]): 
The value is the same before and after calling `init_weights` of FCENet  

backbone.layer3.5.conv2.conv_offset.bias - torch.Size([54]): 
The value is the same before and after calling `init_weights` of FCENet  

backbone.layer3.5.bn2.weight - torch.Size([256]): 
PretrainedInit: load from torchvision://resnet50 

backbone.layer3.5.bn2.bias - torch.Size([256]): 
PretrainedInit: load from torchvision://resnet50 

backbone.layer3.5.conv3.weight - torch.Size([1024, 256, 1, 1]): 
PretrainedInit: load from torchvision://resnet50 

backbone.layer3.5.bn3.weight - torch.Size([1024]): 
PretrainedInit: load from torchvision://resnet50 

backbone.layer3.5.bn3.bias - torch.Size([1024]): 
PretrainedInit: load from torchvision://resnet50 

backbone.layer4.0.conv1.weight - torch.Size([512, 1024, 1, 1]): 
PretrainedInit: load from torchvision://resnet50 

backbone.layer4.0.bn1.weight - torch.Size([512]): 
PretrainedInit: load from torchvision://resnet50 

backbone.layer4.0.bn1.bias - torch.Size([512]): 
PretrainedInit: load from torchvision://resnet50 

backbone.layer4.0.conv2.weight - torch.Size([512, 512, 3, 3]): 
PretrainedInit: load from torchvision://resnet50 

backbone.layer4.0.conv2.conv_offset.weight - torch.Size([54, 512, 3, 3]): 
The value is the same before and after calling `init_weights` of FCENet  

backbone.layer4.0.conv2.conv_offset.bias - torch.Size([54]): 
The value is the same before and after calling `init_weights` of FCENet  

backbone.layer4.0.bn2.weight - torch.Size([512]): 
PretrainedInit: load from torchvision://resnet50 

backbone.layer4.0.bn2.bias - torch.Size([512]): 
PretrainedInit: load from torchvision://resnet50 

backbone.layer4.0.conv3.weight - torch.Size([2048, 512, 1, 1]): 
PretrainedInit: load from torchvision://resnet50 

backbone.layer4.0.bn3.weight - torch.Size([2048]): 
PretrainedInit: load from torchvision://resnet50 

backbone.layer4.0.bn3.bias - torch.Size([2048]): 
PretrainedInit: load from torchvision://resnet50 

backbone.layer4.0.downsample.0.weight - torch.Size([2048, 1024, 1, 1]): 
PretrainedInit: load from torchvision://resnet50 

backbone.layer4.0.downsample.1.weight - torch.Size([2048]): 
PretrainedInit: load from torchvision://resnet50 

backbone.layer4.0.downsample.1.bias - torch.Size([2048]): 
PretrainedInit: load from torchvision://resnet50 

backbone.layer4.1.conv1.weight - torch.Size([512, 2048, 1, 1]): 
PretrainedInit: load from torchvision://resnet50 

backbone.layer4.1.bn1.weight - torch.Size([512]): 
PretrainedInit: load from torchvision://resnet50 

backbone.layer4.1.bn1.bias - torch.Size([512]): 
PretrainedInit: load from torchvision://resnet50 

backbone.layer4.1.conv2.weight - torch.Size([512, 512, 3, 3]): 
PretrainedInit: load from torchvision://resnet50 

backbone.layer4.1.conv2.conv_offset.weight - torch.Size([54, 512, 3, 3]): 
The value is the same before and after calling `init_weights` of FCENet  

backbone.layer4.1.conv2.conv_offset.bias - torch.Size([54]): 
The value is the same before and after calling `init_weights` of FCENet  

backbone.layer4.1.bn2.weight - torch.Size([512]): 
PretrainedInit: load from torchvision://resnet50 

backbone.layer4.1.bn2.bias - torch.Size([512]): 
PretrainedInit: load from torchvision://resnet50 

backbone.layer4.1.conv3.weight - torch.Size([2048, 512, 1, 1]): 
PretrainedInit: load from torchvision://resnet50 

backbone.layer4.1.bn3.weight - torch.Size([2048]): 
PretrainedInit: load from torchvision://resnet50 

backbone.layer4.1.bn3.bias - torch.Size([2048]): 
PretrainedInit: load from torchvision://resnet50 

backbone.layer4.2.conv1.weight - torch.Size([512, 2048, 1, 1]): 
PretrainedInit: load from torchvision://resnet50 

backbone.layer4.2.bn1.weight - torch.Size([512]): 
PretrainedInit: load from torchvision://resnet50 

backbone.layer4.2.bn1.bias - torch.Size([512]): 
PretrainedInit: load from torchvision://resnet50 

backbone.layer4.2.conv2.weight - torch.Size([512, 512, 3, 3]): 
PretrainedInit: load from torchvision://resnet50 

backbone.layer4.2.conv2.conv_offset.weight - torch.Size([54, 512, 3, 3]): 
The value is the same before and after calling `init_weights` of FCENet  

backbone.layer4.2.conv2.conv_offset.bias - torch.Size([54]): 
The value is the same before and after calling `init_weights` of FCENet  

backbone.layer4.2.bn2.weight - torch.Size([512]): 
PretrainedInit: load from torchvision://resnet50 

backbone.layer4.2.bn2.bias - torch.Size([512]): 
PretrainedInit: load from torchvision://resnet50 

backbone.layer4.2.conv3.weight - torch.Size([2048, 512, 1, 1]): 
PretrainedInit: load from torchvision://resnet50 

backbone.layer4.2.bn3.weight - torch.Size([2048]): 
PretrainedInit: load from torchvision://resnet50 

backbone.layer4.2.bn3.bias - torch.Size([2048]): 
PretrainedInit: load from torchvision://resnet50 

neck.lateral_convs.0.conv.weight - torch.Size([256, 512, 1, 1]): 
XavierInit: gain=1, distribution=uniform, bias=0 

neck.lateral_convs.0.conv.bias - torch.Size([256]): 
The value is the same before and after calling `init_weights` of FCENet  

neck.lateral_convs.1.conv.weight - torch.Size([256, 1024, 1, 1]): 
XavierInit: gain=1, distribution=uniform, bias=0 

neck.lateral_convs.1.conv.bias - torch.Size([256]): 
The value is the same before and after calling `init_weights` of FCENet  

neck.lateral_convs.2.conv.weight - torch.Size([256, 2048, 1, 1]): 
XavierInit: gain=1, distribution=uniform, bias=0 

neck.lateral_convs.2.conv.bias - torch.Size([256]): 
The value is the same before and after calling `init_weights` of FCENet  

neck.fpn_convs.0.conv.weight - torch.Size([256, 256, 3, 3]): 
XavierInit: gain=1, distribution=uniform, bias=0 

neck.fpn_convs.0.conv.bias - torch.Size([256]): 
The value is the same before and after calling `init_weights` of FCENet  

neck.fpn_convs.1.conv.weight - torch.Size([256, 256, 3, 3]): 
XavierInit: gain=1, distribution=uniform, bias=0 

neck.fpn_convs.1.conv.bias - torch.Size([256]): 
The value is the same before and after calling `init_weights` of FCENet  

neck.fpn_convs.2.conv.weight - torch.Size([256, 256, 3, 3]): 
XavierInit: gain=1, distribution=uniform, bias=0 

neck.fpn_convs.2.conv.bias - torch.Size([256]): 
The value is the same before and after calling `init_weights` of FCENet  

det_head.out_conv_cls.weight - torch.Size([4, 256, 3, 3]): 
NormalInit: mean=0, std=0.01, bias=0 

det_head.out_conv_cls.bias - torch.Size([4]): 
NormalInit: mean=0, std=0.01, bias=0 

det_head.out_conv_reg.weight - torch.Size([22, 256, 3, 3]): 
NormalInit: mean=0, std=0.01, bias=0 

det_head.out_conv_reg.bias - torch.Size([22]): 
NormalInit: mean=0, std=0.01, bias=0 
2026/01/02 15:28:46 - mmengine - INFO - Auto resumed from the latest checkpoint /root/lanyun-tmp/mmocr/work_dirs/fcenet_r50dcnv2_fpn_finetune_art_rctw_rects/epoch_42.pth.
2026/01/02 15:28:47 - mmengine - INFO - ModulatedDeformConvPack backbone.layer2.0.conv2 is upgraded to version 2.
2026/01/02 15:28:47 - mmengine - INFO - ModulatedDeformConvPack backbone.layer2.1.conv2 is upgraded to version 2.
2026/01/02 15:28:47 - mmengine - INFO - ModulatedDeformConvPack backbone.layer2.2.conv2 is upgraded to version 2.
2026/01/02 15:28:47 - mmengine - INFO - ModulatedDeformConvPack backbone.layer2.3.conv2 is upgraded to version 2.
2026/01/02 15:28:47 - mmengine - INFO - ModulatedDeformConvPack backbone.layer3.0.conv2 is upgraded to version 2.
2026/01/02 15:28:47 - mmengine - INFO - ModulatedDeformConvPack backbone.layer3.1.conv2 is upgraded to version 2.
2026/01/02 15:28:47 - mmengine - INFO - ModulatedDeformConvPack backbone.layer3.2.conv2 is upgraded to version 2.
2026/01/02 15:28:47 - mmengine - INFO - ModulatedDeformConvPack backbone.layer3.3.conv2 is upgraded to version 2.
2026/01/02 15:28:47 - mmengine - INFO - ModulatedDeformConvPack backbone.layer3.4.conv2 is upgraded to version 2.
2026/01/02 15:28:47 - mmengine - INFO - ModulatedDeformConvPack backbone.layer3.5.conv2 is upgraded to version 2.
2026/01/02 15:28:47 - mmengine - INFO - ModulatedDeformConvPack backbone.layer4.0.conv2 is upgraded to version 2.
2026/01/02 15:28:47 - mmengine - INFO - ModulatedDeformConvPack backbone.layer4.1.conv2 is upgraded to version 2.
2026/01/02 15:28:47 - mmengine - INFO - ModulatedDeformConvPack backbone.layer4.2.conv2 is upgraded to version 2.
2026/01/02 15:28:47 - mmengine - INFO - Load checkpoint from /root/lanyun-tmp/mmocr/work_dirs/fcenet_r50dcnv2_fpn_finetune_art_rctw_rects/epoch_42.pth
2026/01/02 15:28:47 - mmengine - INFO - resumed epoch: 42, iter: 19908
2026/01/02 15:28:47 - mmengine - WARNING - "FileClient" will be deprecated in future. Please use io functions in https://mmengine.readthedocs.io/en/latest/api/fileio.html#file-io
2026/01/02 15:28:47 - mmengine - WARNING - "HardDiskBackend" is the alias of "LocalBackend" and the former will be deprecated in future.
2026/01/02 15:28:47 - mmengine - INFO - Checkpoints will be saved to /root/lanyun-tmp/mmocr/work_dirs/fcenet_r50dcnv2_fpn_finetune_art_rctw_rects.
2026/01/02 15:29:09 - mmengine - INFO - Epoch(train)  [43][  5/474]  lr: 1.2395e-03  eta: 1 day, 10:42:24  time: 3.3252  data_time: 0.5036  memory: 20661  grad_norm: 21.8112  loss: 2.9406  loss_text: 0.6314  loss_center: 0.9545  loss_reg_x: 0.7610  loss_reg_y: 0.5938
2026/01/02 15:29:23 - mmengine - INFO - Epoch(train)  [43][ 10/474]  lr: 1.2395e-03  eta: 1 day, 3:53:37  time: 3.6539  data_time: 0.5035  memory: 19884  grad_norm: 21.5329  loss: 3.1995  loss_text: 0.6642  loss_center: 0.9573  loss_reg_x: 0.8688  loss_reg_y: 0.7092
2026/01/02 15:29:37 - mmengine - INFO - Epoch(train)  [43][ 15/474]  lr: 1.2395e-03  eta: 1 day, 1:35:49  time: 2.7578  data_time: 0.0026  memory: 19884  grad_norm: 20.8760  loss: 3.2047  loss_text: 0.6618  loss_center: 0.9903  loss_reg_x: 0.8409  loss_reg_y: 0.7116
2026/01/02 15:29:51 - mmengine - INFO - Epoch(train)  [43][ 20/474]  lr: 1.2395e-03  eta: 1 day, 0:27:47  time: 2.7575  data_time: 0.0027  memory: 19884  grad_norm: 22.1301  loss: 3.2105  loss_text: 0.6388  loss_center: 0.9817  loss_reg_x: 0.8714  loss_reg_y: 0.7185
2026/01/02 15:30:05 - mmengine - INFO - Epoch(train)  [43][ 25/474]  lr: 1.2395e-03  eta: 23:50:24  time: 2.7811  data_time: 0.0028  memory: 19884  grad_norm: 23.8706  loss: 3.1202  loss_text: 0.6170  loss_center: 0.9821  loss_reg_x: 0.9027  loss_reg_y: 0.6184
2026/01/02 15:30:19 - mmengine - INFO - Epoch(train)  [43][ 30/474]  lr: 1.2395e-03  eta: 23:31:38  time: 2.8413  data_time: 0.0027  memory: 19885  grad_norm: 22.6942  loss: 3.1499  loss_text: 0.6498  loss_center: 1.0168  loss_reg_x: 0.9053  loss_reg_y: 0.5781
2026/01/02 15:30:33 - mmengine - INFO - Epoch(train)  [43][ 35/474]  lr: 1.2395e-03  eta: 23:13:46  time: 2.8484  data_time: 0.0026  memory: 19884  grad_norm: 28.0154  loss: 3.3811  loss_text: 0.7286  loss_center: 1.0596  loss_reg_x: 0.9300  loss_reg_y: 0.6629
2026/01/02 15:30:49 - mmengine - INFO - Epoch(train)  [43][ 40/474]  lr: 1.2395e-03  eta: 23:15:25  time: 2.9469  data_time: 0.0025  memory: 19884  grad_norm: 29.2266  loss: 3.4361  loss_text: 0.7418  loss_center: 1.0641  loss_reg_x: 0.9678  loss_reg_y: 0.6624
2026/01/02 15:31:02 - mmengine - INFO - Epoch(train)  [43][ 45/474]  lr: 1.2395e-03  eta: 22:57:35  time: 2.8915  data_time: 0.0023  memory: 19884  grad_norm: 22.0092  loss: 3.0452  loss_text: 0.6482  loss_center: 0.9979  loss_reg_x: 0.8335  loss_reg_y: 0.5656
2026/01/02 15:31:15 - mmengine - INFO - Epoch(train)  [43][ 50/474]  lr: 1.2395e-03  eta: 22:38:09  time: 2.6479  data_time: 0.0024  memory: 19884  grad_norm: 20.0389  loss: 3.0664  loss_text: 0.6714  loss_center: 0.9638  loss_reg_x: 0.8152  loss_reg_y: 0.6159
2026/01/02 15:31:30 - mmengine - INFO - Epoch(train)  [43][ 55/474]  lr: 1.2395e-03  eta: 22:39:52  time: 2.8045  data_time: 0.0026  memory: 19885  grad_norm: 20.9492  loss: 3.2507  loss_text: 0.6877  loss_center: 0.9843  loss_reg_x: 0.9055  loss_reg_y: 0.6732
2026/01/02 15:31:44 - mmengine - INFO - Epoch(train)  [43][ 60/474]  lr: 1.2395e-03  eta: 22:26:43  time: 2.8260  data_time: 0.0025  memory: 19884  grad_norm: 22.0979  loss: 3.3160  loss_text: 0.6497  loss_center: 1.0343  loss_reg_x: 0.9447  loss_reg_y: 0.6873
2026/01/02 15:31:58 - mmengine - INFO - Epoch(train)  [43][ 65/474]  lr: 1.2395e-03  eta: 22:21:24  time: 2.7182  data_time: 0.0022  memory: 19884  grad_norm: 24.2644  loss: 3.2174  loss_text: 0.6278  loss_center: 1.0013  loss_reg_x: 0.9101  loss_reg_y: 0.6781
2026/01/02 15:32:11 - mmengine - INFO - Epoch(train)  [43][ 70/474]  lr: 1.2395e-03  eta: 22:13:43  time: 2.7540  data_time: 0.0022  memory: 19884  grad_norm: 23.4545  loss: 2.9356  loss_text: 0.6243  loss_center: 0.9230  loss_reg_x: 0.8591  loss_reg_y: 0.5293
2026/01/02 15:32:25 - mmengine - INFO - Epoch(train)  [43][ 75/474]  lr: 1.2395e-03  eta: 22:10:45  time: 2.7679  data_time: 0.0022  memory: 19885  grad_norm: 21.3010  loss: 3.0401  loss_text: 0.6654  loss_center: 0.9357  loss_reg_x: 0.8736  loss_reg_y: 0.5653
2026/01/02 15:32:39 - mmengine - INFO - Epoch(train)  [43][ 80/474]  lr: 1.2395e-03  eta: 22:08:48  time: 2.8406  data_time: 0.0022  memory: 19884  grad_norm: 24.1245  loss: 3.2366  loss_text: 0.6987  loss_center: 0.9878  loss_reg_x: 0.8721  loss_reg_y: 0.6780
2026/01/02 15:32:53 - mmengine - INFO - Epoch(train)  [43][ 85/474]  lr: 1.2395e-03  eta: 22:04:39  time: 2.8076  data_time: 0.0025  memory: 19884  grad_norm: 25.5041  loss: 3.3609  loss_text: 0.6958  loss_center: 1.0927  loss_reg_x: 0.9231  loss_reg_y: 0.6493
2026/01/02 15:33:07 - mmengine - INFO - Epoch(train)  [43][ 90/474]  lr: 1.2395e-03  eta: 22:01:18  time: 2.7702  data_time: 0.0024  memory: 19884  grad_norm: 21.0056  loss: 3.2497  loss_text: 0.6816  loss_center: 1.0850  loss_reg_x: 0.8909  loss_reg_y: 0.5922
2026/01/02 15:33:13 - mmengine - INFO - Exp name: fcenet_r50dcnv2_fpn_1500e_art_rctw_rects_finetune_20260102_152831
2026/01/02 15:33:22 - mmengine - INFO - Epoch(train)  [43][ 95/474]  lr: 1.2395e-03  eta: 22:01:34  time: 2.8459  data_time: 0.0023  memory: 19884  grad_norm: 23.4183  loss: 3.0145  loss_text: 0.6567  loss_center: 0.9909  loss_reg_x: 0.8280  loss_reg_y: 0.5390
2026/01/02 15:33:35 - mmengine - INFO - Epoch(train)  [43][100/474]  lr: 1.2395e-03  eta: 21:57:22  time: 2.8177  data_time: 0.0022  memory: 19884  grad_norm: 25.7955  loss: 2.9135  loss_text: 0.6089  loss_center: 0.9678  loss_reg_x: 0.7792  loss_reg_y: 0.5576
2026/01/02 15:33:49 - mmengine - INFO - Epoch(train)  [43][105/474]  lr: 1.2395e-03  eta: 21:53:57  time: 2.7301  data_time: 0.0023  memory: 19884  grad_norm: 22.3177  loss: 3.0680  loss_text: 0.6361  loss_center: 0.9955  loss_reg_x: 0.7776  loss_reg_y: 0.6589
2026/01/02 15:34:03 - mmengine - INFO - Epoch(train)  [43][110/474]  lr: 1.2395e-03  eta: 21:52:20  time: 2.7759  data_time: 0.0024  memory: 19884  grad_norm: 22.4699  loss: 3.1730  loss_text: 0.6879  loss_center: 1.0056  loss_reg_x: 0.8440  loss_reg_y: 0.6355
2026/01/02 15:34:17 - mmengine - INFO - Epoch(train)  [43][115/474]  lr: 1.2395e-03  eta: 21:48:34  time: 2.7552  data_time: 0.0022  memory: 19884  grad_norm: 23.4916  loss: 3.3106  loss_text: 0.7019  loss_center: 1.0306  loss_reg_x: 0.9760  loss_reg_y: 0.6020
2026/01/02 15:34:32 - mmengine - INFO - Epoch(train)  [43][120/474]  lr: 1.2395e-03  eta: 21:52:20  time: 2.8883  data_time: 0.0023  memory: 19884  grad_norm: 23.2564  loss: 3.3522  loss_text: 0.7257  loss_center: 1.0429  loss_reg_x: 0.9714  loss_reg_y: 0.6122
2026/01/02 15:34:46 - mmengine - INFO - Epoch(train)  [43][125/474]  lr: 1.2395e-03  eta: 21:51:32  time: 2.9622  data_time: 0.0025  memory: 19884  grad_norm: 22.5552  loss: 3.3163  loss_text: 0.7084  loss_center: 1.0069  loss_reg_x: 0.9963  loss_reg_y: 0.6048
2026/01/02 15:35:01 - mmengine - INFO - Epoch(train)  [43][130/474]  lr: 1.2395e-03  eta: 21:53:39  time: 2.9278  data_time: 0.0024  memory: 19884  grad_norm: 20.2444  loss: 3.1885  loss_text: 0.6518  loss_center: 1.0069  loss_reg_x: 0.9509  loss_reg_y: 0.5789
2026/01/02 15:35:17 - mmengine - INFO - Epoch(train)  [43][135/474]  lr: 1.2395e-03  eta: 21:59:12  time: 3.1166  data_time: 0.0023  memory: 19884  grad_norm: 21.2100  loss: 3.1630  loss_text: 0.6641  loss_center: 1.0242  loss_reg_x: 0.8505  loss_reg_y: 0.6242
2026/01/02 15:35:31 - mmengine - INFO - Epoch(train)  [43][140/474]  lr: 1.2395e-03  eta: 21:57:36  time: 3.0166  data_time: 0.0024  memory: 19884  grad_norm: 23.9816  loss: 3.3532  loss_text: 0.7213  loss_center: 1.0224  loss_reg_x: 0.9434  loss_reg_y: 0.6661
2026/01/02 15:35:46 - mmengine - INFO - Epoch(train)  [43][145/474]  lr: 1.2395e-03  eta: 21:56:16  time: 2.8155  data_time: 0.0025  memory: 19884  grad_norm: 23.0800  loss: 3.2416  loss_text: 0.7061  loss_center: 0.9670  loss_reg_x: 0.9671  loss_reg_y: 0.6015
2026/01/02 15:36:00 - mmengine - INFO - Epoch(train)  [43][150/474]  lr: 1.2395e-03  eta: 21:55:07  time: 2.8245  data_time: 0.0025  memory: 19884  grad_norm: 22.4749  loss: 3.2125  loss_text: 0.6451  loss_center: 0.9759  loss_reg_x: 0.9707  loss_reg_y: 0.6208
2026/01/02 15:36:13 - mmengine - INFO - Epoch(train)  [43][155/474]  lr: 1.2395e-03  eta: 21:51:49  time: 2.7530  data_time: 0.0025  memory: 19884  grad_norm: 22.7473  loss: 3.2466  loss_text: 0.6343  loss_center: 1.0192  loss_reg_x: 0.9212  loss_reg_y: 0.6718
2026/01/02 15:36:28 - mmengine - INFO - Epoch(train)  [43][160/474]  lr: 1.2395e-03  eta: 21:54:31  time: 2.8817  data_time: 0.0024  memory: 19884  grad_norm: 21.8247  loss: 3.0816  loss_text: 0.6529  loss_center: 0.9771  loss_reg_x: 0.8005  loss_reg_y: 0.6512
2026/01/02 15:36:42 - mmengine - INFO - Epoch(train)  [43][165/474]  lr: 1.2395e-03  eta: 21:51:33  time: 2.8866  data_time: 0.0026  memory: 19884  grad_norm: 21.2964  loss: 2.9882  loss_text: 0.6588  loss_center: 0.9647  loss_reg_x: 0.7700  loss_reg_y: 0.5946
2026/01/02 15:36:55 - mmengine - INFO - Epoch(train)  [43][170/474]  lr: 1.2395e-03  eta: 21:49:01  time: 2.6985  data_time: 0.0026  memory: 19884  grad_norm: 23.8014  loss: 3.1401  loss_text: 0.6687  loss_center: 0.9827  loss_reg_x: 0.8814  loss_reg_y: 0.6073
2026/01/02 15:37:10 - mmengine - INFO - Epoch(train)  [43][175/474]  lr: 1.2395e-03  eta: 21:49:25  time: 2.8164  data_time: 0.0027  memory: 19884  grad_norm: 23.5470  loss: 3.3917  loss_text: 0.7342  loss_center: 1.0434  loss_reg_x: 0.9520  loss_reg_y: 0.6622
2026/01/02 15:37:24 - mmengine - INFO - Epoch(train)  [43][180/474]  lr: 1.2395e-03  eta: 21:47:50  time: 2.8468  data_time: 0.0027  memory: 19884  grad_norm: 20.8891  loss: 3.1684  loss_text: 0.6982  loss_center: 1.0248  loss_reg_x: 0.8250  loss_reg_y: 0.6204
2026/01/02 15:37:38 - mmengine - INFO - Epoch(train)  [43][185/474]  lr: 1.2395e-03  eta: 21:46:01  time: 2.7573  data_time: 0.0025  memory: 19884  grad_norm: 22.5947  loss: 2.9202  loss_text: 0.6240  loss_center: 0.9657  loss_reg_x: 0.7472  loss_reg_y: 0.5832
2026/01/02 15:37:52 - mmengine - INFO - Epoch(train)  [43][190/474]  lr: 1.2395e-03  eta: 21:44:58  time: 2.7731  data_time: 0.0024  memory: 19884  grad_norm: 22.1993  loss: 3.1350  loss_text: 0.6504  loss_center: 0.9645  loss_reg_x: 0.8466  loss_reg_y: 0.6735
2026/01/02 15:38:05 - mmengine - INFO - Epoch(train)  [43][195/474]  lr: 1.2395e-03  eta: 21:42:19  time: 2.7314  data_time: 0.0024  memory: 19884  grad_norm: 20.4210  loss: 3.1512  loss_text: 0.6641  loss_center: 0.9824  loss_reg_x: 0.8390  loss_reg_y: 0.6657
2026/01/02 15:38:21 - mmengine - INFO - Epoch(train)  [43][200/474]  lr: 1.2395e-03  eta: 21:44:58  time: 2.8893  data_time: 0.0025  memory: 19885  grad_norm: 25.5333  loss: 3.2550  loss_text: 0.6616  loss_center: 1.0245  loss_reg_x: 0.9200  loss_reg_y: 0.6489
2026/01/02 15:38:34 - mmengine - INFO - Epoch(train)  [43][205/474]  lr: 1.2395e-03  eta: 21:43:30  time: 2.9376  data_time: 0.0026  memory: 19884  grad_norm: 25.3942  loss: 3.4021  loss_text: 0.6796  loss_center: 1.0643  loss_reg_x: 0.9943  loss_reg_y: 0.6639
2026/01/02 15:38:48 - mmengine - INFO - Epoch(train)  [43][210/474]  lr: 1.2395e-03  eta: 21:42:03  time: 2.7565  data_time: 0.0027  memory: 19884  grad_norm: 21.5143  loss: 3.2651  loss_text: 0.7073  loss_center: 1.1049  loss_reg_x: 0.8672  loss_reg_y: 0.5856
2026/01/02 15:39:02 - mmengine - INFO - Epoch(train)  [43][215/474]  lr: 1.2395e-03  eta: 21:41:47  time: 2.8078  data_time: 0.0028  memory: 19884  grad_norm: 21.0781  loss: 3.2586  loss_text: 0.7265  loss_center: 1.0314  loss_reg_x: 0.9008  loss_reg_y: 0.5998
2026/01/02 15:39:16 - mmengine - INFO - Epoch(train)  [43][220/474]  lr: 1.2395e-03  eta: 21:40:26  time: 2.8081  data_time: 0.0029  memory: 19884  grad_norm: 25.3186  loss: 3.1271  loss_text: 0.6729  loss_center: 0.9520  loss_reg_x: 0.9114  loss_reg_y: 0.5908
2026/01/02 15:39:30 - mmengine - INFO - Epoch(train)  [43][225/474]  lr: 1.2395e-03  eta: 21:38:45  time: 2.7369  data_time: 0.0028  memory: 19884  grad_norm: 27.6855  loss: 3.0099  loss_text: 0.6360  loss_center: 0.9623  loss_reg_x: 0.8595  loss_reg_y: 0.5521
2026/01/02 15:39:44 - mmengine - INFO - Epoch(train)  [43][230/474]  lr: 1.2395e-03  eta: 21:37:57  time: 2.7597  data_time: 0.0027  memory: 19884  grad_norm: 25.5534  loss: 3.4879  loss_text: 0.7367  loss_center: 1.0378  loss_reg_x: 1.0033  loss_reg_y: 0.7101
2026/01/02 15:39:58 - mmengine - INFO - Epoch(train)  [43][235/474]  lr: 1.2395e-03  eta: 21:37:44  time: 2.8295  data_time: 0.0025  memory: 19884  grad_norm: 22.6460  loss: 3.5323  loss_text: 0.7586  loss_center: 1.0477  loss_reg_x: 1.0008  loss_reg_y: 0.7251
2026/01/02 15:40:13 - mmengine - INFO - Epoch(train)  [43][240/474]  lr: 1.2395e-03  eta: 21:37:56  time: 2.8807  data_time: 0.0024  memory: 19884  grad_norm: 19.7300  loss: 3.3362  loss_text: 0.7144  loss_center: 1.0362  loss_reg_x: 0.9551  loss_reg_y: 0.6305
2026/01/02 15:40:27 - mmengine - INFO - Epoch(train)  [43][245/474]  lr: 1.2395e-03  eta: 21:38:02  time: 2.8986  data_time: 0.0026  memory: 19884  grad_norm: 19.8568  loss: 3.2946  loss_text: 0.6734  loss_center: 1.0397  loss_reg_x: 0.9363  loss_reg_y: 0.6451
2026/01/02 15:40:41 - mmengine - INFO - Epoch(train)  [43][250/474]  lr: 1.2395e-03  eta: 21:36:55  time: 2.8276  data_time: 0.0025  memory: 19884  grad_norm: 17.8472  loss: 3.0433  loss_text: 0.6381  loss_center: 0.9842  loss_reg_x: 0.8150  loss_reg_y: 0.6059
2026/01/02 15:40:54 - mmengine - INFO - Epoch(train)  [43][255/474]  lr: 1.2395e-03  eta: 21:35:02  time: 2.7165  data_time: 0.0024  memory: 19884  grad_norm: 17.7996  loss: 2.9467  loss_text: 0.6743  loss_center: 0.9691  loss_reg_x: 0.7634  loss_reg_y: 0.5399
2026/01/02 15:41:08 - mmengine - INFO - Epoch(train)  [43][260/474]  lr: 1.2395e-03  eta: 21:34:35  time: 2.7501  data_time: 0.0024  memory: 19884  grad_norm: 19.3688  loss: 2.7658  loss_text: 0.6296  loss_center: 0.9414  loss_reg_x: 0.7035  loss_reg_y: 0.4914
2026/01/02 15:41:23 - mmengine - INFO - Epoch(train)  [43][265/474]  lr: 1.2395e-03  eta: 21:34:28  time: 2.8482  data_time: 0.0024  memory: 19884  grad_norm: 23.3235  loss: 2.8182  loss_text: 0.6073  loss_center: 0.8886  loss_reg_x: 0.7373  loss_reg_y: 0.5850
2026/01/02 15:41:36 - mmengine - INFO - Epoch(train)  [43][270/474]  lr: 1.2395e-03  eta: 21:32:42  time: 2.7693  data_time: 0.0024  memory: 19884  grad_norm: 23.6258  loss: 3.1077  loss_text: 0.6632  loss_center: 0.9467  loss_reg_x: 0.8428  loss_reg_y: 0.6550
2026/01/02 15:41:51 - mmengine - INFO - Epoch(train)  [43][275/474]  lr: 1.2395e-03  eta: 21:33:02  time: 2.7939  data_time: 0.0023  memory: 19884  grad_norm: 22.8165  loss: 3.2421  loss_text: 0.6737  loss_center: 1.0501  loss_reg_x: 0.8884  loss_reg_y: 0.6299
2026/01/02 15:42:04 - mmengine - INFO - Epoch(train)  [43][280/474]  lr: 1.2395e-03  eta: 21:31:47  time: 2.8220  data_time: 0.0023  memory: 19884  grad_norm: 23.6177  loss: 3.1631  loss_text: 0.6408  loss_center: 1.0397  loss_reg_x: 0.8542  loss_reg_y: 0.6283
2026/01/02 15:42:18 - mmengine - INFO - Epoch(train)  [43][285/474]  lr: 1.2395e-03  eta: 21:30:05  time: 2.6953  data_time: 0.0022  memory: 19884  grad_norm: 20.8794  loss: 3.1818  loss_text: 0.6597  loss_center: 0.9542  loss_reg_x: 0.8800  loss_reg_y: 0.6879
2026/01/02 15:42:33 - mmengine - INFO - Epoch(train)  [43][290/474]  lr: 1.2395e-03  eta: 21:32:06  time: 2.8987  data_time: 0.0023  memory: 19884  grad_norm: 21.3830  loss: 3.2385  loss_text: 0.6619  loss_center: 0.9651  loss_reg_x: 0.9103  loss_reg_y: 0.7012
2026/01/02 15:42:47 - mmengine - INFO - Epoch(train)  [43][295/474]  lr: 1.2395e-03  eta: 21:31:02  time: 2.9371  data_time: 0.0023  memory: 19884  grad_norm: 22.2504  loss: 3.1607  loss_text: 0.6466  loss_center: 0.9718  loss_reg_x: 0.9179  loss_reg_y: 0.6244
2026/01/02 15:43:01 - mmengine - INFO - Epoch(train)  [43][300/474]  lr: 1.2395e-03  eta: 21:29:48  time: 2.7287  data_time: 0.0023  memory: 19884  grad_norm: 20.5701  loss: 3.3818  loss_text: 0.6955  loss_center: 1.0098  loss_reg_x: 1.0066  loss_reg_y: 0.6699
2026/01/02 15:43:16 - mmengine - INFO - Epoch(train)  [43][305/474]  lr: 1.2395e-03  eta: 21:31:16  time: 2.8963  data_time: 0.0024  memory: 19884  grad_norm: 20.0866  loss: 3.2396  loss_text: 0.6671  loss_center: 1.0000  loss_reg_x: 0.9597  loss_reg_y: 0.6128
2026/01/02 15:43:29 - mmengine - INFO - Epoch(train)  [43][310/474]  lr: 1.2395e-03  eta: 21:29:52  time: 2.8829  data_time: 0.0025  memory: 19884  grad_norm: 18.7899  loss: 3.0230  loss_text: 0.6715  loss_center: 0.9656  loss_reg_x: 0.8356  loss_reg_y: 0.5503
2026/01/02 15:43:43 - mmengine - INFO - Epoch(train)  [43][315/474]  lr: 1.2395e-03  eta: 21:28:43  time: 2.7052  data_time: 0.0024  memory: 19884  grad_norm: 18.1955  loss: 3.1848  loss_text: 0.6894  loss_center: 1.0277  loss_reg_x: 0.8399  loss_reg_y: 0.6278
2026/01/02 15:43:58 - mmengine - INFO - Epoch(train)  [43][320/474]  lr: 1.2395e-03  eta: 21:28:52  time: 2.8102  data_time: 0.0023  memory: 19884  grad_norm: 23.9185  loss: 3.0945  loss_text: 0.6805  loss_center: 0.9708  loss_reg_x: 0.8351  loss_reg_y: 0.6081
2026/01/02 15:44:11 - mmengine - INFO - Epoch(train)  [43][325/474]  lr: 1.2395e-03  eta: 21:27:13  time: 2.7714  data_time: 0.0024  memory: 19884  grad_norm: 24.9162  loss: 3.0915  loss_text: 0.6869  loss_center: 0.9569  loss_reg_x: 0.8278  loss_reg_y: 0.6199
2026/01/02 15:44:25 - mmengine - INFO - Epoch(train)  [43][330/474]  lr: 1.2395e-03  eta: 21:26:29  time: 2.7071  data_time: 0.0024  memory: 19884  grad_norm: 19.5956  loss: 2.9939  loss_text: 0.6620  loss_center: 0.9801  loss_reg_x: 0.7592  loss_reg_y: 0.5927
2026/01/02 15:44:39 - mmengine - INFO - Epoch(train)  [43][335/474]  lr: 1.2395e-03  eta: 21:26:38  time: 2.8356  data_time: 0.0023  memory: 19884  grad_norm: 21.9814  loss: 2.9941  loss_text: 0.6328  loss_center: 0.9931  loss_reg_x: 0.7881  loss_reg_y: 0.5802
2026/01/02 15:44:53 - mmengine - INFO - Epoch(train)  [43][340/474]  lr: 1.2395e-03  eta: 21:26:13  time: 2.8571  data_time: 0.0024  memory: 19884  grad_norm: 22.9130  loss: 3.2436  loss_text: 0.6886  loss_center: 1.0634  loss_reg_x: 0.8898  loss_reg_y: 0.6018
2026/01/02 15:45:08 - mmengine - INFO - Epoch(train)  [43][345/474]  lr: 1.2395e-03  eta: 21:26:31  time: 2.8693  data_time: 0.0025  memory: 19884  grad_norm: 18.7258  loss: 3.1251  loss_text: 0.7104  loss_center: 1.0448  loss_reg_x: 0.8176  loss_reg_y: 0.5523
2026/01/02 15:45:21 - mmengine - INFO - Epoch(train)  [43][350/474]  lr: 1.2395e-03  eta: 21:25:02  time: 2.7871  data_time: 0.0025  memory: 19884  grad_norm: 18.4735  loss: 3.0383  loss_text: 0.6742  loss_center: 1.0126  loss_reg_x: 0.7697  loss_reg_y: 0.5819
2026/01/02 15:45:35 - mmengine - INFO - Epoch(train)  [43][355/474]  lr: 1.2395e-03  eta: 21:25:04  time: 2.7667  data_time: 0.0024  memory: 19884  grad_norm: 20.6232  loss: 3.1351  loss_text: 0.7274  loss_center: 1.0091  loss_reg_x: 0.8216  loss_reg_y: 0.5769
2026/01/02 15:45:50 - mmengine - INFO - Epoch(train)  [43][360/474]  lr: 1.2395e-03  eta: 21:24:46  time: 2.8580  data_time: 0.0023  memory: 19884  grad_norm: 19.2751  loss: 2.9604  loss_text: 0.6700  loss_center: 0.9359  loss_reg_x: 0.8511  loss_reg_y: 0.5034
2026/01/02 15:46:03 - mmengine - INFO - Epoch(train)  [43][365/474]  lr: 1.2395e-03  eta: 21:23:22  time: 2.7428  data_time: 0.0023  memory: 19884  grad_norm: 16.8642  loss: 2.8434  loss_text: 0.6067  loss_center: 0.9157  loss_reg_x: 0.7916  loss_reg_y: 0.5294
2026/01/02 15:46:16 - mmengine - INFO - Epoch(train)  [43][370/474]  lr: 1.2395e-03  eta: 21:21:42  time: 2.6280  data_time: 0.0022  memory: 19884  grad_norm: 20.5868  loss: 3.0062  loss_text: 0.6632  loss_center: 0.9647  loss_reg_x: 0.7853  loss_reg_y: 0.5931
2026/01/02 15:46:32 - mmengine - INFO - Epoch(train)  [43][375/474]  lr: 1.2395e-03  eta: 21:23:12  time: 2.8636  data_time: 0.0022  memory: 19884  grad_norm: 23.1350  loss: 3.2095  loss_text: 0.7043  loss_center: 1.0309  loss_reg_x: 0.8491  loss_reg_y: 0.6251
2026/01/02 15:46:47 - mmengine - INFO - Epoch(train)  [43][380/474]  lr: 1.2395e-03  eta: 21:24:53  time: 3.1428  data_time: 0.0023  memory: 19884  grad_norm: 20.3869  loss: 2.9728  loss_text: 0.6374  loss_center: 1.0014  loss_reg_x: 0.7651  loss_reg_y: 0.5688
2026/01/02 15:47:01 - mmengine - INFO - Epoch(train)  [43][385/474]  lr: 1.2395e-03  eta: 21:24:02  time: 2.9504  data_time: 0.0023  memory: 19884  grad_norm: 21.0685  loss: 2.9426  loss_text: 0.6079  loss_center: 0.9884  loss_reg_x: 0.7619  loss_reg_y: 0.5844
2026/01/02 15:47:17 - mmengine - INFO - Epoch(train)  [43][390/474]  lr: 1.2395e-03  eta: 21:25:16  time: 2.9186  data_time: 0.0024  memory: 19884  grad_norm: 21.9192  loss: 3.0887  loss_text: 0.6577  loss_center: 0.9946  loss_reg_x: 0.8611  loss_reg_y: 0.5753
2026/01/02 15:47:30 - mmengine - INFO - Epoch(train)  [43][395/474]  lr: 1.2395e-03  eta: 21:24:15  time: 2.9032  data_time: 0.0023  memory: 19884  grad_norm: 21.2578  loss: 3.1770  loss_text: 0.6492  loss_center: 1.0073  loss_reg_x: 0.9272  loss_reg_y: 0.5933
2026/01/02 15:47:44 - mmengine - INFO - Epoch(train)  [43][400/474]  lr: 1.2395e-03  eta: 21:23:43  time: 2.7501  data_time: 0.0022  memory: 19885  grad_norm: 22.6068  loss: 3.2641  loss_text: 0.6718  loss_center: 1.0145  loss_reg_x: 0.9268  loss_reg_y: 0.6510
2026/01/02 15:48:01 - mmengine - INFO - Epoch(train)  [43][405/474]  lr: 1.2395e-03  eta: 21:26:11  time: 3.0601  data_time: 0.0022  memory: 19884  grad_norm: 23.0627  loss: 3.1371  loss_text: 0.6638  loss_center: 1.0143  loss_reg_x: 0.8654  loss_reg_y: 0.5935
2026/01/02 15:48:14 - mmengine - INFO - Epoch(train)  [43][410/474]  lr: 1.2395e-03  eta: 21:25:07  time: 3.0136  data_time: 0.0022  memory: 19884  grad_norm: 22.3168  loss: 3.2556  loss_text: 0.6950  loss_center: 1.0226  loss_reg_x: 0.8902  loss_reg_y: 0.6478
2026/01/02 15:48:27 - mmengine - INFO - Epoch(train)  [43][415/474]  lr: 1.2395e-03  eta: 21:23:42  time: 2.6641  data_time: 0.0021  memory: 19884  grad_norm: 23.8599  loss: 3.1395  loss_text: 0.6848  loss_center: 0.9695  loss_reg_x: 0.8298  loss_reg_y: 0.6554
2026/01/02 15:48:43 - mmengine - INFO - Epoch(train)  [43][420/474]  lr: 1.2395e-03  eta: 21:24:41  time: 2.8499  data_time: 0.0023  memory: 19884  grad_norm: 23.8127  loss: 2.9684  loss_text: 0.5976  loss_center: 0.9398  loss_reg_x: 0.7802  loss_reg_y: 0.6508
2026/01/02 15:48:57 - mmengine - INFO - Epoch(train)  [43][425/474]  lr: 1.2395e-03  eta: 21:24:09  time: 2.9309  data_time: 0.0023  memory: 19884  grad_norm: 21.8350  loss: 2.8674  loss_text: 0.5934  loss_center: 0.9331  loss_reg_x: 0.7142  loss_reg_y: 0.6268
2026/01/02 15:49:11 - mmengine - INFO - Epoch(train)  [43][430/474]  lr: 1.2395e-03  eta: 21:24:35  time: 2.8837  data_time: 0.0023  memory: 19884  grad_norm: 22.0382  loss: 2.7634  loss_text: 0.6249  loss_center: 0.9189  loss_reg_x: 0.6520  loss_reg_y: 0.5675
2026/01/02 15:49:25 - mmengine - INFO - Epoch(train)  [43][435/474]  lr: 1.2395e-03  eta: 21:23:55  time: 2.8694  data_time: 0.0023  memory: 19884  grad_norm: 22.0756  loss: 2.8019  loss_text: 0.6266  loss_center: 0.9318  loss_reg_x: 0.7073  loss_reg_y: 0.5363
2026/01/02 15:49:39 - mmengine - INFO - Epoch(train)  [43][440/474]  lr: 1.2395e-03  eta: 21:22:36  time: 2.7005  data_time: 0.0023  memory: 19884  grad_norm: 22.7959  loss: 2.9027  loss_text: 0.6389  loss_center: 0.9887  loss_reg_x: 0.7485  loss_reg_y: 0.5266
2026/01/02 15:49:55 - mmengine - INFO - Epoch(train)  [43][445/474]  lr: 1.2395e-03  eta: 21:25:04  time: 3.0081  data_time: 0.0023  memory: 19884  grad_norm: 22.0549  loss: 3.1783  loss_text: 0.6673  loss_center: 1.0349  loss_reg_x: 0.8317  loss_reg_y: 0.6444
