Loads checkpoint by local backend from path: /root/lanyun-tmp/mmocr/work_dirs/fcenet_r50dcnv2_fpn_finetune_art_rctw_rects/best_icdar_hmean_epoch_96.pth
01/06 11:43:49 - mmengine - INFO - ModulatedDeformConvPack backbone.layer2.0.conv2 is upgraded to version 2.
01/06 11:43:49 - mmengine - INFO - ModulatedDeformConvPack backbone.layer2.1.conv2 is upgraded to version 2.
01/06 11:43:49 - mmengine - INFO - ModulatedDeformConvPack backbone.layer2.2.conv2 is upgraded to version 2.
01/06 11:43:49 - mmengine - INFO - ModulatedDeformConvPack backbone.layer2.3.conv2 is upgraded to version 2.
01/06 11:43:49 - mmengine - INFO - ModulatedDeformConvPack backbone.layer3.0.conv2 is upgraded to version 2.
01/06 11:43:49 - mmengine - INFO - ModulatedDeformConvPack backbone.layer3.1.conv2 is upgraded to version 2.
01/06 11:43:49 - mmengine - INFO - ModulatedDeformConvPack backbone.layer3.2.conv2 is upgraded to version 2.
01/06 11:43:49 - mmengine - INFO - ModulatedDeformConvPack backbone.layer3.3.conv2 is upgraded to version 2.
01/06 11:43:49 - mmengine - INFO - ModulatedDeformConvPack backbone.layer3.4.conv2 is upgraded to version 2.
01/06 11:43:49 - mmengine - INFO - ModulatedDeformConvPack backbone.layer3.5.conv2 is upgraded to version 2.
01/06 11:43:49 - mmengine - INFO - ModulatedDeformConvPack backbone.layer4.0.conv2 is upgraded to version 2.
01/06 11:43:49 - mmengine - INFO - ModulatedDeformConvPack backbone.layer4.1.conv2 is upgraded to version 2.
01/06 11:43:49 - mmengine - INFO - ModulatedDeformConvPack backbone.layer4.2.conv2 is upgraded to version 2.
{
  "total_images": 600,
  "total_stage1_instances": 7487,
  "total_candidates": 4456,
  "total_selected": 1561,
  "refine_success": 512,
  "refine_fallback": 1049,
  "refined_per_image_hist": {
    "0": 264,
    "1": 223,
    "2": 78,
    "3": 23,
    "4": 4,
    "5": 5,
    "6": 1,
    "7": 1,
    "10": 1
  }
}
{
  "total": 104683.75330325216,
  "avg_per_image": 174.47292217208692,
  "stage2_total": 89765.2628235519,
  "stage2_avg_per_patch": 57.54183514330249,
  "stage2_patches": 1560
}
