2026/01/03 10:46:56 - mmengine - INFO - 
------------------------------------------------------------
System environment:
    sys.platform: linux
    Python: 3.8.20 (default, Oct  3 2024, 15:24:27) [GCC 11.2.0]
    CUDA available: True
    MUSA available: False
    numpy_random_seed: 1468813954
    GPU 0,1: NVIDIA GeForce RTX 3090
    CUDA_HOME: /usr/local/cuda
    NVCC: Cuda compilation tools, release 11.1, V11.1.105
    GCC: gcc (Ubuntu 9.4.0-1ubuntu1~20.04.2) 9.4.0
    PyTorch: 1.10.2+cu111
    PyTorch compiling details: PyTorch built with:
  - GCC 7.3
  - C++ Version: 201402
  - Intel(R) Math Kernel Library Version 2020.0.0 Product Build 20191122 for Intel(R) 64 architecture applications
  - Intel(R) MKL-DNN v2.2.3 (Git Hash 7336ca9f055cf1bfa13efb658fe15dc9b41f0740)
  - OpenMP 201511 (a.k.a. OpenMP 4.5)
  - LAPACK is enabled (usually provided by MKL)
  - NNPACK is enabled
  - CPU capability usage: AVX2
  - CUDA Runtime 11.1
  - NVCC architecture flags: -gencode;arch=compute_37,code=sm_37;-gencode;arch=compute_50,code=sm_50;-gencode;arch=compute_60,code=sm_60;-gencode;arch=compute_70,code=sm_70;-gencode;arch=compute_75,code=sm_75;-gencode;arch=compute_80,code=sm_80;-gencode;arch=compute_86,code=sm_86
  - CuDNN 8.0.5
  - Magma 2.5.2
  - Build settings: BLAS_INFO=mkl, BUILD_TYPE=Release, CUDA_VERSION=11.1, CUDNN_VERSION=8.0.5, CXX_COMPILER=/opt/rh/devtoolset-7/root/usr/bin/c++, CXX_FLAGS= -Wno-deprecated -fvisibility-inlines-hidden -DUSE_PTHREADPOOL -fopenmp -DNDEBUG -DUSE_KINETO -DUSE_FBGEMM -DUSE_QNNPACK -DUSE_PYTORCH_QNNPACK -DUSE_XNNPACK -DSYMBOLICATE_MOBILE_DEBUG_HANDLE -DEDGE_PROFILER_USE_KINETO -O2 -fPIC -Wno-narrowing -Wall -Wextra -Werror=return-type -Wno-missing-field-initializers -Wno-type-limits -Wno-array-bounds -Wno-unknown-pragmas -Wno-sign-compare -Wno-unused-parameter -Wno-unused-variable -Wno-unused-function -Wno-unused-result -Wno-unused-local-typedefs -Wno-strict-overflow -Wno-strict-aliasing -Wno-error=deprecated-declarations -Wno-stringop-overflow -Wno-psabi -Wno-error=pedantic -Wno-error=redundant-decls -Wno-error=old-style-cast -fdiagnostics-color=always -faligned-new -Wno-unused-but-set-variable -Wno-maybe-uninitialized -fno-math-errno -fno-trapping-math -Werror=format -Wno-stringop-overflow, LAPACK_INFO=mkl, PERF_WITH_AVX=1, PERF_WITH_AVX2=1, PERF_WITH_AVX512=1, TORCH_VERSION=1.10.2, USE_CUDA=ON, USE_CUDNN=ON, USE_EXCEPTION_PTR=1, USE_GFLAGS=OFF, USE_GLOG=OFF, USE_MKL=ON, USE_MKLDNN=ON, USE_MPI=OFF, USE_NCCL=ON, USE_NNPACK=ON, USE_OPENMP=ON, 

    TorchVision: 0.11.3+cu111
    OpenCV: 4.12.0
    MMEngine: 0.10.7

Runtime environment:
    cudnn_benchmark: True
    mp_cfg: {'mp_start_method': 'fork', 'opencv_num_threads': 0}
    dist_cfg: {'backend': 'nccl'}
    seed: 1468813954
    Distributed launcher: pytorch
    Distributed training: True
    GPU number: 2
------------------------------------------------------------

2026/01/03 10:46:56 - mmengine - INFO - Config:
auto_scale_lr = dict(base_batch_size=32, enable=True)
custom_hooks = [
    dict(
        min_delta=0.001,
        monitor='icdar/hmean',
        patience=12,
        rule='greater',
        type='EarlyStoppingHook'),
]
default_hooks = dict(
    checkpoint=dict(
        interval=2,
        max_keep_ckpts=3,
        rule='greater',
        save_best='icdar/hmean',
        type='CheckpointHook'),
    logger=dict(interval=5, type='LoggerHook'),
    param_scheduler=dict(type='ParamSchedulerHook'),
    sampler_seed=dict(type='DistSamplerSeedHook'),
    sync_buffer=dict(type='SyncBuffersHook'),
    timer=dict(type='IterTimerHook'),
    visualization=dict(
        draw_gt=False,
        draw_pred=False,
        enable=False,
        interval=1,
        show=False,
        type='VisualizationHook'))
default_scope = 'mmocr'
env_cfg = dict(
    cudnn_benchmark=True,
    dist_cfg=dict(backend='nccl'),
    mp_cfg=dict(mp_start_method='fork', opencv_num_threads=0))
launcher = 'pytorch'
load_from = None
log_level = 'INFO'
log_processor = dict(by_epoch=True, type='LogProcessor', window_size=10)
max_epochs = 100
model = dict(
    backbone=dict(
        dcn=dict(deform_groups=2, fallback_on_stride=False, type='DCNv2'),
        depth=50,
        frozen_stages=-1,
        init_cfg=dict(checkpoint='torchvision://resnet50', type='Pretrained'),
        norm_cfg=dict(requires_grad=True, type='BN'),
        norm_eval=True,
        num_stages=4,
        out_indices=(
            1,
            2,
            3,
        ),
        stage_with_dcn=(
            False,
            True,
            True,
            True,
        ),
        style='pytorch',
        type='mmdet.ResNet'),
    data_preprocessor=dict(
        bgr_to_rgb=True,
        mean=[
            123.675,
            116.28,
            103.53,
        ],
        pad_size_divisor=32,
        std=[
            58.395,
            57.12,
            57.375,
        ],
        type='TextDetDataPreprocessor'),
    det_head=dict(
        fourier_degree=5,
        in_channels=256,
        module_loss=dict(
            level_proportion_range=(
                (
                    0,
                    0.25,
                ),
                (
                    0.2,
                    0.65,
                ),
                (
                    0.55,
                    1.0,
                ),
            ),
            num_sample=50,
            type='FCEModuleLoss'),
        postprocessor=dict(
            alpha=1.0,
            beta=2.0,
            num_reconstr_points=50,
            scales=(
                8,
                16,
                32,
            ),
            score_thr=0.3,
            text_repr_type='poly',
            type='FCEPostprocessor'),
        type='FCEHead'),
    neck=dict(
        act_cfg=None,
        add_extra_convs='on_output',
        in_channels=[
            512,
            1024,
            2048,
        ],
        num_outs=3,
        out_channels=256,
        relu_before_extra_convs=True,
        type='mmdet.FPN'),
    type='FCENet')
optim_wrapper = dict(
    clip_grad=dict(max_norm=5, norm_type=2),
    loss_scale='dynamic',
    optimizer=dict(lr=0.001, momentum=0.9, type='SGD', weight_decay=0.0005),
    type='AmpOptimWrapper')
param_scheduler = [
    dict(begin=0, by_epoch=True, end=2, start_factor=0.1, type='LinearLR'),
    dict(
        begin=2,
        by_epoch=True,
        end=100,
        eta_min=1e-07,
        power=0.9,
        type='PolyLR'),
]
randomness = dict(seed=None)
resume = True
test_cfg = dict(type='TestLoop')
test_dataloader = dict(
    batch_size=1,
    dataset=dict(
        datasets=[
            dict(
                ann_file='instances_val.json',
                data_root='data/art_mmocr',
                pipeline=None,
                test_mode=True,
                type='OCRDataset'),
            dict(
                ann_file='instances_val.json',
                data_root='data/rctw17_mmocr',
                pipeline=None,
                test_mode=True,
                type='OCRDataset'),
            dict(
                ann_file='instances_val.json',
                data_root='data/rects_mmocr',
                pipeline=None,
                test_mode=True,
                type='OCRDataset'),
        ],
        pipeline=[
            dict(
                color_type='color_ignore_orientation',
                type='LoadImageFromFile'),
            dict(keep_ratio=True, scale=(
                2260,
                2260,
            ), type='Resize'),
            dict(
                type='LoadOCRAnnotations',
                with_bbox=True,
                with_label=True,
                with_polygon=True),
            dict(fix_from_bbox=False, type='FixInvalidPolygon'),
            dict(
                meta_keys=(
                    'img_path',
                    'ori_shape',
                    'img_shape',
                    'scale_factor',
                ),
                type='PackTextDetInputs'),
        ],
        type='ConcatDataset'),
    num_workers=2,
    persistent_workers=True,
    pin_memory=True,
    sampler=dict(shuffle=False, type='DefaultSampler'))
test_evaluator = dict(
    dataset_prefixes=dict(
        art='data/art_mmocr',
        rctw='data/rctw17_mmocr',
        rects='data/rects_mmocr'),
    type='MultiDatasetHmeanIOUMetric')
test_list = [
    dict(
        ann_file='instances_val.json',
        data_root='data/art_mmocr',
        pipeline=None,
        test_mode=True,
        type='OCRDataset'),
    dict(
        ann_file='instances_val.json',
        data_root='data/rctw17_mmocr',
        pipeline=None,
        test_mode=True,
        type='OCRDataset'),
    dict(
        ann_file='instances_val.json',
        data_root='data/rects_mmocr',
        pipeline=None,
        test_mode=True,
        type='OCRDataset'),
]
test_pipeline = [
    dict(color_type='color_ignore_orientation', type='LoadImageFromFile'),
    dict(keep_ratio=True, scale=(
        2260,
        2260,
    ), type='Resize'),
    dict(
        type='LoadOCRAnnotations',
        with_bbox=True,
        with_label=True,
        with_polygon=True),
    dict(fix_from_bbox=False, type='FixInvalidPolygon'),
    dict(
        meta_keys=(
            'img_path',
            'ori_shape',
            'img_shape',
            'scale_factor',
        ),
        type='PackTextDetInputs'),
]
textdet_art_data_root = 'data/art_mmocr'
textdet_art_rctw_rects_data_root = 'data/textdet_finetune_art_rctw_rects'
textdet_art_rctw_rects_test = dict(
    ann_file='instances_val.json',
    data_root='data/textdet_finetune_art_rctw_rects',
    pipeline=None,
    test_mode=True,
    type='OCRDataset')
textdet_art_rctw_rects_train = dict(
    ann_file='instances_train.json',
    data_root='data/textdet_finetune_art_rctw_rects',
    filter_cfg=dict(filter_empty_gt=True, min_size=32),
    pipeline=None,
    type='OCRDataset')
textdet_art_test = dict(
    ann_file='instances_val.json',
    data_root='data/art_mmocr',
    pipeline=None,
    test_mode=True,
    type='OCRDataset')
textdet_art_train = dict(
    ann_file='instances_train.json',
    data_root='data/art_mmocr',
    filter_cfg=dict(filter_empty_gt=True, min_size=32),
    pipeline=None,
    type='OCRDataset')
textdet_rctw_data_root = 'data/rctw17_mmocr'
textdet_rctw_test = dict(
    ann_file='instances_val.json',
    data_root='data/rctw17_mmocr',
    pipeline=None,
    test_mode=True,
    type='OCRDataset')
textdet_rctw_train = dict(
    ann_file='instances_train.json',
    data_root='data/rctw17_mmocr',
    filter_cfg=dict(filter_empty_gt=True, min_size=32),
    pipeline=None,
    type='OCRDataset')
textdet_rects_data_root = 'data/rects_mmocr'
textdet_rects_test = dict(
    ann_file='instances_val.json',
    data_root='data/rects_mmocr',
    pipeline=None,
    test_mode=True,
    type='OCRDataset')
textdet_rects_train = dict(
    ann_file='instances_train.json',
    data_root='data/rects_mmocr',
    filter_cfg=dict(filter_empty_gt=True, min_size=32),
    pipeline=None,
    type='OCRDataset')
train_cfg = dict(max_epochs=100, type='EpochBasedTrainLoop', val_interval=2)
train_dataloader = dict(
    batch_size=32,
    dataset=dict(
        datasets=[
            dict(
                ann_file='instances_train.json',
                data_root='data/art_mmocr',
                filter_cfg=dict(filter_empty_gt=True, min_size=32),
                pipeline=None,
                type='OCRDataset'),
            dict(
                ann_file='instances_train.json',
                data_root='data/rctw17_mmocr',
                filter_cfg=dict(filter_empty_gt=True, min_size=32),
                pipeline=None,
                type='OCRDataset'),
            dict(
                ann_file='instances_train.json',
                data_root='data/rects_mmocr',
                filter_cfg=dict(filter_empty_gt=True, min_size=32),
                pipeline=None,
                type='OCRDataset'),
        ],
        pipeline=[
            dict(
                color_type='color_ignore_orientation',
                type='LoadImageFromFile'),
            dict(
                type='LoadOCRAnnotations',
                with_bbox=True,
                with_label=True,
                with_polygon=True),
            dict(fix_from_bbox=False, type='FixInvalidPolygon'),
            dict(
                keep_ratio=True,
                ratio_range=(
                    0.75,
                    2.5,
                ),
                scale=(
                    800,
                    800,
                ),
                type='RandomResize'),
            dict(
                crop_ratio=0.5,
                iter_num=1,
                min_area_ratio=0.2,
                type='TextDetRandomCropFlip'),
            dict(
                prob=0.8,
                transforms=[
                    dict(min_side_ratio=0.3, type='RandomCrop'),
                ],
                type='RandomApply'),
            dict(
                prob=0.5,
                transforms=[
                    dict(
                        max_angle=30,
                        pad_with_fixed_color=False,
                        type='RandomRotate',
                        use_canvas=True),
                ],
                type='RandomApply'),
            dict(
                prob=[
                    0.6,
                    0.4,
                ],
                transforms=[
                    [
                        dict(keep_ratio=True, scale=800, type='Resize'),
                        dict(target_scale=800, type='SourceImagePad'),
                    ],
                    dict(keep_ratio=False, scale=800, type='Resize'),
                ],
                type='RandomChoice'),
            dict(direction='horizontal', prob=0.5, type='RandomFlip'),
            dict(
                brightness=0.12549019607843137,
                contrast=0.5,
                op='ColorJitter',
                saturation=0.5,
                type='TorchVisionWrapper'),
            dict(
                meta_keys=(
                    'img_path',
                    'ori_shape',
                    'img_shape',
                    'scale_factor',
                ),
                type='PackTextDetInputs'),
        ],
        type='ConcatDataset'),
    num_workers=6,
    persistent_workers=True,
    pin_memory=True,
    sampler=dict(shuffle=True, type='DefaultSampler'))
train_list = [
    dict(
        ann_file='instances_train.json',
        data_root='data/art_mmocr',
        filter_cfg=dict(filter_empty_gt=True, min_size=32),
        pipeline=None,
        type='OCRDataset'),
    dict(
        ann_file='instances_train.json',
        data_root='data/rctw17_mmocr',
        filter_cfg=dict(filter_empty_gt=True, min_size=32),
        pipeline=None,
        type='OCRDataset'),
    dict(
        ann_file='instances_train.json',
        data_root='data/rects_mmocr',
        filter_cfg=dict(filter_empty_gt=True, min_size=32),
        pipeline=None,
        type='OCRDataset'),
]
train_pipeline = [
    dict(color_type='color_ignore_orientation', type='LoadImageFromFile'),
    dict(
        type='LoadOCRAnnotations',
        with_bbox=True,
        with_label=True,
        with_polygon=True),
    dict(fix_from_bbox=False, type='FixInvalidPolygon'),
    dict(
        keep_ratio=True,
        ratio_range=(
            0.75,
            2.5,
        ),
        scale=(
            800,
            800,
        ),
        type='RandomResize'),
    dict(
        crop_ratio=0.5,
        iter_num=1,
        min_area_ratio=0.2,
        type='TextDetRandomCropFlip'),
    dict(
        prob=0.8,
        transforms=[
            dict(min_side_ratio=0.3, type='RandomCrop'),
        ],
        type='RandomApply'),
    dict(
        prob=0.5,
        transforms=[
            dict(
                max_angle=30,
                pad_with_fixed_color=False,
                type='RandomRotate',
                use_canvas=True),
        ],
        type='RandomApply'),
    dict(
        prob=[
            0.6,
            0.4,
        ],
        transforms=[
            [
                dict(keep_ratio=True, scale=800, type='Resize'),
                dict(target_scale=800, type='SourceImagePad'),
            ],
            dict(keep_ratio=False, scale=800, type='Resize'),
        ],
        type='RandomChoice'),
    dict(direction='horizontal', prob=0.5, type='RandomFlip'),
    dict(
        brightness=0.12549019607843137,
        contrast=0.5,
        op='ColorJitter',
        saturation=0.5,
        type='TorchVisionWrapper'),
    dict(
        meta_keys=(
            'img_path',
            'ori_shape',
            'img_shape',
            'scale_factor',
        ),
        type='PackTextDetInputs'),
]
val_cfg = dict(type='ValLoop')
val_dataloader = dict(
    batch_size=1,
    dataset=dict(
        datasets=[
            dict(
                ann_file='instances_val.json',
                data_root='data/art_mmocr',
                pipeline=None,
                test_mode=True,
                type='OCRDataset'),
            dict(
                ann_file='instances_val.json',
                data_root='data/rctw17_mmocr',
                pipeline=None,
                test_mode=True,
                type='OCRDataset'),
            dict(
                ann_file='instances_val.json',
                data_root='data/rects_mmocr',
                pipeline=None,
                test_mode=True,
                type='OCRDataset'),
        ],
        pipeline=[
            dict(
                color_type='color_ignore_orientation',
                type='LoadImageFromFile'),
            dict(keep_ratio=True, scale=(
                2260,
                2260,
            ), type='Resize'),
            dict(
                type='LoadOCRAnnotations',
                with_bbox=True,
                with_label=True,
                with_polygon=True),
            dict(fix_from_bbox=False, type='FixInvalidPolygon'),
            dict(
                meta_keys=(
                    'img_path',
                    'ori_shape',
                    'img_shape',
                    'scale_factor',
                ),
                type='PackTextDetInputs'),
        ],
        type='ConcatDataset'),
    num_workers=2,
    persistent_workers=True,
    pin_memory=True,
    sampler=dict(shuffle=False, type='DefaultSampler'))
val_evaluator = dict(
    dataset_prefixes=dict(
        art='data/art_mmocr',
        rctw='data/rctw17_mmocr',
        rects='data/rects_mmocr'),
    type='MultiDatasetHmeanIOUMetric')
vis_backends = [
    dict(type='LocalVisBackend'),
]
visualizer = dict(
    name='visualizer',
    type='TextDetLocalVisualizer',
    vis_backends=[
        dict(type='LocalVisBackend'),
    ])
work_dir = 'work_dirs/fcenet_r50dcnv2_fpn_finetune_art_rctw_rects'

2026/01/03 10:46:58 - mmengine - INFO - Hooks will be executed in the following order:
before_run:
(VERY_HIGH   ) RuntimeInfoHook                    
(BELOW_NORMAL) LoggerHook                         
(LOWEST      ) EarlyStoppingHook                  
 -------------------- 
before_train:
(VERY_HIGH   ) RuntimeInfoHook                    
(NORMAL      ) IterTimerHook                      
(VERY_LOW    ) CheckpointHook                     
 -------------------- 
before_train_epoch:
(VERY_HIGH   ) RuntimeInfoHook                    
(NORMAL      ) IterTimerHook                      
(NORMAL      ) DistSamplerSeedHook                
 -------------------- 
before_train_iter:
(VERY_HIGH   ) RuntimeInfoHook                    
(NORMAL      ) IterTimerHook                      
 -------------------- 
after_train_iter:
(VERY_HIGH   ) RuntimeInfoHook                    
(NORMAL      ) IterTimerHook                      
(BELOW_NORMAL) LoggerHook                         
(LOW         ) ParamSchedulerHook                 
(VERY_LOW    ) CheckpointHook                     
 -------------------- 
after_train_epoch:
(NORMAL      ) IterTimerHook                      
(NORMAL      ) SyncBuffersHook                    
(LOW         ) ParamSchedulerHook                 
(VERY_LOW    ) CheckpointHook                     
 -------------------- 
before_val:
(VERY_HIGH   ) RuntimeInfoHook                    
 -------------------- 
before_val_epoch:
(NORMAL      ) IterTimerHook                      
(NORMAL      ) SyncBuffersHook                    
 -------------------- 
before_val_iter:
(NORMAL      ) IterTimerHook                      
 -------------------- 
after_val_iter:
(NORMAL      ) IterTimerHook                      
(NORMAL      ) VisualizationHook                  
(BELOW_NORMAL) LoggerHook                         
 -------------------- 
after_val_epoch:
(VERY_HIGH   ) RuntimeInfoHook                    
(NORMAL      ) IterTimerHook                      
(BELOW_NORMAL) LoggerHook                         
(LOW         ) ParamSchedulerHook                 
(VERY_LOW    ) CheckpointHook                     
(LOWEST      ) EarlyStoppingHook                  
 -------------------- 
after_val:
(VERY_HIGH   ) RuntimeInfoHook                    
 -------------------- 
after_train:
(VERY_HIGH   ) RuntimeInfoHook                    
(VERY_LOW    ) CheckpointHook                     
 -------------------- 
before_test:
(VERY_HIGH   ) RuntimeInfoHook                    
 -------------------- 
before_test_epoch:
(NORMAL      ) IterTimerHook                      
 -------------------- 
before_test_iter:
(NORMAL      ) IterTimerHook                      
 -------------------- 
after_test_iter:
(NORMAL      ) IterTimerHook                      
(NORMAL      ) VisualizationHook                  
(BELOW_NORMAL) LoggerHook                         
 -------------------- 
after_test_epoch:
(VERY_HIGH   ) RuntimeInfoHook                    
(NORMAL      ) IterTimerHook                      
(BELOW_NORMAL) LoggerHook                         
 -------------------- 
after_test:
(VERY_HIGH   ) RuntimeInfoHook                    
 -------------------- 
after_run:
(BELOW_NORMAL) LoggerHook                         
 -------------------- 
2026/01/03 10:47:01 - mmengine - INFO - LR is set based on batch size of 32 and the current batch size is 64. Scaling the original LR by 2.0.
2026/01/03 10:47:03 - mmengine - INFO - load model from: torchvision://resnet50
2026/01/03 10:47:03 - mmengine - INFO - Loads checkpoint by torchvision backend from path: torchvision://resnet50
2026/01/03 10:47:03 - mmengine - WARNING - The model and loaded state dict do not match exactly

unexpected key in source state_dict: fc.weight, fc.bias

missing keys in source state_dict: layer2.0.conv2.conv_offset.weight, layer2.0.conv2.conv_offset.bias, layer2.1.conv2.conv_offset.weight, layer2.1.conv2.conv_offset.bias, layer2.2.conv2.conv_offset.weight, layer2.2.conv2.conv_offset.bias, layer2.3.conv2.conv_offset.weight, layer2.3.conv2.conv_offset.bias, layer3.0.conv2.conv_offset.weight, layer3.0.conv2.conv_offset.bias, layer3.1.conv2.conv_offset.weight, layer3.1.conv2.conv_offset.bias, layer3.2.conv2.conv_offset.weight, layer3.2.conv2.conv_offset.bias, layer3.3.conv2.conv_offset.weight, layer3.3.conv2.conv_offset.bias, layer3.4.conv2.conv_offset.weight, layer3.4.conv2.conv_offset.bias, layer3.5.conv2.conv_offset.weight, layer3.5.conv2.conv_offset.bias, layer4.0.conv2.conv_offset.weight, layer4.0.conv2.conv_offset.bias, layer4.1.conv2.conv_offset.weight, layer4.1.conv2.conv_offset.bias, layer4.2.conv2.conv_offset.weight, layer4.2.conv2.conv_offset.bias

Name of parameter - Initialization information

backbone.conv1.weight - torch.Size([64, 3, 7, 7]): 
PretrainedInit: load from torchvision://resnet50 

backbone.bn1.weight - torch.Size([64]): 
PretrainedInit: load from torchvision://resnet50 

backbone.bn1.bias - torch.Size([64]): 
PretrainedInit: load from torchvision://resnet50 

backbone.layer1.0.conv1.weight - torch.Size([64, 64, 1, 1]): 
PretrainedInit: load from torchvision://resnet50 

backbone.layer1.0.bn1.weight - torch.Size([64]): 
PretrainedInit: load from torchvision://resnet50 

backbone.layer1.0.bn1.bias - torch.Size([64]): 
PretrainedInit: load from torchvision://resnet50 

backbone.layer1.0.conv2.weight - torch.Size([64, 64, 3, 3]): 
PretrainedInit: load from torchvision://resnet50 

backbone.layer1.0.bn2.weight - torch.Size([64]): 
PretrainedInit: load from torchvision://resnet50 

backbone.layer1.0.bn2.bias - torch.Size([64]): 
PretrainedInit: load from torchvision://resnet50 

backbone.layer1.0.conv3.weight - torch.Size([256, 64, 1, 1]): 
PretrainedInit: load from torchvision://resnet50 

backbone.layer1.0.bn3.weight - torch.Size([256]): 
PretrainedInit: load from torchvision://resnet50 

backbone.layer1.0.bn3.bias - torch.Size([256]): 
PretrainedInit: load from torchvision://resnet50 

backbone.layer1.0.downsample.0.weight - torch.Size([256, 64, 1, 1]): 
PretrainedInit: load from torchvision://resnet50 

backbone.layer1.0.downsample.1.weight - torch.Size([256]): 
PretrainedInit: load from torchvision://resnet50 

backbone.layer1.0.downsample.1.bias - torch.Size([256]): 
PretrainedInit: load from torchvision://resnet50 

backbone.layer1.1.conv1.weight - torch.Size([64, 256, 1, 1]): 
PretrainedInit: load from torchvision://resnet50 

backbone.layer1.1.bn1.weight - torch.Size([64]): 
PretrainedInit: load from torchvision://resnet50 

backbone.layer1.1.bn1.bias - torch.Size([64]): 
PretrainedInit: load from torchvision://resnet50 

backbone.layer1.1.conv2.weight - torch.Size([64, 64, 3, 3]): 
PretrainedInit: load from torchvision://resnet50 

backbone.layer1.1.bn2.weight - torch.Size([64]): 
PretrainedInit: load from torchvision://resnet50 

backbone.layer1.1.bn2.bias - torch.Size([64]): 
PretrainedInit: load from torchvision://resnet50 

backbone.layer1.1.conv3.weight - torch.Size([256, 64, 1, 1]): 
PretrainedInit: load from torchvision://resnet50 

backbone.layer1.1.bn3.weight - torch.Size([256]): 
PretrainedInit: load from torchvision://resnet50 

backbone.layer1.1.bn3.bias - torch.Size([256]): 
PretrainedInit: load from torchvision://resnet50 

backbone.layer1.2.conv1.weight - torch.Size([64, 256, 1, 1]): 
PretrainedInit: load from torchvision://resnet50 

backbone.layer1.2.bn1.weight - torch.Size([64]): 
PretrainedInit: load from torchvision://resnet50 

backbone.layer1.2.bn1.bias - torch.Size([64]): 
PretrainedInit: load from torchvision://resnet50 

backbone.layer1.2.conv2.weight - torch.Size([64, 64, 3, 3]): 
PretrainedInit: load from torchvision://resnet50 

backbone.layer1.2.bn2.weight - torch.Size([64]): 
PretrainedInit: load from torchvision://resnet50 

backbone.layer1.2.bn2.bias - torch.Size([64]): 
PretrainedInit: load from torchvision://resnet50 

backbone.layer1.2.conv3.weight - torch.Size([256, 64, 1, 1]): 
PretrainedInit: load from torchvision://resnet50 

backbone.layer1.2.bn3.weight - torch.Size([256]): 
PretrainedInit: load from torchvision://resnet50 

backbone.layer1.2.bn3.bias - torch.Size([256]): 
PretrainedInit: load from torchvision://resnet50 

backbone.layer2.0.conv1.weight - torch.Size([128, 256, 1, 1]): 
PretrainedInit: load from torchvision://resnet50 

backbone.layer2.0.bn1.weight - torch.Size([128]): 
PretrainedInit: load from torchvision://resnet50 

backbone.layer2.0.bn1.bias - torch.Size([128]): 
PretrainedInit: load from torchvision://resnet50 

backbone.layer2.0.conv2.weight - torch.Size([128, 128, 3, 3]): 
PretrainedInit: load from torchvision://resnet50 

backbone.layer2.0.conv2.conv_offset.weight - torch.Size([54, 128, 3, 3]): 
The value is the same before and after calling `init_weights` of FCENet  

backbone.layer2.0.conv2.conv_offset.bias - torch.Size([54]): 
The value is the same before and after calling `init_weights` of FCENet  

backbone.layer2.0.bn2.weight - torch.Size([128]): 
PretrainedInit: load from torchvision://resnet50 

backbone.layer2.0.bn2.bias - torch.Size([128]): 
PretrainedInit: load from torchvision://resnet50 

backbone.layer2.0.conv3.weight - torch.Size([512, 128, 1, 1]): 
PretrainedInit: load from torchvision://resnet50 

backbone.layer2.0.bn3.weight - torch.Size([512]): 
PretrainedInit: load from torchvision://resnet50 

backbone.layer2.0.bn3.bias - torch.Size([512]): 
PretrainedInit: load from torchvision://resnet50 

backbone.layer2.0.downsample.0.weight - torch.Size([512, 256, 1, 1]): 
PretrainedInit: load from torchvision://resnet50 

backbone.layer2.0.downsample.1.weight - torch.Size([512]): 
PretrainedInit: load from torchvision://resnet50 

backbone.layer2.0.downsample.1.bias - torch.Size([512]): 
PretrainedInit: load from torchvision://resnet50 

backbone.layer2.1.conv1.weight - torch.Size([128, 512, 1, 1]): 
PretrainedInit: load from torchvision://resnet50 

backbone.layer2.1.bn1.weight - torch.Size([128]): 
PretrainedInit: load from torchvision://resnet50 

backbone.layer2.1.bn1.bias - torch.Size([128]): 
PretrainedInit: load from torchvision://resnet50 

backbone.layer2.1.conv2.weight - torch.Size([128, 128, 3, 3]): 
PretrainedInit: load from torchvision://resnet50 

backbone.layer2.1.conv2.conv_offset.weight - torch.Size([54, 128, 3, 3]): 
The value is the same before and after calling `init_weights` of FCENet  

backbone.layer2.1.conv2.conv_offset.bias - torch.Size([54]): 
The value is the same before and after calling `init_weights` of FCENet  

backbone.layer2.1.bn2.weight - torch.Size([128]): 
PretrainedInit: load from torchvision://resnet50 

backbone.layer2.1.bn2.bias - torch.Size([128]): 
PretrainedInit: load from torchvision://resnet50 

backbone.layer2.1.conv3.weight - torch.Size([512, 128, 1, 1]): 
PretrainedInit: load from torchvision://resnet50 

backbone.layer2.1.bn3.weight - torch.Size([512]): 
PretrainedInit: load from torchvision://resnet50 

backbone.layer2.1.bn3.bias - torch.Size([512]): 
PretrainedInit: load from torchvision://resnet50 

backbone.layer2.2.conv1.weight - torch.Size([128, 512, 1, 1]): 
PretrainedInit: load from torchvision://resnet50 

backbone.layer2.2.bn1.weight - torch.Size([128]): 
PretrainedInit: load from torchvision://resnet50 

backbone.layer2.2.bn1.bias - torch.Size([128]): 
PretrainedInit: load from torchvision://resnet50 

backbone.layer2.2.conv2.weight - torch.Size([128, 128, 3, 3]): 
PretrainedInit: load from torchvision://resnet50 

backbone.layer2.2.conv2.conv_offset.weight - torch.Size([54, 128, 3, 3]): 
The value is the same before and after calling `init_weights` of FCENet  

backbone.layer2.2.conv2.conv_offset.bias - torch.Size([54]): 
The value is the same before and after calling `init_weights` of FCENet  

backbone.layer2.2.bn2.weight - torch.Size([128]): 
PretrainedInit: load from torchvision://resnet50 

backbone.layer2.2.bn2.bias - torch.Size([128]): 
PretrainedInit: load from torchvision://resnet50 

backbone.layer2.2.conv3.weight - torch.Size([512, 128, 1, 1]): 
PretrainedInit: load from torchvision://resnet50 

backbone.layer2.2.bn3.weight - torch.Size([512]): 
PretrainedInit: load from torchvision://resnet50 

backbone.layer2.2.bn3.bias - torch.Size([512]): 
PretrainedInit: load from torchvision://resnet50 

backbone.layer2.3.conv1.weight - torch.Size([128, 512, 1, 1]): 
PretrainedInit: load from torchvision://resnet50 

backbone.layer2.3.bn1.weight - torch.Size([128]): 
PretrainedInit: load from torchvision://resnet50 

backbone.layer2.3.bn1.bias - torch.Size([128]): 
PretrainedInit: load from torchvision://resnet50 

backbone.layer2.3.conv2.weight - torch.Size([128, 128, 3, 3]): 
PretrainedInit: load from torchvision://resnet50 

backbone.layer2.3.conv2.conv_offset.weight - torch.Size([54, 128, 3, 3]): 
The value is the same before and after calling `init_weights` of FCENet  

backbone.layer2.3.conv2.conv_offset.bias - torch.Size([54]): 
The value is the same before and after calling `init_weights` of FCENet  

backbone.layer2.3.bn2.weight - torch.Size([128]): 
PretrainedInit: load from torchvision://resnet50 

backbone.layer2.3.bn2.bias - torch.Size([128]): 
PretrainedInit: load from torchvision://resnet50 

backbone.layer2.3.conv3.weight - torch.Size([512, 128, 1, 1]): 
PretrainedInit: load from torchvision://resnet50 

backbone.layer2.3.bn3.weight - torch.Size([512]): 
PretrainedInit: load from torchvision://resnet50 

backbone.layer2.3.bn3.bias - torch.Size([512]): 
PretrainedInit: load from torchvision://resnet50 

backbone.layer3.0.conv1.weight - torch.Size([256, 512, 1, 1]): 
PretrainedInit: load from torchvision://resnet50 

backbone.layer3.0.bn1.weight - torch.Size([256]): 
PretrainedInit: load from torchvision://resnet50 

backbone.layer3.0.bn1.bias - torch.Size([256]): 
PretrainedInit: load from torchvision://resnet50 

backbone.layer3.0.conv2.weight - torch.Size([256, 256, 3, 3]): 
PretrainedInit: load from torchvision://resnet50 

backbone.layer3.0.conv2.conv_offset.weight - torch.Size([54, 256, 3, 3]): 
The value is the same before and after calling `init_weights` of FCENet  

backbone.layer3.0.conv2.conv_offset.bias - torch.Size([54]): 
The value is the same before and after calling `init_weights` of FCENet  

backbone.layer3.0.bn2.weight - torch.Size([256]): 
PretrainedInit: load from torchvision://resnet50 

backbone.layer3.0.bn2.bias - torch.Size([256]): 
PretrainedInit: load from torchvision://resnet50 

backbone.layer3.0.conv3.weight - torch.Size([1024, 256, 1, 1]): 
PretrainedInit: load from torchvision://resnet50 

backbone.layer3.0.bn3.weight - torch.Size([1024]): 
PretrainedInit: load from torchvision://resnet50 

backbone.layer3.0.bn3.bias - torch.Size([1024]): 
PretrainedInit: load from torchvision://resnet50 

backbone.layer3.0.downsample.0.weight - torch.Size([1024, 512, 1, 1]): 
PretrainedInit: load from torchvision://resnet50 

backbone.layer3.0.downsample.1.weight - torch.Size([1024]): 
PretrainedInit: load from torchvision://resnet50 

backbone.layer3.0.downsample.1.bias - torch.Size([1024]): 
PretrainedInit: load from torchvision://resnet50 

backbone.layer3.1.conv1.weight - torch.Size([256, 1024, 1, 1]): 
PretrainedInit: load from torchvision://resnet50 

backbone.layer3.1.bn1.weight - torch.Size([256]): 
PretrainedInit: load from torchvision://resnet50 

backbone.layer3.1.bn1.bias - torch.Size([256]): 
PretrainedInit: load from torchvision://resnet50 

backbone.layer3.1.conv2.weight - torch.Size([256, 256, 3, 3]): 
PretrainedInit: load from torchvision://resnet50 

backbone.layer3.1.conv2.conv_offset.weight - torch.Size([54, 256, 3, 3]): 
The value is the same before and after calling `init_weights` of FCENet  

backbone.layer3.1.conv2.conv_offset.bias - torch.Size([54]): 
The value is the same before and after calling `init_weights` of FCENet  

backbone.layer3.1.bn2.weight - torch.Size([256]): 
PretrainedInit: load from torchvision://resnet50 

backbone.layer3.1.bn2.bias - torch.Size([256]): 
PretrainedInit: load from torchvision://resnet50 

backbone.layer3.1.conv3.weight - torch.Size([1024, 256, 1, 1]): 
PretrainedInit: load from torchvision://resnet50 

backbone.layer3.1.bn3.weight - torch.Size([1024]): 
PretrainedInit: load from torchvision://resnet50 

backbone.layer3.1.bn3.bias - torch.Size([1024]): 
PretrainedInit: load from torchvision://resnet50 

backbone.layer3.2.conv1.weight - torch.Size([256, 1024, 1, 1]): 
PretrainedInit: load from torchvision://resnet50 

backbone.layer3.2.bn1.weight - torch.Size([256]): 
PretrainedInit: load from torchvision://resnet50 

backbone.layer3.2.bn1.bias - torch.Size([256]): 
PretrainedInit: load from torchvision://resnet50 

backbone.layer3.2.conv2.weight - torch.Size([256, 256, 3, 3]): 
PretrainedInit: load from torchvision://resnet50 

backbone.layer3.2.conv2.conv_offset.weight - torch.Size([54, 256, 3, 3]): 
The value is the same before and after calling `init_weights` of FCENet  

backbone.layer3.2.conv2.conv_offset.bias - torch.Size([54]): 
The value is the same before and after calling `init_weights` of FCENet  

backbone.layer3.2.bn2.weight - torch.Size([256]): 
PretrainedInit: load from torchvision://resnet50 

backbone.layer3.2.bn2.bias - torch.Size([256]): 
PretrainedInit: load from torchvision://resnet50 

backbone.layer3.2.conv3.weight - torch.Size([1024, 256, 1, 1]): 
PretrainedInit: load from torchvision://resnet50 

backbone.layer3.2.bn3.weight - torch.Size([1024]): 
PretrainedInit: load from torchvision://resnet50 

backbone.layer3.2.bn3.bias - torch.Size([1024]): 
PretrainedInit: load from torchvision://resnet50 

backbone.layer3.3.conv1.weight - torch.Size([256, 1024, 1, 1]): 
PretrainedInit: load from torchvision://resnet50 

backbone.layer3.3.bn1.weight - torch.Size([256]): 
PretrainedInit: load from torchvision://resnet50 

backbone.layer3.3.bn1.bias - torch.Size([256]): 
PretrainedInit: load from torchvision://resnet50 

backbone.layer3.3.conv2.weight - torch.Size([256, 256, 3, 3]): 
PretrainedInit: load from torchvision://resnet50 

backbone.layer3.3.conv2.conv_offset.weight - torch.Size([54, 256, 3, 3]): 
The value is the same before and after calling `init_weights` of FCENet  

backbone.layer3.3.conv2.conv_offset.bias - torch.Size([54]): 
The value is the same before and after calling `init_weights` of FCENet  

backbone.layer3.3.bn2.weight - torch.Size([256]): 
PretrainedInit: load from torchvision://resnet50 

backbone.layer3.3.bn2.bias - torch.Size([256]): 
PretrainedInit: load from torchvision://resnet50 

backbone.layer3.3.conv3.weight - torch.Size([1024, 256, 1, 1]): 
PretrainedInit: load from torchvision://resnet50 

backbone.layer3.3.bn3.weight - torch.Size([1024]): 
PretrainedInit: load from torchvision://resnet50 

backbone.layer3.3.bn3.bias - torch.Size([1024]): 
PretrainedInit: load from torchvision://resnet50 

backbone.layer3.4.conv1.weight - torch.Size([256, 1024, 1, 1]): 
PretrainedInit: load from torchvision://resnet50 

backbone.layer3.4.bn1.weight - torch.Size([256]): 
PretrainedInit: load from torchvision://resnet50 

backbone.layer3.4.bn1.bias - torch.Size([256]): 
PretrainedInit: load from torchvision://resnet50 

backbone.layer3.4.conv2.weight - torch.Size([256, 256, 3, 3]): 
PretrainedInit: load from torchvision://resnet50 

backbone.layer3.4.conv2.conv_offset.weight - torch.Size([54, 256, 3, 3]): 
The value is the same before and after calling `init_weights` of FCENet  

backbone.layer3.4.conv2.conv_offset.bias - torch.Size([54]): 
The value is the same before and after calling `init_weights` of FCENet  

backbone.layer3.4.bn2.weight - torch.Size([256]): 
PretrainedInit: load from torchvision://resnet50 

backbone.layer3.4.bn2.bias - torch.Size([256]): 
PretrainedInit: load from torchvision://resnet50 

backbone.layer3.4.conv3.weight - torch.Size([1024, 256, 1, 1]): 
PretrainedInit: load from torchvision://resnet50 

backbone.layer3.4.bn3.weight - torch.Size([1024]): 
PretrainedInit: load from torchvision://resnet50 

backbone.layer3.4.bn3.bias - torch.Size([1024]): 
PretrainedInit: load from torchvision://resnet50 

backbone.layer3.5.conv1.weight - torch.Size([256, 1024, 1, 1]): 
PretrainedInit: load from torchvision://resnet50 

backbone.layer3.5.bn1.weight - torch.Size([256]): 
PretrainedInit: load from torchvision://resnet50 

backbone.layer3.5.bn1.bias - torch.Size([256]): 
PretrainedInit: load from torchvision://resnet50 

backbone.layer3.5.conv2.weight - torch.Size([256, 256, 3, 3]): 
PretrainedInit: load from torchvision://resnet50 

backbone.layer3.5.conv2.conv_offset.weight - torch.Size([54, 256, 3, 3]): 
The value is the same before and after calling `init_weights` of FCENet  

backbone.layer3.5.conv2.conv_offset.bias - torch.Size([54]): 
The value is the same before and after calling `init_weights` of FCENet  

backbone.layer3.5.bn2.weight - torch.Size([256]): 
PretrainedInit: load from torchvision://resnet50 

backbone.layer3.5.bn2.bias - torch.Size([256]): 
PretrainedInit: load from torchvision://resnet50 

backbone.layer3.5.conv3.weight - torch.Size([1024, 256, 1, 1]): 
PretrainedInit: load from torchvision://resnet50 

backbone.layer3.5.bn3.weight - torch.Size([1024]): 
PretrainedInit: load from torchvision://resnet50 

backbone.layer3.5.bn3.bias - torch.Size([1024]): 
PretrainedInit: load from torchvision://resnet50 

backbone.layer4.0.conv1.weight - torch.Size([512, 1024, 1, 1]): 
PretrainedInit: load from torchvision://resnet50 

backbone.layer4.0.bn1.weight - torch.Size([512]): 
PretrainedInit: load from torchvision://resnet50 

backbone.layer4.0.bn1.bias - torch.Size([512]): 
PretrainedInit: load from torchvision://resnet50 

backbone.layer4.0.conv2.weight - torch.Size([512, 512, 3, 3]): 
PretrainedInit: load from torchvision://resnet50 

backbone.layer4.0.conv2.conv_offset.weight - torch.Size([54, 512, 3, 3]): 
The value is the same before and after calling `init_weights` of FCENet  

backbone.layer4.0.conv2.conv_offset.bias - torch.Size([54]): 
The value is the same before and after calling `init_weights` of FCENet  

backbone.layer4.0.bn2.weight - torch.Size([512]): 
PretrainedInit: load from torchvision://resnet50 

backbone.layer4.0.bn2.bias - torch.Size([512]): 
PretrainedInit: load from torchvision://resnet50 

backbone.layer4.0.conv3.weight - torch.Size([2048, 512, 1, 1]): 
PretrainedInit: load from torchvision://resnet50 

backbone.layer4.0.bn3.weight - torch.Size([2048]): 
PretrainedInit: load from torchvision://resnet50 

backbone.layer4.0.bn3.bias - torch.Size([2048]): 
PretrainedInit: load from torchvision://resnet50 

backbone.layer4.0.downsample.0.weight - torch.Size([2048, 1024, 1, 1]): 
PretrainedInit: load from torchvision://resnet50 

backbone.layer4.0.downsample.1.weight - torch.Size([2048]): 
PretrainedInit: load from torchvision://resnet50 

backbone.layer4.0.downsample.1.bias - torch.Size([2048]): 
PretrainedInit: load from torchvision://resnet50 

backbone.layer4.1.conv1.weight - torch.Size([512, 2048, 1, 1]): 
PretrainedInit: load from torchvision://resnet50 

backbone.layer4.1.bn1.weight - torch.Size([512]): 
PretrainedInit: load from torchvision://resnet50 

backbone.layer4.1.bn1.bias - torch.Size([512]): 
PretrainedInit: load from torchvision://resnet50 

backbone.layer4.1.conv2.weight - torch.Size([512, 512, 3, 3]): 
PretrainedInit: load from torchvision://resnet50 

backbone.layer4.1.conv2.conv_offset.weight - torch.Size([54, 512, 3, 3]): 
The value is the same before and after calling `init_weights` of FCENet  

backbone.layer4.1.conv2.conv_offset.bias - torch.Size([54]): 
The value is the same before and after calling `init_weights` of FCENet  

backbone.layer4.1.bn2.weight - torch.Size([512]): 
PretrainedInit: load from torchvision://resnet50 

backbone.layer4.1.bn2.bias - torch.Size([512]): 
PretrainedInit: load from torchvision://resnet50 

backbone.layer4.1.conv3.weight - torch.Size([2048, 512, 1, 1]): 
PretrainedInit: load from torchvision://resnet50 

backbone.layer4.1.bn3.weight - torch.Size([2048]): 
PretrainedInit: load from torchvision://resnet50 

backbone.layer4.1.bn3.bias - torch.Size([2048]): 
PretrainedInit: load from torchvision://resnet50 

backbone.layer4.2.conv1.weight - torch.Size([512, 2048, 1, 1]): 
PretrainedInit: load from torchvision://resnet50 

backbone.layer4.2.bn1.weight - torch.Size([512]): 
PretrainedInit: load from torchvision://resnet50 

backbone.layer4.2.bn1.bias - torch.Size([512]): 
PretrainedInit: load from torchvision://resnet50 

backbone.layer4.2.conv2.weight - torch.Size([512, 512, 3, 3]): 
PretrainedInit: load from torchvision://resnet50 

backbone.layer4.2.conv2.conv_offset.weight - torch.Size([54, 512, 3, 3]): 
The value is the same before and after calling `init_weights` of FCENet  

backbone.layer4.2.conv2.conv_offset.bias - torch.Size([54]): 
The value is the same before and after calling `init_weights` of FCENet  

backbone.layer4.2.bn2.weight - torch.Size([512]): 
PretrainedInit: load from torchvision://resnet50 

backbone.layer4.2.bn2.bias - torch.Size([512]): 
PretrainedInit: load from torchvision://resnet50 

backbone.layer4.2.conv3.weight - torch.Size([2048, 512, 1, 1]): 
PretrainedInit: load from torchvision://resnet50 

backbone.layer4.2.bn3.weight - torch.Size([2048]): 
PretrainedInit: load from torchvision://resnet50 

backbone.layer4.2.bn3.bias - torch.Size([2048]): 
PretrainedInit: load from torchvision://resnet50 

neck.lateral_convs.0.conv.weight - torch.Size([256, 512, 1, 1]): 
XavierInit: gain=1, distribution=uniform, bias=0 

neck.lateral_convs.0.conv.bias - torch.Size([256]): 
The value is the same before and after calling `init_weights` of FCENet  

neck.lateral_convs.1.conv.weight - torch.Size([256, 1024, 1, 1]): 
XavierInit: gain=1, distribution=uniform, bias=0 

neck.lateral_convs.1.conv.bias - torch.Size([256]): 
The value is the same before and after calling `init_weights` of FCENet  

neck.lateral_convs.2.conv.weight - torch.Size([256, 2048, 1, 1]): 
XavierInit: gain=1, distribution=uniform, bias=0 

neck.lateral_convs.2.conv.bias - torch.Size([256]): 
The value is the same before and after calling `init_weights` of FCENet  

neck.fpn_convs.0.conv.weight - torch.Size([256, 256, 3, 3]): 
XavierInit: gain=1, distribution=uniform, bias=0 

neck.fpn_convs.0.conv.bias - torch.Size([256]): 
The value is the same before and after calling `init_weights` of FCENet  

neck.fpn_convs.1.conv.weight - torch.Size([256, 256, 3, 3]): 
XavierInit: gain=1, distribution=uniform, bias=0 

neck.fpn_convs.1.conv.bias - torch.Size([256]): 
The value is the same before and after calling `init_weights` of FCENet  

neck.fpn_convs.2.conv.weight - torch.Size([256, 256, 3, 3]): 
XavierInit: gain=1, distribution=uniform, bias=0 

neck.fpn_convs.2.conv.bias - torch.Size([256]): 
The value is the same before and after calling `init_weights` of FCENet  

det_head.out_conv_cls.weight - torch.Size([4, 256, 3, 3]): 
NormalInit: mean=0, std=0.01, bias=0 

det_head.out_conv_cls.bias - torch.Size([4]): 
NormalInit: mean=0, std=0.01, bias=0 

det_head.out_conv_reg.weight - torch.Size([22, 256, 3, 3]): 
NormalInit: mean=0, std=0.01, bias=0 

det_head.out_conv_reg.bias - torch.Size([22]): 
NormalInit: mean=0, std=0.01, bias=0 
2026/01/03 10:47:03 - mmengine - INFO - Auto resumed from the latest checkpoint /root/lanyun-tmp/mmocr/work_dirs/fcenet_r50dcnv2_fpn_finetune_art_rctw_rects/epoch_76.pth.
2026/01/03 10:47:04 - mmengine - INFO - ModulatedDeformConvPack backbone.layer2.0.conv2 is upgraded to version 2.
2026/01/03 10:47:04 - mmengine - INFO - ModulatedDeformConvPack backbone.layer2.1.conv2 is upgraded to version 2.
2026/01/03 10:47:04 - mmengine - INFO - ModulatedDeformConvPack backbone.layer2.2.conv2 is upgraded to version 2.
2026/01/03 10:47:04 - mmengine - INFO - ModulatedDeformConvPack backbone.layer2.3.conv2 is upgraded to version 2.
2026/01/03 10:47:04 - mmengine - INFO - ModulatedDeformConvPack backbone.layer3.0.conv2 is upgraded to version 2.
2026/01/03 10:47:04 - mmengine - INFO - ModulatedDeformConvPack backbone.layer3.1.conv2 is upgraded to version 2.
2026/01/03 10:47:04 - mmengine - INFO - ModulatedDeformConvPack backbone.layer3.2.conv2 is upgraded to version 2.
2026/01/03 10:47:04 - mmengine - INFO - ModulatedDeformConvPack backbone.layer3.3.conv2 is upgraded to version 2.
2026/01/03 10:47:04 - mmengine - INFO - ModulatedDeformConvPack backbone.layer3.4.conv2 is upgraded to version 2.
2026/01/03 10:47:04 - mmengine - INFO - ModulatedDeformConvPack backbone.layer3.5.conv2 is upgraded to version 2.
2026/01/03 10:47:04 - mmengine - INFO - ModulatedDeformConvPack backbone.layer4.0.conv2 is upgraded to version 2.
2026/01/03 10:47:04 - mmengine - INFO - ModulatedDeformConvPack backbone.layer4.1.conv2 is upgraded to version 2.
2026/01/03 10:47:04 - mmengine - INFO - ModulatedDeformConvPack backbone.layer4.2.conv2 is upgraded to version 2.
2026/01/03 10:47:04 - mmengine - INFO - Load checkpoint from /root/lanyun-tmp/mmocr/work_dirs/fcenet_r50dcnv2_fpn_finetune_art_rctw_rects/epoch_76.pth
2026/01/03 10:47:04 - mmengine - INFO - resumed epoch: 76, iter: 36024
2026/01/03 10:47:04 - mmengine - WARNING - "FileClient" will be deprecated in future. Please use io functions in https://mmengine.readthedocs.io/en/latest/api/fileio.html#file-io
2026/01/03 10:47:04 - mmengine - WARNING - "HardDiskBackend" is the alias of "LocalBackend" and the former will be deprecated in future.
2026/01/03 10:47:04 - mmengine - INFO - Checkpoints will be saved to /root/lanyun-tmp/mmocr/work_dirs/fcenet_r50dcnv2_fpn_finetune_art_rctw_rects.
2026/01/03 10:47:26 - mmengine - INFO - Epoch(train)  [77][  5/474]  lr: 5.4771e-04  eta: 14:07:23  time: 3.3678  data_time: 0.4512  memory: 20661  grad_norm: 30.5971  loss: 2.9929  loss_text: 0.6473  loss_center: 0.9930  loss_reg_x: 0.7693  loss_reg_y: 0.5834
2026/01/03 10:47:40 - mmengine - INFO - Epoch(train)  [77][ 10/474]  lr: 5.4771e-04  eta: 11:21:18  time: 3.5966  data_time: 0.4515  memory: 19885  grad_norm: 26.5711  loss: 3.0140  loss_text: 0.6480  loss_center: 0.9658  loss_reg_x: 0.8555  loss_reg_y: 0.5448
2026/01/03 10:47:54 - mmengine - INFO - Epoch(train)  [77][ 15/474]  lr: 5.4771e-04  eta: 10:35:46  time: 2.8008  data_time: 0.0027  memory: 19885  grad_norm: 23.5742  loss: 2.8136  loss_text: 0.6048  loss_center: 0.9330  loss_reg_x: 0.7658  loss_reg_y: 0.5099
2026/01/03 10:48:08 - mmengine - INFO - Epoch(train)  [77][ 20/474]  lr: 5.4771e-04  eta: 10:08:41  time: 2.8355  data_time: 0.0026  memory: 19885  grad_norm: 19.9148  loss: 2.7056  loss_text: 0.6099  loss_center: 0.9044  loss_reg_x: 0.7148  loss_reg_y: 0.4765
2026/01/03 10:48:21 - mmengine - INFO - Epoch(train)  [77][ 25/474]  lr: 5.4771e-04  eta: 9:43:23  time: 2.6728  data_time: 0.0028  memory: 19885  grad_norm: 20.2944  loss: 2.8425  loss_text: 0.6187  loss_center: 0.9568  loss_reg_x: 0.7623  loss_reg_y: 0.5047
2026/01/03 10:48:35 - mmengine - INFO - Epoch(train)  [77][ 30/474]  lr: 5.4771e-04  eta: 9:36:34  time: 2.7151  data_time: 0.0031  memory: 19885  grad_norm: 24.0865  loss: 2.9077  loss_text: 0.6425  loss_center: 0.9621  loss_reg_x: 0.7962  loss_reg_y: 0.5070
2026/01/03 10:48:48 - mmengine - INFO - Epoch(train)  [77][ 35/474]  lr: 5.4771e-04  eta: 9:25:40  time: 2.7654  data_time: 0.0029  memory: 19885  grad_norm: 23.8557  loss: 2.8769  loss_text: 0.6292  loss_center: 0.9162  loss_reg_x: 0.7866  loss_reg_y: 0.5449
2026/01/03 10:49:02 - mmengine - INFO - Epoch(train)  [77][ 40/474]  lr: 5.4771e-04  eta: 9:18:59  time: 2.6875  data_time: 0.0025  memory: 19885  grad_norm: 22.6429  loss: 2.9609  loss_text: 0.6316  loss_center: 0.9132  loss_reg_x: 0.7967  loss_reg_y: 0.6194
2026/01/03 10:49:15 - mmengine - INFO - Epoch(train)  [77][ 45/474]  lr: 5.4771e-04  eta: 9:13:20  time: 2.7107  data_time: 0.0026  memory: 19885  grad_norm: 21.4081  loss: 2.9015  loss_text: 0.6484  loss_center: 0.8954  loss_reg_x: 0.7793  loss_reg_y: 0.5784
2026/01/03 10:49:29 - mmengine - INFO - Epoch(train)  [77][ 50/474]  lr: 5.4771e-04  eta: 9:08:51  time: 2.7035  data_time: 0.0028  memory: 19885  grad_norm: 21.7325  loss: 2.7739  loss_text: 0.6031  loss_center: 0.9520  loss_reg_x: 0.6929  loss_reg_y: 0.5259
2026/01/03 10:49:42 - mmengine - INFO - Epoch(train)  [77][ 55/474]  lr: 5.4771e-04  eta: 9:04:28  time: 2.6859  data_time: 0.0028  memory: 19885  grad_norm: 25.4926  loss: 2.7494  loss_text: 0.5733  loss_center: 1.0037  loss_reg_x: 0.6747  loss_reg_y: 0.4977
2026/01/03 10:49:57 - mmengine - INFO - Epoch(train)  [77][ 60/474]  lr: 5.4771e-04  eta: 9:04:04  time: 2.7709  data_time: 0.0028  memory: 19885  grad_norm: 24.7198  loss: 2.6092  loss_text: 0.5528  loss_center: 0.9563  loss_reg_x: 0.6439  loss_reg_y: 0.4562
2026/01/03 10:50:11 - mmengine - INFO - Epoch(train)  [77][ 65/474]  lr: 5.4771e-04  eta: 9:03:38  time: 2.8735  data_time: 0.0030  memory: 19885  grad_norm: 22.7410  loss: 2.5079  loss_text: 0.5572  loss_center: 0.8788  loss_reg_x: 0.5955  loss_reg_y: 0.4764
2026/01/03 10:50:24 - mmengine - INFO - Epoch(train)  [77][ 70/474]  lr: 5.4771e-04  eta: 8:59:50  time: 2.7451  data_time: 0.0030  memory: 19885  grad_norm: 25.1698  loss: 2.6543  loss_text: 0.5834  loss_center: 0.8678  loss_reg_x: 0.6848  loss_reg_y: 0.5183
2026/01/03 10:50:38 - mmengine - INFO - Epoch(train)  [77][ 75/474]  lr: 5.4771e-04  eta: 8:57:45  time: 2.6684  data_time: 0.0032  memory: 19885  grad_norm: 24.9323  loss: 2.8318  loss_text: 0.6242  loss_center: 0.9094  loss_reg_x: 0.7738  loss_reg_y: 0.5244
2026/01/03 10:50:52 - mmengine - INFO - Epoch(train)  [77][ 80/474]  lr: 5.4771e-04  eta: 8:56:22  time: 2.7380  data_time: 0.0031  memory: 19885  grad_norm: 22.8973  loss: 2.8527  loss_text: 0.6342  loss_center: 0.9453  loss_reg_x: 0.7587  loss_reg_y: 0.5145
2026/01/03 10:51:05 - mmengine - INFO - Epoch(train)  [77][ 85/474]  lr: 5.4771e-04  eta: 8:54:01  time: 2.7081  data_time: 0.0028  memory: 19885  grad_norm: 24.3981  loss: 2.6201  loss_text: 0.5760  loss_center: 0.9094  loss_reg_x: 0.6444  loss_reg_y: 0.4903
2026/01/03 10:51:19 - mmengine - INFO - Epoch(train)  [77][ 90/474]  lr: 5.4771e-04  eta: 8:53:59  time: 2.7573  data_time: 0.0029  memory: 19885  grad_norm: 23.3242  loss: 2.6095  loss_text: 0.5869  loss_center: 0.8918  loss_reg_x: 0.6278  loss_reg_y: 0.5029
2026/01/03 10:51:33 - mmengine - INFO - Epoch(train)  [77][ 95/474]  lr: 5.4771e-04  eta: 8:53:26  time: 2.8322  data_time: 0.0029  memory: 19885  grad_norm: 20.7261  loss: 2.6206  loss_text: 0.5690  loss_center: 0.9131  loss_reg_x: 0.6501  loss_reg_y: 0.4884
2026/01/03 10:51:47 - mmengine - INFO - Epoch(train)  [77][100/474]  lr: 5.4771e-04  eta: 8:51:57  time: 2.7557  data_time: 0.0027  memory: 19885  grad_norm: 21.2780  loss: 2.8242  loss_text: 0.6190  loss_center: 0.9210  loss_reg_x: 0.7223  loss_reg_y: 0.5619
2026/01/03 10:52:01 - mmengine - INFO - Epoch(train)  [77][105/474]  lr: 5.4771e-04  eta: 8:52:13  time: 2.7953  data_time: 0.0028  memory: 19885  grad_norm: 23.3647  loss: 3.0611  loss_text: 0.6547  loss_center: 0.9571  loss_reg_x: 0.8238  loss_reg_y: 0.6255
2026/01/03 10:52:15 - mmengine - INFO - Epoch(train)  [77][110/474]  lr: 5.4771e-04  eta: 8:52:04  time: 2.8654  data_time: 0.0030  memory: 19885  grad_norm: 21.6856  loss: 2.8895  loss_text: 0.5811  loss_center: 0.9772  loss_reg_x: 0.7817  loss_reg_y: 0.5494
2026/01/03 10:52:30 - mmengine - INFO - Epoch(train)  [77][115/474]  lr: 5.4771e-04  eta: 8:52:37  time: 2.8868  data_time: 0.0028  memory: 19885  grad_norm: 20.1943  loss: 2.8791  loss_text: 0.5860  loss_center: 0.9906  loss_reg_x: 0.7806  loss_reg_y: 0.5219
2026/01/03 10:52:45 - mmengine - INFO - Epoch(train)  [77][120/474]  lr: 5.4771e-04  eta: 8:53:33  time: 2.9587  data_time: 0.0028  memory: 19885  grad_norm: 21.2035  loss: 2.8658  loss_text: 0.5884  loss_center: 0.9720  loss_reg_x: 0.7488  loss_reg_y: 0.5566
2026/01/03 10:52:58 - mmengine - INFO - Epoch(train)  [77][125/474]  lr: 5.4771e-04  eta: 8:51:58  time: 2.8256  data_time: 0.0027  memory: 19885  grad_norm: 24.7517  loss: 2.8389  loss_text: 0.5958  loss_center: 0.9501  loss_reg_x: 0.7318  loss_reg_y: 0.5611
2026/01/03 10:53:12 - mmengine - INFO - Epoch(train)  [77][130/474]  lr: 5.4771e-04  eta: 8:50:30  time: 2.6661  data_time: 0.0025  memory: 19885  grad_norm: 26.6598  loss: 2.7051  loss_text: 0.5990  loss_center: 0.9139  loss_reg_x: 0.7226  loss_reg_y: 0.4696
2026/01/03 10:53:25 - mmengine - INFO - Epoch(train)  [77][135/474]  lr: 5.4771e-04  eta: 8:49:24  time: 2.6867  data_time: 0.0029  memory: 19885  grad_norm: 23.3311  loss: 2.6414  loss_text: 0.5950  loss_center: 0.8900  loss_reg_x: 0.6953  loss_reg_y: 0.4611
2026/01/03 10:53:38 - mmengine - INFO - Epoch(train)  [77][140/474]  lr: 5.4771e-04  eta: 8:47:59  time: 2.6769  data_time: 0.0028  memory: 19885  grad_norm: 19.9076  loss: 2.7008  loss_text: 0.5910  loss_center: 0.9146  loss_reg_x: 0.6697  loss_reg_y: 0.5254
2026/01/03 10:53:53 - mmengine - INFO - Epoch(train)  [77][145/474]  lr: 5.4771e-04  eta: 8:48:07  time: 2.7624  data_time: 0.0031  memory: 19885  grad_norm: 20.5258  loss: 2.6796  loss_text: 0.5936  loss_center: 0.9252  loss_reg_x: 0.6280  loss_reg_y: 0.5329
2026/01/03 10:54:06 - mmengine - INFO - Epoch(train)  [77][150/474]  lr: 5.4771e-04  eta: 8:47:07  time: 2.7878  data_time: 0.0033  memory: 19885  grad_norm: 23.2945  loss: 2.9001  loss_text: 0.6434  loss_center: 0.9511  loss_reg_x: 0.7423  loss_reg_y: 0.5634
2026/01/03 10:54:20 - mmengine - INFO - Epoch(train)  [77][155/474]  lr: 5.4771e-04  eta: 8:46:52  time: 2.7564  data_time: 0.0028  memory: 19885  grad_norm: 25.1206  loss: 3.0812  loss_text: 0.6371  loss_center: 1.0028  loss_reg_x: 0.8240  loss_reg_y: 0.6172
2026/01/03 10:54:36 - mmengine - INFO - Epoch(train)  [77][160/474]  lr: 5.4771e-04  eta: 8:48:13  time: 2.9510  data_time: 0.0030  memory: 19885  grad_norm: 30.2824  loss: 3.1503  loss_text: 0.6286  loss_center: 1.0251  loss_reg_x: 0.8096  loss_reg_y: 0.6869
2026/01/03 10:54:50 - mmengine - INFO - Epoch(train)  [77][165/474]  lr: 5.4771e-04  eta: 8:47:56  time: 2.9541  data_time: 0.0028  memory: 19885  grad_norm: 30.6130  loss: 3.1833  loss_text: 0.6524  loss_center: 1.0015  loss_reg_x: 0.8619  loss_reg_y: 0.6675
2026/01/03 10:55:03 - mmengine - INFO - Epoch(train)  [77][170/474]  lr: 5.4771e-04  eta: 8:46:50  time: 2.7428  data_time: 0.0027  memory: 19885  grad_norm: 26.6376  loss: 2.8360  loss_text: 0.6014  loss_center: 0.9085  loss_reg_x: 0.7933  loss_reg_y: 0.5327
2026/01/03 10:55:18 - mmengine - INFO - Epoch(train)  [77][175/474]  lr: 5.4771e-04  eta: 8:46:54  time: 2.7724  data_time: 0.0033  memory: 19885  grad_norm: 26.2674  loss: 2.7576  loss_text: 0.6024  loss_center: 0.9499  loss_reg_x: 0.6925  loss_reg_y: 0.5129
2026/01/03 10:55:31 - mmengine - INFO - Epoch(train)  [77][180/474]  lr: 5.4771e-04  eta: 8:45:45  time: 2.7627  data_time: 0.0032  memory: 19885  grad_norm: 25.5095  loss: 2.9829  loss_text: 0.6579  loss_center: 1.0047  loss_reg_x: 0.7487  loss_reg_y: 0.5716
2026/01/03 10:55:45 - mmengine - INFO - Epoch(train)  [77][185/474]  lr: 5.4771e-04  eta: 8:45:06  time: 2.6903  data_time: 0.0027  memory: 19885  grad_norm: 23.9085  loss: 2.8147  loss_text: 0.6134  loss_center: 0.9355  loss_reg_x: 0.7464  loss_reg_y: 0.5194
2026/01/03 10:55:59 - mmengine - INFO - Epoch(train)  [77][190/474]  lr: 5.4771e-04  eta: 8:45:07  time: 2.8008  data_time: 0.0028  memory: 19885  grad_norm: 23.1904  loss: 2.5448  loss_text: 0.5316  loss_center: 0.8848  loss_reg_x: 0.6591  loss_reg_y: 0.4693
2026/01/03 10:56:12 - mmengine - INFO - Epoch(train)  [77][195/474]  lr: 5.4771e-04  eta: 8:44:14  time: 2.7747  data_time: 0.0031  memory: 19885  grad_norm: 24.2982  loss: 2.6690  loss_text: 0.5745  loss_center: 0.8913  loss_reg_x: 0.6836  loss_reg_y: 0.5196
2026/01/03 10:56:25 - mmengine - INFO - Epoch(train)  [77][200/474]  lr: 5.4771e-04  eta: 8:43:12  time: 2.6614  data_time: 0.0032  memory: 19885  grad_norm: 22.9872  loss: 2.7480  loss_text: 0.5909  loss_center: 0.9453  loss_reg_x: 0.6948  loss_reg_y: 0.5170
2026/01/03 10:56:40 - mmengine - INFO - Epoch(train)  [77][205/474]  lr: 5.4771e-04  eta: 8:43:21  time: 2.7663  data_time: 0.0028  memory: 19885  grad_norm: 19.0399  loss: 2.7060  loss_text: 0.5766  loss_center: 0.9570  loss_reg_x: 0.7005  loss_reg_y: 0.4719
2026/01/03 10:56:53 - mmengine - INFO - Epoch(train)  [77][210/474]  lr: 5.4771e-04  eta: 8:42:38  time: 2.7968  data_time: 0.0028  memory: 19885  grad_norm: 21.7431  loss: 2.9585  loss_text: 0.6213  loss_center: 0.9919  loss_reg_x: 0.7967  loss_reg_y: 0.5487
2026/01/03 10:57:07 - mmengine - INFO - Epoch(train)  [77][215/474]  lr: 5.4771e-04  eta: 8:41:47  time: 2.6844  data_time: 0.0032  memory: 19885  grad_norm: 25.2978  loss: 3.0683  loss_text: 0.6293  loss_center: 1.0302  loss_reg_x: 0.7633  loss_reg_y: 0.6455
2026/01/03 10:57:21 - mmengine - INFO - Epoch(train)  [77][220/474]  lr: 5.4771e-04  eta: 8:41:51  time: 2.7716  data_time: 0.0033  memory: 19885  grad_norm: 23.3456  loss: 2.8633  loss_text: 0.5843  loss_center: 0.9643  loss_reg_x: 0.7209  loss_reg_y: 0.5938
2026/01/03 10:57:35 - mmengine - INFO - Epoch(train)  [77][225/474]  lr: 5.4771e-04  eta: 8:41:13  time: 2.7933  data_time: 0.0030  memory: 19885  grad_norm: 21.0217  loss: 2.9416  loss_text: 0.5887  loss_center: 0.9984  loss_reg_x: 0.8344  loss_reg_y: 0.5201
2026/01/03 10:57:50 - mmengine - INFO - Epoch(train)  [77][230/474]  lr: 5.4771e-04  eta: 8:42:13  time: 2.9090  data_time: 0.0032  memory: 19885  grad_norm: 22.4417  loss: 3.2230  loss_text: 0.6739  loss_center: 1.0586  loss_reg_x: 0.9257  loss_reg_y: 0.5647
2026/01/03 10:58:04 - mmengine - INFO - Epoch(train)  [77][235/474]  lr: 5.4771e-04  eta: 8:41:55  time: 2.9524  data_time: 0.0032  memory: 19885  grad_norm: 24.6475  loss: 3.0228  loss_text: 0.6566  loss_center: 0.9731  loss_reg_x: 0.8252  loss_reg_y: 0.5680
2026/01/03 10:58:18 - mmengine - INFO - Epoch(train)  [77][240/474]  lr: 5.4771e-04  eta: 8:41:22  time: 2.7625  data_time: 0.0027  memory: 19885  grad_norm: 23.6424  loss: 2.6496  loss_text: 0.5917  loss_center: 0.8964  loss_reg_x: 0.6719  loss_reg_y: 0.4895
2026/01/03 10:58:32 - mmengine - INFO - Epoch(train)  [77][245/474]  lr: 5.4771e-04  eta: 8:41:08  time: 2.7691  data_time: 0.0029  memory: 19885  grad_norm: 21.7251  loss: 2.7390  loss_text: 0.5954  loss_center: 0.9602  loss_reg_x: 0.6946  loss_reg_y: 0.4889
2026/01/03 10:58:46 - mmengine - INFO - Epoch(train)  [77][250/474]  lr: 5.4771e-04  eta: 8:40:53  time: 2.8073  data_time: 0.0033  memory: 19885  grad_norm: 20.9538  loss: 2.9384  loss_text: 0.6019  loss_center: 1.0050  loss_reg_x: 0.7758  loss_reg_y: 0.5558
2026/01/03 10:58:59 - mmengine - INFO - Epoch(train)  [77][255/474]  lr: 5.4771e-04  eta: 8:40:11  time: 2.7425  data_time: 0.0030  memory: 19885  grad_norm: 21.1516  loss: 2.7966  loss_text: 0.6085  loss_center: 0.9253  loss_reg_x: 0.7452  loss_reg_y: 0.5177
2026/01/03 10:59:13 - mmengine - INFO - Epoch(train)  [77][260/474]  lr: 5.4771e-04  eta: 8:39:46  time: 2.7176  data_time: 0.0030  memory: 19885  grad_norm: 25.4125  loss: 2.9258  loss_text: 0.7107  loss_center: 0.9153  loss_reg_x: 0.7758  loss_reg_y: 0.5240
2026/01/03 10:59:26 - mmengine - INFO - Epoch(train)  [77][265/474]  lr: 5.4771e-04  eta: 8:38:55  time: 2.6928  data_time: 0.0037  memory: 19885  grad_norm: 24.4348  loss: 2.9364  loss_text: 0.6849  loss_center: 0.9243  loss_reg_x: 0.7687  loss_reg_y: 0.5586
2026/01/03 10:59:39 - mmengine - INFO - Epoch(train)  [77][270/474]  lr: 5.4771e-04  eta: 8:37:50  time: 2.5914  data_time: 0.0039  memory: 19885  grad_norm: 19.8598  loss: 2.7310  loss_text: 0.5864  loss_center: 0.9104  loss_reg_x: 0.6959  loss_reg_y: 0.5383
2026/01/03 10:59:53 - mmengine - INFO - Epoch(train)  [77][275/474]  lr: 5.4771e-04  eta: 8:37:45  time: 2.6968  data_time: 0.0034  memory: 19885  grad_norm: 20.9199  loss: 2.8233  loss_text: 0.6256  loss_center: 0.9343  loss_reg_x: 0.6976  loss_reg_y: 0.5658
2026/01/03 11:00:07 - mmengine - INFO - Epoch(train)  [77][280/474]  lr: 5.4771e-04  eta: 8:37:16  time: 2.7829  data_time: 0.0031  memory: 19885  grad_norm: 26.6045  loss: 2.8495  loss_text: 0.6230  loss_center: 0.9540  loss_reg_x: 0.7314  loss_reg_y: 0.5411
2026/01/03 11:00:21 - mmengine - INFO - Epoch(train)  [77][285/474]  lr: 5.4771e-04  eta: 8:36:49  time: 2.7284  data_time: 0.0033  memory: 19885  grad_norm: 26.8459  loss: 2.7173  loss_text: 0.5758  loss_center: 0.9326  loss_reg_x: 0.6845  loss_reg_y: 0.5245
2026/01/03 11:00:34 - mmengine - INFO - Epoch(train)  [77][290/474]  lr: 5.4771e-04  eta: 8:36:32  time: 2.7561  data_time: 0.0044  memory: 19885  grad_norm: 22.8216  loss: 2.6403  loss_text: 0.5562  loss_center: 0.9039  loss_reg_x: 0.6540  loss_reg_y: 0.5262
2026/01/03 11:00:48 - mmengine - INFO - Epoch(train)  [77][295/474]  lr: 5.4771e-04  eta: 8:36:05  time: 2.7512  data_time: 0.0040  memory: 19885  grad_norm: 23.9933  loss: 2.7043  loss_text: 0.5633  loss_center: 0.9025  loss_reg_x: 0.7474  loss_reg_y: 0.4911
2026/01/03 11:01:02 - mmengine - INFO - Epoch(train)  [77][300/474]  lr: 5.4771e-04  eta: 8:35:42  time: 2.7354  data_time: 0.0025  memory: 19885  grad_norm: 22.1648  loss: 2.8842  loss_text: 0.6266  loss_center: 0.9353  loss_reg_x: 0.7760  loss_reg_y: 0.5463
2026/01/03 11:01:16 - mmengine - INFO - Epoch(train)  [77][305/474]  lr: 5.4771e-04  eta: 8:35:49  time: 2.8290  data_time: 0.0027  memory: 19885  grad_norm: 24.3264  loss: 2.9829  loss_text: 0.6904  loss_center: 0.9916  loss_reg_x: 0.7646  loss_reg_y: 0.5362
2026/01/03 11:01:30 - mmengine - INFO - Epoch(train)  [77][310/474]  lr: 5.4771e-04  eta: 8:35:19  time: 2.8082  data_time: 0.0030  memory: 19885  grad_norm: 25.0098  loss: 2.7473  loss_text: 0.6093  loss_center: 0.9462  loss_reg_x: 0.6965  loss_reg_y: 0.4953
2026/01/03 11:01:44 - mmengine - INFO - Epoch(train)  [77][315/474]  lr: 5.4771e-04  eta: 8:34:55  time: 2.7213  data_time: 0.0028  memory: 19885  grad_norm: 20.5799  loss: 2.5834  loss_text: 0.5550  loss_center: 0.8628  loss_reg_x: 0.6656  loss_reg_y: 0.5000
2026/01/03 11:01:58 - mmengine - INFO - Epoch(train)  [77][320/474]  lr: 5.4771e-04  eta: 8:35:03  time: 2.8280  data_time: 0.0028  memory: 19885  grad_norm: 19.0564  loss: 2.6088  loss_text: 0.5836  loss_center: 0.8699  loss_reg_x: 0.6899  loss_reg_y: 0.4654
2026/01/03 11:02:12 - mmengine - INFO - Epoch(train)  [77][325/474]  lr: 5.4771e-04  eta: 8:34:29  time: 2.7989  data_time: 0.0027  memory: 19885  grad_norm: 19.5314  loss: 2.7668  loss_text: 0.6157  loss_center: 0.9360  loss_reg_x: 0.7091  loss_reg_y: 0.5060
2026/01/03 11:02:25 - mmengine - INFO - Epoch(train)  [77][330/474]  lr: 5.4771e-04  eta: 8:34:11  time: 2.7239  data_time: 0.0025  memory: 19885  grad_norm: 23.5930  loss: 2.9549  loss_text: 0.6464  loss_center: 0.9848  loss_reg_x: 0.7624  loss_reg_y: 0.5613
2026/01/03 11:02:40 - mmengine - INFO - Epoch(train)  [77][335/474]  lr: 5.4771e-04  eta: 8:34:30  time: 2.8799  data_time: 0.0028  memory: 19885  grad_norm: 24.0251  loss: 2.8571  loss_text: 0.6135  loss_center: 0.9281  loss_reg_x: 0.7563  loss_reg_y: 0.5592
2026/01/03 11:02:54 - mmengine - INFO - Epoch(train)  [77][340/474]  lr: 5.4771e-04  eta: 8:34:18  time: 2.8988  data_time: 0.0029  memory: 19885  grad_norm: 21.7521  loss: 2.8136  loss_text: 0.6147  loss_center: 0.9100  loss_reg_x: 0.7669  loss_reg_y: 0.5219
2026/01/03 11:03:08 - mmengine - INFO - Epoch(train)  [77][345/474]  lr: 5.4771e-04  eta: 8:33:42  time: 2.7343  data_time: 0.0025  memory: 19885  grad_norm: 25.6028  loss: 3.0156  loss_text: 0.6460  loss_center: 0.9907  loss_reg_x: 0.8136  loss_reg_y: 0.5653
2026/01/03 11:03:22 - mmengine - INFO - Epoch(train)  [77][350/474]  lr: 5.4771e-04  eta: 8:33:23  time: 2.7116  data_time: 0.0028  memory: 19885  grad_norm: 25.4152  loss: 2.9665  loss_text: 0.6371  loss_center: 1.0005  loss_reg_x: 0.7430  loss_reg_y: 0.5858
2026/01/03 11:03:35 - mmengine - INFO - Epoch(train)  [77][355/474]  lr: 5.4771e-04  eta: 8:32:45  time: 2.7021  data_time: 0.0028  memory: 19885  grad_norm: 23.5365  loss: 2.8349  loss_text: 0.6095  loss_center: 0.9595  loss_reg_x: 0.6948  loss_reg_y: 0.5710
2026/01/03 11:03:49 - mmengine - INFO - Epoch(train)  [77][360/474]  lr: 5.4771e-04  eta: 8:32:28  time: 2.7045  data_time: 0.0027  memory: 19885  grad_norm: 26.4697  loss: 2.9506  loss_text: 0.6191  loss_center: 0.9812  loss_reg_x: 0.7208  loss_reg_y: 0.6295
2026/01/03 11:04:03 - mmengine - INFO - Epoch(train)  [77][365/474]  lr: 5.4771e-04  eta: 8:32:30  time: 2.8334  data_time: 0.0028  memory: 19885  grad_norm: 23.5049  loss: 3.0220  loss_text: 0.6557  loss_center: 0.9743  loss_reg_x: 0.7947  loss_reg_y: 0.5974
2026/01/03 11:04:17 - mmengine - INFO - Epoch(train)  [77][370/474]  lr: 5.4771e-04  eta: 8:32:15  time: 2.8417  data_time: 0.0030  memory: 19885  grad_norm: 22.0828  loss: 2.7507  loss_text: 0.6129  loss_center: 0.9386  loss_reg_x: 0.7007  loss_reg_y: 0.4985
2026/01/03 11:04:31 - mmengine - INFO - Epoch(train)  [77][375/474]  lr: 5.4771e-04  eta: 8:31:59  time: 2.7818  data_time: 0.0029  memory: 19885  grad_norm: 25.1676  loss: 2.6061  loss_text: 0.5739  loss_center: 0.9085  loss_reg_x: 0.6245  loss_reg_y: 0.4992
2026/01/03 11:04:45 - mmengine - INFO - Epoch(train)  [77][380/474]  lr: 5.4771e-04  eta: 8:31:47  time: 2.7926  data_time: 0.0029  memory: 19885  grad_norm: 24.1674  loss: 2.8397  loss_text: 0.6094  loss_center: 0.9676  loss_reg_x: 0.7232  loss_reg_y: 0.5394
2026/01/03 11:04:59 - mmengine - INFO - Epoch(train)  [77][385/474]  lr: 5.4771e-04  eta: 8:31:24  time: 2.7657  data_time: 0.0031  memory: 19885  grad_norm: 23.2473  loss: 2.9913  loss_text: 0.6352  loss_center: 1.0366  loss_reg_x: 0.7571  loss_reg_y: 0.5624
2026/01/03 11:05:13 - mmengine - INFO - Epoch(train)  [77][390/474]  lr: 5.4771e-04  eta: 8:31:17  time: 2.7856  data_time: 0.0029  memory: 19885  grad_norm: 24.1742  loss: 2.9627  loss_text: 0.6342  loss_center: 0.9792  loss_reg_x: 0.7553  loss_reg_y: 0.5940
2026/01/03 11:05:27 - mmengine - INFO - Epoch(train)  [77][395/474]  lr: 5.4771e-04  eta: 8:30:58  time: 2.8013  data_time: 0.0027  memory: 19885  grad_norm: 21.6736  loss: 2.8072  loss_text: 0.6033  loss_center: 0.9230  loss_reg_x: 0.7410  loss_reg_y: 0.5399
2026/01/03 11:05:40 - mmengine - INFO - Epoch(train)  [77][400/474]  lr: 5.4771e-04  eta: 8:30:36  time: 2.7445  data_time: 0.0026  memory: 19885  grad_norm: 24.3599  loss: 2.8249  loss_text: 0.5786  loss_center: 0.9153  loss_reg_x: 0.7961  loss_reg_y: 0.5349
2026/01/03 11:05:55 - mmengine - INFO - Epoch(train)  [77][405/474]  lr: 5.4771e-04  eta: 8:30:33  time: 2.8014  data_time: 0.0030  memory: 19885  grad_norm: 25.9541  loss: 2.7948  loss_text: 0.5890  loss_center: 0.9098  loss_reg_x: 0.7445  loss_reg_y: 0.5515
2026/01/03 11:06:07 - mmengine - INFO - Epoch(train)  [77][410/474]  lr: 5.4771e-04  eta: 8:29:51  time: 2.7281  data_time: 0.0030  memory: 19885  grad_norm: 22.8312  loss: 2.7788  loss_text: 0.6062  loss_center: 0.9114  loss_reg_x: 0.7129  loss_reg_y: 0.5483
2026/01/03 11:06:21 - mmengine - INFO - Epoch(train)  [77][415/474]  lr: 5.4771e-04  eta: 8:29:37  time: 2.6859  data_time: 0.0029  memory: 19885  grad_norm: 20.3775  loss: 2.7696  loss_text: 0.5982  loss_center: 0.9300  loss_reg_x: 0.7099  loss_reg_y: 0.5316
2026/01/03 11:06:35 - mmengine - INFO - Epoch(train)  [77][420/474]  lr: 5.4771e-04  eta: 8:29:24  time: 2.7921  data_time: 0.0030  memory: 19885  grad_norm: 19.1307  loss: 2.7151  loss_text: 0.5696  loss_center: 0.9618  loss_reg_x: 0.6448  loss_reg_y: 0.5389
2026/01/03 11:06:49 - mmengine - INFO - Epoch(train)  [77][425/474]  lr: 5.4771e-04  eta: 8:29:00  time: 2.7557  data_time: 0.0031  memory: 19885  grad_norm: 21.7640  loss: 2.8261  loss_text: 0.5847  loss_center: 0.9649  loss_reg_x: 0.7096  loss_reg_y: 0.5669
2026/01/03 11:07:02 - mmengine - INFO - Epoch(train)  [77][430/474]  lr: 5.4771e-04  eta: 8:28:24  time: 2.6627  data_time: 0.0030  memory: 19885  grad_norm: 23.2161  loss: 2.7090  loss_text: 0.5762  loss_center: 0.9232  loss_reg_x: 0.7072  loss_reg_y: 0.5024
2026/01/03 11:07:15 - mmengine - INFO - Epoch(train)  [77][435/474]  lr: 5.4771e-04  eta: 8:27:50  time: 2.6190  data_time: 0.0027  memory: 19885  grad_norm: 22.1923  loss: 2.5359  loss_text: 0.5552  loss_center: 0.8662  loss_reg_x: 0.6114  loss_reg_y: 0.5031
2026/01/03 11:07:29 - mmengine - INFO - Epoch(train)  [77][440/474]  lr: 5.4771e-04  eta: 8:27:43  time: 2.7362  data_time: 0.0026  memory: 19885  grad_norm: 21.3202  loss: 2.6205  loss_text: 0.5898  loss_center: 0.9008  loss_reg_x: 0.6322  loss_reg_y: 0.4976
2026/01/03 11:07:42 - mmengine - INFO - Epoch(train)  [77][445/474]  lr: 5.4771e-04  eta: 8:27:08  time: 2.7287  data_time: 0.0027  memory: 19885  grad_norm: 23.7056  loss: 2.8223  loss_text: 0.6226  loss_center: 0.9717  loss_reg_x: 0.7424  loss_reg_y: 0.4856
2026/01/03 11:07:56 - mmengine - INFO - Epoch(train)  [77][450/474]  lr: 5.4771e-04  eta: 8:26:53  time: 2.6940  data_time: 0.0026  memory: 19885  grad_norm: 25.4612  loss: 2.8591  loss_text: 0.6399  loss_center: 0.9223  loss_reg_x: 0.7869  loss_reg_y: 0.5100
2026/01/03 11:08:13 - mmengine - INFO - Epoch(train)  [77][455/474]  lr: 5.4771e-04  eta: 8:27:35  time: 3.0128  data_time: 0.0027  memory: 19885  grad_norm: 22.7907  loss: 2.7863  loss_text: 0.6113  loss_center: 0.8729  loss_reg_x: 0.7686  loss_reg_y: 0.5336
2026/01/03 11:08:26 - mmengine - INFO - Epoch(train)  [77][460/474]  lr: 5.4771e-04  eta: 8:27:12  time: 2.9787  data_time: 0.0027  memory: 19885  grad_norm: 22.9465  loss: 2.7379  loss_text: 0.5746  loss_center: 0.9004  loss_reg_x: 0.7425  loss_reg_y: 0.5203
2026/01/03 11:08:39 - mmengine - INFO - Epoch(train)  [77][465/474]  lr: 5.4771e-04  eta: 8:26:26  time: 2.6141  data_time: 0.0025  memory: 19885  grad_norm: 21.9519  loss: 2.5889  loss_text: 0.5521  loss_center: 0.9262  loss_reg_x: 0.6606  loss_reg_y: 0.4500
2026/01/03 11:08:54 - mmengine - INFO - Epoch(train)  [77][470/474]  lr: 5.4771e-04  eta: 8:26:43  time: 2.7850  data_time: 0.0027  memory: 19885  grad_norm: 23.0487  loss: 2.7682  loss_text: 0.5642  loss_center: 0.9605  loss_reg_x: 0.7352  loss_reg_y: 0.5084
2026/01/03 11:09:04 - mmengine - INFO - Exp name: fcenet_r50dcnv2_fpn_1500e_art_rctw_rects_finetune_20260103_104648
2026/01/03 11:09:22 - mmengine - INFO - Epoch(train)  [78][  5/474]  lr: 5.2623e-04  eta: 8:27:20  time: 3.0823  data_time: 0.3246  memory: 19887  grad_norm: 24.7995  loss: 2.5536  loss_text: 0.5489  loss_center: 0.8585  loss_reg_x: 0.6577  loss_reg_y: 0.4885
2026/01/03 11:09:35 - mmengine - INFO - Epoch(train)  [78][ 10/474]  lr: 5.2623e-04  eta: 8:26:50  time: 3.1480  data_time: 0.3246  memory: 19885  grad_norm: 26.7163  loss: 2.8363  loss_text: 0.5793  loss_center: 0.8789  loss_reg_x: 0.7920  loss_reg_y: 0.5861
2026/01/03 11:09:49 - mmengine - INFO - Epoch(train)  [78][ 15/474]  lr: 5.2623e-04  eta: 8:26:27  time: 2.6798  data_time: 0.0026  memory: 19885  grad_norm: 23.1820  loss: 3.0827  loss_text: 0.5906  loss_center: 0.9430  loss_reg_x: 0.8777  loss_reg_y: 0.6714
2026/01/03 11:10:02 - mmengine - INFO - Epoch(train)  [78][ 20/474]  lr: 5.2623e-04  eta: 8:26:09  time: 2.7331  data_time: 0.0027  memory: 19885  grad_norm: 21.4668  loss: 2.9885  loss_text: 0.5863  loss_center: 0.9704  loss_reg_x: 0.7932  loss_reg_y: 0.6386
2026/01/03 11:10:16 - mmengine - INFO - Epoch(train)  [78][ 25/474]  lr: 5.2623e-04  eta: 8:25:49  time: 2.7470  data_time: 0.0029  memory: 19885  grad_norm: 24.9769  loss: 2.6242  loss_text: 0.5782  loss_center: 0.9059  loss_reg_x: 0.6270  loss_reg_y: 0.5132
2026/01/03 11:10:29 - mmengine - INFO - Epoch(train)  [78][ 30/474]  lr: 5.2623e-04  eta: 8:25:21  time: 2.6939  data_time: 0.0029  memory: 19885  grad_norm: 25.0198  loss: 2.9696  loss_text: 0.6984  loss_center: 0.9883  loss_reg_x: 0.7200  loss_reg_y: 0.5629
2026/01/03 11:10:43 - mmengine - INFO - Epoch(train)  [78][ 35/474]  lr: 5.2623e-04  eta: 8:25:00  time: 2.6896  data_time: 0.0026  memory: 19885  grad_norm: 22.8985  loss: 3.1655  loss_text: 0.7100  loss_center: 0.9971  loss_reg_x: 0.8640  loss_reg_y: 0.5944
2026/01/03 11:10:57 - mmengine - INFO - Epoch(train)  [78][ 40/474]  lr: 5.2623e-04  eta: 8:24:52  time: 2.7874  data_time: 0.0025  memory: 19885  grad_norm: 21.7793  loss: 2.8822  loss_text: 0.6013  loss_center: 0.9394  loss_reg_x: 0.8061  loss_reg_y: 0.5354
2026/01/03 11:11:11 - mmengine - INFO - Epoch(train)  [78][ 45/474]  lr: 5.2623e-04  eta: 8:24:41  time: 2.8345  data_time: 0.0027  memory: 19885  grad_norm: 20.8559  loss: 2.8392  loss_text: 0.6263  loss_center: 0.9900  loss_reg_x: 0.7303  loss_reg_y: 0.4927
2026/01/03 11:11:25 - mmengine - INFO - Epoch(train)  [78][ 50/474]  lr: 5.2623e-04  eta: 8:24:12  time: 2.7296  data_time: 0.0030  memory: 19885  grad_norm: 20.6626  loss: 2.9153  loss_text: 0.6586  loss_center: 0.9702  loss_reg_x: 0.7467  loss_reg_y: 0.5398
2026/01/03 11:11:39 - mmengine - INFO - Epoch(train)  [78][ 55/474]  lr: 5.2623e-04  eta: 8:24:08  time: 2.7609  data_time: 0.0028  memory: 19885  grad_norm: 20.3081  loss: 2.7876  loss_text: 0.6035  loss_center: 0.9342  loss_reg_x: 0.7202  loss_reg_y: 0.5297
2026/01/03 11:11:53 - mmengine - INFO - Epoch(train)  [78][ 60/474]  lr: 5.2623e-04  eta: 8:23:56  time: 2.8464  data_time: 0.0028  memory: 19885  grad_norm: 22.9049  loss: 2.6437  loss_text: 0.5633  loss_center: 0.9258  loss_reg_x: 0.6719  loss_reg_y: 0.4826
2026/01/03 11:12:06 - mmengine - INFO - Epoch(train)  [78][ 65/474]  lr: 5.2623e-04  eta: 8:23:29  time: 2.7346  data_time: 0.0030  memory: 19885  grad_norm: 26.7969  loss: 2.7143  loss_text: 0.5861  loss_center: 0.9336  loss_reg_x: 0.6967  loss_reg_y: 0.4979
2026/01/03 11:12:20 - mmengine - INFO - Epoch(train)  [78][ 70/474]  lr: 5.2623e-04  eta: 8:23:10  time: 2.6952  data_time: 0.0030  memory: 19885  grad_norm: 27.1147  loss: 2.8531  loss_text: 0.6155  loss_center: 0.9711  loss_reg_x: 0.7750  loss_reg_y: 0.4915
2026/01/03 11:12:35 - mmengine - INFO - Epoch(train)  [78][ 75/474]  lr: 5.2623e-04  eta: 8:23:11  time: 2.8363  data_time: 0.0030  memory: 19885  grad_norm: 24.3443  loss: 3.0121  loss_text: 0.6561  loss_center: 0.9772  loss_reg_x: 0.8440  loss_reg_y: 0.5349
2026/01/03 11:12:49 - mmengine - INFO - Epoch(train)  [78][ 80/474]  lr: 5.2623e-04  eta: 8:23:03  time: 2.8974  data_time: 0.0027  memory: 19885  grad_norm: 21.5631  loss: 2.9475  loss_text: 0.6341  loss_center: 0.9626  loss_reg_x: 0.8041  loss_reg_y: 0.5467
2026/01/03 11:13:03 - mmengine - INFO - Epoch(train)  [78][ 85/474]  lr: 5.2623e-04  eta: 8:22:54  time: 2.8447  data_time: 0.0028  memory: 19885  grad_norm: 25.0216  loss: 2.9774  loss_text: 0.6369  loss_center: 0.9799  loss_reg_x: 0.8013  loss_reg_y: 0.5592
2026/01/03 11:13:16 - mmengine - INFO - Epoch(train)  [78][ 90/474]  lr: 5.2623e-04  eta: 8:22:23  time: 2.7260  data_time: 0.0028  memory: 19885  grad_norm: 25.7879  loss: 2.8131  loss_text: 0.6161  loss_center: 0.9346  loss_reg_x: 0.7346  loss_reg_y: 0.5278
2026/01/03 11:13:30 - mmengine - INFO - Epoch(train)  [78][ 95/474]  lr: 5.2623e-04  eta: 8:22:07  time: 2.6917  data_time: 0.0025  memory: 19885  grad_norm: 29.2679  loss: 2.7929  loss_text: 0.6203  loss_center: 0.8976  loss_reg_x: 0.7408  loss_reg_y: 0.5343
