2026/01/05 11:00:55 - mmengine - INFO - 
------------------------------------------------------------
System environment:
    sys.platform: linux
    Python: 3.8.20 (default, Oct  3 2024, 15:24:27) [GCC 11.2.0]
    CUDA available: True
    MUSA available: False
    numpy_random_seed: 1536659812
    GPU 0,1: NVIDIA GeForce RTX 3090
    CUDA_HOME: /usr/local/cuda
    NVCC: Cuda compilation tools, release 11.1, V11.1.105
    GCC: gcc (Ubuntu 9.4.0-1ubuntu1~20.04.2) 9.4.0
    PyTorch: 1.10.2+cu111
    PyTorch compiling details: PyTorch built with:
  - GCC 7.3
  - C++ Version: 201402
  - Intel(R) Math Kernel Library Version 2020.0.0 Product Build 20191122 for Intel(R) 64 architecture applications
  - Intel(R) MKL-DNN v2.2.3 (Git Hash 7336ca9f055cf1bfa13efb658fe15dc9b41f0740)
  - OpenMP 201511 (a.k.a. OpenMP 4.5)
  - LAPACK is enabled (usually provided by MKL)
  - NNPACK is enabled
  - CPU capability usage: AVX2
  - CUDA Runtime 11.1
  - NVCC architecture flags: -gencode;arch=compute_37,code=sm_37;-gencode;arch=compute_50,code=sm_50;-gencode;arch=compute_60,code=sm_60;-gencode;arch=compute_70,code=sm_70;-gencode;arch=compute_75,code=sm_75;-gencode;arch=compute_80,code=sm_80;-gencode;arch=compute_86,code=sm_86
  - CuDNN 8.0.5
  - Magma 2.5.2
  - Build settings: BLAS_INFO=mkl, BUILD_TYPE=Release, CUDA_VERSION=11.1, CUDNN_VERSION=8.0.5, CXX_COMPILER=/opt/rh/devtoolset-7/root/usr/bin/c++, CXX_FLAGS= -Wno-deprecated -fvisibility-inlines-hidden -DUSE_PTHREADPOOL -fopenmp -DNDEBUG -DUSE_KINETO -DUSE_FBGEMM -DUSE_QNNPACK -DUSE_PYTORCH_QNNPACK -DUSE_XNNPACK -DSYMBOLICATE_MOBILE_DEBUG_HANDLE -DEDGE_PROFILER_USE_KINETO -O2 -fPIC -Wno-narrowing -Wall -Wextra -Werror=return-type -Wno-missing-field-initializers -Wno-type-limits -Wno-array-bounds -Wno-unknown-pragmas -Wno-sign-compare -Wno-unused-parameter -Wno-unused-variable -Wno-unused-function -Wno-unused-result -Wno-unused-local-typedefs -Wno-strict-overflow -Wno-strict-aliasing -Wno-error=deprecated-declarations -Wno-stringop-overflow -Wno-psabi -Wno-error=pedantic -Wno-error=redundant-decls -Wno-error=old-style-cast -fdiagnostics-color=always -faligned-new -Wno-unused-but-set-variable -Wno-maybe-uninitialized -fno-math-errno -fno-trapping-math -Werror=format -Wno-stringop-overflow, LAPACK_INFO=mkl, PERF_WITH_AVX=1, PERF_WITH_AVX2=1, PERF_WITH_AVX512=1, TORCH_VERSION=1.10.2, USE_CUDA=ON, USE_CUDNN=ON, USE_EXCEPTION_PTR=1, USE_GFLAGS=OFF, USE_GLOG=OFF, USE_MKL=ON, USE_MKLDNN=ON, USE_MPI=OFF, USE_NCCL=ON, USE_NNPACK=ON, USE_OPENMP=ON, 

    TorchVision: 0.11.3+cu111
    OpenCV: 4.12.0
    MMEngine: 0.10.7

Runtime environment:
    cudnn_benchmark: True
    mp_cfg: {'mp_start_method': 'fork', 'opencv_num_threads': 0}
    dist_cfg: {'backend': 'nccl'}
    seed: 1536659812
    Distributed launcher: pytorch
    Distributed training: True
    GPU number: 2
------------------------------------------------------------

2026/01/05 11:00:56 - mmengine - INFO - Config:
auto_scale_lr = dict(base_batch_size=32, enable=True)
custom_hooks = [
    dict(
        min_delta=0.001,
        monitor='icdar/hmean',
        patience=12,
        rule='greater',
        type='EarlyStoppingHook'),
]
default_hooks = dict(
    checkpoint=dict(
        interval=2,
        max_keep_ckpts=3,
        rule='greater',
        save_best='icdar/hmean',
        type='CheckpointHook'),
    logger=dict(interval=5, type='LoggerHook'),
    param_scheduler=dict(type='ParamSchedulerHook'),
    sampler_seed=dict(type='DistSamplerSeedHook'),
    sync_buffer=dict(type='SyncBuffersHook'),
    timer=dict(type='IterTimerHook'),
    visualization=dict(
        draw_gt=False,
        draw_pred=False,
        enable=False,
        interval=1,
        show=False,
        type='VisualizationHook'))
default_scope = 'mmocr'
env_cfg = dict(
    cudnn_benchmark=True,
    dist_cfg=dict(backend='nccl'),
    mp_cfg=dict(mp_start_method='fork', opencv_num_threads=0))
launcher = 'pytorch'
load_from = None
log_level = 'INFO'
log_processor = dict(by_epoch=True, type='LogProcessor', window_size=10)
max_epochs = 100
model = dict(
    backbone=dict(
        dcn=dict(deform_groups=2, fallback_on_stride=False, type='DCNv2'),
        depth=50,
        frozen_stages=-1,
        init_cfg=dict(checkpoint='torchvision://resnet50', type='Pretrained'),
        norm_cfg=dict(requires_grad=True, type='BN'),
        norm_eval=True,
        num_stages=4,
        out_indices=(
            1,
            2,
            3,
        ),
        stage_with_dcn=(
            False,
            True,
            True,
            True,
        ),
        style='pytorch',
        type='mmdet.ResNet'),
    data_preprocessor=dict(
        bgr_to_rgb=True,
        mean=[
            123.675,
            116.28,
            103.53,
        ],
        pad_size_divisor=32,
        std=[
            58.395,
            57.12,
            57.375,
        ],
        type='TextDetDataPreprocessor'),
    det_head=dict(
        fourier_degree=5,
        in_channels=256,
        module_loss=dict(
            level_proportion_range=(
                (
                    0,
                    0.25,
                ),
                (
                    0.2,
                    0.65,
                ),
                (
                    0.55,
                    1.0,
                ),
            ),
            num_sample=50,
            type='FCEModuleLoss'),
        postprocessor=dict(
            alpha=1.0,
            beta=2.0,
            num_reconstr_points=50,
            scales=(
                8,
                16,
                32,
            ),
            score_thr=0.3,
            text_repr_type='poly',
            type='FCEPostprocessor'),
        type='FCEHead'),
    neck=dict(
        act_cfg=None,
        add_extra_convs='on_output',
        in_channels=[
            512,
            1024,
            2048,
        ],
        num_outs=3,
        out_channels=256,
        relu_before_extra_convs=True,
        type='mmdet.FPN'),
    type='FCENet')
optim_wrapper = dict(
    clip_grad=dict(max_norm=5, norm_type=2),
    loss_scale='dynamic',
    optimizer=dict(lr=0.001, momentum=0.9, type='SGD', weight_decay=0.0005),
    type='AmpOptimWrapper')
param_scheduler = [
    dict(begin=0, by_epoch=True, end=2, start_factor=0.1, type='LinearLR'),
    dict(
        begin=2,
        by_epoch=True,
        end=100,
        eta_min=1e-07,
        power=0.9,
        type='PolyLR'),
]
randomness = dict(seed=None)
resume = True
test_cfg = dict(type='TestLoop')
test_dataloader = dict(
    batch_size=1,
    dataset=dict(
        datasets=[
            dict(
                ann_file='instances_val.json',
                data_root='data/art_mmocr',
                pipeline=None,
                test_mode=True,
                type='OCRDataset'),
            dict(
                ann_file='instances_val.json',
                data_root='data/rctw17_mmocr',
                pipeline=None,
                test_mode=True,
                type='OCRDataset'),
            dict(
                ann_file='instances_val.json',
                data_root='data/rects_mmocr',
                pipeline=None,
                test_mode=True,
                type='OCRDataset'),
        ],
        pipeline=[
            dict(
                color_type='color_ignore_orientation',
                type='LoadImageFromFile'),
            dict(keep_ratio=True, scale=(
                2260,
                2260,
            ), type='Resize'),
            dict(
                type='LoadOCRAnnotations',
                with_bbox=True,
                with_label=True,
                with_polygon=True),
            dict(fix_from_bbox=False, type='FixInvalidPolygon'),
            dict(
                meta_keys=(
                    'img_path',
                    'ori_shape',
                    'img_shape',
                    'scale_factor',
                ),
                type='PackTextDetInputs'),
        ],
        type='ConcatDataset'),
    num_workers=2,
    persistent_workers=True,
    pin_memory=True,
    sampler=dict(shuffle=False, type='DefaultSampler'))
test_evaluator = dict(
    dataset_prefixes=dict(
        art='data/art_mmocr',
        rctw='data/rctw17_mmocr',
        rects='data/rects_mmocr'),
    type='MultiDatasetHmeanIOUMetric')
test_list = [
    dict(
        ann_file='instances_val.json',
        data_root='data/art_mmocr',
        pipeline=None,
        test_mode=True,
        type='OCRDataset'),
    dict(
        ann_file='instances_val.json',
        data_root='data/rctw17_mmocr',
        pipeline=None,
        test_mode=True,
        type='OCRDataset'),
    dict(
        ann_file='instances_val.json',
        data_root='data/rects_mmocr',
        pipeline=None,
        test_mode=True,
        type='OCRDataset'),
]
test_pipeline = [
    dict(color_type='color_ignore_orientation', type='LoadImageFromFile'),
    dict(keep_ratio=True, scale=(
        2260,
        2260,
    ), type='Resize'),
    dict(
        type='LoadOCRAnnotations',
        with_bbox=True,
        with_label=True,
        with_polygon=True),
    dict(fix_from_bbox=False, type='FixInvalidPolygon'),
    dict(
        meta_keys=(
            'img_path',
            'ori_shape',
            'img_shape',
            'scale_factor',
        ),
        type='PackTextDetInputs'),
]
textdet_art_data_root = 'data/art_mmocr'
textdet_art_rctw_rects_data_root = 'data/textdet_finetune_art_rctw_rects'
textdet_art_rctw_rects_test = dict(
    ann_file='instances_val.json',
    data_root='data/textdet_finetune_art_rctw_rects',
    pipeline=None,
    test_mode=True,
    type='OCRDataset')
textdet_art_rctw_rects_train = dict(
    ann_file='instances_train.json',
    data_root='data/textdet_finetune_art_rctw_rects',
    filter_cfg=dict(filter_empty_gt=True, min_size=32),
    pipeline=None,
    type='OCRDataset')
textdet_art_test = dict(
    ann_file='instances_val.json',
    data_root='data/art_mmocr',
    pipeline=None,
    test_mode=True,
    type='OCRDataset')
textdet_art_train = dict(
    ann_file='instances_train.json',
    data_root='data/art_mmocr',
    filter_cfg=dict(filter_empty_gt=True, min_size=32),
    pipeline=None,
    type='OCRDataset')
textdet_rctw_data_root = 'data/rctw17_mmocr'
textdet_rctw_test = dict(
    ann_file='instances_val.json',
    data_root='data/rctw17_mmocr',
    pipeline=None,
    test_mode=True,
    type='OCRDataset')
textdet_rctw_train = dict(
    ann_file='instances_train.json',
    data_root='data/rctw17_mmocr',
    filter_cfg=dict(filter_empty_gt=True, min_size=32),
    pipeline=None,
    type='OCRDataset')
textdet_rects_data_root = 'data/rects_mmocr'
textdet_rects_test = dict(
    ann_file='instances_val.json',
    data_root='data/rects_mmocr',
    pipeline=None,
    test_mode=True,
    type='OCRDataset')
textdet_rects_train = dict(
    ann_file='instances_train.json',
    data_root='data/rects_mmocr',
    filter_cfg=dict(filter_empty_gt=True, min_size=32),
    pipeline=None,
    type='OCRDataset')
train_cfg = dict(max_epochs=100, type='EpochBasedTrainLoop', val_interval=2)
train_dataloader = dict(
    batch_size=32,
    dataset=dict(
        datasets=[
            dict(
                ann_file='instances_train.json',
                data_root='data/art_mmocr',
                filter_cfg=dict(filter_empty_gt=True, min_size=32),
                pipeline=None,
                type='OCRDataset'),
            dict(
                ann_file='instances_train.json',
                data_root='data/rctw17_mmocr',
                filter_cfg=dict(filter_empty_gt=True, min_size=32),
                pipeline=None,
                type='OCRDataset'),
            dict(
                ann_file='instances_train.json',
                data_root='data/rects_mmocr',
                filter_cfg=dict(filter_empty_gt=True, min_size=32),
                pipeline=None,
                type='OCRDataset'),
        ],
        pipeline=[
            dict(
                color_type='color_ignore_orientation',
                type='LoadImageFromFile'),
            dict(
                type='LoadOCRAnnotations',
                with_bbox=True,
                with_label=True,
                with_polygon=True),
            dict(fix_from_bbox=False, type='FixInvalidPolygon'),
            dict(
                keep_ratio=True,
                ratio_range=(
                    0.75,
                    2.5,
                ),
                scale=(
                    800,
                    800,
                ),
                type='RandomResize'),
            dict(
                crop_ratio=0.5,
                iter_num=1,
                min_area_ratio=0.2,
                type='TextDetRandomCropFlip'),
            dict(
                prob=0.8,
                transforms=[
                    dict(min_side_ratio=0.3, type='RandomCrop'),
                ],
                type='RandomApply'),
            dict(
                prob=0.5,
                transforms=[
                    dict(
                        max_angle=30,
                        pad_with_fixed_color=False,
                        type='RandomRotate',
                        use_canvas=True),
                ],
                type='RandomApply'),
            dict(
                prob=[
                    0.6,
                    0.4,
                ],
                transforms=[
                    [
                        dict(keep_ratio=True, scale=800, type='Resize'),
                        dict(target_scale=800, type='SourceImagePad'),
                    ],
                    dict(keep_ratio=False, scale=800, type='Resize'),
                ],
                type='RandomChoice'),
            dict(direction='horizontal', prob=0.5, type='RandomFlip'),
            dict(
                brightness=0.12549019607843137,
                contrast=0.5,
                op='ColorJitter',
                saturation=0.5,
                type='TorchVisionWrapper'),
            dict(
                meta_keys=(
                    'img_path',
                    'ori_shape',
                    'img_shape',
                    'scale_factor',
                ),
                type='PackTextDetInputs'),
        ],
        type='ConcatDataset'),
    num_workers=6,
    persistent_workers=True,
    pin_memory=True,
    sampler=dict(shuffle=True, type='DefaultSampler'))
train_list = [
    dict(
        ann_file='instances_train.json',
        data_root='data/art_mmocr',
        filter_cfg=dict(filter_empty_gt=True, min_size=32),
        pipeline=None,
        type='OCRDataset'),
    dict(
        ann_file='instances_train.json',
        data_root='data/rctw17_mmocr',
        filter_cfg=dict(filter_empty_gt=True, min_size=32),
        pipeline=None,
        type='OCRDataset'),
    dict(
        ann_file='instances_train.json',
        data_root='data/rects_mmocr',
        filter_cfg=dict(filter_empty_gt=True, min_size=32),
        pipeline=None,
        type='OCRDataset'),
]
train_pipeline = [
    dict(color_type='color_ignore_orientation', type='LoadImageFromFile'),
    dict(
        type='LoadOCRAnnotations',
        with_bbox=True,
        with_label=True,
        with_polygon=True),
    dict(fix_from_bbox=False, type='FixInvalidPolygon'),
    dict(
        keep_ratio=True,
        ratio_range=(
            0.75,
            2.5,
        ),
        scale=(
            800,
            800,
        ),
        type='RandomResize'),
    dict(
        crop_ratio=0.5,
        iter_num=1,
        min_area_ratio=0.2,
        type='TextDetRandomCropFlip'),
    dict(
        prob=0.8,
        transforms=[
            dict(min_side_ratio=0.3, type='RandomCrop'),
        ],
        type='RandomApply'),
    dict(
        prob=0.5,
        transforms=[
            dict(
                max_angle=30,
                pad_with_fixed_color=False,
                type='RandomRotate',
                use_canvas=True),
        ],
        type='RandomApply'),
    dict(
        prob=[
            0.6,
            0.4,
        ],
        transforms=[
            [
                dict(keep_ratio=True, scale=800, type='Resize'),
                dict(target_scale=800, type='SourceImagePad'),
            ],
            dict(keep_ratio=False, scale=800, type='Resize'),
        ],
        type='RandomChoice'),
    dict(direction='horizontal', prob=0.5, type='RandomFlip'),
    dict(
        brightness=0.12549019607843137,
        contrast=0.5,
        op='ColorJitter',
        saturation=0.5,
        type='TorchVisionWrapper'),
    dict(
        meta_keys=(
            'img_path',
            'ori_shape',
            'img_shape',
            'scale_factor',
        ),
        type='PackTextDetInputs'),
]
val_cfg = dict(type='ValLoop')
val_dataloader = dict(
    batch_size=1,
    dataset=dict(
        datasets=[
            dict(
                ann_file='instances_val.json',
                data_root='data/art_mmocr',
                pipeline=None,
                test_mode=True,
                type='OCRDataset'),
            dict(
                ann_file='instances_val.json',
                data_root='data/rctw17_mmocr',
                pipeline=None,
                test_mode=True,
                type='OCRDataset'),
            dict(
                ann_file='instances_val.json',
                data_root='data/rects_mmocr',
                pipeline=None,
                test_mode=True,
                type='OCRDataset'),
        ],
        pipeline=[
            dict(
                color_type='color_ignore_orientation',
                type='LoadImageFromFile'),
            dict(keep_ratio=True, scale=(
                2260,
                2260,
            ), type='Resize'),
            dict(
                type='LoadOCRAnnotations',
                with_bbox=True,
                with_label=True,
                with_polygon=True),
            dict(fix_from_bbox=False, type='FixInvalidPolygon'),
            dict(
                meta_keys=(
                    'img_path',
                    'ori_shape',
                    'img_shape',
                    'scale_factor',
                ),
                type='PackTextDetInputs'),
        ],
        type='ConcatDataset'),
    num_workers=2,
    persistent_workers=True,
    pin_memory=True,
    sampler=dict(shuffle=False, type='DefaultSampler'))
val_evaluator = dict(
    dataset_prefixes=dict(
        art='data/art_mmocr',
        rctw='data/rctw17_mmocr',
        rects='data/rects_mmocr'),
    type='MultiDatasetHmeanIOUMetric')
vis_backends = [
    dict(type='LocalVisBackend'),
]
visualizer = dict(
    name='visualizer',
    type='TextDetLocalVisualizer',
    vis_backends=[
        dict(type='LocalVisBackend'),
    ])
work_dir = 'work_dirs/fcenet_r50dcnv2_fpn_finetune_art_rctw_rects'

2026/01/05 11:00:57 - mmengine - INFO - Hooks will be executed in the following order:
before_run:
(VERY_HIGH   ) RuntimeInfoHook                    
(BELOW_NORMAL) LoggerHook                         
(LOWEST      ) EarlyStoppingHook                  
 -------------------- 
before_train:
(VERY_HIGH   ) RuntimeInfoHook                    
(NORMAL      ) IterTimerHook                      
(VERY_LOW    ) CheckpointHook                     
 -------------------- 
before_train_epoch:
(VERY_HIGH   ) RuntimeInfoHook                    
(NORMAL      ) IterTimerHook                      
(NORMAL      ) DistSamplerSeedHook                
 -------------------- 
before_train_iter:
(VERY_HIGH   ) RuntimeInfoHook                    
(NORMAL      ) IterTimerHook                      
 -------------------- 
after_train_iter:
(VERY_HIGH   ) RuntimeInfoHook                    
(NORMAL      ) IterTimerHook                      
(BELOW_NORMAL) LoggerHook                         
(LOW         ) ParamSchedulerHook                 
(VERY_LOW    ) CheckpointHook                     
 -------------------- 
after_train_epoch:
(NORMAL      ) IterTimerHook                      
(NORMAL      ) SyncBuffersHook                    
(LOW         ) ParamSchedulerHook                 
(VERY_LOW    ) CheckpointHook                     
 -------------------- 
before_val:
(VERY_HIGH   ) RuntimeInfoHook                    
 -------------------- 
before_val_epoch:
(NORMAL      ) IterTimerHook                      
(NORMAL      ) SyncBuffersHook                    
 -------------------- 
before_val_iter:
(NORMAL      ) IterTimerHook                      
 -------------------- 
after_val_iter:
(NORMAL      ) IterTimerHook                      
(NORMAL      ) VisualizationHook                  
(BELOW_NORMAL) LoggerHook                         
 -------------------- 
after_val_epoch:
(VERY_HIGH   ) RuntimeInfoHook                    
(NORMAL      ) IterTimerHook                      
(BELOW_NORMAL) LoggerHook                         
(LOW         ) ParamSchedulerHook                 
(VERY_LOW    ) CheckpointHook                     
(LOWEST      ) EarlyStoppingHook                  
 -------------------- 
after_val:
(VERY_HIGH   ) RuntimeInfoHook                    
 -------------------- 
after_train:
(VERY_HIGH   ) RuntimeInfoHook                    
(VERY_LOW    ) CheckpointHook                     
 -------------------- 
before_test:
(VERY_HIGH   ) RuntimeInfoHook                    
 -------------------- 
before_test_epoch:
(NORMAL      ) IterTimerHook                      
 -------------------- 
before_test_iter:
(NORMAL      ) IterTimerHook                      
 -------------------- 
after_test_iter:
(NORMAL      ) IterTimerHook                      
(NORMAL      ) VisualizationHook                  
(BELOW_NORMAL) LoggerHook                         
 -------------------- 
after_test_epoch:
(VERY_HIGH   ) RuntimeInfoHook                    
(NORMAL      ) IterTimerHook                      
(BELOW_NORMAL) LoggerHook                         
 -------------------- 
after_test:
(VERY_HIGH   ) RuntimeInfoHook                    
 -------------------- 
after_run:
(BELOW_NORMAL) LoggerHook                         
 -------------------- 
2026/01/05 11:01:01 - mmengine - INFO - LR is set based on batch size of 32 and the current batch size is 64. Scaling the original LR by 2.0.
2026/01/05 11:01:03 - mmengine - INFO - load model from: torchvision://resnet50
2026/01/05 11:01:03 - mmengine - INFO - Loads checkpoint by torchvision backend from path: torchvision://resnet50
2026/01/05 11:01:03 - mmengine - WARNING - The model and loaded state dict do not match exactly

unexpected key in source state_dict: fc.weight, fc.bias

missing keys in source state_dict: layer2.0.conv2.conv_offset.weight, layer2.0.conv2.conv_offset.bias, layer2.1.conv2.conv_offset.weight, layer2.1.conv2.conv_offset.bias, layer2.2.conv2.conv_offset.weight, layer2.2.conv2.conv_offset.bias, layer2.3.conv2.conv_offset.weight, layer2.3.conv2.conv_offset.bias, layer3.0.conv2.conv_offset.weight, layer3.0.conv2.conv_offset.bias, layer3.1.conv2.conv_offset.weight, layer3.1.conv2.conv_offset.bias, layer3.2.conv2.conv_offset.weight, layer3.2.conv2.conv_offset.bias, layer3.3.conv2.conv_offset.weight, layer3.3.conv2.conv_offset.bias, layer3.4.conv2.conv_offset.weight, layer3.4.conv2.conv_offset.bias, layer3.5.conv2.conv_offset.weight, layer3.5.conv2.conv_offset.bias, layer4.0.conv2.conv_offset.weight, layer4.0.conv2.conv_offset.bias, layer4.1.conv2.conv_offset.weight, layer4.1.conv2.conv_offset.bias, layer4.2.conv2.conv_offset.weight, layer4.2.conv2.conv_offset.bias

Name of parameter - Initialization information

backbone.conv1.weight - torch.Size([64, 3, 7, 7]): 
PretrainedInit: load from torchvision://resnet50 

backbone.bn1.weight - torch.Size([64]): 
PretrainedInit: load from torchvision://resnet50 

backbone.bn1.bias - torch.Size([64]): 
PretrainedInit: load from torchvision://resnet50 

backbone.layer1.0.conv1.weight - torch.Size([64, 64, 1, 1]): 
PretrainedInit: load from torchvision://resnet50 

backbone.layer1.0.bn1.weight - torch.Size([64]): 
PretrainedInit: load from torchvision://resnet50 

backbone.layer1.0.bn1.bias - torch.Size([64]): 
PretrainedInit: load from torchvision://resnet50 

backbone.layer1.0.conv2.weight - torch.Size([64, 64, 3, 3]): 
PretrainedInit: load from torchvision://resnet50 

backbone.layer1.0.bn2.weight - torch.Size([64]): 
PretrainedInit: load from torchvision://resnet50 

backbone.layer1.0.bn2.bias - torch.Size([64]): 
PretrainedInit: load from torchvision://resnet50 

backbone.layer1.0.conv3.weight - torch.Size([256, 64, 1, 1]): 
PretrainedInit: load from torchvision://resnet50 

backbone.layer1.0.bn3.weight - torch.Size([256]): 
PretrainedInit: load from torchvision://resnet50 

backbone.layer1.0.bn3.bias - torch.Size([256]): 
PretrainedInit: load from torchvision://resnet50 

backbone.layer1.0.downsample.0.weight - torch.Size([256, 64, 1, 1]): 
PretrainedInit: load from torchvision://resnet50 

backbone.layer1.0.downsample.1.weight - torch.Size([256]): 
PretrainedInit: load from torchvision://resnet50 

backbone.layer1.0.downsample.1.bias - torch.Size([256]): 
PretrainedInit: load from torchvision://resnet50 

backbone.layer1.1.conv1.weight - torch.Size([64, 256, 1, 1]): 
PretrainedInit: load from torchvision://resnet50 

backbone.layer1.1.bn1.weight - torch.Size([64]): 
PretrainedInit: load from torchvision://resnet50 

backbone.layer1.1.bn1.bias - torch.Size([64]): 
PretrainedInit: load from torchvision://resnet50 

backbone.layer1.1.conv2.weight - torch.Size([64, 64, 3, 3]): 
PretrainedInit: load from torchvision://resnet50 

backbone.layer1.1.bn2.weight - torch.Size([64]): 
PretrainedInit: load from torchvision://resnet50 

backbone.layer1.1.bn2.bias - torch.Size([64]): 
PretrainedInit: load from torchvision://resnet50 

backbone.layer1.1.conv3.weight - torch.Size([256, 64, 1, 1]): 
PretrainedInit: load from torchvision://resnet50 

backbone.layer1.1.bn3.weight - torch.Size([256]): 
PretrainedInit: load from torchvision://resnet50 

backbone.layer1.1.bn3.bias - torch.Size([256]): 
PretrainedInit: load from torchvision://resnet50 

backbone.layer1.2.conv1.weight - torch.Size([64, 256, 1, 1]): 
PretrainedInit: load from torchvision://resnet50 

backbone.layer1.2.bn1.weight - torch.Size([64]): 
PretrainedInit: load from torchvision://resnet50 

backbone.layer1.2.bn1.bias - torch.Size([64]): 
PretrainedInit: load from torchvision://resnet50 

backbone.layer1.2.conv2.weight - torch.Size([64, 64, 3, 3]): 
PretrainedInit: load from torchvision://resnet50 

backbone.layer1.2.bn2.weight - torch.Size([64]): 
PretrainedInit: load from torchvision://resnet50 

backbone.layer1.2.bn2.bias - torch.Size([64]): 
PretrainedInit: load from torchvision://resnet50 

backbone.layer1.2.conv3.weight - torch.Size([256, 64, 1, 1]): 
PretrainedInit: load from torchvision://resnet50 

backbone.layer1.2.bn3.weight - torch.Size([256]): 
PretrainedInit: load from torchvision://resnet50 

backbone.layer1.2.bn3.bias - torch.Size([256]): 
PretrainedInit: load from torchvision://resnet50 

backbone.layer2.0.conv1.weight - torch.Size([128, 256, 1, 1]): 
PretrainedInit: load from torchvision://resnet50 

backbone.layer2.0.bn1.weight - torch.Size([128]): 
PretrainedInit: load from torchvision://resnet50 

backbone.layer2.0.bn1.bias - torch.Size([128]): 
PretrainedInit: load from torchvision://resnet50 

backbone.layer2.0.conv2.weight - torch.Size([128, 128, 3, 3]): 
PretrainedInit: load from torchvision://resnet50 

backbone.layer2.0.conv2.conv_offset.weight - torch.Size([54, 128, 3, 3]): 
The value is the same before and after calling `init_weights` of FCENet  

backbone.layer2.0.conv2.conv_offset.bias - torch.Size([54]): 
The value is the same before and after calling `init_weights` of FCENet  

backbone.layer2.0.bn2.weight - torch.Size([128]): 
PretrainedInit: load from torchvision://resnet50 

backbone.layer2.0.bn2.bias - torch.Size([128]): 
PretrainedInit: load from torchvision://resnet50 

backbone.layer2.0.conv3.weight - torch.Size([512, 128, 1, 1]): 
PretrainedInit: load from torchvision://resnet50 

backbone.layer2.0.bn3.weight - torch.Size([512]): 
PretrainedInit: load from torchvision://resnet50 

backbone.layer2.0.bn3.bias - torch.Size([512]): 
PretrainedInit: load from torchvision://resnet50 

backbone.layer2.0.downsample.0.weight - torch.Size([512, 256, 1, 1]): 
PretrainedInit: load from torchvision://resnet50 

backbone.layer2.0.downsample.1.weight - torch.Size([512]): 
PretrainedInit: load from torchvision://resnet50 

backbone.layer2.0.downsample.1.bias - torch.Size([512]): 
PretrainedInit: load from torchvision://resnet50 

backbone.layer2.1.conv1.weight - torch.Size([128, 512, 1, 1]): 
PretrainedInit: load from torchvision://resnet50 

backbone.layer2.1.bn1.weight - torch.Size([128]): 
PretrainedInit: load from torchvision://resnet50 

backbone.layer2.1.bn1.bias - torch.Size([128]): 
PretrainedInit: load from torchvision://resnet50 

backbone.layer2.1.conv2.weight - torch.Size([128, 128, 3, 3]): 
PretrainedInit: load from torchvision://resnet50 

backbone.layer2.1.conv2.conv_offset.weight - torch.Size([54, 128, 3, 3]): 
The value is the same before and after calling `init_weights` of FCENet  

backbone.layer2.1.conv2.conv_offset.bias - torch.Size([54]): 
The value is the same before and after calling `init_weights` of FCENet  

backbone.layer2.1.bn2.weight - torch.Size([128]): 
PretrainedInit: load from torchvision://resnet50 

backbone.layer2.1.bn2.bias - torch.Size([128]): 
PretrainedInit: load from torchvision://resnet50 

backbone.layer2.1.conv3.weight - torch.Size([512, 128, 1, 1]): 
PretrainedInit: load from torchvision://resnet50 

backbone.layer2.1.bn3.weight - torch.Size([512]): 
PretrainedInit: load from torchvision://resnet50 

backbone.layer2.1.bn3.bias - torch.Size([512]): 
PretrainedInit: load from torchvision://resnet50 

backbone.layer2.2.conv1.weight - torch.Size([128, 512, 1, 1]): 
PretrainedInit: load from torchvision://resnet50 

backbone.layer2.2.bn1.weight - torch.Size([128]): 
PretrainedInit: load from torchvision://resnet50 

backbone.layer2.2.bn1.bias - torch.Size([128]): 
PretrainedInit: load from torchvision://resnet50 

backbone.layer2.2.conv2.weight - torch.Size([128, 128, 3, 3]): 
PretrainedInit: load from torchvision://resnet50 

backbone.layer2.2.conv2.conv_offset.weight - torch.Size([54, 128, 3, 3]): 
The value is the same before and after calling `init_weights` of FCENet  

backbone.layer2.2.conv2.conv_offset.bias - torch.Size([54]): 
The value is the same before and after calling `init_weights` of FCENet  

backbone.layer2.2.bn2.weight - torch.Size([128]): 
PretrainedInit: load from torchvision://resnet50 

backbone.layer2.2.bn2.bias - torch.Size([128]): 
PretrainedInit: load from torchvision://resnet50 

backbone.layer2.2.conv3.weight - torch.Size([512, 128, 1, 1]): 
PretrainedInit: load from torchvision://resnet50 

backbone.layer2.2.bn3.weight - torch.Size([512]): 
PretrainedInit: load from torchvision://resnet50 

backbone.layer2.2.bn3.bias - torch.Size([512]): 
PretrainedInit: load from torchvision://resnet50 

backbone.layer2.3.conv1.weight - torch.Size([128, 512, 1, 1]): 
PretrainedInit: load from torchvision://resnet50 

backbone.layer2.3.bn1.weight - torch.Size([128]): 
PretrainedInit: load from torchvision://resnet50 

backbone.layer2.3.bn1.bias - torch.Size([128]): 
PretrainedInit: load from torchvision://resnet50 

backbone.layer2.3.conv2.weight - torch.Size([128, 128, 3, 3]): 
PretrainedInit: load from torchvision://resnet50 

backbone.layer2.3.conv2.conv_offset.weight - torch.Size([54, 128, 3, 3]): 
The value is the same before and after calling `init_weights` of FCENet  

backbone.layer2.3.conv2.conv_offset.bias - torch.Size([54]): 
The value is the same before and after calling `init_weights` of FCENet  

backbone.layer2.3.bn2.weight - torch.Size([128]): 
PretrainedInit: load from torchvision://resnet50 

backbone.layer2.3.bn2.bias - torch.Size([128]): 
PretrainedInit: load from torchvision://resnet50 

backbone.layer2.3.conv3.weight - torch.Size([512, 128, 1, 1]): 
PretrainedInit: load from torchvision://resnet50 

backbone.layer2.3.bn3.weight - torch.Size([512]): 
PretrainedInit: load from torchvision://resnet50 

backbone.layer2.3.bn3.bias - torch.Size([512]): 
PretrainedInit: load from torchvision://resnet50 

backbone.layer3.0.conv1.weight - torch.Size([256, 512, 1, 1]): 
PretrainedInit: load from torchvision://resnet50 

backbone.layer3.0.bn1.weight - torch.Size([256]): 
PretrainedInit: load from torchvision://resnet50 

backbone.layer3.0.bn1.bias - torch.Size([256]): 
PretrainedInit: load from torchvision://resnet50 

backbone.layer3.0.conv2.weight - torch.Size([256, 256, 3, 3]): 
PretrainedInit: load from torchvision://resnet50 

backbone.layer3.0.conv2.conv_offset.weight - torch.Size([54, 256, 3, 3]): 
The value is the same before and after calling `init_weights` of FCENet  

backbone.layer3.0.conv2.conv_offset.bias - torch.Size([54]): 
The value is the same before and after calling `init_weights` of FCENet  

backbone.layer3.0.bn2.weight - torch.Size([256]): 
PretrainedInit: load from torchvision://resnet50 

backbone.layer3.0.bn2.bias - torch.Size([256]): 
PretrainedInit: load from torchvision://resnet50 

backbone.layer3.0.conv3.weight - torch.Size([1024, 256, 1, 1]): 
PretrainedInit: load from torchvision://resnet50 

backbone.layer3.0.bn3.weight - torch.Size([1024]): 
PretrainedInit: load from torchvision://resnet50 

backbone.layer3.0.bn3.bias - torch.Size([1024]): 
PretrainedInit: load from torchvision://resnet50 

backbone.layer3.0.downsample.0.weight - torch.Size([1024, 512, 1, 1]): 
PretrainedInit: load from torchvision://resnet50 

backbone.layer3.0.downsample.1.weight - torch.Size([1024]): 
PretrainedInit: load from torchvision://resnet50 

backbone.layer3.0.downsample.1.bias - torch.Size([1024]): 
PretrainedInit: load from torchvision://resnet50 

backbone.layer3.1.conv1.weight - torch.Size([256, 1024, 1, 1]): 
PretrainedInit: load from torchvision://resnet50 

backbone.layer3.1.bn1.weight - torch.Size([256]): 
PretrainedInit: load from torchvision://resnet50 

backbone.layer3.1.bn1.bias - torch.Size([256]): 
PretrainedInit: load from torchvision://resnet50 

backbone.layer3.1.conv2.weight - torch.Size([256, 256, 3, 3]): 
PretrainedInit: load from torchvision://resnet50 

backbone.layer3.1.conv2.conv_offset.weight - torch.Size([54, 256, 3, 3]): 
The value is the same before and after calling `init_weights` of FCENet  

backbone.layer3.1.conv2.conv_offset.bias - torch.Size([54]): 
The value is the same before and after calling `init_weights` of FCENet  

backbone.layer3.1.bn2.weight - torch.Size([256]): 
PretrainedInit: load from torchvision://resnet50 

backbone.layer3.1.bn2.bias - torch.Size([256]): 
PretrainedInit: load from torchvision://resnet50 

backbone.layer3.1.conv3.weight - torch.Size([1024, 256, 1, 1]): 
PretrainedInit: load from torchvision://resnet50 

backbone.layer3.1.bn3.weight - torch.Size([1024]): 
PretrainedInit: load from torchvision://resnet50 

backbone.layer3.1.bn3.bias - torch.Size([1024]): 
PretrainedInit: load from torchvision://resnet50 

backbone.layer3.2.conv1.weight - torch.Size([256, 1024, 1, 1]): 
PretrainedInit: load from torchvision://resnet50 

backbone.layer3.2.bn1.weight - torch.Size([256]): 
PretrainedInit: load from torchvision://resnet50 

backbone.layer3.2.bn1.bias - torch.Size([256]): 
PretrainedInit: load from torchvision://resnet50 

backbone.layer3.2.conv2.weight - torch.Size([256, 256, 3, 3]): 
PretrainedInit: load from torchvision://resnet50 

backbone.layer3.2.conv2.conv_offset.weight - torch.Size([54, 256, 3, 3]): 
The value is the same before and after calling `init_weights` of FCENet  

backbone.layer3.2.conv2.conv_offset.bias - torch.Size([54]): 
The value is the same before and after calling `init_weights` of FCENet  

backbone.layer3.2.bn2.weight - torch.Size([256]): 
PretrainedInit: load from torchvision://resnet50 

backbone.layer3.2.bn2.bias - torch.Size([256]): 
PretrainedInit: load from torchvision://resnet50 

backbone.layer3.2.conv3.weight - torch.Size([1024, 256, 1, 1]): 
PretrainedInit: load from torchvision://resnet50 

backbone.layer3.2.bn3.weight - torch.Size([1024]): 
PretrainedInit: load from torchvision://resnet50 

backbone.layer3.2.bn3.bias - torch.Size([1024]): 
PretrainedInit: load from torchvision://resnet50 

backbone.layer3.3.conv1.weight - torch.Size([256, 1024, 1, 1]): 
PretrainedInit: load from torchvision://resnet50 

backbone.layer3.3.bn1.weight - torch.Size([256]): 
PretrainedInit: load from torchvision://resnet50 

backbone.layer3.3.bn1.bias - torch.Size([256]): 
PretrainedInit: load from torchvision://resnet50 

backbone.layer3.3.conv2.weight - torch.Size([256, 256, 3, 3]): 
PretrainedInit: load from torchvision://resnet50 

backbone.layer3.3.conv2.conv_offset.weight - torch.Size([54, 256, 3, 3]): 
The value is the same before and after calling `init_weights` of FCENet  

backbone.layer3.3.conv2.conv_offset.bias - torch.Size([54]): 
The value is the same before and after calling `init_weights` of FCENet  

backbone.layer3.3.bn2.weight - torch.Size([256]): 
PretrainedInit: load from torchvision://resnet50 

backbone.layer3.3.bn2.bias - torch.Size([256]): 
PretrainedInit: load from torchvision://resnet50 

backbone.layer3.3.conv3.weight - torch.Size([1024, 256, 1, 1]): 
PretrainedInit: load from torchvision://resnet50 

backbone.layer3.3.bn3.weight - torch.Size([1024]): 
PretrainedInit: load from torchvision://resnet50 

backbone.layer3.3.bn3.bias - torch.Size([1024]): 
PretrainedInit: load from torchvision://resnet50 

backbone.layer3.4.conv1.weight - torch.Size([256, 1024, 1, 1]): 
PretrainedInit: load from torchvision://resnet50 

backbone.layer3.4.bn1.weight - torch.Size([256]): 
PretrainedInit: load from torchvision://resnet50 

backbone.layer3.4.bn1.bias - torch.Size([256]): 
PretrainedInit: load from torchvision://resnet50 

backbone.layer3.4.conv2.weight - torch.Size([256, 256, 3, 3]): 
PretrainedInit: load from torchvision://resnet50 

backbone.layer3.4.conv2.conv_offset.weight - torch.Size([54, 256, 3, 3]): 
The value is the same before and after calling `init_weights` of FCENet  

backbone.layer3.4.conv2.conv_offset.bias - torch.Size([54]): 
The value is the same before and after calling `init_weights` of FCENet  

backbone.layer3.4.bn2.weight - torch.Size([256]): 
PretrainedInit: load from torchvision://resnet50 

backbone.layer3.4.bn2.bias - torch.Size([256]): 
PretrainedInit: load from torchvision://resnet50 

backbone.layer3.4.conv3.weight - torch.Size([1024, 256, 1, 1]): 
PretrainedInit: load from torchvision://resnet50 

backbone.layer3.4.bn3.weight - torch.Size([1024]): 
PretrainedInit: load from torchvision://resnet50 

backbone.layer3.4.bn3.bias - torch.Size([1024]): 
PretrainedInit: load from torchvision://resnet50 

backbone.layer3.5.conv1.weight - torch.Size([256, 1024, 1, 1]): 
PretrainedInit: load from torchvision://resnet50 

backbone.layer3.5.bn1.weight - torch.Size([256]): 
PretrainedInit: load from torchvision://resnet50 

backbone.layer3.5.bn1.bias - torch.Size([256]): 
PretrainedInit: load from torchvision://resnet50 

backbone.layer3.5.conv2.weight - torch.Size([256, 256, 3, 3]): 
PretrainedInit: load from torchvision://resnet50 

backbone.layer3.5.conv2.conv_offset.weight - torch.Size([54, 256, 3, 3]): 
The value is the same before and after calling `init_weights` of FCENet  

backbone.layer3.5.conv2.conv_offset.bias - torch.Size([54]): 
The value is the same before and after calling `init_weights` of FCENet  

backbone.layer3.5.bn2.weight - torch.Size([256]): 
PretrainedInit: load from torchvision://resnet50 

backbone.layer3.5.bn2.bias - torch.Size([256]): 
PretrainedInit: load from torchvision://resnet50 

backbone.layer3.5.conv3.weight - torch.Size([1024, 256, 1, 1]): 
PretrainedInit: load from torchvision://resnet50 

backbone.layer3.5.bn3.weight - torch.Size([1024]): 
PretrainedInit: load from torchvision://resnet50 

backbone.layer3.5.bn3.bias - torch.Size([1024]): 
PretrainedInit: load from torchvision://resnet50 

backbone.layer4.0.conv1.weight - torch.Size([512, 1024, 1, 1]): 
PretrainedInit: load from torchvision://resnet50 

backbone.layer4.0.bn1.weight - torch.Size([512]): 
PretrainedInit: load from torchvision://resnet50 

backbone.layer4.0.bn1.bias - torch.Size([512]): 
PretrainedInit: load from torchvision://resnet50 

backbone.layer4.0.conv2.weight - torch.Size([512, 512, 3, 3]): 
PretrainedInit: load from torchvision://resnet50 

backbone.layer4.0.conv2.conv_offset.weight - torch.Size([54, 512, 3, 3]): 
The value is the same before and after calling `init_weights` of FCENet  

backbone.layer4.0.conv2.conv_offset.bias - torch.Size([54]): 
The value is the same before and after calling `init_weights` of FCENet  

backbone.layer4.0.bn2.weight - torch.Size([512]): 
PretrainedInit: load from torchvision://resnet50 

backbone.layer4.0.bn2.bias - torch.Size([512]): 
PretrainedInit: load from torchvision://resnet50 

backbone.layer4.0.conv3.weight - torch.Size([2048, 512, 1, 1]): 
PretrainedInit: load from torchvision://resnet50 

backbone.layer4.0.bn3.weight - torch.Size([2048]): 
PretrainedInit: load from torchvision://resnet50 

backbone.layer4.0.bn3.bias - torch.Size([2048]): 
PretrainedInit: load from torchvision://resnet50 

backbone.layer4.0.downsample.0.weight - torch.Size([2048, 1024, 1, 1]): 
PretrainedInit: load from torchvision://resnet50 

backbone.layer4.0.downsample.1.weight - torch.Size([2048]): 
PretrainedInit: load from torchvision://resnet50 

backbone.layer4.0.downsample.1.bias - torch.Size([2048]): 
PretrainedInit: load from torchvision://resnet50 

backbone.layer4.1.conv1.weight - torch.Size([512, 2048, 1, 1]): 
PretrainedInit: load from torchvision://resnet50 

backbone.layer4.1.bn1.weight - torch.Size([512]): 
PretrainedInit: load from torchvision://resnet50 

backbone.layer4.1.bn1.bias - torch.Size([512]): 
PretrainedInit: load from torchvision://resnet50 

backbone.layer4.1.conv2.weight - torch.Size([512, 512, 3, 3]): 
PretrainedInit: load from torchvision://resnet50 

backbone.layer4.1.conv2.conv_offset.weight - torch.Size([54, 512, 3, 3]): 
The value is the same before and after calling `init_weights` of FCENet  

backbone.layer4.1.conv2.conv_offset.bias - torch.Size([54]): 
The value is the same before and after calling `init_weights` of FCENet  

backbone.layer4.1.bn2.weight - torch.Size([512]): 
PretrainedInit: load from torchvision://resnet50 

backbone.layer4.1.bn2.bias - torch.Size([512]): 
PretrainedInit: load from torchvision://resnet50 

backbone.layer4.1.conv3.weight - torch.Size([2048, 512, 1, 1]): 
PretrainedInit: load from torchvision://resnet50 

backbone.layer4.1.bn3.weight - torch.Size([2048]): 
PretrainedInit: load from torchvision://resnet50 

backbone.layer4.1.bn3.bias - torch.Size([2048]): 
PretrainedInit: load from torchvision://resnet50 

backbone.layer4.2.conv1.weight - torch.Size([512, 2048, 1, 1]): 
PretrainedInit: load from torchvision://resnet50 

backbone.layer4.2.bn1.weight - torch.Size([512]): 
PretrainedInit: load from torchvision://resnet50 

backbone.layer4.2.bn1.bias - torch.Size([512]): 
PretrainedInit: load from torchvision://resnet50 

backbone.layer4.2.conv2.weight - torch.Size([512, 512, 3, 3]): 
PretrainedInit: load from torchvision://resnet50 

backbone.layer4.2.conv2.conv_offset.weight - torch.Size([54, 512, 3, 3]): 
The value is the same before and after calling `init_weights` of FCENet  

backbone.layer4.2.conv2.conv_offset.bias - torch.Size([54]): 
The value is the same before and after calling `init_weights` of FCENet  

backbone.layer4.2.bn2.weight - torch.Size([512]): 
PretrainedInit: load from torchvision://resnet50 

backbone.layer4.2.bn2.bias - torch.Size([512]): 
PretrainedInit: load from torchvision://resnet50 

backbone.layer4.2.conv3.weight - torch.Size([2048, 512, 1, 1]): 
PretrainedInit: load from torchvision://resnet50 

backbone.layer4.2.bn3.weight - torch.Size([2048]): 
PretrainedInit: load from torchvision://resnet50 

backbone.layer4.2.bn3.bias - torch.Size([2048]): 
PretrainedInit: load from torchvision://resnet50 

neck.lateral_convs.0.conv.weight - torch.Size([256, 512, 1, 1]): 
XavierInit: gain=1, distribution=uniform, bias=0 

neck.lateral_convs.0.conv.bias - torch.Size([256]): 
The value is the same before and after calling `init_weights` of FCENet  

neck.lateral_convs.1.conv.weight - torch.Size([256, 1024, 1, 1]): 
XavierInit: gain=1, distribution=uniform, bias=0 

neck.lateral_convs.1.conv.bias - torch.Size([256]): 
The value is the same before and after calling `init_weights` of FCENet  

neck.lateral_convs.2.conv.weight - torch.Size([256, 2048, 1, 1]): 
XavierInit: gain=1, distribution=uniform, bias=0 

neck.lateral_convs.2.conv.bias - torch.Size([256]): 
The value is the same before and after calling `init_weights` of FCENet  

neck.fpn_convs.0.conv.weight - torch.Size([256, 256, 3, 3]): 
XavierInit: gain=1, distribution=uniform, bias=0 

neck.fpn_convs.0.conv.bias - torch.Size([256]): 
The value is the same before and after calling `init_weights` of FCENet  

neck.fpn_convs.1.conv.weight - torch.Size([256, 256, 3, 3]): 
XavierInit: gain=1, distribution=uniform, bias=0 

neck.fpn_convs.1.conv.bias - torch.Size([256]): 
The value is the same before and after calling `init_weights` of FCENet  

neck.fpn_convs.2.conv.weight - torch.Size([256, 256, 3, 3]): 
XavierInit: gain=1, distribution=uniform, bias=0 

neck.fpn_convs.2.conv.bias - torch.Size([256]): 
The value is the same before and after calling `init_weights` of FCENet  

det_head.out_conv_cls.weight - torch.Size([4, 256, 3, 3]): 
NormalInit: mean=0, std=0.01, bias=0 

det_head.out_conv_cls.bias - torch.Size([4]): 
NormalInit: mean=0, std=0.01, bias=0 

det_head.out_conv_reg.weight - torch.Size([22, 256, 3, 3]): 
NormalInit: mean=0, std=0.01, bias=0 

det_head.out_conv_reg.bias - torch.Size([22]): 
NormalInit: mean=0, std=0.01, bias=0 
2026/01/05 11:01:03 - mmengine - INFO - Auto resumed from the latest checkpoint /root/lanyun-tmp/mmocr/work_dirs/fcenet_r50dcnv2_fpn_finetune_art_rctw_rects/epoch_98.pth.
2026/01/05 11:01:03 - mmengine - INFO - ModulatedDeformConvPack backbone.layer2.0.conv2 is upgraded to version 2.
2026/01/05 11:01:03 - mmengine - INFO - ModulatedDeformConvPack backbone.layer2.1.conv2 is upgraded to version 2.
2026/01/05 11:01:03 - mmengine - INFO - ModulatedDeformConvPack backbone.layer2.2.conv2 is upgraded to version 2.
2026/01/05 11:01:03 - mmengine - INFO - ModulatedDeformConvPack backbone.layer2.3.conv2 is upgraded to version 2.
2026/01/05 11:01:03 - mmengine - INFO - ModulatedDeformConvPack backbone.layer3.0.conv2 is upgraded to version 2.
2026/01/05 11:01:03 - mmengine - INFO - ModulatedDeformConvPack backbone.layer3.1.conv2 is upgraded to version 2.
2026/01/05 11:01:03 - mmengine - INFO - ModulatedDeformConvPack backbone.layer3.2.conv2 is upgraded to version 2.
2026/01/05 11:01:03 - mmengine - INFO - ModulatedDeformConvPack backbone.layer3.3.conv2 is upgraded to version 2.
2026/01/05 11:01:03 - mmengine - INFO - ModulatedDeformConvPack backbone.layer3.4.conv2 is upgraded to version 2.
2026/01/05 11:01:03 - mmengine - INFO - ModulatedDeformConvPack backbone.layer3.5.conv2 is upgraded to version 2.
2026/01/05 11:01:03 - mmengine - INFO - ModulatedDeformConvPack backbone.layer4.0.conv2 is upgraded to version 2.
2026/01/05 11:01:03 - mmengine - INFO - ModulatedDeformConvPack backbone.layer4.1.conv2 is upgraded to version 2.
2026/01/05 11:01:03 - mmengine - INFO - ModulatedDeformConvPack backbone.layer4.2.conv2 is upgraded to version 2.
2026/01/05 11:01:03 - mmengine - INFO - Load checkpoint from /root/lanyun-tmp/mmocr/work_dirs/fcenet_r50dcnv2_fpn_finetune_art_rctw_rects/epoch_98.pth
2026/01/05 11:01:03 - mmengine - INFO - resumed epoch: 98, iter: 46452
2026/01/05 11:01:03 - mmengine - WARNING - "FileClient" will be deprecated in future. Please use io functions in https://mmengine.readthedocs.io/en/latest/api/fileio.html#file-io
2026/01/05 11:01:03 - mmengine - WARNING - "HardDiskBackend" is the alias of "LocalBackend" and the former will be deprecated in future.
2026/01/05 11:01:03 - mmengine - INFO - Checkpoints will be saved to /root/lanyun-tmp/mmocr/work_dirs/fcenet_r50dcnv2_fpn_finetune_art_rctw_rects.
2026/01/05 11:01:26 - mmengine - INFO - Epoch(train)  [99][  5/474]  lr: 3.2677e-05  eta: 1:10:57  time: 3.4546  data_time: 0.4176  memory: 20661  grad_norm: 22.1829  loss: 2.3495  loss_text: 0.5252  loss_center: 0.8565  loss_reg_x: 0.5356  loss_reg_y: 0.4322
2026/01/05 11:01:39 - mmengine - INFO - Epoch(train)  [99][ 10/474]  lr: 3.2677e-05  eta: 0:56:12  time: 3.5954  data_time: 0.4176  memory: 19884  grad_norm: 22.7846  loss: 2.4233  loss_text: 0.5063  loss_center: 0.8778  loss_reg_x: 0.5944  loss_reg_y: 0.4447
2026/01/05 11:01:53 - mmengine - INFO - Epoch(train)  [99][ 15/474]  lr: 3.2677e-05  eta: 0:51:12  time: 2.6830  data_time: 0.0025  memory: 19884  grad_norm: 22.7410  loss: 2.6232  loss_text: 0.5836  loss_center: 0.9195  loss_reg_x: 0.6820  loss_reg_y: 0.4382
2026/01/05 11:02:08 - mmengine - INFO - Epoch(train)  [99][ 20/474]  lr: 3.2677e-05  eta: 0:49:44  time: 2.8361  data_time: 0.0025  memory: 19884  grad_norm: 19.8561  loss: 2.6006  loss_text: 0.5763  loss_center: 0.9284  loss_reg_x: 0.6561  loss_reg_y: 0.4398
2026/01/05 11:02:22 - mmengine - INFO - Epoch(train)  [99][ 25/474]  lr: 3.2677e-05  eta: 0:48:29  time: 2.9399  data_time: 0.0026  memory: 19884  grad_norm: 20.7399  loss: 2.6133  loss_text: 0.5160  loss_center: 0.8932  loss_reg_x: 0.6845  loss_reg_y: 0.5196
2026/01/05 11:02:36 - mmengine - INFO - Epoch(train)  [99][ 30/474]  lr: 3.2677e-05  eta: 0:47:06  time: 2.8071  data_time: 0.0025  memory: 19884  grad_norm: 24.2916  loss: 2.7433  loss_text: 0.5742  loss_center: 0.9234  loss_reg_x: 0.7661  loss_reg_y: 0.4797
2026/01/05 11:02:51 - mmengine - INFO - Epoch(train)  [99][ 35/474]  lr: 3.2677e-05  eta: 0:46:55  time: 2.9117  data_time: 0.0026  memory: 19884  grad_norm: 25.3718  loss: 2.7906  loss_text: 0.5975  loss_center: 0.9250  loss_reg_x: 0.7936  loss_reg_y: 0.4746
2026/01/05 11:03:05 - mmengine - INFO - Epoch(train)  [99][ 40/474]  lr: 3.2677e-05  eta: 0:46:08  time: 2.9583  data_time: 0.0026  memory: 19884  grad_norm: 28.2712  loss: 2.7084  loss_text: 0.5857  loss_center: 0.8893  loss_reg_x: 0.7352  loss_reg_y: 0.4983
2026/01/05 11:03:18 - mmengine - INFO - Epoch(train)  [99][ 45/474]  lr: 3.2677e-05  eta: 0:45:08  time: 2.7063  data_time: 0.0025  memory: 19884  grad_norm: 29.4868  loss: 2.7161  loss_text: 0.6046  loss_center: 0.8719  loss_reg_x: 0.7190  loss_reg_y: 0.5206
2026/01/05 11:03:33 - mmengine - INFO - Epoch(train)  [99][ 50/474]  lr: 3.2677e-05  eta: 0:44:47  time: 2.7667  data_time: 0.0025  memory: 19885  grad_norm: 28.3762  loss: 2.9296  loss_text: 0.6275  loss_center: 0.8940  loss_reg_x: 0.8427  loss_reg_y: 0.5654
2026/01/05 11:03:47 - mmengine - INFO - Epoch(train)  [99][ 55/474]  lr: 3.2677e-05  eta: 0:44:13  time: 2.8464  data_time: 0.0026  memory: 19884  grad_norm: 26.5781  loss: 2.9712  loss_text: 0.6254  loss_center: 0.9492  loss_reg_x: 0.8427  loss_reg_y: 0.5539
2026/01/05 11:04:00 - mmengine - INFO - Epoch(train)  [99][ 60/474]  lr: 3.2677e-05  eta: 0:43:34  time: 2.7018  data_time: 0.0025  memory: 19884  grad_norm: 24.8793  loss: 2.8152  loss_text: 0.6092  loss_center: 0.9144  loss_reg_x: 0.7643  loss_reg_y: 0.5274
2026/01/05 11:04:14 - mmengine - INFO - Epoch(train)  [99][ 65/474]  lr: 3.2677e-05  eta: 0:43:13  time: 2.7463  data_time: 0.0025  memory: 19884  grad_norm: 23.5791  loss: 2.7442  loss_text: 0.6039  loss_center: 0.9100  loss_reg_x: 0.7317  loss_reg_y: 0.4986
2026/01/05 11:04:29 - mmengine - INFO - Epoch(train)  [99][ 70/474]  lr: 3.2677e-05  eta: 0:42:58  time: 2.8951  data_time: 0.0027  memory: 19884  grad_norm: 23.7211  loss: 2.6549  loss_text: 0.5812  loss_center: 0.9344  loss_reg_x: 0.6773  loss_reg_y: 0.4620
2026/01/05 11:04:42 - mmengine - INFO - Epoch(train)  [99][ 75/474]  lr: 3.2677e-05  eta: 0:42:29  time: 2.8120  data_time: 0.0027  memory: 19884  grad_norm: 25.4576  loss: 2.6328  loss_text: 0.5986  loss_center: 0.8915  loss_reg_x: 0.6495  loss_reg_y: 0.4932
2026/01/05 11:04:56 - mmengine - INFO - Epoch(train)  [99][ 80/474]  lr: 3.2677e-05  eta: 0:42:07  time: 2.7349  data_time: 0.0029  memory: 19884  grad_norm: 31.4212  loss: 2.5506  loss_text: 0.5911  loss_center: 0.8457  loss_reg_x: 0.6331  loss_reg_y: 0.4806
2026/01/05 11:05:11 - mmengine - INFO - Epoch(train)  [99][ 85/474]  lr: 3.2677e-05  eta: 0:41:51  time: 2.8384  data_time: 0.0035  memory: 19885  grad_norm: 30.8516  loss: 2.5565  loss_text: 0.5559  loss_center: 0.8424  loss_reg_x: 0.6578  loss_reg_y: 0.5004
2026/01/05 11:05:24 - mmengine - INFO - Epoch(train)  [99][ 90/474]  lr: 3.2677e-05  eta: 0:41:26  time: 2.7821  data_time: 0.0034  memory: 19884  grad_norm: 25.0708  loss: 2.6417  loss_text: 0.5427  loss_center: 0.8675  loss_reg_x: 0.6939  loss_reg_y: 0.5376
2026/01/05 11:05:37 - mmengine - INFO - Epoch(train)  [99][ 95/474]  lr: 3.2677e-05  eta: 0:41:01  time: 2.6703  data_time: 0.0027  memory: 19884  grad_norm: 25.0178  loss: 2.7111  loss_text: 0.5863  loss_center: 0.8930  loss_reg_x: 0.7038  loss_reg_y: 0.5280
2026/01/05 11:05:53 - mmengine - INFO - Epoch(train)  [99][100/474]  lr: 3.2677e-05  eta: 0:40:54  time: 2.8659  data_time: 0.0027  memory: 19884  grad_norm: 26.1260  loss: 2.6657  loss_text: 0.6038  loss_center: 0.8996  loss_reg_x: 0.6466  loss_reg_y: 0.5157
2026/01/05 11:06:06 - mmengine - INFO - Epoch(train)  [99][105/474]  lr: 3.2677e-05  eta: 0:40:32  time: 2.8861  data_time: 0.0027  memory: 19884  grad_norm: 30.2140  loss: 2.5002  loss_text: 0.5749  loss_center: 0.8522  loss_reg_x: 0.5966  loss_reg_y: 0.4764
2026/01/05 11:06:20 - mmengine - INFO - Epoch(train)  [99][110/474]  lr: 3.2677e-05  eta: 0:40:14  time: 2.7479  data_time: 0.0028  memory: 19884  grad_norm: 32.2585  loss: 2.4827  loss_text: 0.5496  loss_center: 0.8444  loss_reg_x: 0.6532  loss_reg_y: 0.4355
2026/01/05 11:06:37 - mmengine - INFO - Epoch(train)  [99][115/474]  lr: 3.2677e-05  eta: 0:40:16  time: 3.0636  data_time: 0.0031  memory: 19884  grad_norm: 32.0175  loss: 2.8243  loss_text: 0.5530  loss_center: 0.9120  loss_reg_x: 0.7978  loss_reg_y: 0.5615
2026/01/05 11:06:51 - mmengine - INFO - Epoch(train)  [99][120/474]  lr: 3.2677e-05  eta: 0:39:56  time: 3.0377  data_time: 0.0028  memory: 19884  grad_norm: 26.5385  loss: 2.9194  loss_text: 0.5918  loss_center: 0.9445  loss_reg_x: 0.7644  loss_reg_y: 0.6187
2026/01/05 11:07:05 - mmengine - INFO - Epoch(train)  [99][125/474]  lr: 3.2677e-05  eta: 0:39:40  time: 2.7880  data_time: 0.0025  memory: 19884  grad_norm: 24.2181  loss: 2.5922  loss_text: 0.5730  loss_center: 0.9261  loss_reg_x: 0.6072  loss_reg_y: 0.4858
2026/01/05 11:07:19 - mmengine - INFO - Epoch(train)  [99][130/474]  lr: 3.2677e-05  eta: 0:39:25  time: 2.8616  data_time: 0.0027  memory: 19884  grad_norm: 23.2881  loss: 2.6206  loss_text: 0.5738  loss_center: 0.8828  loss_reg_x: 0.6162  loss_reg_y: 0.5478
2026/01/05 11:07:33 - mmengine - INFO - Epoch(train)  [99][135/474]  lr: 3.2677e-05  eta: 0:39:03  time: 2.7675  data_time: 0.0027  memory: 19884  grad_norm: 18.3864  loss: 2.6981  loss_text: 0.5660  loss_center: 0.9046  loss_reg_x: 0.6599  loss_reg_y: 0.5677
2026/01/05 11:07:46 - mmengine - INFO - Epoch(train)  [99][140/474]  lr: 3.2677e-05  eta: 0:38:43  time: 2.6758  data_time: 0.0027  memory: 19884  grad_norm: 20.3989  loss: 2.6256  loss_text: 0.5410  loss_center: 0.9502  loss_reg_x: 0.6728  loss_reg_y: 0.4617
2026/01/05 11:08:01 - mmengine - INFO - Epoch(train)  [99][145/474]  lr: 3.2677e-05  eta: 0:38:31  time: 2.8288  data_time: 0.0029  memory: 19884  grad_norm: 21.3435  loss: 2.5945  loss_text: 0.5591  loss_center: 0.9641  loss_reg_x: 0.6274  loss_reg_y: 0.4440
2026/01/05 11:08:14 - mmengine - INFO - Epoch(train)  [99][150/474]  lr: 3.2677e-05  eta: 0:38:10  time: 2.7856  data_time: 0.0027  memory: 19884  grad_norm: 19.6458  loss: 2.6340  loss_text: 0.5852  loss_center: 0.9328  loss_reg_x: 0.6443  loss_reg_y: 0.4717
2026/01/05 11:08:28 - mmengine - INFO - Epoch(train)  [99][155/474]  lr: 3.2677e-05  eta: 0:37:53  time: 2.6902  data_time: 0.0023  memory: 19884  grad_norm: 21.2186  loss: 2.5959  loss_text: 0.5621  loss_center: 0.8746  loss_reg_x: 0.6857  loss_reg_y: 0.4736
2026/01/05 11:08:43 - mmengine - INFO - Epoch(train)  [99][160/474]  lr: 3.2677e-05  eta: 0:37:41  time: 2.8758  data_time: 0.0026  memory: 19884  grad_norm: 21.9375  loss: 2.6529  loss_text: 0.5588  loss_center: 0.8969  loss_reg_x: 0.6697  loss_reg_y: 0.5275
2026/01/05 11:08:56 - mmengine - INFO - Epoch(train)  [99][165/474]  lr: 3.2677e-05  eta: 0:37:24  time: 2.8584  data_time: 0.0027  memory: 19885  grad_norm: 21.9112  loss: 2.7667  loss_text: 0.5929  loss_center: 0.9276  loss_reg_x: 0.6970  loss_reg_y: 0.5492
2026/01/05 11:09:10 - mmengine - INFO - Epoch(train)  [99][170/474]  lr: 3.2677e-05  eta: 0:37:07  time: 2.7389  data_time: 0.0025  memory: 19884  grad_norm: 23.4839  loss: 2.7815  loss_text: 0.6191  loss_center: 0.9246  loss_reg_x: 0.7060  loss_reg_y: 0.5318
2026/01/05 11:09:25 - mmengine - INFO - Epoch(train)  [99][175/474]  lr: 3.2677e-05  eta: 0:36:55  time: 2.8524  data_time: 0.0026  memory: 19884  grad_norm: 25.4812  loss: 2.9118  loss_text: 0.6169  loss_center: 0.9556  loss_reg_x: 0.8014  loss_reg_y: 0.5380
2026/01/05 11:09:39 - mmengine - INFO - Epoch(train)  [99][180/474]  lr: 3.2677e-05  eta: 0:36:39  time: 2.8777  data_time: 0.0028  memory: 19885  grad_norm: 23.8691  loss: 2.8330  loss_text: 0.5808  loss_center: 0.9631  loss_reg_x: 0.7768  loss_reg_y: 0.5123
2026/01/05 11:09:53 - mmengine - INFO - Epoch(train)  [99][185/474]  lr: 3.2677e-05  eta: 0:36:22  time: 2.7659  data_time: 0.0026  memory: 19884  grad_norm: 22.7732  loss: 2.6316  loss_text: 0.5483  loss_center: 0.8998  loss_reg_x: 0.6341  loss_reg_y: 0.5493
2026/01/05 11:10:07 - mmengine - INFO - Epoch(train)  [99][190/474]  lr: 3.2677e-05  eta: 0:36:10  time: 2.8554  data_time: 0.0026  memory: 19884  grad_norm: 22.1789  loss: 2.5639  loss_text: 0.5240  loss_center: 0.8909  loss_reg_x: 0.6326  loss_reg_y: 0.5164
2026/01/05 11:10:21 - mmengine - INFO - Epoch(train)  [99][195/474]  lr: 3.2677e-05  eta: 0:35:51  time: 2.8160  data_time: 0.0027  memory: 19884  grad_norm: 24.1139  loss: 2.5922  loss_text: 0.5890  loss_center: 0.9137  loss_reg_x: 0.6131  loss_reg_y: 0.4763
2026/01/05 11:10:34 - mmengine - INFO - Epoch(train)  [99][200/474]  lr: 3.2677e-05  eta: 0:35:35  time: 2.6959  data_time: 0.0023  memory: 19884  grad_norm: 29.7715  loss: 2.7286  loss_text: 0.6141  loss_center: 0.9149  loss_reg_x: 0.6939  loss_reg_y: 0.5057
2026/01/05 11:10:49 - mmengine - INFO - Epoch(train)  [99][205/474]  lr: 3.2677e-05  eta: 0:35:21  time: 2.7948  data_time: 0.0024  memory: 19884  grad_norm: 27.9227  loss: 2.6153  loss_text: 0.5540  loss_center: 0.8884  loss_reg_x: 0.7144  loss_reg_y: 0.4586
2026/01/05 11:11:02 - mmengine - INFO - Epoch(train)  [99][210/474]  lr: 3.2677e-05  eta: 0:35:04  time: 2.7864  data_time: 0.0026  memory: 19884  grad_norm: 25.6266  loss: 2.5014  loss_text: 0.5338  loss_center: 0.8574  loss_reg_x: 0.6645  loss_reg_y: 0.4456
2026/01/05 11:11:16 - mmengine - INFO - Epoch(train)  [99][215/474]  lr: 3.2677e-05  eta: 0:34:47  time: 2.7029  data_time: 0.0024  memory: 19884  grad_norm: 24.3947  loss: 2.6232  loss_text: 0.5456  loss_center: 0.9020  loss_reg_x: 0.7115  loss_reg_y: 0.4640
2026/01/05 11:11:30 - mmengine - INFO - Epoch(train)  [99][220/474]  lr: 3.2677e-05  eta: 0:34:33  time: 2.7742  data_time: 0.0024  memory: 19884  grad_norm: 22.8776  loss: 2.5913  loss_text: 0.5657  loss_center: 0.8993  loss_reg_x: 0.6968  loss_reg_y: 0.4295
2026/01/05 11:11:44 - mmengine - INFO - Epoch(train)  [99][225/474]  lr: 3.2677e-05  eta: 0:34:19  time: 2.8639  data_time: 0.0026  memory: 19884  grad_norm: 24.3897  loss: 3.1584  loss_text: 0.6135  loss_center: 0.9987  loss_reg_x: 0.9033  loss_reg_y: 0.6429
2026/01/05 11:11:57 - mmengine - INFO - Epoch(train)  [99][230/474]  lr: 3.2677e-05  eta: 0:34:01  time: 2.7349  data_time: 0.0025  memory: 19884  grad_norm: 22.4889  loss: 2.9710  loss_text: 0.5787  loss_center: 0.9535  loss_reg_x: 0.8026  loss_reg_y: 0.6362
2026/01/05 11:12:12 - mmengine - INFO - Epoch(train)  [99][235/474]  lr: 3.2677e-05  eta: 0:33:48  time: 2.7569  data_time: 0.0025  memory: 19884  grad_norm: 22.4442  loss: 2.3642  loss_text: 0.5251  loss_center: 0.8490  loss_reg_x: 0.5516  loss_reg_y: 0.4385
2026/01/05 11:12:26 - mmengine - INFO - Epoch(train)  [99][240/474]  lr: 3.2677e-05  eta: 0:33:33  time: 2.8633  data_time: 0.0027  memory: 19884  grad_norm: 26.6632  loss: 2.6255  loss_text: 0.5631  loss_center: 0.9173  loss_reg_x: 0.6412  loss_reg_y: 0.5040
2026/01/05 11:12:39 - mmengine - INFO - Epoch(train)  [99][245/474]  lr: 3.2677e-05  eta: 0:33:16  time: 2.7484  data_time: 0.0025  memory: 19884  grad_norm: 29.2693  loss: 2.6271  loss_text: 0.5823  loss_center: 0.9229  loss_reg_x: 0.6359  loss_reg_y: 0.4859
2026/01/05 11:12:54 - mmengine - INFO - Epoch(train)  [99][250/474]  lr: 3.2677e-05  eta: 0:33:02  time: 2.7631  data_time: 0.0025  memory: 19884  grad_norm: 27.8948  loss: 2.8068  loss_text: 0.6211  loss_center: 0.9580  loss_reg_x: 0.7154  loss_reg_y: 0.5124
2026/01/05 11:13:09 - mmengine - INFO - Epoch(train)  [99][255/474]  lr: 3.2677e-05  eta: 0:32:50  time: 2.9176  data_time: 0.0028  memory: 19885  grad_norm: 24.4112  loss: 2.8959  loss_text: 0.6282  loss_center: 0.9432  loss_reg_x: 0.7616  loss_reg_y: 0.5628
2026/01/05 11:13:22 - mmengine - INFO - Epoch(train)  [99][260/474]  lr: 3.2677e-05  eta: 0:32:34  time: 2.8535  data_time: 0.0028  memory: 19884  grad_norm: 21.9276  loss: 2.8129  loss_text: 0.5947  loss_center: 0.9422  loss_reg_x: 0.7346  loss_reg_y: 0.5414
2026/01/05 11:13:36 - mmengine - INFO - Epoch(train)  [99][265/474]  lr: 3.2677e-05  eta: 0:32:19  time: 2.7218  data_time: 0.0025  memory: 19884  grad_norm: 22.2908  loss: 2.6477  loss_text: 0.5502  loss_center: 0.9563  loss_reg_x: 0.6339  loss_reg_y: 0.5072
2026/01/05 11:13:50 - mmengine - INFO - Epoch(train)  [99][270/474]  lr: 3.2677e-05  eta: 0:32:04  time: 2.7694  data_time: 0.0025  memory: 19884  grad_norm: 23.2177  loss: 2.6784  loss_text: 0.5457  loss_center: 1.0220  loss_reg_x: 0.6464  loss_reg_y: 0.4643
2026/01/05 11:14:03 - mmengine - INFO - Epoch(train)  [99][275/474]  lr: 3.2677e-05  eta: 0:31:47  time: 2.7160  data_time: 0.0025  memory: 19884  grad_norm: 23.2887  loss: 2.8165  loss_text: 0.5980  loss_center: 1.0209  loss_reg_x: 0.7071  loss_reg_y: 0.4905
2026/01/05 11:14:17 - mmengine - INFO - Epoch(train)  [99][280/474]  lr: 3.2677e-05  eta: 0:31:32  time: 2.6728  data_time: 0.0023  memory: 19884  grad_norm: 23.2866  loss: 2.7069  loss_text: 0.5821  loss_center: 0.9193  loss_reg_x: 0.6741  loss_reg_y: 0.5315
2026/01/05 11:14:31 - mmengine - INFO - Epoch(train)  [99][285/474]  lr: 3.2677e-05  eta: 0:31:19  time: 2.8236  data_time: 0.0024  memory: 19884  grad_norm: 23.1806  loss: 2.6498  loss_text: 0.5788  loss_center: 0.8754  loss_reg_x: 0.6535  loss_reg_y: 0.5421
2026/01/05 11:14:45 - mmengine - INFO - Epoch(train)  [99][290/474]  lr: 3.2677e-05  eta: 0:31:03  time: 2.8214  data_time: 0.0026  memory: 19884  grad_norm: 22.0782  loss: 2.5988  loss_text: 0.5768  loss_center: 0.8998  loss_reg_x: 0.6070  loss_reg_y: 0.5151
2026/01/05 11:14:59 - mmengine - INFO - Epoch(train)  [99][295/474]  lr: 3.2677e-05  eta: 0:30:48  time: 2.7412  data_time: 0.0025  memory: 19884  grad_norm: 19.8952  loss: 2.6312  loss_text: 0.5435  loss_center: 0.9891  loss_reg_x: 0.6109  loss_reg_y: 0.4877
2026/01/05 11:15:13 - mmengine - INFO - Epoch(train)  [99][300/474]  lr: 3.2677e-05  eta: 0:30:35  time: 2.8386  data_time: 0.0024  memory: 19884  grad_norm: 21.6825  loss: 2.6979  loss_text: 0.5418  loss_center: 0.9869  loss_reg_x: 0.6220  loss_reg_y: 0.5472
2026/01/05 11:15:26 - mmengine - INFO - Epoch(train)  [99][305/474]  lr: 3.2677e-05  eta: 0:30:19  time: 2.7898  data_time: 0.0025  memory: 19884  grad_norm: 22.8506  loss: 2.6450  loss_text: 0.5489  loss_center: 0.9146  loss_reg_x: 0.6326  loss_reg_y: 0.5489
2026/01/05 11:15:40 - mmengine - INFO - Epoch(train)  [99][310/474]  lr: 3.2677e-05  eta: 0:30:03  time: 2.6514  data_time: 0.0025  memory: 19884  grad_norm: 21.4608  loss: 2.5215  loss_text: 0.5644  loss_center: 0.8617  loss_reg_x: 0.6204  loss_reg_y: 0.4750
2026/01/05 11:15:54 - mmengine - INFO - Epoch(train)  [99][315/474]  lr: 3.2677e-05  eta: 0:29:50  time: 2.7756  data_time: 0.0025  memory: 19884  grad_norm: 21.7806  loss: 2.5013  loss_text: 0.5748  loss_center: 0.8788  loss_reg_x: 0.6058  loss_reg_y: 0.4418
2026/01/05 11:16:08 - mmengine - INFO - Epoch(train)  [99][320/474]  lr: 3.2677e-05  eta: 0:29:34  time: 2.8004  data_time: 0.0025  memory: 19884  grad_norm: 26.8263  loss: 2.7244  loss_text: 0.5779  loss_center: 0.9769  loss_reg_x: 0.6752  loss_reg_y: 0.4944
2026/01/05 11:16:21 - mmengine - INFO - Epoch(train)  [99][325/474]  lr: 3.2677e-05  eta: 0:29:19  time: 2.6934  data_time: 0.0025  memory: 19884  grad_norm: 23.7745  loss: 2.6107  loss_text: 0.5509  loss_center: 0.9303  loss_reg_x: 0.6420  loss_reg_y: 0.4875
2026/01/05 11:16:36 - mmengine - INFO - Epoch(train)  [99][330/474]  lr: 3.2677e-05  eta: 0:29:06  time: 2.8311  data_time: 0.0025  memory: 19884  grad_norm: 17.3292  loss: 2.3199  loss_text: 0.5115  loss_center: 0.8264  loss_reg_x: 0.5267  loss_reg_y: 0.4554
2026/01/05 11:16:49 - mmengine - INFO - Epoch(train)  [99][335/474]  lr: 3.2677e-05  eta: 0:28:51  time: 2.8280  data_time: 0.0024  memory: 19884  grad_norm: 21.2976  loss: 2.5410  loss_text: 0.5197  loss_center: 0.8757  loss_reg_x: 0.6070  loss_reg_y: 0.5385
2026/01/05 11:17:03 - mmengine - INFO - Epoch(train)  [99][340/474]  lr: 3.2677e-05  eta: 0:28:36  time: 2.7157  data_time: 0.0024  memory: 19885  grad_norm: 22.6928  loss: 2.8266  loss_text: 0.5791  loss_center: 0.9244  loss_reg_x: 0.7361  loss_reg_y: 0.5870
2026/01/05 11:17:17 - mmengine - INFO - Epoch(train)  [99][345/474]  lr: 3.2677e-05  eta: 0:28:22  time: 2.7829  data_time: 0.0024  memory: 19884  grad_norm: 21.8664  loss: 2.6428  loss_text: 0.5737  loss_center: 0.8610  loss_reg_x: 0.6979  loss_reg_y: 0.5102
2026/01/05 11:17:30 - mmengine - INFO - Epoch(train)  [99][350/474]  lr: 3.2677e-05  eta: 0:28:06  time: 2.7222  data_time: 0.0024  memory: 19884  grad_norm: 22.2153  loss: 2.5107  loss_text: 0.5596  loss_center: 0.8786  loss_reg_x: 0.6098  loss_reg_y: 0.4627
2026/01/05 11:17:44 - mmengine - INFO - Epoch(train)  [99][355/474]  lr: 3.2677e-05  eta: 0:27:51  time: 2.6783  data_time: 0.0025  memory: 19884  grad_norm: 22.5561  loss: 2.6912  loss_text: 0.5887  loss_center: 0.9363  loss_reg_x: 0.6404  loss_reg_y: 0.5258
2026/01/05 11:17:58 - mmengine - INFO - Epoch(train)  [99][360/474]  lr: 3.2677e-05  eta: 0:27:37  time: 2.7691  data_time: 0.0025  memory: 19884  grad_norm: 21.1193  loss: 2.6245  loss_text: 0.5936  loss_center: 0.9052  loss_reg_x: 0.6282  loss_reg_y: 0.4975
2026/01/05 11:18:12 - mmengine - INFO - Epoch(train)  [99][365/474]  lr: 3.2677e-05  eta: 0:27:23  time: 2.8083  data_time: 0.0026  memory: 19884  grad_norm: 20.6057  loss: 2.5640  loss_text: 0.6037  loss_center: 0.8678  loss_reg_x: 0.5909  loss_reg_y: 0.5016
2026/01/05 11:18:27 - mmengine - INFO - Epoch(train)  [99][370/474]  lr: 3.2677e-05  eta: 0:27:09  time: 2.8538  data_time: 0.0027  memory: 19884  grad_norm: 20.3553  loss: 2.4130  loss_text: 0.5327  loss_center: 0.8267  loss_reg_x: 0.5709  loss_reg_y: 0.4826
2026/01/05 11:18:42 - mmengine - INFO - Epoch(train)  [99][375/474]  lr: 3.2677e-05  eta: 0:26:56  time: 2.9459  data_time: 0.0026  memory: 19884  grad_norm: 20.0426  loss: 2.3591  loss_text: 0.5008  loss_center: 0.8508  loss_reg_x: 0.5496  loss_reg_y: 0.4579
2026/01/05 11:18:55 - mmengine - INFO - Epoch(train)  [99][380/474]  lr: 3.2677e-05  eta: 0:26:42  time: 2.8646  data_time: 0.0025  memory: 19884  grad_norm: 20.9154  loss: 2.5588  loss_text: 0.5438  loss_center: 0.8861  loss_reg_x: 0.6618  loss_reg_y: 0.4672
2026/01/05 11:19:09 - mmengine - INFO - Epoch(train)  [99][385/474]  lr: 3.2677e-05  eta: 0:26:26  time: 2.6966  data_time: 0.0025  memory: 19884  grad_norm: 20.7574  loss: 2.5106  loss_text: 0.5342  loss_center: 0.8954  loss_reg_x: 0.6586  loss_reg_y: 0.4224
2026/01/05 11:19:24 - mmengine - INFO - Epoch(train)  [99][390/474]  lr: 3.2677e-05  eta: 0:26:14  time: 2.8414  data_time: 0.0025  memory: 19884  grad_norm: 27.1017  loss: 2.5700  loss_text: 0.5055  loss_center: 0.9711  loss_reg_x: 0.5936  loss_reg_y: 0.4997
2026/01/05 11:19:37 - mmengine - INFO - Epoch(train)  [99][395/474]  lr: 3.2677e-05  eta: 0:25:59  time: 2.8662  data_time: 0.0024  memory: 19884  grad_norm: 28.0175  loss: 2.6657  loss_text: 0.5304  loss_center: 0.9692  loss_reg_x: 0.6640  loss_reg_y: 0.5020
2026/01/05 11:19:51 - mmengine - INFO - Epoch(train)  [99][400/474]  lr: 3.2677e-05  eta: 0:25:44  time: 2.6873  data_time: 0.0027  memory: 19884  grad_norm: 21.7536  loss: 2.5548  loss_text: 0.5701  loss_center: 0.8846  loss_reg_x: 0.6476  loss_reg_y: 0.4525
2026/01/05 11:20:05 - mmengine - INFO - Epoch(train)  [99][405/474]  lr: 3.2677e-05  eta: 0:25:30  time: 2.7926  data_time: 0.0027  memory: 19884  grad_norm: 23.0466  loss: 2.6612  loss_text: 0.5841  loss_center: 0.9130  loss_reg_x: 0.7004  loss_reg_y: 0.4637
2026/01/05 11:20:19 - mmengine - INFO - Epoch(train)  [99][410/474]  lr: 3.2677e-05  eta: 0:25:16  time: 2.8307  data_time: 0.0027  memory: 19884  grad_norm: 24.8094  loss: 2.6631  loss_text: 0.5390  loss_center: 0.9074  loss_reg_x: 0.7224  loss_reg_y: 0.4943
2026/01/05 11:20:34 - mmengine - INFO - Epoch(train)  [99][415/474]  lr: 3.2677e-05  eta: 0:25:03  time: 2.8856  data_time: 0.0026  memory: 19885  grad_norm: 24.1507  loss: 2.7249  loss_text: 0.5537  loss_center: 0.8796  loss_reg_x: 0.7470  loss_reg_y: 0.5447
2026/01/05 11:20:48 - mmengine - INFO - Epoch(train)  [99][420/474]  lr: 3.2677e-05  eta: 0:24:49  time: 2.9362  data_time: 0.0025  memory: 19884  grad_norm: 29.8529  loss: 2.9122  loss_text: 0.6138  loss_center: 0.9580  loss_reg_x: 0.7913  loss_reg_y: 0.5490
2026/01/05 11:21:02 - mmengine - INFO - Epoch(train)  [99][425/474]  lr: 3.2677e-05  eta: 0:24:35  time: 2.8067  data_time: 0.0026  memory: 19884  grad_norm: 30.1277  loss: 2.9201  loss_text: 0.6109  loss_center: 0.9980  loss_reg_x: 0.7684  loss_reg_y: 0.5428
2026/01/05 11:21:16 - mmengine - INFO - Epoch(train)  [99][430/474]  lr: 3.2677e-05  eta: 0:24:20  time: 2.7389  data_time: 0.0025  memory: 19884  grad_norm: 21.9249  loss: 2.7432  loss_text: 0.5895  loss_center: 0.9241  loss_reg_x: 0.6638  loss_reg_y: 0.5657
2026/01/05 11:21:30 - mmengine - INFO - Epoch(train)  [99][435/474]  lr: 3.2677e-05  eta: 0:24:06  time: 2.8213  data_time: 0.0024  memory: 19884  grad_norm: 23.9694  loss: 2.5727  loss_text: 0.5951  loss_center: 0.8900  loss_reg_x: 0.5812  loss_reg_y: 0.5064
2026/01/05 11:21:44 - mmengine - INFO - Epoch(train)  [99][440/474]  lr: 3.2677e-05  eta: 0:23:52  time: 2.8315  data_time: 0.0026  memory: 19884  grad_norm: 25.5847  loss: 2.4865  loss_text: 0.5922  loss_center: 0.8540  loss_reg_x: 0.6132  loss_reg_y: 0.4270
2026/01/05 11:21:58 - mmengine - INFO - Epoch(train)  [99][445/474]  lr: 3.2677e-05  eta: 0:23:38  time: 2.7996  data_time: 0.0026  memory: 19884  grad_norm: 21.5894  loss: 2.6473  loss_text: 0.5696  loss_center: 0.8930  loss_reg_x: 0.6817  loss_reg_y: 0.5030
2026/01/05 11:22:12 - mmengine - INFO - Epoch(train)  [99][450/474]  lr: 3.2677e-05  eta: 0:23:24  time: 2.8474  data_time: 0.0025  memory: 19884  grad_norm: 20.8683  loss: 2.7631  loss_text: 0.5866  loss_center: 0.9132  loss_reg_x: 0.7251  loss_reg_y: 0.5381
2026/01/05 11:22:27 - mmengine - INFO - Epoch(train)  [99][455/474]  lr: 3.2677e-05  eta: 0:23:10  time: 2.8367  data_time: 0.0028  memory: 19884  grad_norm: 20.6830  loss: 2.5489  loss_text: 0.5434  loss_center: 0.8568  loss_reg_x: 0.6645  loss_reg_y: 0.4842
2026/01/05 11:22:40 - mmengine - INFO - Epoch(train)  [99][460/474]  lr: 3.2677e-05  eta: 0:22:55  time: 2.7387  data_time: 0.0027  memory: 19884  grad_norm: 20.0374  loss: 2.5768  loss_text: 0.5192  loss_center: 0.9217  loss_reg_x: 0.6738  loss_reg_y: 0.4621
2026/01/05 11:22:55 - mmengine - INFO - Epoch(train)  [99][465/474]  lr: 3.2677e-05  eta: 0:22:42  time: 2.8096  data_time: 0.0024  memory: 19884  grad_norm: 20.7084  loss: 2.5703  loss_text: 0.5112  loss_center: 0.9481  loss_reg_x: 0.6476  loss_reg_y: 0.4635
2026/01/05 11:23:09 - mmengine - INFO - Epoch(train)  [99][470/474]  lr: 3.2677e-05  eta: 0:22:27  time: 2.9044  data_time: 0.0023  memory: 19884  grad_norm: 24.4580  loss: 2.6676  loss_text: 0.5447  loss_center: 0.9245  loss_reg_x: 0.6834  loss_reg_y: 0.5150
2026/01/05 11:23:18 - mmengine - INFO - Exp name: fcenet_r50dcnv2_fpn_1500e_art_rctw_rects_finetune_20260105_110048
2026/01/05 11:23:36 - mmengine - INFO - Epoch(train) [100][  5/474]  lr: 1.0000e-07  eta: 0:22:04  time: 3.0232  data_time: 0.3483  memory: 19887  grad_norm: 23.7319  loss: 2.8345  loss_text: 0.6809  loss_center: 0.9256  loss_reg_x: 0.6793  loss_reg_y: 0.5487
2026/01/05 11:23:52 - mmengine - INFO - Epoch(train) [100][ 10/474]  lr: 1.0000e-07  eta: 0:21:52  time: 3.4106  data_time: 0.3486  memory: 19884  grad_norm: 21.4776  loss: 2.7377  loss_text: 0.6178  loss_center: 0.9321  loss_reg_x: 0.6802  loss_reg_y: 0.5075
2026/01/05 11:24:06 - mmengine - INFO - Epoch(train) [100][ 15/474]  lr: 1.0000e-07  eta: 0:21:37  time: 2.9820  data_time: 0.0026  memory: 19884  grad_norm: 25.1339  loss: 2.6507  loss_text: 0.5441  loss_center: 0.9346  loss_reg_x: 0.6647  loss_reg_y: 0.5073
2026/01/05 11:24:20 - mmengine - INFO - Epoch(train) [100][ 20/474]  lr: 1.0000e-07  eta: 0:21:23  time: 2.7736  data_time: 0.0024  memory: 19884  grad_norm: 25.8885  loss: 2.6242  loss_text: 0.5389  loss_center: 0.9742  loss_reg_x: 0.6408  loss_reg_y: 0.4702
2026/01/05 11:24:36 - mmengine - INFO - Epoch(train) [100][ 25/474]  lr: 1.0000e-07  eta: 0:21:10  time: 2.9481  data_time: 0.0024  memory: 19884  grad_norm: 23.0113  loss: 2.6064  loss_text: 0.5630  loss_center: 0.9341  loss_reg_x: 0.6351  loss_reg_y: 0.4743
2026/01/05 11:24:50 - mmengine - INFO - Epoch(train) [100][ 30/474]  lr: 1.0000e-07  eta: 0:20:56  time: 2.9469  data_time: 0.0025  memory: 19884  grad_norm: 21.4201  loss: 2.7381  loss_text: 0.5737  loss_center: 0.9472  loss_reg_x: 0.6565  loss_reg_y: 0.5607
2026/01/05 11:25:03 - mmengine - INFO - Epoch(train) [100][ 35/474]  lr: 1.0000e-07  eta: 0:20:41  time: 2.7627  data_time: 0.0025  memory: 19884  grad_norm: 23.7586  loss: 2.6354  loss_text: 0.5781  loss_center: 0.9157  loss_reg_x: 0.6311  loss_reg_y: 0.5105
2026/01/05 11:25:18 - mmengine - INFO - Epoch(train) [100][ 40/474]  lr: 1.0000e-07  eta: 0:20:27  time: 2.8093  data_time: 0.0025  memory: 19884  grad_norm: 23.0364  loss: 2.6214  loss_text: 0.5950  loss_center: 0.8848  loss_reg_x: 0.6691  loss_reg_y: 0.4725
2026/01/05 11:25:32 - mmengine - INFO - Epoch(train) [100][ 45/474]  lr: 1.0000e-07  eta: 0:20:13  time: 2.8271  data_time: 0.0025  memory: 19884  grad_norm: 21.6100  loss: 2.6697  loss_text: 0.5832  loss_center: 0.9281  loss_reg_x: 0.6632  loss_reg_y: 0.4952
2026/01/05 11:25:45 - mmengine - INFO - Epoch(train) [100][ 50/474]  lr: 1.0000e-07  eta: 0:19:59  time: 2.7846  data_time: 0.0025  memory: 19884  grad_norm: 23.7892  loss: 2.8117  loss_text: 0.6027  loss_center: 0.9580  loss_reg_x: 0.6996  loss_reg_y: 0.5514
2026/01/05 11:26:01 - mmengine - INFO - Epoch(train) [100][ 55/474]  lr: 1.0000e-07  eta: 0:19:45  time: 2.8983  data_time: 0.0027  memory: 19884  grad_norm: 21.1836  loss: 2.7186  loss_text: 0.5703  loss_center: 0.9411  loss_reg_x: 0.6755  loss_reg_y: 0.5317
2026/01/05 11:26:15 - mmengine - INFO - Epoch(train) [100][ 60/474]  lr: 1.0000e-07  eta: 0:19:32  time: 2.9762  data_time: 0.0025  memory: 19884  grad_norm: 24.3834  loss: 2.5613  loss_text: 0.5401  loss_center: 0.9196  loss_reg_x: 0.6136  loss_reg_y: 0.4879
2026/01/05 11:26:30 - mmengine - INFO - Epoch(train) [100][ 65/474]  lr: 1.0000e-07  eta: 0:19:18  time: 2.9168  data_time: 0.0024  memory: 19884  grad_norm: 26.2552  loss: 2.5509  loss_text: 0.5494  loss_center: 0.9159  loss_reg_x: 0.6237  loss_reg_y: 0.4618
2026/01/05 11:26:44 - mmengine - INFO - Epoch(train) [100][ 70/474]  lr: 1.0000e-07  eta: 0:19:03  time: 2.8583  data_time: 0.0026  memory: 19884  grad_norm: 21.3383  loss: 2.6218  loss_text: 0.5737  loss_center: 0.8903  loss_reg_x: 0.6622  loss_reg_y: 0.4956
2026/01/05 11:26:55 - mmengine - INFO - Exp name: fcenet_r50dcnv2_fpn_1500e_art_rctw_rects_finetune_20260105_110048
2026/01/05 11:26:58 - mmengine - INFO - Epoch(train) [100][ 75/474]  lr: 1.0000e-07  eta: 0:18:49  time: 2.8007  data_time: 0.0041  memory: 19884  grad_norm: 20.8111  loss: 2.7136  loss_text: 0.5823  loss_center: 0.9024  loss_reg_x: 0.6560  loss_reg_y: 0.5729
2026/01/05 11:27:12 - mmengine - INFO - Epoch(train) [100][ 80/474]  lr: 1.0000e-07  eta: 0:18:35  time: 2.8132  data_time: 0.0040  memory: 19884  grad_norm: 23.1607  loss: 2.6492  loss_text: 0.5424  loss_center: 0.9397  loss_reg_x: 0.6439  loss_reg_y: 0.5232
2026/01/05 11:27:27 - mmengine - INFO - Epoch(train) [100][ 85/474]  lr: 1.0000e-07  eta: 0:18:21  time: 2.8898  data_time: 0.0025  memory: 19884  grad_norm: 28.5767  loss: 2.6210  loss_text: 0.5625  loss_center: 0.8986  loss_reg_x: 0.6625  loss_reg_y: 0.4974
2026/01/05 11:27:41 - mmengine - INFO - Epoch(train) [100][ 90/474]  lr: 1.0000e-07  eta: 0:18:07  time: 2.8822  data_time: 0.0025  memory: 19884  grad_norm: 29.4627  loss: 2.4449  loss_text: 0.5432  loss_center: 0.8465  loss_reg_x: 0.5842  loss_reg_y: 0.4710
2026/01/05 11:27:55 - mmengine - INFO - Epoch(train) [100][ 95/474]  lr: 1.0000e-07  eta: 0:17:53  time: 2.8348  data_time: 0.0024  memory: 19884  grad_norm: 24.5901  loss: 2.3316  loss_text: 0.5196  loss_center: 0.8413  loss_reg_x: 0.5535  loss_reg_y: 0.4172
2026/01/05 11:28:09 - mmengine - INFO - Epoch(train) [100][100/474]  lr: 1.0000e-07  eta: 0:17:39  time: 2.8323  data_time: 0.0026  memory: 19884  grad_norm: 23.8732  loss: 2.6126  loss_text: 0.5680  loss_center: 0.8558  loss_reg_x: 0.7036  loss_reg_y: 0.4851
2026/01/05 11:28:22 - mmengine - INFO - Epoch(train) [100][105/474]  lr: 1.0000e-07  eta: 0:17:24  time: 2.7355  data_time: 0.0028  memory: 19884  grad_norm: 26.6365  loss: 3.0104  loss_text: 0.6273  loss_center: 0.9232  loss_reg_x: 0.8335  loss_reg_y: 0.6264
2026/01/05 11:28:36 - mmengine - INFO - Epoch(train) [100][110/474]  lr: 1.0000e-07  eta: 0:17:09  time: 2.6872  data_time: 0.0026  memory: 19884  grad_norm: 23.6696  loss: 2.6894  loss_text: 0.5680  loss_center: 0.8972  loss_reg_x: 0.6894  loss_reg_y: 0.5347
2026/01/05 11:28:51 - mmengine - INFO - Epoch(train) [100][115/474]  lr: 1.0000e-07  eta: 0:16:56  time: 2.8371  data_time: 0.0024  memory: 19884  grad_norm: 20.9485  loss: 2.3588  loss_text: 0.5277  loss_center: 0.9001  loss_reg_x: 0.5405  loss_reg_y: 0.3904
2026/01/05 11:29:04 - mmengine - INFO - Epoch(train) [100][120/474]  lr: 1.0000e-07  eta: 0:16:41  time: 2.8474  data_time: 0.0024  memory: 19884  grad_norm: 24.5841  loss: 2.3571  loss_text: 0.5518  loss_center: 0.8840  loss_reg_x: 0.5009  loss_reg_y: 0.4205
2026/01/05 11:29:18 - mmengine - INFO - Epoch(train) [100][125/474]  lr: 1.0000e-07  eta: 0:16:27  time: 2.7602  data_time: 0.0024  memory: 19884  grad_norm: 25.8799  loss: 2.3852  loss_text: 0.5424  loss_center: 0.8900  loss_reg_x: 0.5229  loss_reg_y: 0.4299
2026/01/05 11:29:34 - mmengine - INFO - Epoch(train) [100][130/474]  lr: 1.0000e-07  eta: 0:16:13  time: 2.9140  data_time: 0.0025  memory: 19884  grad_norm: 25.6567  loss: 2.4342  loss_text: 0.5357  loss_center: 0.8899  loss_reg_x: 0.5882  loss_reg_y: 0.4204
2026/01/05 11:29:48 - mmengine - INFO - Epoch(train) [100][135/474]  lr: 1.0000e-07  eta: 0:15:59  time: 2.9295  data_time: 0.0024  memory: 19884  grad_norm: 22.7015  loss: 2.4382  loss_text: 0.5436  loss_center: 0.8395  loss_reg_x: 0.5862  loss_reg_y: 0.4690
2026/01/05 11:30:01 - mmengine - INFO - Epoch(train) [100][140/474]  lr: 1.0000e-07  eta: 0:15:45  time: 2.7729  data_time: 0.0024  memory: 19884  grad_norm: 21.4805  loss: 2.6164  loss_text: 0.5796  loss_center: 0.9434  loss_reg_x: 0.6034  loss_reg_y: 0.4900
2026/01/05 11:30:16 - mmengine - INFO - Epoch(train) [100][145/474]  lr: 1.0000e-07  eta: 0:15:31  time: 2.8872  data_time: 0.0024  memory: 19884  grad_norm: 23.1301  loss: 2.7815  loss_text: 0.6088  loss_center: 0.9561  loss_reg_x: 0.6857  loss_reg_y: 0.5309
2026/01/05 11:30:30 - mmengine - INFO - Epoch(train) [100][150/474]  lr: 1.0000e-07  eta: 0:15:16  time: 2.8249  data_time: 0.0025  memory: 19884  grad_norm: 22.0701  loss: 2.7237  loss_text: 0.5922  loss_center: 0.9317  loss_reg_x: 0.6507  loss_reg_y: 0.5490
2026/01/05 11:30:43 - mmengine - INFO - Epoch(train) [100][155/474]  lr: 1.0000e-07  eta: 0:15:02  time: 2.6718  data_time: 0.0025  memory: 19884  grad_norm: 23.9730  loss: 2.8564  loss_text: 0.6311  loss_center: 0.9956  loss_reg_x: 0.7194  loss_reg_y: 0.5102
2026/01/05 11:30:58 - mmengine - INFO - Epoch(train) [100][160/474]  lr: 1.0000e-07  eta: 0:14:48  time: 2.8012  data_time: 0.0026  memory: 19884  grad_norm: 24.4034  loss: 2.7068  loss_text: 0.5966  loss_center: 0.9149  loss_reg_x: 0.7094  loss_reg_y: 0.4859
2026/01/05 11:31:10 - mmengine - INFO - Epoch(train) [100][165/474]  lr: 1.0000e-07  eta: 0:14:33  time: 2.7058  data_time: 0.0027  memory: 19884  grad_norm: 26.3862  loss: 2.4183  loss_text: 0.5399  loss_center: 0.8407  loss_reg_x: 0.5964  loss_reg_y: 0.4413
2026/01/05 11:31:24 - mmengine - INFO - Epoch(train) [100][170/474]  lr: 1.0000e-07  eta: 0:14:19  time: 2.6574  data_time: 0.0026  memory: 19884  grad_norm: 23.9906  loss: 2.5374  loss_text: 0.5388  loss_center: 0.8738  loss_reg_x: 0.6631  loss_reg_y: 0.4617
2026/01/05 11:31:39 - mmengine - INFO - Epoch(train) [100][175/474]  lr: 1.0000e-07  eta: 0:14:05  time: 2.8458  data_time: 0.0024  memory: 19884  grad_norm: 18.5658  loss: 2.6777  loss_text: 0.5595  loss_center: 0.9042  loss_reg_x: 0.6955  loss_reg_y: 0.5184
2026/01/05 11:31:52 - mmengine - INFO - Epoch(train) [100][180/474]  lr: 1.0000e-07  eta: 0:13:51  time: 2.8164  data_time: 0.0024  memory: 19884  grad_norm: 19.6899  loss: 2.8191  loss_text: 0.6278  loss_center: 0.9345  loss_reg_x: 0.7280  loss_reg_y: 0.5288
2026/01/05 11:32:06 - mmengine - INFO - Epoch(train) [100][185/474]  lr: 1.0000e-07  eta: 0:13:36  time: 2.7547  data_time: 0.0024  memory: 19884  grad_norm: 27.8883  loss: 2.8114  loss_text: 0.6350  loss_center: 0.9377  loss_reg_x: 0.7001  loss_reg_y: 0.5386
2026/01/05 11:32:22 - mmengine - INFO - Epoch(train) [100][190/474]  lr: 1.0000e-07  eta: 0:13:23  time: 2.9489  data_time: 0.0024  memory: 19884  grad_norm: 29.9256  loss: 2.8617  loss_text: 0.6196  loss_center: 0.9678  loss_reg_x: 0.7143  loss_reg_y: 0.5601
2026/01/05 11:32:35 - mmengine - INFO - Epoch(train) [100][195/474]  lr: 1.0000e-07  eta: 0:13:08  time: 2.8584  data_time: 0.0024  memory: 19884  grad_norm: 27.2525  loss: 2.9772  loss_text: 0.6001  loss_center: 1.0208  loss_reg_x: 0.7914  loss_reg_y: 0.5649
2026/01/05 11:32:48 - mmengine - INFO - Epoch(train) [100][200/474]  lr: 1.0000e-07  eta: 0:12:54  time: 2.6501  data_time: 0.0025  memory: 19884  grad_norm: 29.8329  loss: 2.8079  loss_text: 0.5824  loss_center: 0.9459  loss_reg_x: 0.7217  loss_reg_y: 0.5578
2026/01/05 11:33:04 - mmengine - INFO - Epoch(train) [100][205/474]  lr: 1.0000e-07  eta: 0:12:40  time: 2.8953  data_time: 0.0025  memory: 19884  grad_norm: 25.4570  loss: 2.6351  loss_text: 0.5760  loss_center: 0.8799  loss_reg_x: 0.6742  loss_reg_y: 0.5050
2026/01/05 11:33:18 - mmengine - INFO - Epoch(train) [100][210/474]  lr: 1.0000e-07  eta: 0:12:26  time: 2.9458  data_time: 0.0024  memory: 19884  grad_norm: 20.3658  loss: 2.6944  loss_text: 0.5828  loss_center: 0.9448  loss_reg_x: 0.6847  loss_reg_y: 0.4822
2026/01/05 11:33:31 - mmengine - INFO - Epoch(train) [100][215/474]  lr: 1.0000e-07  eta: 0:12:12  time: 2.7571  data_time: 0.0026  memory: 19884  grad_norm: 21.1287  loss: 2.7184  loss_text: 0.5714  loss_center: 0.9500  loss_reg_x: 0.6730  loss_reg_y: 0.5240
2026/01/05 11:33:46 - mmengine - INFO - Epoch(train) [100][220/474]  lr: 1.0000e-07  eta: 0:11:58  time: 2.8181  data_time: 0.0027  memory: 19884  grad_norm: 21.9291  loss: 2.8107  loss_text: 0.5957  loss_center: 0.9554  loss_reg_x: 0.7289  loss_reg_y: 0.5307
2026/01/05 11:33:59 - mmengine - INFO - Epoch(train) [100][225/474]  lr: 1.0000e-07  eta: 0:11:43  time: 2.8105  data_time: 0.0025  memory: 19884  grad_norm: 21.9102  loss: 2.8322  loss_text: 0.6209  loss_center: 0.9674  loss_reg_x: 0.7251  loss_reg_y: 0.5188
2026/01/05 11:34:13 - mmengine - INFO - Epoch(train) [100][230/474]  lr: 1.0000e-07  eta: 0:11:29  time: 2.7258  data_time: 0.0025  memory: 19884  grad_norm: 22.5705  loss: 2.7478  loss_text: 0.6040  loss_center: 0.9535  loss_reg_x: 0.6933  loss_reg_y: 0.4970
2026/01/05 11:34:27 - mmengine - INFO - Epoch(train) [100][235/474]  lr: 1.0000e-07  eta: 0:11:15  time: 2.7988  data_time: 0.0027  memory: 19884  grad_norm: 23.6398  loss: 2.8250  loss_text: 0.5951  loss_center: 0.9726  loss_reg_x: 0.7396  loss_reg_y: 0.5177
2026/01/05 11:34:41 - mmengine - INFO - Epoch(train) [100][240/474]  lr: 1.0000e-07  eta: 0:11:01  time: 2.8173  data_time: 0.0027  memory: 19884  grad_norm: 22.2774  loss: 2.7546  loss_text: 0.5690  loss_center: 0.9425  loss_reg_x: 0.7355  loss_reg_y: 0.5077
2026/01/05 11:34:55 - mmengine - INFO - Epoch(train) [100][245/474]  lr: 1.0000e-07  eta: 0:10:46  time: 2.7350  data_time: 0.0024  memory: 19884  grad_norm: 26.1532  loss: 2.7298  loss_text: 0.5787  loss_center: 0.9307  loss_reg_x: 0.7111  loss_reg_y: 0.5093
2026/01/05 11:35:09 - mmengine - INFO - Epoch(train) [100][250/474]  lr: 1.0000e-07  eta: 0:10:32  time: 2.7748  data_time: 0.0025  memory: 19884  grad_norm: 28.5479  loss: 2.6699  loss_text: 0.5765  loss_center: 0.9194  loss_reg_x: 0.6450  loss_reg_y: 0.5291
2026/01/05 11:35:24 - mmengine - INFO - Epoch(train) [100][255/474]  lr: 1.0000e-07  eta: 0:10:18  time: 2.8942  data_time: 0.0027  memory: 19884  grad_norm: 23.0140  loss: 2.5748  loss_text: 0.5659  loss_center: 0.8847  loss_reg_x: 0.6478  loss_reg_y: 0.4764
2026/01/05 11:35:37 - mmengine - INFO - Epoch(train) [100][260/474]  lr: 1.0000e-07  eta: 0:10:04  time: 2.7954  data_time: 0.0026  memory: 19884  grad_norm: 22.4497  loss: 2.5304  loss_text: 0.5579  loss_center: 0.8482  loss_reg_x: 0.6454  loss_reg_y: 0.4790
2026/01/05 11:35:52 - mmengine - INFO - Epoch(train) [100][265/474]  lr: 1.0000e-07  eta: 0:09:50  time: 2.7758  data_time: 0.0025  memory: 19884  grad_norm: 22.1432  loss: 2.5568  loss_text: 0.5258  loss_center: 0.8951  loss_reg_x: 0.6190  loss_reg_y: 0.5170
2026/01/05 11:36:06 - mmengine - INFO - Epoch(train) [100][270/474]  lr: 1.0000e-07  eta: 0:09:36  time: 2.8534  data_time: 0.0025  memory: 19884  grad_norm: 22.5678  loss: 2.6704  loss_text: 0.5463  loss_center: 0.9413  loss_reg_x: 0.6752  loss_reg_y: 0.5076
2026/01/05 11:36:20 - mmengine - INFO - Epoch(train) [100][275/474]  lr: 1.0000e-07  eta: 0:09:22  time: 2.8038  data_time: 0.0026  memory: 19884  grad_norm: 23.9671  loss: 2.6411  loss_text: 0.5725  loss_center: 0.8780  loss_reg_x: 0.6728  loss_reg_y: 0.5179
2026/01/05 11:36:33 - mmengine - INFO - Epoch(train) [100][280/474]  lr: 1.0000e-07  eta: 0:09:07  time: 2.7568  data_time: 0.0027  memory: 19884  grad_norm: 29.4118  loss: 2.6827  loss_text: 0.5718  loss_center: 0.8658  loss_reg_x: 0.6990  loss_reg_y: 0.5460
2026/01/05 11:36:47 - mmengine - INFO - Epoch(train) [100][285/474]  lr: 1.0000e-07  eta: 0:08:53  time: 2.7765  data_time: 0.0029  memory: 19884  grad_norm: 30.5310  loss: 2.6299  loss_text: 0.5632  loss_center: 0.8875  loss_reg_x: 0.6711  loss_reg_y: 0.5081
2026/01/05 11:37:01 - mmengine - INFO - Epoch(train) [100][290/474]  lr: 1.0000e-07  eta: 0:08:39  time: 2.8027  data_time: 0.0031  memory: 19884  grad_norm: 23.6547  loss: 2.6486  loss_text: 0.5977  loss_center: 0.9330  loss_reg_x: 0.6024  loss_reg_y: 0.5156
2026/01/05 11:37:15 - mmengine - INFO - Epoch(train) [100][295/474]  lr: 1.0000e-07  eta: 0:08:25  time: 2.7768  data_time: 0.0029  memory: 19884  grad_norm: 20.5063  loss: 2.6698  loss_text: 0.5902  loss_center: 0.9070  loss_reg_x: 0.6559  loss_reg_y: 0.5167
2026/01/05 11:37:29 - mmengine - INFO - Epoch(train) [100][300/474]  lr: 1.0000e-07  eta: 0:08:11  time: 2.7705  data_time: 0.0027  memory: 19884  grad_norm: 20.8832  loss: 2.6205  loss_text: 0.5468  loss_center: 0.8937  loss_reg_x: 0.6928  loss_reg_y: 0.4871
2026/01/05 11:37:43 - mmengine - INFO - Epoch(train) [100][305/474]  lr: 1.0000e-07  eta: 0:07:57  time: 2.7532  data_time: 0.0027  memory: 19884  grad_norm: 23.2661  loss: 2.5969  loss_text: 0.5428  loss_center: 0.9098  loss_reg_x: 0.6481  loss_reg_y: 0.4962
2026/01/05 11:37:56 - mmengine - INFO - Epoch(train) [100][310/474]  lr: 1.0000e-07  eta: 0:07:42  time: 2.7162  data_time: 0.0027  memory: 19884  grad_norm: 22.4915  loss: 2.5380  loss_text: 0.5325  loss_center: 0.8911  loss_reg_x: 0.6053  loss_reg_y: 0.5091
2026/01/05 11:38:10 - mmengine - INFO - Epoch(train) [100][315/474]  lr: 1.0000e-07  eta: 0:07:28  time: 2.7752  data_time: 0.0043  memory: 19884  grad_norm: 22.1659  loss: 2.5419  loss_text: 0.5461  loss_center: 0.8734  loss_reg_x: 0.6199  loss_reg_y: 0.5026
2026/01/05 11:38:24 - mmengine - INFO - Epoch(train) [100][320/474]  lr: 1.0000e-07  eta: 0:07:14  time: 2.7483  data_time: 0.0042  memory: 19884  grad_norm: 22.3662  loss: 2.6946  loss_text: 0.5729  loss_center: 0.9330  loss_reg_x: 0.6845  loss_reg_y: 0.5041
2026/01/05 11:38:37 - mmengine - INFO - Epoch(train) [100][325/474]  lr: 1.0000e-07  eta: 0:07:00  time: 2.6472  data_time: 0.0025  memory: 19884  grad_norm: 23.1790  loss: 2.8026  loss_text: 0.5611  loss_center: 1.0291  loss_reg_x: 0.7100  loss_reg_y: 0.5024
2026/01/05 11:38:52 - mmengine - INFO - Epoch(train) [100][330/474]  lr: 1.0000e-07  eta: 0:06:46  time: 2.8194  data_time: 0.0025  memory: 19884  grad_norm: 23.4000  loss: 2.6315  loss_text: 0.5293  loss_center: 0.9521  loss_reg_x: 0.6517  loss_reg_y: 0.4985
2026/01/05 11:39:06 - mmengine - INFO - Epoch(train) [100][335/474]  lr: 1.0000e-07  eta: 0:06:32  time: 2.8932  data_time: 0.0025  memory: 19884  grad_norm: 23.3679  loss: 2.7743  loss_text: 0.5448  loss_center: 0.9374  loss_reg_x: 0.7141  loss_reg_y: 0.5779
